Epoch 10: loss=0.099977
Epoch 20: loss=0.099935
Epoch 30: loss=0.099908
Epoch 40: loss=0.099893
Epoch 50: loss=0.099885
Epoch 60: loss=0.099879
Epoch 70: loss=0.099875
Epoch 80: loss=0.099878
Epoch 90: loss=0.099879
Epoch 100: loss=0.099879
validation : 0.10040676593780518, MUTAG 0.42388578414916994, Muedim test 0.09993175745010376
Done loading data from cached files.
Done loading data from cached files.
loss of real network :  4.996676745052181
Epoch 10: loss=0.099365
Epoch 20: loss=0.099213
Epoch 30: loss=0.099103
Epoch 40: loss=0.099058
Epoch 50: loss=0.099035
Epoch 60: loss=0.099024
Epoch 70: loss=0.099017
Epoch 80: loss=0.099013
Epoch 90: loss=0.099012
Epoch 100: loss=0.099011
validation : 0.10836510181427002, MUTAG 0.4254960632324219, Muedim test 0.09994240045547485
Done loading data from cached files.
Done loading data from cached files.
loss of real network :  4.95792582837546
Epoch 10: loss=0.099675
Epoch 20: loss=0.099643
Epoch 30: loss=0.099622
Epoch 40: loss=0.099610
Epoch 50: loss=0.099603
Epoch 60: loss=0.099599
Epoch 70: loss=0.099596
Epoch 80: loss=0.099595
Epoch 90: loss=0.099594
Epoch 100: loss=0.099593
validation : 0.10297784328460693, MUTAG 0.4247550392150879, Muedim test 0.09992584228515625
Done loading data from cached files.
Done loading data from cached files.
loss of real network :  4.9756656879710235
Epoch 10: loss=0.099767
Epoch 20: loss=0.099707
Epoch 30: loss=0.099670
Epoch 40: loss=0.099646
Epoch 50: loss=0.099633
Epoch 60: loss=0.099625
Epoch 70: loss=0.099621
Epoch 80: loss=0.099618
Epoch 90: loss=0.099617
Epoch 100: loss=0.099615
validation : 0.10276181697845459, MUTAG 0.42441280364990236, Muedim test 0.09993338584899902
Done loading data from cached files.
Done loading data from cached files.
loss of real network :  4.983968983053837
Epoch 10: loss=0.099419
Epoch 20: loss=0.099381
Epoch 30: loss=0.099346
Epoch 40: loss=0.099324
Epoch 50: loss=0.099309
Epoch 60: loss=0.099301
Epoch 70: loss=0.099297
Epoch 80: loss=0.099295
Epoch 90: loss=0.099293
Epoch 100: loss=0.099292
validation : 0.10577167510986328, MUTAG 0.42519187927246094, Muedim test 0.09993604183197022
Done loading data from cached files.
Done loading data from cached files.
loss of real network :  4.965180095041879
0.09947791385650635      0.104056640625      0.4247483139038087      0.09993388557434082      4.975883467898877
