
field : Social networks

facebook_combined
0    43.691013
Name: density, dtype: float64
regression
walid
loss : 5212.7056 
Traceback (most recent call last):
  File "/project/p_gnn001/code/gnn_clean_code/test_stanford_networks.py", line 724, in <module>
    test_networks(model, args, result, args2.real_network_folder)
  File "/project/p_gnn001/code/gnn_clean_code/test_stanford_networks.py", line 439, in test_networks
    ans.append(value[0].tolist())
               ^^^^^^^^^^^^^^^
AttributeError: 'list' object has no attribute 'tolist'

field : Social networks

facebook_combined
0    0.519174
Name: transitivity, dtype: float64
regression
walid
loss : 91.5494 
Traceback (most recent call last):
  File "/project/p_gnn001/code/gnn_clean_code/test_stanford_networks.py", line 724, in <module>
    test_networks(model, args, result, args2.real_network_folder)
  File "/project/p_gnn001/code/gnn_clean_code/test_stanford_networks.py", line 439, in test_networks
    ans.append(value[0].tolist())
               ^^^^^^^^^^^^^^^
AttributeError: 'list' object has no attribute 'tolist'

field : Social networks

facebook_combined
0    3.402576
Name: kurtosis, dtype: float64
regression
walid
loss : -205.0517 
Traceback (most recent call last):
  File "/project/p_gnn001/code/gnn_clean_code/test_stanford_networks.py", line 724, in <module>
    test_networks(model, args, result, args2.real_network_folder)
  File "/project/p_gnn001/code/gnn_clean_code/test_stanford_networks.py", line 439, in test_networks
    ans.append(value[0].tolist())
               ^^^^^^^^^^^^^^^
AttributeError: 'list' object has no attribute 'tolist'

field : Social networks

facebook_combined
0    0.641696
Name: average_path, dtype: float64
regression
walid
loss : 155.6155 
Traceback (most recent call last):
  File "/project/p_gnn001/code/gnn_clean_code/test_stanford_networks.py", line 724, in <module>
    test_networks(model, args, result, args2.real_network_folder)
  File "/project/p_gnn001/code/gnn_clean_code/test_stanford_networks.py", line 439, in test_networks
    ans.append(value[0].tolist())
               ^^^^^^^^^^^^^^^
AttributeError: 'list' object has no attribute 'tolist'
