Epoch 10: loss=0.000435
Epoch 20: loss=0.000008
Epoch 30: loss=0.000001
Epoch 40: loss=0.000002
Epoch 50: loss=0.000003
Epoch 60: loss=0.000004
Epoch 70: loss=0.000004
Epoch 80: loss=0.000004
Epoch 90: loss=0.000004
Epoch 100: loss=0.000004
Epoch 110: loss=0.000004
Epoch 120: loss=0.000004
Epoch 130: loss=0.000004
Epoch 140: loss=0.000004
Epoch 150: loss=0.000004
Epoch 160: loss=0.000004
Epoch 170: loss=0.000004
Epoch 180: loss=0.000004
Epoch 190: loss=0.000004
Epoch 200: loss=0.000004
Epoch 210: loss=0.000004
Epoch 220: loss=0.000004
Epoch 230: loss=0.000004
Epoch 240: loss=0.000004
Epoch 250: loss=0.000004
Epoch 260: loss=0.000004
Epoch 270: loss=0.000004
Epoch 280: loss=0.000004
Epoch 290: loss=0.000004
Epoch 300: loss=0.000004
Epoch 310: loss=0.000004
Epoch 320: loss=0.000004
Epoch 330: loss=0.000004
Epoch 340: loss=0.000004
Epoch 350: loss=0.000004
Epoch 360: loss=0.000004
Epoch 370: loss=0.000004
Epoch 380: loss=0.000004
Epoch 390: loss=0.000004
Epoch 400: loss=0.000004
Epoch 410: loss=0.000004
Epoch 420: loss=0.000004
Epoch 430: loss=0.000004
Epoch 440: loss=0.000004
Epoch 450: loss=0.000004
Epoch 460: loss=0.000004
Epoch 470: loss=0.000004
Epoch 480: loss=0.000004
Epoch 490: loss=0.000004
Epoch 500: loss=0.000004
validation : 4.415688163135201e-06, MUTAG 1.3404975761659444e-05, Muedim test 4.24000078055542e-06
Done loading data from cached files.
Done loading data from cached files.
loss of real network :  0.9921327751693265
Epoch 10: loss=0.000802
Epoch 20: loss=0.000021
Epoch 30: loss=0.000001
Epoch 40: loss=0.000001
Epoch 50: loss=0.000002
Epoch 60: loss=0.000002
Epoch 70: loss=0.000003
Epoch 80: loss=0.000003
Epoch 90: loss=0.000003
Epoch 100: loss=0.000003
Epoch 110: loss=0.000003
Epoch 120: loss=0.000003
Epoch 130: loss=0.000003
Epoch 140: loss=0.000003
Epoch 150: loss=0.000003
Epoch 160: loss=0.000003
Epoch 170: loss=0.000003
Epoch 180: loss=0.000003
Epoch 190: loss=0.000003
Epoch 200: loss=0.000003
Epoch 210: loss=0.000003
Epoch 220: loss=0.000003
Epoch 230: loss=0.000003
Epoch 240: loss=0.000003
Epoch 250: loss=0.000003
Epoch 260: loss=0.000003
Epoch 270: loss=0.000003
Epoch 280: loss=0.000003
Epoch 290: loss=0.000003
Epoch 300: loss=0.000003
Epoch 310: loss=0.000003
Epoch 320: loss=0.000003
Epoch 330: loss=0.000003
Epoch 340: loss=0.000003
Epoch 350: loss=0.000003
Epoch 360: loss=0.000003
Epoch 370: loss=0.000003
Epoch 380: loss=0.000003
Epoch 390: loss=0.000003
Epoch 400: loss=0.000003
Epoch 410: loss=0.000003
Epoch 420: loss=0.000003
Epoch 430: loss=0.000003
Epoch 440: loss=0.000003
Epoch 450: loss=0.000003
Epoch 460: loss=0.000003
Epoch 470: loss=0.000003
Epoch 480: loss=0.000003
Epoch 490: loss=0.000003
Epoch 500: loss=0.000003
validation : 2.859530795831233e-06, MUTAG 8.767793187871576e-06, Muedim test 2.8832622774643823e-06
Done loading data from cached files.
Done loading data from cached files.
loss of real network :  0.9935341764420338
Epoch 10: loss=0.000053
Epoch 20: loss=0.000001
Epoch 30: loss=0.000003
Epoch 40: loss=0.000004
Epoch 50: loss=0.000004
Epoch 60: loss=0.000004
Epoch 70: loss=0.000004
Epoch 80: loss=0.000004
Epoch 90: loss=0.000004
Epoch 100: loss=0.000004
Epoch 110: loss=0.000004
Epoch 120: loss=0.000004
Epoch 130: loss=0.000004
Epoch 140: loss=0.000005
Epoch 150: loss=0.000004
Epoch 160: loss=0.000004
Epoch 170: loss=0.000004
Epoch 180: loss=0.000004
Epoch 190: loss=0.000004
Epoch 200: loss=0.000004
Epoch 210: loss=0.000004
Epoch 220: loss=0.000004
Epoch 230: loss=0.000004
Epoch 240: loss=0.000004
Epoch 250: loss=0.000004
Epoch 260: loss=0.000004
Epoch 270: loss=0.000004
Epoch 280: loss=0.000004
Epoch 290: loss=0.000004
Epoch 300: loss=0.000004
Epoch 310: loss=0.000004
Epoch 320: loss=0.000004
Epoch 330: loss=0.000004
Epoch 340: loss=0.000004
Epoch 350: loss=0.000004
Epoch 360: loss=0.000004
Epoch 370: loss=0.000004
Epoch 380: loss=0.000004
Epoch 390: loss=0.000004
Epoch 400: loss=0.000004
Epoch 410: loss=0.000004
Epoch 420: loss=0.000004
Epoch 430: loss=0.000004
Epoch 440: loss=0.000004
Epoch 450: loss=0.000004
Epoch 460: loss=0.000004
Epoch 470: loss=0.000004
Epoch 480: loss=0.000004
Epoch 490: loss=0.000004
Epoch 500: loss=0.000004
validation : 4.400918405735865e-06, MUTAG 1.4881583047099411e-05, Muedim test 4.294297468732111e-06
Done loading data from cached files.
Done loading data from cached files.
loss of real network :  0.992133970818292
Epoch 10: loss=0.001264
Epoch 20: loss=0.000038
Epoch 30: loss=0.000001
Epoch 40: loss=0.000001
Epoch 50: loss=0.000001
Epoch 60: loss=0.000002
Epoch 70: loss=0.000002
Epoch 80: loss=0.000002
Epoch 90: loss=0.000002
Epoch 100: loss=0.000002
Epoch 110: loss=0.000002
Epoch 120: loss=0.000002
Epoch 130: loss=0.000002
Epoch 140: loss=0.000002
Epoch 150: loss=0.000002
Epoch 160: loss=0.000002
Epoch 170: loss=0.000002
Epoch 180: loss=0.000002
Epoch 190: loss=0.000002
Epoch 200: loss=0.000002
Epoch 210: loss=0.000002
Epoch 220: loss=0.000002
Epoch 230: loss=0.000002
Epoch 240: loss=0.000002
Epoch 250: loss=0.000002
Epoch 260: loss=0.000002
Epoch 270: loss=0.000002
Epoch 280: loss=0.000002
Epoch 290: loss=0.000002
Epoch 300: loss=0.000002
Epoch 310: loss=0.000002
Epoch 320: loss=0.000002
Epoch 330: loss=0.000002
Epoch 340: loss=0.000002
Epoch 350: loss=0.000002
Epoch 360: loss=0.000002
Epoch 370: loss=0.000002
Epoch 380: loss=0.000002
Epoch 390: loss=0.000002
Epoch 400: loss=0.000002
Epoch 410: loss=0.000002
Epoch 420: loss=0.000002
Epoch 430: loss=0.000002
Epoch 440: loss=0.000002
Epoch 450: loss=0.000002
Epoch 460: loss=0.000002
Epoch 470: loss=0.000002
Epoch 480: loss=0.000002
Epoch 490: loss=0.000002
Epoch 500: loss=0.000002
validation : 2.2726064344169574e-06, MUTAG 6.906368071213365e-06, Muedim test 2.379750330874231e-06
Done loading data from cached files.
Done loading data from cached files.
loss of real network :  0.994134490795213
Epoch 10: loss=0.000038
Epoch 20: loss=0.000002
Epoch 30: loss=0.000005
Epoch 40: loss=0.000005
Epoch 50: loss=0.000006
Epoch 60: loss=0.000006
Epoch 70: loss=0.000006
Epoch 80: loss=0.000006
Epoch 90: loss=0.000006
Epoch 100: loss=0.000006
Epoch 110: loss=0.000006
Epoch 120: loss=0.000006
Epoch 130: loss=0.000006
Epoch 140: loss=0.000006
Epoch 150: loss=0.000006
Epoch 160: loss=0.000006
Epoch 170: loss=0.000006
Epoch 180: loss=0.000006
Epoch 190: loss=0.000006
Epoch 200: loss=0.000006
Epoch 210: loss=0.000006
Epoch 220: loss=0.000006
Epoch 230: loss=0.000006
Epoch 240: loss=0.000006
Epoch 250: loss=0.000006
Epoch 260: loss=0.000006
Epoch 270: loss=0.000006
Epoch 280: loss=0.000006
Epoch 290: loss=0.000006
Epoch 300: loss=0.000006
Epoch 310: loss=0.000006
Epoch 320: loss=0.000006
Epoch 330: loss=0.000006
Epoch 340: loss=0.000006
Epoch 350: loss=0.000006
Epoch 360: loss=0.000006
Epoch 370: loss=0.000006
Epoch 380: loss=0.000006
Epoch 390: loss=0.000006
Epoch 400: loss=0.000006
Epoch 410: loss=0.000006
Epoch 420: loss=0.000006
Epoch 430: loss=0.000006
Epoch 440: loss=0.000006
Epoch 450: loss=0.000006
Epoch 460: loss=0.000006
Epoch 470: loss=0.000006
Epoch 480: loss=0.000006
Epoch 490: loss=0.000006
Epoch 500: loss=0.000006
validation : 5.865049315616488e-06, MUTAG 1.9600638188421728e-05, Muedim test 6.203959783306345e-06
Done loading data from cached files.
Done loading data from cached files.
loss of real network :  0.9909485762826848
Epoch 10: loss=0.009138
Epoch 20: loss=0.001013
Epoch 30: loss=0.000236
Epoch 40: loss=0.000090
Epoch 50: loss=0.000050
Epoch 60: loss=0.000034
Epoch 70: loss=0.000028
Epoch 80: loss=0.000024
Epoch 90: loss=0.000023
Epoch 100: loss=0.000022
Epoch 110: loss=0.000021
Epoch 120: loss=0.000021
Epoch 130: loss=0.000021
Epoch 140: loss=0.000021
Epoch 150: loss=0.000021
Epoch 160: loss=0.000021
Epoch 170: loss=0.000021
Epoch 180: loss=0.000021
Epoch 190: loss=0.000021
Epoch 200: loss=0.000021
Epoch 210: loss=0.000021
Epoch 220: loss=0.000021
Epoch 230: loss=0.000021
Epoch 240: loss=0.000021
Epoch 250: loss=0.000021
Epoch 260: loss=0.000021
Epoch 270: loss=0.000021
Epoch 280: loss=0.000021
Epoch 290: loss=0.000021
Epoch 300: loss=0.000021
Epoch 310: loss=0.000021
Epoch 320: loss=0.000021
Epoch 330: loss=0.000021
Epoch 340: loss=0.000021
Epoch 350: loss=0.000021
Epoch 360: loss=0.000021
Epoch 370: loss=0.000021
Epoch 380: loss=0.000021
Epoch 390: loss=0.000021
Epoch 400: loss=0.000021
Epoch 410: loss=0.000021
Epoch 420: loss=0.000021
Epoch 430: loss=0.000021
Epoch 440: loss=0.000021
Epoch 450: loss=0.000021
Epoch 460: loss=0.000021
Epoch 470: loss=0.000021
Epoch 480: loss=0.000021
Epoch 490: loss=0.000021
Epoch 500: loss=0.000021
validation : 2.2966607939451933e-05, MUTAG 9.076235350221396e-05, Muedim test 2.0641598384827377e-05
Done loading data from cached files.
Done loading data from cached files.
loss of real network :  1.012500155961115
Epoch 10: loss=0.000990
Epoch 20: loss=0.000031
Epoch 30: loss=0.000001
Epoch 40: loss=0.000001
Epoch 50: loss=0.000001
Epoch 60: loss=0.000002
Epoch 70: loss=0.000002
Epoch 80: loss=0.000002
Epoch 90: loss=0.000002
Epoch 100: loss=0.000002
Epoch 110: loss=0.000002
Epoch 120: loss=0.000002
Epoch 130: loss=0.000002
Epoch 140: loss=0.000002
Epoch 150: loss=0.000002
Epoch 160: loss=0.000002
Epoch 170: loss=0.000002
Epoch 180: loss=0.000002
Epoch 190: loss=0.000002
Epoch 200: loss=0.000002
Epoch 210: loss=0.000002
Epoch 220: loss=0.000002
Epoch 230: loss=0.000002
Epoch 240: loss=0.000002
Epoch 250: loss=0.000002
Epoch 260: loss=0.000002
Epoch 270: loss=0.000002
Epoch 280: loss=0.000002
Epoch 290: loss=0.000002
Epoch 300: loss=0.000002
Epoch 310: loss=0.000002
Epoch 320: loss=0.000002
Epoch 330: loss=0.000002
Epoch 340: loss=0.000002
Epoch 350: loss=0.000002
Epoch 360: loss=0.000002
Epoch 370: loss=0.000002
Epoch 380: loss=0.000002
Epoch 390: loss=0.000002
Epoch 400: loss=0.000002
Epoch 410: loss=0.000002
Epoch 420: loss=0.000002
Epoch 430: loss=0.000002
Epoch 440: loss=0.000002
Epoch 450: loss=0.000002
Epoch 460: loss=0.000002
Epoch 470: loss=0.000002
Epoch 480: loss=0.000002
Epoch 490: loss=0.000002
Epoch 500: loss=0.000002
validation : 2.0977528038201854e-06, MUTAG 6.158057949505747e-06, Muedim test 2.2300982163869775e-06
Done loading data from cached files.
Done loading data from cached files.
loss of real network :  0.9943389483227176
Epoch 10: loss=0.000003
Epoch 20: loss=0.000005
Epoch 30: loss=0.000005
Epoch 40: loss=0.000005
Epoch 50: loss=0.000005
Epoch 60: loss=0.000005
Epoch 70: loss=0.000005
Epoch 80: loss=0.000005
Epoch 90: loss=0.000005
Epoch 100: loss=0.000005
Epoch 110: loss=0.000005
Epoch 120: loss=0.000005
Epoch 130: loss=0.000005
Epoch 140: loss=0.000005
Epoch 150: loss=0.000005
Epoch 160: loss=0.000005
Epoch 170: loss=0.000005
Epoch 180: loss=0.000005
Epoch 190: loss=0.000005
Epoch 200: loss=0.000005
Epoch 210: loss=0.000005
Epoch 220: loss=0.000005
Epoch 230: loss=0.000005
Epoch 240: loss=0.000005
Epoch 250: loss=0.000005
Epoch 260: loss=0.000005
Epoch 270: loss=0.000005
Epoch 280: loss=0.000005
Epoch 290: loss=0.000005
Epoch 300: loss=0.000005
Epoch 310: loss=0.000005
Epoch 320: loss=0.000005
Epoch 330: loss=0.000005
Epoch 340: loss=0.000005
Epoch 350: loss=0.000005
Epoch 360: loss=0.000005
Epoch 370: loss=0.000005
Epoch 380: loss=0.000005
Epoch 390: loss=0.000005
Epoch 400: loss=0.000005
Epoch 410: loss=0.000005
Epoch 420: loss=0.000005
Epoch 430: loss=0.000005
Epoch 440: loss=0.000005
Epoch 450: loss=0.000005
Epoch 460: loss=0.000005
Epoch 470: loss=0.000005
Epoch 480: loss=0.000005
Epoch 490: loss=0.000005
Epoch 500: loss=0.000005
validation : 5.052882479503751e-06, MUTAG 1.7138071707449854e-05, Muedim test 5.132084334036336e-06
Done loading data from cached files.
Done loading data from cached files.
loss of real network :  0.9916265493107553
Epoch 10: loss=0.003292
Epoch 20: loss=0.000145
Epoch 30: loss=0.000012
Epoch 40: loss=0.000001
Epoch 50: loss=0.000000
Epoch 60: loss=0.000001
Epoch 70: loss=0.000001
Epoch 80: loss=0.000001
Epoch 90: loss=0.000001
Epoch 100: loss=0.000001
Epoch 110: loss=0.000001
Epoch 120: loss=0.000001
Epoch 130: loss=0.000001
Epoch 140: loss=0.000001
Epoch 150: loss=0.000001
Epoch 160: loss=0.000001
Epoch 170: loss=0.000001
Epoch 180: loss=0.000001
Epoch 190: loss=0.000001
Epoch 200: loss=0.000001
Epoch 210: loss=0.000001
Epoch 220: loss=0.000001
Epoch 230: loss=0.000001
Epoch 240: loss=0.000001
Epoch 250: loss=0.000001
Epoch 260: loss=0.000001
Epoch 270: loss=0.000001
Epoch 280: loss=0.000001
Epoch 290: loss=0.000001
Epoch 300: loss=0.000001
Epoch 310: loss=0.000001
Epoch 320: loss=0.000001
Epoch 330: loss=0.000001
Epoch 340: loss=0.000001
Epoch 350: loss=0.000001
Epoch 360: loss=0.000001
Epoch 370: loss=0.000001
Epoch 380: loss=0.000001
Epoch 390: loss=0.000001
Epoch 400: loss=0.000001
Epoch 410: loss=0.000001
Epoch 420: loss=0.000001
Epoch 430: loss=0.000001
Epoch 440: loss=0.000001
Epoch 450: loss=0.000001
Epoch 460: loss=0.000001
Epoch 470: loss=0.000001
Epoch 480: loss=0.000001
Epoch 490: loss=0.000001
Epoch 500: loss=0.000001
validation : 9.95194241113495e-07, MUTAG 1.5015496319392696e-06, Muedim test 9.794691140996292e-07
Done loading data from cached files.
Done loading data from cached files.
loss of real network :  0.9957566081191151
Epoch 10: loss=0.004188
Epoch 20: loss=0.000223
Epoch 30: loss=0.000025
Epoch 40: loss=0.000004
Epoch 50: loss=0.000001
Epoch 60: loss=0.000001
Epoch 70: loss=0.000000
Epoch 80: loss=0.000000
Epoch 90: loss=0.000000
Epoch 100: loss=0.000000
Epoch 110: loss=0.000001
Epoch 120: loss=0.000000
Epoch 130: loss=0.000001
Epoch 140: loss=0.000001
Epoch 150: loss=0.000001
Epoch 160: loss=0.000001
Epoch 170: loss=0.000001
Epoch 180: loss=0.000001
Epoch 190: loss=0.000001
Epoch 200: loss=0.000001
Epoch 210: loss=0.000001
Epoch 220: loss=0.000001
Epoch 230: loss=0.000001
Epoch 240: loss=0.000001
Epoch 250: loss=0.000001
Epoch 260: loss=0.000001
Epoch 270: loss=0.000001
Epoch 280: loss=0.000001
Epoch 290: loss=0.000001
Epoch 300: loss=0.000001
Epoch 310: loss=0.000001
Epoch 320: loss=0.000001
Epoch 330: loss=0.000001
Epoch 340: loss=0.000001
Epoch 350: loss=0.000001
Epoch 360: loss=0.000001
Epoch 370: loss=0.000001
Epoch 380: loss=0.000001
Epoch 390: loss=0.000001
Epoch 400: loss=0.000001
Epoch 410: loss=0.000001
Epoch 420: loss=0.000001
Epoch 430: loss=0.000001
Epoch 440: loss=0.000001
Epoch 450: loss=0.000001
Epoch 460: loss=0.000001
Epoch 470: loss=0.000001
Epoch 480: loss=0.000001
Epoch 490: loss=0.000001
Epoch 500: loss=0.000001
validation : 6.261457019718364e-07, MUTAG 3.560427671800426e-08, Muedim test 5.295012670103461e-07
Done loading data from cached files.
Done loading data from cached files.
loss of real network :  0.9970611482036269
4.942280883672842e-06      5.1552376280596946e-06      1.7915699532409236e-05      4.951402195729315e-06      0.9954167399424882
