Epoch 10: loss=0.000001
Epoch 20: loss=0.000000
Epoch 30: loss=0.000000
Epoch 40: loss=0.000000
Epoch 50: loss=0.000000
Epoch 60: loss=0.000000
Epoch 70: loss=0.000000
Epoch 80: loss=0.000000
Epoch 90: loss=0.000000
Epoch 100: loss=0.000000
validation : 4.3422976887086406e-07, MUTAG 7.468514013453386e-08, Muedim test 4.649005768442294e-07
logits: tensor([[22.8438]], device='cuda:0'),     label:  22.84550631344392
logits: tensor([[15.5720]], device='cuda:0'),     label:  15.573295853829936
logits: tensor([[26.4415]], device='cuda:0'),     label:  26.443781094527363
logits: tensor([[4.6771]], device='cuda:0'),     label:  4.677271055535123
logits: tensor([[4.2972]], device='cuda:0'),     label:  4.2974131090303125
logits: tensor([[6.5280]], device='cuda:0'),     label:  6.528424265547501
logits: tensor([[2.8489]], device='cuda:0'),     label:  2.8490967056323058
logits: tensor([[6.8563]], device='cuda:0'),     label:  6.856840321897501
logits: tensor([[4.2404]], device='cuda:0'),     label:  4.240637341685959
logits: tensor([[4.4508]], device='cuda:0'),     label:  4.451227186910007
logits: tensor([[4.4212]], device='cuda:0'),     label:  4.421394543092248
logits: tensor([[5.5877]], device='cuda:0'),     label:  5.588235294117647
logits: tensor([[7.5967]], device='cuda:0'),     label:  7.597402597402597
logits: tensor([[8.5885]], device='cuda:0'),     label:  8.589285714285715
logits: tensor([[11.6598]], device='cuda:0'),     label:  11.660869565217391
logits: tensor([[6.1285]], device='cuda:0'),     label:  6.129032258064516
logits: tensor([[9.3992]], device='cuda:0'),     label:  9.4
logits: tensor([[4.7675]], device='cuda:0'),     label:  4.7677311326396365
logits: tensor([[3.6689]], device='cuda:0'),     label:  3.66909532483303
logits: tensor([[36.0737]], device='cuda:0'),     label:  36.07692307692308
logits: tensor([[46.2181]], device='cuda:0'),     label:  46.22222222222222
Done loading data from cached files.
logits: tensor([[2.3848]], device='cuda:0'),     label:  2.3850528025995126
Done loading data from cached files.
logits: tensor([[2.1089]], device='cuda:0'),     label:  2.1090700344431688
loss of real network :  1.7638500312300741e-06
Epoch 10: loss=0.000000
Epoch 20: loss=0.000000
Epoch 30: loss=0.000000
Epoch 40: loss=0.000000
Epoch 50: loss=0.000000
Epoch 60: loss=0.000000
Epoch 70: loss=0.000000
Epoch 80: loss=0.000000
Epoch 90: loss=0.000000
Epoch 100: loss=0.000000
validation : 3.934867709176615e-07, MUTAG 7.413854746118887e-08, Muedim test 4.6156361349858343e-07
logits: tensor([[22.8438]], device='cuda:0'),     label:  22.84550631344392
logits: tensor([[15.5720]], device='cuda:0'),     label:  15.573295853829936
logits: tensor([[26.4415]], device='cuda:0'),     label:  26.443781094527363
logits: tensor([[4.6771]], device='cuda:0'),     label:  4.677271055535123
logits: tensor([[4.2972]], device='cuda:0'),     label:  4.2974131090303125
logits: tensor([[6.5280]], device='cuda:0'),     label:  6.528424265547501
logits: tensor([[2.8489]], device='cuda:0'),     label:  2.8490967056323058
logits: tensor([[6.8563]], device='cuda:0'),     label:  6.856840321897501
logits: tensor([[4.2404]], device='cuda:0'),     label:  4.240637341685959
logits: tensor([[4.4508]], device='cuda:0'),     label:  4.451227186910007
logits: tensor([[4.4212]], device='cuda:0'),     label:  4.421394543092248
logits: tensor([[5.5877]], device='cuda:0'),     label:  5.588235294117647
logits: tensor([[7.5967]], device='cuda:0'),     label:  7.597402597402597
logits: tensor([[8.5885]], device='cuda:0'),     label:  8.589285714285715
logits: tensor([[11.6598]], device='cuda:0'),     label:  11.660869565217391
logits: tensor([[6.1285]], device='cuda:0'),     label:  6.129032258064516
logits: tensor([[9.3992]], device='cuda:0'),     label:  9.4
logits: tensor([[4.7675]], device='cuda:0'),     label:  4.7677311326396365
logits: tensor([[3.6689]], device='cuda:0'),     label:  3.66909532483303
logits: tensor([[36.0737]], device='cuda:0'),     label:  36.07692307692308
logits: tensor([[46.2181]], device='cuda:0'),     label:  46.22222222222222
Done loading data from cached files.
logits: tensor([[2.3848]], device='cuda:0'),     label:  2.3850528025995126
Done loading data from cached files.
logits: tensor([[2.1089]], device='cuda:0'),     label:  2.1090700344431688
loss of real network :  1.7603255230242008e-06
Epoch 10: loss=0.000000
Epoch 20: loss=0.000000
Epoch 30: loss=0.000000
Epoch 40: loss=0.000000
Epoch 50: loss=0.000000
Epoch 60: loss=0.000000
Epoch 70: loss=0.000000
Epoch 80: loss=0.000000
Epoch 90: loss=0.000000
Epoch 100: loss=0.000000
validation : 4.129849548917264e-07, MUTAG 7.45517513678351e-08, Muedim test 4.648697085940512e-07
logits: tensor([[22.8438]], device='cuda:0'),     label:  22.84550631344392
logits: tensor([[15.5720]], device='cuda:0'),     label:  15.573295853829936
logits: tensor([[26.4415]], device='cuda:0'),     label:  26.443781094527363
logits: tensor([[4.6771]], device='cuda:0'),     label:  4.677271055535123
logits: tensor([[4.2972]], device='cuda:0'),     label:  4.2974131090303125
logits: tensor([[6.5280]], device='cuda:0'),     label:  6.528424265547501
logits: tensor([[2.8489]], device='cuda:0'),     label:  2.8490967056323058
logits: tensor([[6.8563]], device='cuda:0'),     label:  6.856840321897501
logits: tensor([[4.2404]], device='cuda:0'),     label:  4.240637341685959
logits: tensor([[4.4508]], device='cuda:0'),     label:  4.451227186910007
logits: tensor([[4.4212]], device='cuda:0'),     label:  4.421394543092248
logits: tensor([[5.5877]], device='cuda:0'),     label:  5.588235294117647
logits: tensor([[7.5967]], device='cuda:0'),     label:  7.597402597402597
logits: tensor([[8.5885]], device='cuda:0'),     label:  8.589285714285715
logits: tensor([[11.6598]], device='cuda:0'),     label:  11.660869565217391
logits: tensor([[6.1285]], device='cuda:0'),     label:  6.129032258064516
logits: tensor([[9.3992]], device='cuda:0'),     label:  9.4
logits: tensor([[4.7675]], device='cuda:0'),     label:  4.7677311326396365
logits: tensor([[3.6689]], device='cuda:0'),     label:  3.66909532483303
logits: tensor([[36.0737]], device='cuda:0'),     label:  36.07692307692308
logits: tensor([[46.2181]], device='cuda:0'),     label:  46.22222222222222
Done loading data from cached files.
logits: tensor([[2.3848]], device='cuda:0'),     label:  2.3850528025995126
Done loading data from cached files.
logits: tensor([[2.1089]], device='cuda:0'),     label:  2.1090700344431688
loss of real network :  1.7634838991277091e-06
Epoch 10: loss=0.000005
Epoch 20: loss=0.000000
Epoch 30: loss=0.000000
Epoch 40: loss=0.000000
Epoch 50: loss=0.000000
Epoch 60: loss=0.000000
Epoch 70: loss=0.000000
Epoch 80: loss=0.000000
Epoch 90: loss=0.000000
Epoch 100: loss=0.000000
validation : 4.2221177864121274e-07, MUTAG 7.45517513678351e-08, Muedim test 4.648697085940512e-07
logits: tensor([[22.8438]], device='cuda:0'),     label:  22.84550631344392
logits: tensor([[15.5720]], device='cuda:0'),     label:  15.573295853829936
logits: tensor([[26.4415]], device='cuda:0'),     label:  26.443781094527363
logits: tensor([[4.6771]], device='cuda:0'),     label:  4.677271055535123
logits: tensor([[4.2972]], device='cuda:0'),     label:  4.2974131090303125
logits: tensor([[6.5280]], device='cuda:0'),     label:  6.528424265547501
logits: tensor([[2.8489]], device='cuda:0'),     label:  2.8490967056323058
logits: tensor([[6.8563]], device='cuda:0'),     label:  6.856840321897501
logits: tensor([[4.2404]], device='cuda:0'),     label:  4.240637341685959
logits: tensor([[4.4508]], device='cuda:0'),     label:  4.451227186910007
logits: tensor([[4.4212]], device='cuda:0'),     label:  4.421394543092248
logits: tensor([[5.5877]], device='cuda:0'),     label:  5.588235294117647
logits: tensor([[7.5967]], device='cuda:0'),     label:  7.597402597402597
logits: tensor([[8.5885]], device='cuda:0'),     label:  8.589285714285715
logits: tensor([[11.6598]], device='cuda:0'),     label:  11.660869565217391
logits: tensor([[6.1285]], device='cuda:0'),     label:  6.129032258064516
logits: tensor([[9.3992]], device='cuda:0'),     label:  9.4
logits: tensor([[4.7675]], device='cuda:0'),     label:  4.7677311326396365
logits: tensor([[3.6689]], device='cuda:0'),     label:  3.66909532483303
logits: tensor([[36.0737]], device='cuda:0'),     label:  36.07692307692308
logits: tensor([[46.2181]], device='cuda:0'),     label:  46.22222222222222
Done loading data from cached files.
logits: tensor([[2.3848]], device='cuda:0'),     label:  2.3850528025995126
Done loading data from cached files.
logits: tensor([[2.1089]], device='cuda:0'),     label:  2.1090700344431688
loss of real network :  1.7634838991277091e-06
Epoch 10: loss=0.000001
Epoch 20: loss=0.000000
Epoch 30: loss=0.000000
Epoch 40: loss=0.000000
Epoch 50: loss=0.000000
Epoch 60: loss=0.000000
Epoch 70: loss=0.000000
Epoch 80: loss=0.000000
Epoch 90: loss=0.000000
Epoch 100: loss=0.000000
validation : 4.0583610825706275e-07, MUTAG 7.413854746118887e-08, Muedim test 4.6156361349858343e-07
logits: tensor([[22.8438]], device='cuda:0'),     label:  22.84550631344392
logits: tensor([[15.5720]], device='cuda:0'),     label:  15.573295853829936
logits: tensor([[26.4415]], device='cuda:0'),     label:  26.443781094527363
logits: tensor([[4.6771]], device='cuda:0'),     label:  4.677271055535123
logits: tensor([[4.2972]], device='cuda:0'),     label:  4.2974131090303125
logits: tensor([[6.5280]], device='cuda:0'),     label:  6.528424265547501
logits: tensor([[2.8489]], device='cuda:0'),     label:  2.8490967056323058
logits: tensor([[6.8563]], device='cuda:0'),     label:  6.856840321897501
logits: tensor([[4.2404]], device='cuda:0'),     label:  4.240637341685959
logits: tensor([[4.4508]], device='cuda:0'),     label:  4.451227186910007
logits: tensor([[4.4212]], device='cuda:0'),     label:  4.421394543092248
logits: tensor([[5.5877]], device='cuda:0'),     label:  5.588235294117647
logits: tensor([[7.5967]], device='cuda:0'),     label:  7.597402597402597
logits: tensor([[8.5885]], device='cuda:0'),     label:  8.589285714285715
logits: tensor([[11.6598]], device='cuda:0'),     label:  11.660869565217391
logits: tensor([[6.1285]], device='cuda:0'),     label:  6.129032258064516
logits: tensor([[9.3992]], device='cuda:0'),     label:  9.4
logits: tensor([[4.7675]], device='cuda:0'),     label:  4.7677311326396365
logits: tensor([[3.6689]], device='cuda:0'),     label:  3.66909532483303
logits: tensor([[36.0737]], device='cuda:0'),     label:  36.07692307692308
logits: tensor([[46.2181]], device='cuda:0'),     label:  46.22222222222222
Done loading data from cached files.
logits: tensor([[2.3848]], device='cuda:0'),     label:  2.3850528025995126
Done loading data from cached files.
logits: tensor([[2.1089]], device='cuda:0'),     label:  2.1090700344431688
loss of real network :  1.7603255230242008e-06
4.2760652084123446e-07      4.1374987631570547e-07      7.441314755851637e-08      4.635534442058998e-07      1.762293775106779e-06
