
field : Social networks

loss : 5212.7056 
Traceback (most recent call last):
  File "/project/p_gnn001/code/gnn_clean_code/test_stanford_networks.py", line 722, in <module>
    test_networks(model, args, result, args2.real_network_folder)
  File "/project/p_gnn001/code/gnn_clean_code/test_stanford_networks.py", line 435, in test_networks
    value = test_network_diff_nfeat(model, graph, name, args)
            ^^^^^^^^^^^^^^^^^^^^^^^^^^^^^^^^^^^^^^^^^^^^^^^^^
  File "/home/p_gnngw/miniconda3/envs/cuda118/lib/python3.12/site-packages/torch/utils/_contextlib.py", line 115, in decorate_context
    return func(*args, **kwargs)
           ^^^^^^^^^^^^^^^^^^^^^
  File "/project/p_gnn001/code/gnn_clean_code/test_stanford_networks.py", line 330, in test_network_diff_nfeat
    print(ans[0].tolist())
          ^^^^^^^^^^^^^
AttributeError: 'list' object has no attribute 'tolist'

field : Social networks

loss : 91.5494 
Traceback (most recent call last):
  File "/project/p_gnn001/code/gnn_clean_code/test_stanford_networks.py", line 722, in <module>
    test_networks(model, args, result, args2.real_network_folder)
  File "/project/p_gnn001/code/gnn_clean_code/test_stanford_networks.py", line 435, in test_networks
    value = test_network_diff_nfeat(model, graph, name, args)
            ^^^^^^^^^^^^^^^^^^^^^^^^^^^^^^^^^^^^^^^^^^^^^^^^^
  File "/home/p_gnngw/miniconda3/envs/cuda118/lib/python3.12/site-packages/torch/utils/_contextlib.py", line 115, in decorate_context
    return func(*args, **kwargs)
           ^^^^^^^^^^^^^^^^^^^^^
  File "/project/p_gnn001/code/gnn_clean_code/test_stanford_networks.py", line 330, in test_network_diff_nfeat
    print(ans[0].tolist())
          ^^^^^^^^^^^^^
AttributeError: 'list' object has no attribute 'tolist'

field : Social networks

loss : -205.0517 
Traceback (most recent call last):
  File "/project/p_gnn001/code/gnn_clean_code/test_stanford_networks.py", line 722, in <module>
    test_networks(model, args, result, args2.real_network_folder)
  File "/project/p_gnn001/code/gnn_clean_code/test_stanford_networks.py", line 435, in test_networks
    value = test_network_diff_nfeat(model, graph, name, args)
            ^^^^^^^^^^^^^^^^^^^^^^^^^^^^^^^^^^^^^^^^^^^^^^^^^
  File "/home/p_gnngw/miniconda3/envs/cuda118/lib/python3.12/site-packages/torch/utils/_contextlib.py", line 115, in decorate_context
    return func(*args, **kwargs)
           ^^^^^^^^^^^^^^^^^^^^^
  File "/project/p_gnn001/code/gnn_clean_code/test_stanford_networks.py", line 330, in test_network_diff_nfeat
    print(ans[0].tolist())
          ^^^^^^^^^^^^^
AttributeError: 'list' object has no attribute 'tolist'

field : Social networks

loss : 155.6155 
Traceback (most recent call last):
  File "/project/p_gnn001/code/gnn_clean_code/test_stanford_networks.py", line 722, in <module>
    test_networks(model, args, result, args2.real_network_folder)
  File "/project/p_gnn001/code/gnn_clean_code/test_stanford_networks.py", line 435, in test_networks
    value = test_network_diff_nfeat(model, graph, name, args)
            ^^^^^^^^^^^^^^^^^^^^^^^^^^^^^^^^^^^^^^^^^^^^^^^^^
  File "/home/p_gnngw/miniconda3/envs/cuda118/lib/python3.12/site-packages/torch/utils/_contextlib.py", line 115, in decorate_context
    return func(*args, **kwargs)
           ^^^^^^^^^^^^^^^^^^^^^
  File "/project/p_gnn001/code/gnn_clean_code/test_stanford_networks.py", line 330, in test_network_diff_nfeat
    print(ans[0].tolist())
          ^^^^^^^^^^^^^
AttributeError: 'list' object has no attribute 'tolist'
