Epoch 10: loss=0.000001
Epoch 20: loss=0.000000
Epoch 30: loss=0.000000
Epoch 40: loss=0.000000
Epoch 50: loss=0.000000
Epoch 60: loss=0.000000
Epoch 70: loss=0.000000
Epoch 80: loss=0.000000
Epoch 90: loss=0.000000
Epoch 100: loss=0.000000
validation : 4.3423977331258356e-07, MUTAG 7.468514013453386e-08, Muedim test 4.649107904697303e-07
logits:  tensor([[23.8438]], device='cuda:0')
logits:  tensor([[16.5720]], device='cuda:0')
logits:  tensor([[26.8027]], device='cuda:0')
logits:  tensor([[5.6771]], device='cuda:0')
logits:  tensor([[5.2972]], device='cuda:0')
logits:  tensor([[7.5257]], device='cuda:0')
logits:  tensor([[3.8487]], device='cuda:0')
logits:  tensor([[7.6293]], device='cuda:0')
logits:  tensor([[5.2404]], device='cuda:0')
logits:  tensor([[5.4507]], device='cuda:0')
logits:  tensor([[5.4212]], device='cuda:0')
logits:  tensor([[6.5877]], device='cuda:0')
logits:  tensor([[8.5966]], device='cuda:0')
logits:  tensor([[9.5884]], device='cuda:0')
logits:  tensor([[12.6598]], device='cuda:0')
logits:  tensor([[7.1284]], device='cuda:0')
logits:  tensor([[10.3991]], device='cuda:0')
logits:  tensor([[5.7675]], device='cuda:0')
logits:  tensor([[4.6689]], device='cuda:0')
logits:  tensor([[37.0736]], device='cuda:0')
logits:  tensor([[47.2181]], device='cuda:0')
Done loading data from cached files.
logits:  tensor([[3.3848]], device='cuda:0')
Done loading data from cached files.
logits:  tensor([[3.1088]], device='cuda:0')
loss of real network :  3.8654338504280648
Epoch 10: loss=0.000000
Epoch 20: loss=0.000000
Epoch 30: loss=0.000000
Epoch 40: loss=0.000000
Epoch 50: loss=0.000000
Epoch 60: loss=0.000000
Epoch 70: loss=0.000000
Epoch 80: loss=0.000000
Epoch 90: loss=0.000000
Epoch 100: loss=0.000000
validation : 3.934924279747065e-07, MUTAG 7.413854746118887e-08, Muedim test 4.615737998392433e-07
logits:  tensor([[23.8438]], device='cuda:0')
logits:  tensor([[16.5720]], device='cuda:0')
logits:  tensor([[26.8027]], device='cuda:0')
logits:  tensor([[5.6771]], device='cuda:0')
logits:  tensor([[5.2972]], device='cuda:0')
logits:  tensor([[7.5257]], device='cuda:0')
logits:  tensor([[3.8487]], device='cuda:0')
logits:  tensor([[7.6293]], device='cuda:0')
logits:  tensor([[5.2404]], device='cuda:0')
logits:  tensor([[5.4507]], device='cuda:0')
logits:  tensor([[5.4212]], device='cuda:0')
logits:  tensor([[6.5877]], device='cuda:0')
logits:  tensor([[8.5966]], device='cuda:0')
logits:  tensor([[9.5884]], device='cuda:0')
logits:  tensor([[12.6598]], device='cuda:0')
logits:  tensor([[7.1284]], device='cuda:0')
logits:  tensor([[10.3991]], device='cuda:0')
logits:  tensor([[5.7675]], device='cuda:0')
logits:  tensor([[4.6689]], device='cuda:0')
logits:  tensor([[37.0737]], device='cuda:0')
logits:  tensor([[47.2181]], device='cuda:0')
Done loading data from cached files.
logits:  tensor([[3.3848]], device='cuda:0')
Done loading data from cached files.
logits:  tensor([[3.1088]], device='cuda:0')
loss of real network :  3.865440534875445
Epoch 10: loss=0.000000
Epoch 20: loss=0.000000
Epoch 30: loss=0.000000
Epoch 40: loss=0.000000
Epoch 50: loss=0.000000
Epoch 60: loss=0.000000
Epoch 70: loss=0.000000
Epoch 80: loss=0.000000
Epoch 90: loss=0.000000
Epoch 100: loss=0.000000
validation : 4.1300858356407843e-07, MUTAG 7.45517513678351e-08, Muedim test 4.64879894934711e-07
logits:  tensor([[23.8438]], device='cuda:0')
logits:  tensor([[16.5720]], device='cuda:0')
logits:  tensor([[26.8027]], device='cuda:0')
logits:  tensor([[5.6771]], device='cuda:0')
logits:  tensor([[5.2972]], device='cuda:0')
logits:  tensor([[7.5257]], device='cuda:0')
logits:  tensor([[3.8487]], device='cuda:0')
logits:  tensor([[7.6293]], device='cuda:0')
logits:  tensor([[5.2404]], device='cuda:0')
logits:  tensor([[5.4507]], device='cuda:0')
logits:  tensor([[5.4212]], device='cuda:0')
logits:  tensor([[6.5877]], device='cuda:0')
logits:  tensor([[8.5966]], device='cuda:0')
logits:  tensor([[9.5884]], device='cuda:0')
logits:  tensor([[12.6598]], device='cuda:0')
logits:  tensor([[7.1284]], device='cuda:0')
logits:  tensor([[10.3991]], device='cuda:0')
logits:  tensor([[5.7675]], device='cuda:0')
logits:  tensor([[4.6689]], device='cuda:0')
logits:  tensor([[37.0737]], device='cuda:0')
logits:  tensor([[47.2181]], device='cuda:0')
Done loading data from cached files.
logits:  tensor([[3.3848]], device='cuda:0')
Done loading data from cached files.
logits:  tensor([[3.1088]], device='cuda:0')
loss of real network :  3.8654350930506074
Epoch 10: loss=0.000005
Epoch 20: loss=0.000000
Epoch 30: loss=0.000000
Epoch 40: loss=0.000000
Epoch 50: loss=0.000000
Epoch 60: loss=0.000000
Epoch 70: loss=0.000000
Epoch 80: loss=0.000000
Epoch 90: loss=0.000000
Epoch 100: loss=0.000000
validation : 4.22192933910992e-07, MUTAG 7.45517513678351e-08, Muedim test 4.64879894934711e-07
logits:  tensor([[23.8438]], device='cuda:0')
logits:  tensor([[16.5720]], device='cuda:0')
logits:  tensor([[26.8027]], device='cuda:0')
logits:  tensor([[5.6771]], device='cuda:0')
logits:  tensor([[5.2972]], device='cuda:0')
logits:  tensor([[7.5257]], device='cuda:0')
logits:  tensor([[3.8487]], device='cuda:0')
logits:  tensor([[7.6293]], device='cuda:0')
logits:  tensor([[5.2404]], device='cuda:0')
logits:  tensor([[5.4507]], device='cuda:0')
logits:  tensor([[5.4212]], device='cuda:0')
logits:  tensor([[6.5877]], device='cuda:0')
logits:  tensor([[8.5966]], device='cuda:0')
logits:  tensor([[9.5884]], device='cuda:0')
logits:  tensor([[12.6598]], device='cuda:0')
logits:  tensor([[7.1284]], device='cuda:0')
logits:  tensor([[10.3991]], device='cuda:0')
logits:  tensor([[5.7675]], device='cuda:0')
logits:  tensor([[4.6689]], device='cuda:0')
logits:  tensor([[37.0737]], device='cuda:0')
logits:  tensor([[47.2181]], device='cuda:0')
Done loading data from cached files.
logits:  tensor([[3.3848]], device='cuda:0')
Done loading data from cached files.
logits:  tensor([[3.1088]], device='cuda:0')
loss of real network :  3.8654350930506074
Epoch 10: loss=0.000001
Epoch 20: loss=0.000000
Epoch 30: loss=0.000000
Epoch 40: loss=0.000000
Epoch 50: loss=0.000000
Epoch 60: loss=0.000000
Epoch 70: loss=0.000000
Epoch 80: loss=0.000000
Epoch 90: loss=0.000000
Epoch 100: loss=0.000000
validation : 4.058249214722309e-07, MUTAG 7.413854746118887e-08, Muedim test 4.615737998392433e-07
logits:  tensor([[23.8438]], device='cuda:0')
logits:  tensor([[16.5720]], device='cuda:0')
logits:  tensor([[26.8027]], device='cuda:0')
logits:  tensor([[5.6771]], device='cuda:0')
logits:  tensor([[5.2972]], device='cuda:0')
logits:  tensor([[7.5257]], device='cuda:0')
logits:  tensor([[3.8487]], device='cuda:0')
logits:  tensor([[7.6293]], device='cuda:0')
logits:  tensor([[5.2404]], device='cuda:0')
logits:  tensor([[5.4507]], device='cuda:0')
logits:  tensor([[5.4212]], device='cuda:0')
logits:  tensor([[6.5877]], device='cuda:0')
logits:  tensor([[8.5966]], device='cuda:0')
logits:  tensor([[9.5884]], device='cuda:0')
logits:  tensor([[12.6598]], device='cuda:0')
logits:  tensor([[7.1284]], device='cuda:0')
logits:  tensor([[10.3991]], device='cuda:0')
logits:  tensor([[5.7675]], device='cuda:0')
logits:  tensor([[4.6689]], device='cuda:0')
logits:  tensor([[37.0737]], device='cuda:0')
logits:  tensor([[47.2181]], device='cuda:0')
Done loading data from cached files.
logits:  tensor([[3.3848]], device='cuda:0')
Done loading data from cached files.
logits:  tensor([[3.1088]], device='cuda:0')
loss of real network :  3.865440534875445
4.2761108286665855e-07      4.1375172804691824e-07      7.441314755851637e-08      4.635636360035278e-07      3.865437021256034
