/home/p_gnngw/miniconda3/envs/cuda118/lib/python3.12/site-packages/torch/nn/modules/loss.py:535: UserWarning: Using a target size (torch.Size([100, 1])) that is different to the input size (torch.Size([100, 8])). This will likely lead to incorrect results due to broadcasting. Please ensure they have the same size.
  return F.mse_loss(input, target, reduction=self.reduction)
/home/p_gnngw/miniconda3/envs/cuda118/lib/python3.12/site-packages/torch/nn/modules/loss.py:535: UserWarning: Using a target size (torch.Size([69, 1])) that is different to the input size (torch.Size([69, 8])). This will likely lead to incorrect results due to broadcasting. Please ensure they have the same size.
  return F.mse_loss(input, target, reduction=self.reduction)
/home/p_gnngw/miniconda3/envs/cuda118/lib/python3.12/site-packages/torch/nn/modules/loss.py:535: UserWarning: Using a target size (torch.Size([19, 1])) that is different to the input size (torch.Size([19, 8])). This will likely lead to incorrect results due to broadcasting. Please ensure they have the same size.
  return F.mse_loss(input, target, reduction=self.reduction)
/home/p_gnngw/miniconda3/envs/cuda118/lib/python3.12/site-packages/torch/nn/modules/loss.py:535: UserWarning: Using a target size (torch.Size([10, 1])) that is different to the input size (torch.Size([10, 8])). This will likely lead to incorrect results due to broadcasting. Please ensure they have the same size.
  return F.mse_loss(input, target, reduction=self.reduction)
Epoch 10: loss=20.2853
Epoch 20: loss=20.2798
Epoch 30: loss=20.2798
Epoch 40: loss=20.2796
Epoch 50: loss=20.2796
Epoch 60: loss=20.2796
Epoch 70: loss=20.2796
Epoch 80: loss=20.2796
Epoch 90: loss=20.2796
Epoch 100: loss=20.2796
small_test : 4.592728881835938, medium_test 204.78338403320313
(197, 8)
(197,)
Traceback (most recent call last):
  File "/project/p_gnn001/code/gnn_clean_code/simple_code.py", line 471, in <module>
    main()
  File "/project/p_gnn001/code/gnn_clean_code/simple_code.py", line 458, in main
    test_regression_sample(model, test_loader_samples, samples)
  File "/home/p_gnngw/miniconda3/envs/cuda118/lib/python3.12/site-packages/torch/utils/_contextlib.py", line 115, in decorate_context
    return func(*args, **kwargs)
           ^^^^^^^^^^^^^^^^^^^^^
  File "/project/p_gnn001/code/gnn_clean_code/simple_code.py", line 374, in test_regression_sample
    plt.scatter(node_indices, data_matrix, label='Value', marker='x')
  File "/home/p_gnngw/miniconda3/envs/cuda118/lib/python3.12/site-packages/matplotlib/pyplot.py", line 3687, in scatter
    __ret = gca().scatter(
            ^^^^^^^^^^^^^^
  File "/home/p_gnngw/miniconda3/envs/cuda118/lib/python3.12/site-packages/matplotlib/__init__.py", line 1465, in inner
    return func(ax, *map(sanitize_sequence, args), **kwargs)
           ^^^^^^^^^^^^^^^^^^^^^^^^^^^^^^^^^^^^^^^^^^^^^^^^^
  File "/home/p_gnngw/miniconda3/envs/cuda118/lib/python3.12/site-packages/matplotlib/axes/_axes.py", line 4652, in scatter
    raise ValueError("x and y must be the same size")
ValueError: x and y must be the same size
