Epoch 10: loss=0.000001
Epoch 20: loss=0.000000
Epoch 30: loss=0.000000
Epoch 40: loss=0.000000
Epoch 50: loss=0.000000
Epoch 60: loss=0.000000
Epoch 70: loss=0.000000
Epoch 80: loss=0.000000
Epoch 90: loss=0.000000
Epoch 100: loss=0.000000
validation : 4.3423977331258356e-07, MUTAG 7.468514013453386e-08, Muedim test 4.649107904697303e-07
logits:  tensor([[22.8438]], device='cuda:0')
logits:  tensor([[15.5720]], device='cuda:0')
logits:  tensor([[25.8028]], device='cuda:0')
logits:  tensor([[4.6771]], device='cuda:0')
logits:  tensor([[4.2972]], device='cuda:0')
logits:  tensor([[6.5257]], device='cuda:0')
logits:  tensor([[2.8489]], device='cuda:0')
logits:  tensor([[6.6293]], device='cuda:0')
logits:  tensor([[4.2404]], device='cuda:0')
logits:  tensor([[4.4508]], device='cuda:0')
logits:  tensor([[4.4212]], device='cuda:0')
logits:  tensor([[5.5877]], device='cuda:0')
logits:  tensor([[7.5967]], device='cuda:0')
logits:  tensor([[8.5885]], device='cuda:0')
logits:  tensor([[11.6598]], device='cuda:0')
logits:  tensor([[6.1285]], device='cuda:0')
logits:  tensor([[9.3992]], device='cuda:0')
logits:  tensor([[4.7675]], device='cuda:0')
logits:  tensor([[3.6689]], device='cuda:0')
logits:  tensor([[36.0737]], device='cuda:0')
logits:  tensor([[46.2181]], device='cuda:0')
Done loading data from cached files.
logits:  tensor([[2.3848]], device='cuda:0')
Done loading data from cached files.
logits:  tensor([[2.1089]], device='cuda:0')
loss of real network :  1.7526467252576803e-06
Epoch 10: loss=0.000000
Epoch 20: loss=0.000000
Epoch 30: loss=0.000000
Epoch 40: loss=0.000000
Epoch 50: loss=0.000000
Epoch 60: loss=0.000000
Epoch 70: loss=0.000000
Epoch 80: loss=0.000000
Epoch 90: loss=0.000000
Epoch 100: loss=0.000000
validation : 3.934924279747065e-07, MUTAG 7.413854746118887e-08, Muedim test 4.615737998392433e-07
logits:  tensor([[22.8438]], device='cuda:0')
logits:  tensor([[15.5720]], device='cuda:0')
logits:  tensor([[25.8028]], device='cuda:0')
logits:  tensor([[4.6771]], device='cuda:0')
logits:  tensor([[4.2972]], device='cuda:0')
logits:  tensor([[6.5257]], device='cuda:0')
logits:  tensor([[2.8489]], device='cuda:0')
logits:  tensor([[6.6293]], device='cuda:0')
logits:  tensor([[4.2404]], device='cuda:0')
logits:  tensor([[4.4508]], device='cuda:0')
logits:  tensor([[4.4212]], device='cuda:0')
logits:  tensor([[5.5877]], device='cuda:0')
logits:  tensor([[7.5967]], device='cuda:0')
logits:  tensor([[8.5885]], device='cuda:0')
logits:  tensor([[11.6598]], device='cuda:0')
logits:  tensor([[6.1285]], device='cuda:0')
logits:  tensor([[9.3992]], device='cuda:0')
logits:  tensor([[4.7675]], device='cuda:0')
logits:  tensor([[3.6689]], device='cuda:0')
logits:  tensor([[36.0737]], device='cuda:0')
logits:  tensor([[46.2181]], device='cuda:0')
Done loading data from cached files.
logits:  tensor([[2.3848]], device='cuda:0')
Done loading data from cached files.
logits:  tensor([[2.1089]], device='cuda:0')
loss of real network :  1.748791275887292e-06
Epoch 10: loss=0.000000
Epoch 20: loss=0.000000
Epoch 30: loss=0.000000
Epoch 40: loss=0.000000
Epoch 50: loss=0.000000
Epoch 60: loss=0.000000
Epoch 70: loss=0.000000
Epoch 80: loss=0.000000
Epoch 90: loss=0.000000
Epoch 100: loss=0.000000
validation : 4.1300858356407843e-07, MUTAG 7.45517513678351e-08, Muedim test 4.64879894934711e-07
logits:  tensor([[22.8438]], device='cuda:0')
logits:  tensor([[15.5720]], device='cuda:0')
logits:  tensor([[25.8028]], device='cuda:0')
logits:  tensor([[4.6771]], device='cuda:0')
logits:  tensor([[4.2972]], device='cuda:0')
logits:  tensor([[6.5257]], device='cuda:0')
logits:  tensor([[2.8489]], device='cuda:0')
logits:  tensor([[6.6293]], device='cuda:0')
logits:  tensor([[4.2404]], device='cuda:0')
logits:  tensor([[4.4508]], device='cuda:0')
logits:  tensor([[4.4212]], device='cuda:0')
logits:  tensor([[5.5877]], device='cuda:0')
logits:  tensor([[7.5967]], device='cuda:0')
logits:  tensor([[8.5885]], device='cuda:0')
logits:  tensor([[11.6598]], device='cuda:0')
logits:  tensor([[6.1285]], device='cuda:0')
logits:  tensor([[9.3992]], device='cuda:0')
logits:  tensor([[4.7675]], device='cuda:0')
logits:  tensor([[3.6689]], device='cuda:0')
logits:  tensor([[36.0737]], device='cuda:0')
logits:  tensor([[46.2181]], device='cuda:0')
Done loading data from cached files.
logits:  tensor([[2.3848]], device='cuda:0')
Done loading data from cached files.
logits:  tensor([[2.1089]], device='cuda:0')
loss of real network :  1.7522807030692764e-06
Epoch 10: loss=0.000005
Epoch 20: loss=0.000000
Epoch 30: loss=0.000000
Epoch 40: loss=0.000000
Epoch 50: loss=0.000000
Epoch 60: loss=0.000000
Epoch 70: loss=0.000000
Epoch 80: loss=0.000000
Epoch 90: loss=0.000000
Epoch 100: loss=0.000000
validation : 4.22192933910992e-07, MUTAG 7.45517513678351e-08, Muedim test 4.64879894934711e-07
logits:  tensor([[22.8438]], device='cuda:0')
logits:  tensor([[15.5720]], device='cuda:0')
logits:  tensor([[25.8028]], device='cuda:0')
logits:  tensor([[4.6771]], device='cuda:0')
logits:  tensor([[4.2972]], device='cuda:0')
logits:  tensor([[6.5257]], device='cuda:0')
logits:  tensor([[2.8489]], device='cuda:0')
logits:  tensor([[6.6293]], device='cuda:0')
logits:  tensor([[4.2404]], device='cuda:0')
logits:  tensor([[4.4508]], device='cuda:0')
logits:  tensor([[4.4212]], device='cuda:0')
logits:  tensor([[5.5877]], device='cuda:0')
logits:  tensor([[7.5967]], device='cuda:0')
logits:  tensor([[8.5885]], device='cuda:0')
logits:  tensor([[11.6598]], device='cuda:0')
logits:  tensor([[6.1285]], device='cuda:0')
logits:  tensor([[9.3992]], device='cuda:0')
logits:  tensor([[4.7675]], device='cuda:0')
logits:  tensor([[3.6689]], device='cuda:0')
logits:  tensor([[36.0737]], device='cuda:0')
logits:  tensor([[46.2181]], device='cuda:0')
Done loading data from cached files.
logits:  tensor([[2.3848]], device='cuda:0')
Done loading data from cached files.
logits:  tensor([[2.1089]], device='cuda:0')
loss of real network :  1.7522807030692764e-06
Epoch 10: loss=0.000001
Epoch 20: loss=0.000000
Epoch 30: loss=0.000000
Epoch 40: loss=0.000000
Epoch 50: loss=0.000000
Epoch 60: loss=0.000000
Epoch 70: loss=0.000000
Epoch 80: loss=0.000000
Epoch 90: loss=0.000000
Epoch 100: loss=0.000000
validation : 4.058249214722309e-07, MUTAG 7.413854746118887e-08, Muedim test 4.615737998392433e-07
logits:  tensor([[22.8438]], device='cuda:0')
logits:  tensor([[15.5720]], device='cuda:0')
logits:  tensor([[25.8028]], device='cuda:0')
logits:  tensor([[4.6771]], device='cuda:0')
logits:  tensor([[4.2972]], device='cuda:0')
logits:  tensor([[6.5257]], device='cuda:0')
logits:  tensor([[2.8489]], device='cuda:0')
logits:  tensor([[6.6293]], device='cuda:0')
logits:  tensor([[4.2404]], device='cuda:0')
logits:  tensor([[4.4508]], device='cuda:0')
logits:  tensor([[4.4212]], device='cuda:0')
logits:  tensor([[5.5877]], device='cuda:0')
logits:  tensor([[7.5967]], device='cuda:0')
logits:  tensor([[8.5885]], device='cuda:0')
logits:  tensor([[11.6598]], device='cuda:0')
logits:  tensor([[6.1285]], device='cuda:0')
logits:  tensor([[9.3992]], device='cuda:0')
logits:  tensor([[4.7675]], device='cuda:0')
logits:  tensor([[3.6689]], device='cuda:0')
logits:  tensor([[36.0737]], device='cuda:0')
logits:  tensor([[46.2181]], device='cuda:0')
Done loading data from cached files.
logits:  tensor([[2.3848]], device='cuda:0')
Done loading data from cached files.
logits:  tensor([[2.1089]], device='cuda:0')
loss of real network :  1.748791275887292e-06
4.2761108286665855e-07      4.1375172804691824e-07      7.441314755851637e-08      4.635636360035278e-07      1.7509581366341634e-06
