
field : Social networks

../data_folder/facebook_combined.txt.gz number of nodes is :  4039
../data_folder/facebook_combined.txt.gz number of edges is :  88234
 identity_feat : loss : 1.0000 

../data_folder/wiki-Vote.txt.gz number of nodes is :  7115
../data_folder/wiki-Vote.txt.gz number of edges is :  103689
 identity_feat : loss : 1.0000 


field : Networks with ground-truth communities

../data_folder/email-Eu-core.txt.gz number of nodes is :  1005
../data_folder/email-Eu-core.txt.gz number of edges is :  25571
 identity_feat : loss : 1.0000 


field : Internet peer-to-peer networks

../data_folder/p2p-Gnutella04.txt.gz number of nodes is :  10876
../data_folder/p2p-Gnutella04.txt.gz number of edges is :  39994
 identity_feat : loss : 1.0000 

../data_folder/p2p-Gnutella08.txt.gz number of nodes is :  6301
../data_folder/p2p-Gnutella08.txt.gz number of edges is :  20777
 identity_feat : loss : 1.0000 


field : Collaboration networks

../data_folder/ca-GrQc.txt.gz number of nodes is :  5242
../data_folder/ca-GrQc.txt.gz number of edges is :  28980
 identity_feat : loss : 1.0000 

CSphd number of nodes is :  1882
CSphd number of edges is :  3480
 identity_feat : loss : 1.0000 
YeastS number of nodes is :  2361
YeastS number of edges is :  13828
 identity_feat : loss : 1.0000 
geom number of nodes is :  7343
geom number of edges is :  23796
 identity_feat : loss : 1.0000 
netsience number of nodes is :  1589
netsience number of edges is :  5484
 identity_feat : loss : 1.0000 
Erdos02 number of nodes is :  6927
Erdos02 number of edges is :  23700
 identity_feat : loss : 1.0000 
karate number of nodes is :  34
karate number of edges is :  156
 identity_feat : loss : 1.0000 
lesmis number of nodes is :  77
lesmis number of edges is :  508
 identity_feat : loss : 1.0000 
adjnoun number of nodes is :  112
adjnoun number of edges is :  850
 identity_feat : loss : 1.0000 
football number of nodes is :  115
football number of edges is :  1226
 identity_feat : loss : 1.0000 
dolphins number of nodes is :  62
dolphins number of edges is :  318
 identity_feat : loss : 1.0000 
polbooks number of nodes is :  105
polbooks number of edges is :  882
 identity_feat : loss : 1.0000 
hep-th number of nodes is :  8361
hep-th number of edges is :  31502
 identity_feat : loss : 1.0000 
power number of nodes is :  4941
power number of edges is :  13188
 identity_feat : loss : 1.0000 
CLUSTERDataset number of nodes is :  117
CLUSTERDataset number of edges is :  4104
 identity_feat : loss : 1.0000 
PATTERNDataset number of nodes is :  108
PATTERNDataset number of edges is :  4884
 identity_feat : loss : 1.0000 
Done loading data from cached files.
TreeGridDataset number of nodes is :  1231
TreeGridDataset number of edges is :  1705
 identity_feat : loss : 1.0000 
Done loading data from cached files.
TreeCycleDataset number of nodes is :  871
TreeCycleDataset number of edges is :  966
 identity_feat : loss : 1.0000 
Traceback (most recent call last):
  File "/home/p_gnngw/miniconda3/envs/cuda118/lib/python3.12/site-packages/pandas/core/internals/construction.py", line 939, in _finalize_columns_and_data
    columns = _validate_or_indexify_columns(contents, columns)
              ^^^^^^^^^^^^^^^^^^^^^^^^^^^^^^^^^^^^^^^^^^^^^^^^
  File "/home/p_gnngw/miniconda3/envs/cuda118/lib/python3.12/site-packages/pandas/core/internals/construction.py", line 986, in _validate_or_indexify_columns
    raise AssertionError(
AssertionError: 2 columns passed, passed data had 1 columns

The above exception was the direct cause of the following exception:

Traceback (most recent call last):
  File "/project/p_gnn001/code/gnn_clean_code/test_stanford_networks.py", line 717, in <module>
    test_networks(model, args, result, args2.real_network_folder)
  File "/project/p_gnn001/code/gnn_clean_code/test_stanford_networks.py", line 462, in test_networks
    df = pd.DataFrame(ans, columns=['pred', 'Loss'], index=index)
         ^^^^^^^^^^^^^^^^^^^^^^^^^^^^^^^^^^^^^^^^^^^^^^^^^^^^^^^^
  File "/home/p_gnngw/miniconda3/envs/cuda118/lib/python3.12/site-packages/pandas/core/frame.py", line 840, in __init__
    arrays, columns, index = nested_data_to_arrays(
                             ^^^^^^^^^^^^^^^^^^^^^^
  File "/home/p_gnngw/miniconda3/envs/cuda118/lib/python3.12/site-packages/pandas/core/internals/construction.py", line 520, in nested_data_to_arrays
    arrays, columns = to_arrays(data, columns, dtype=dtype)
                      ^^^^^^^^^^^^^^^^^^^^^^^^^^^^^^^^^^^^^
  File "/home/p_gnngw/miniconda3/envs/cuda118/lib/python3.12/site-packages/pandas/core/internals/construction.py", line 845, in to_arrays
    content, columns = _finalize_columns_and_data(arr, columns, dtype)
                       ^^^^^^^^^^^^^^^^^^^^^^^^^^^^^^^^^^^^^^^^^^^^^^^
  File "/home/p_gnngw/miniconda3/envs/cuda118/lib/python3.12/site-packages/pandas/core/internals/construction.py", line 942, in _finalize_columns_and_data
    raise ValueError(err) from err
ValueError: 2 columns passed, passed data had 1 columns

field : Social networks

../data_folder/facebook_combined.txt.gz number of nodes is :  4039
../data_folder/facebook_combined.txt.gz number of edges is :  88234
 identity_feat : loss : 1.0000 

../data_folder/wiki-Vote.txt.gz number of nodes is :  7115
../data_folder/wiki-Vote.txt.gz number of edges is :  103689
 identity_feat : loss : 1.0000 


field : Networks with ground-truth communities

../data_folder/email-Eu-core.txt.gz number of nodes is :  1005
../data_folder/email-Eu-core.txt.gz number of edges is :  25571
 identity_feat : loss : 1.0000 


field : Internet peer-to-peer networks

../data_folder/p2p-Gnutella04.txt.gz number of nodes is :  10876
../data_folder/p2p-Gnutella04.txt.gz number of edges is :  39994
 identity_feat : loss : 1.0000 

../data_folder/p2p-Gnutella08.txt.gz number of nodes is :  6301
../data_folder/p2p-Gnutella08.txt.gz number of edges is :  20777
 identity_feat : loss : 1.0000 


field : Collaboration networks

../data_folder/ca-GrQc.txt.gz number of nodes is :  5242
../data_folder/ca-GrQc.txt.gz number of edges is :  28980
 identity_feat : loss : 1.0000 

CSphd number of nodes is :  1882
CSphd number of edges is :  3480
 identity_feat : loss : 1.0000 
YeastS number of nodes is :  2361
YeastS number of edges is :  13828
 identity_feat : loss : 1.0000 
geom number of nodes is :  7343
geom number of edges is :  23796
 identity_feat : loss : 1.0000 
netsience number of nodes is :  1589
netsience number of edges is :  5484
 identity_feat : loss : 1.0000 
Erdos02 number of nodes is :  6927
Erdos02 number of edges is :  23700
 identity_feat : loss : 1.0000 
karate number of nodes is :  34
karate number of edges is :  156
 identity_feat : loss : 1.0000 
lesmis number of nodes is :  77
lesmis number of edges is :  508
 identity_feat : loss : 1.0000 
adjnoun number of nodes is :  112
adjnoun number of edges is :  850
 identity_feat : loss : 1.0000 
football number of nodes is :  115
football number of edges is :  1226
 identity_feat : loss : 1.0000 
dolphins number of nodes is :  62
dolphins number of edges is :  318
 identity_feat : loss : 1.0000 
polbooks number of nodes is :  105
polbooks number of edges is :  882
 identity_feat : loss : 1.0000 
hep-th number of nodes is :  8361
hep-th number of edges is :  31502
 identity_feat : loss : 1.0000 
power number of nodes is :  4941
power number of edges is :  13188
 identity_feat : loss : 1.0000 
CLUSTERDataset number of nodes is :  117
CLUSTERDataset number of edges is :  4104
 identity_feat : loss : 1.0000 
PATTERNDataset number of nodes is :  108
PATTERNDataset number of edges is :  4884
 identity_feat : loss : 1.0000 
Done loading data from cached files.
TreeGridDataset number of nodes is :  1231
TreeGridDataset number of edges is :  1705
 identity_feat : loss : 1.0000 
Done loading data from cached files.
TreeCycleDataset number of nodes is :  871
TreeCycleDataset number of edges is :  966
 identity_feat : loss : 1.0000 
Traceback (most recent call last):
  File "/home/p_gnngw/miniconda3/envs/cuda118/lib/python3.12/site-packages/pandas/core/internals/construction.py", line 939, in _finalize_columns_and_data
    columns = _validate_or_indexify_columns(contents, columns)
              ^^^^^^^^^^^^^^^^^^^^^^^^^^^^^^^^^^^^^^^^^^^^^^^^
  File "/home/p_gnngw/miniconda3/envs/cuda118/lib/python3.12/site-packages/pandas/core/internals/construction.py", line 986, in _validate_or_indexify_columns
    raise AssertionError(
AssertionError: 2 columns passed, passed data had 1 columns

The above exception was the direct cause of the following exception:

Traceback (most recent call last):
  File "/project/p_gnn001/code/gnn_clean_code/test_stanford_networks.py", line 717, in <module>
    test_networks(model, args, result, args2.real_network_folder)
  File "/project/p_gnn001/code/gnn_clean_code/test_stanford_networks.py", line 462, in test_networks
    df = pd.DataFrame(ans, columns=['pred', 'Loss'], index=index)
         ^^^^^^^^^^^^^^^^^^^^^^^^^^^^^^^^^^^^^^^^^^^^^^^^^^^^^^^^
  File "/home/p_gnngw/miniconda3/envs/cuda118/lib/python3.12/site-packages/pandas/core/frame.py", line 840, in __init__
    arrays, columns, index = nested_data_to_arrays(
                             ^^^^^^^^^^^^^^^^^^^^^^
  File "/home/p_gnngw/miniconda3/envs/cuda118/lib/python3.12/site-packages/pandas/core/internals/construction.py", line 520, in nested_data_to_arrays
    arrays, columns = to_arrays(data, columns, dtype=dtype)
                      ^^^^^^^^^^^^^^^^^^^^^^^^^^^^^^^^^^^^^
  File "/home/p_gnngw/miniconda3/envs/cuda118/lib/python3.12/site-packages/pandas/core/internals/construction.py", line 845, in to_arrays
    content, columns = _finalize_columns_and_data(arr, columns, dtype)
                       ^^^^^^^^^^^^^^^^^^^^^^^^^^^^^^^^^^^^^^^^^^^^^^^
  File "/home/p_gnngw/miniconda3/envs/cuda118/lib/python3.12/site-packages/pandas/core/internals/construction.py", line 942, in _finalize_columns_and_data
    raise ValueError(err) from err
ValueError: 2 columns passed, passed data had 1 columns

field : Social networks

../data_folder/facebook_combined.txt.gz number of nodes is :  4039
../data_folder/facebook_combined.txt.gz number of edges is :  88234
 identity_feat : loss : 1.0000 

../data_folder/wiki-Vote.txt.gz number of nodes is :  7115
../data_folder/wiki-Vote.txt.gz number of edges is :  103689
 identity_feat : loss : 1.0000 


field : Networks with ground-truth communities

../data_folder/email-Eu-core.txt.gz number of nodes is :  1005
../data_folder/email-Eu-core.txt.gz number of edges is :  25571
 identity_feat : loss : 1.0000 


field : Internet peer-to-peer networks

../data_folder/p2p-Gnutella04.txt.gz number of nodes is :  10876
../data_folder/p2p-Gnutella04.txt.gz number of edges is :  39994
 identity_feat : loss : 1.0000 

../data_folder/p2p-Gnutella08.txt.gz number of nodes is :  6301
../data_folder/p2p-Gnutella08.txt.gz number of edges is :  20777
 identity_feat : loss : 1.0000 


field : Collaboration networks

../data_folder/ca-GrQc.txt.gz number of nodes is :  5242
../data_folder/ca-GrQc.txt.gz number of edges is :  28980
 identity_feat : loss : 1.0000 

CSphd number of nodes is :  1882
CSphd number of edges is :  3480
 identity_feat : loss : 1.0000 
YeastS number of nodes is :  2361
YeastS number of edges is :  13828
 identity_feat : loss : 1.0000 
geom number of nodes is :  7343
geom number of edges is :  23796
 identity_feat : loss : 1.0000 
netsience number of nodes is :  1589
netsience number of edges is :  5484
 identity_feat : loss : 1.0000 
Erdos02 number of nodes is :  6927
Erdos02 number of edges is :  23700
 identity_feat : loss : 1.0000 
karate number of nodes is :  34
karate number of edges is :  156
 identity_feat : loss : 1.0000 
lesmis number of nodes is :  77
lesmis number of edges is :  508
 identity_feat : loss : 1.0000 
adjnoun number of nodes is :  112
adjnoun number of edges is :  850
 identity_feat : loss : 1.0000 
football number of nodes is :  115
football number of edges is :  1226
 identity_feat : loss : 1.0000 
dolphins number of nodes is :  62
dolphins number of edges is :  318
 identity_feat : loss : 1.0000 
polbooks number of nodes is :  105
polbooks number of edges is :  882
 identity_feat : loss : 1.0000 
hep-th number of nodes is :  8361
hep-th number of edges is :  31502
 identity_feat : loss : 1.0000 
power number of nodes is :  4941
power number of edges is :  13188
 identity_feat : loss : 1.0000 
CLUSTERDataset number of nodes is :  117
CLUSTERDataset number of edges is :  4104
 identity_feat : loss : 1.0000 
PATTERNDataset number of nodes is :  108
PATTERNDataset number of edges is :  4884
 identity_feat : loss : 1.0000 
Done loading data from cached files.
TreeGridDataset number of nodes is :  1231
TreeGridDataset number of edges is :  1705
 identity_feat : loss : 1.0000 
Done loading data from cached files.
TreeCycleDataset number of nodes is :  871
TreeCycleDataset number of edges is :  966
 identity_feat : loss : 1.0000 
Traceback (most recent call last):
  File "/home/p_gnngw/miniconda3/envs/cuda118/lib/python3.12/site-packages/pandas/core/internals/construction.py", line 939, in _finalize_columns_and_data
    columns = _validate_or_indexify_columns(contents, columns)
              ^^^^^^^^^^^^^^^^^^^^^^^^^^^^^^^^^^^^^^^^^^^^^^^^
  File "/home/p_gnngw/miniconda3/envs/cuda118/lib/python3.12/site-packages/pandas/core/internals/construction.py", line 986, in _validate_or_indexify_columns
    raise AssertionError(
AssertionError: 2 columns passed, passed data had 1 columns

The above exception was the direct cause of the following exception:

Traceback (most recent call last):
  File "/project/p_gnn001/code/gnn_clean_code/test_stanford_networks.py", line 717, in <module>
    test_networks(model, args, result, args2.real_network_folder)
  File "/project/p_gnn001/code/gnn_clean_code/test_stanford_networks.py", line 462, in test_networks
    df = pd.DataFrame(ans, columns=['pred', 'Loss'], index=index)
         ^^^^^^^^^^^^^^^^^^^^^^^^^^^^^^^^^^^^^^^^^^^^^^^^^^^^^^^^
  File "/home/p_gnngw/miniconda3/envs/cuda118/lib/python3.12/site-packages/pandas/core/frame.py", line 840, in __init__
    arrays, columns, index = nested_data_to_arrays(
                             ^^^^^^^^^^^^^^^^^^^^^^
  File "/home/p_gnngw/miniconda3/envs/cuda118/lib/python3.12/site-packages/pandas/core/internals/construction.py", line 520, in nested_data_to_arrays
    arrays, columns = to_arrays(data, columns, dtype=dtype)
                      ^^^^^^^^^^^^^^^^^^^^^^^^^^^^^^^^^^^^^
  File "/home/p_gnngw/miniconda3/envs/cuda118/lib/python3.12/site-packages/pandas/core/internals/construction.py", line 845, in to_arrays
    content, columns = _finalize_columns_and_data(arr, columns, dtype)
                       ^^^^^^^^^^^^^^^^^^^^^^^^^^^^^^^^^^^^^^^^^^^^^^^
  File "/home/p_gnngw/miniconda3/envs/cuda118/lib/python3.12/site-packages/pandas/core/internals/construction.py", line 942, in _finalize_columns_and_data
    raise ValueError(err) from err
ValueError: 2 columns passed, passed data had 1 columns

field : Social networks

../data_folder/facebook_combined.txt.gz number of nodes is :  4039
../data_folder/facebook_combined.txt.gz number of edges is :  88234
 identity_feat : loss : 1.0000 

../data_folder/wiki-Vote.txt.gz number of nodes is :  7115
../data_folder/wiki-Vote.txt.gz number of edges is :  103689
 identity_feat : loss : 1.0000 


field : Networks with ground-truth communities

../data_folder/email-Eu-core.txt.gz number of nodes is :  1005
../data_folder/email-Eu-core.txt.gz number of edges is :  25571
 identity_feat : loss : 1.0000 


field : Internet peer-to-peer networks

../data_folder/p2p-Gnutella04.txt.gz number of nodes is :  10876
../data_folder/p2p-Gnutella04.txt.gz number of edges is :  39994
 identity_feat : loss : 1.0000 

../data_folder/p2p-Gnutella08.txt.gz number of nodes is :  6301
../data_folder/p2p-Gnutella08.txt.gz number of edges is :  20777
 identity_feat : loss : 1.0000 


field : Collaboration networks

../data_folder/ca-GrQc.txt.gz number of nodes is :  5242
../data_folder/ca-GrQc.txt.gz number of edges is :  28980
 identity_feat : loss : 1.0000 

CSphd number of nodes is :  1882
CSphd number of edges is :  3480
 identity_feat : loss : 1.0000 
YeastS number of nodes is :  2361
YeastS number of edges is :  13828
 identity_feat : loss : 1.0000 
geom number of nodes is :  7343
geom number of edges is :  23796
 identity_feat : loss : 1.0000 
netsience number of nodes is :  1589
netsience number of edges is :  5484
 identity_feat : loss : 1.0000 
Erdos02 number of nodes is :  6927
Erdos02 number of edges is :  23700
 identity_feat : loss : 1.0000 
karate number of nodes is :  34
karate number of edges is :  156
 identity_feat : loss : 1.0000 
lesmis number of nodes is :  77
lesmis number of edges is :  508
 identity_feat : loss : 1.0000 
adjnoun number of nodes is :  112
adjnoun number of edges is :  850
 identity_feat : loss : 1.0000 
football number of nodes is :  115
football number of edges is :  1226
 identity_feat : loss : 1.0000 
dolphins number of nodes is :  62
dolphins number of edges is :  318
 identity_feat : loss : 1.0000 
polbooks number of nodes is :  105
polbooks number of edges is :  882
 identity_feat : loss : 1.0000 
hep-th number of nodes is :  8361
hep-th number of edges is :  31502
 identity_feat : loss : 1.0000 
power number of nodes is :  4941
power number of edges is :  13188
 identity_feat : loss : 1.0000 
CLUSTERDataset number of nodes is :  117
CLUSTERDataset number of edges is :  4104
 identity_feat : loss : 1.0000 
PATTERNDataset number of nodes is :  108
PATTERNDataset number of edges is :  4884
 identity_feat : loss : 1.0000 
Done loading data from cached files.
TreeGridDataset number of nodes is :  1231
TreeGridDataset number of edges is :  1705
 identity_feat : loss : 1.0000 
Done loading data from cached files.
TreeCycleDataset number of nodes is :  871
TreeCycleDataset number of edges is :  966
 identity_feat : loss : 1.0000 
Traceback (most recent call last):
  File "/home/p_gnngw/miniconda3/envs/cuda118/lib/python3.12/site-packages/pandas/core/internals/construction.py", line 939, in _finalize_columns_and_data
    columns = _validate_or_indexify_columns(contents, columns)
              ^^^^^^^^^^^^^^^^^^^^^^^^^^^^^^^^^^^^^^^^^^^^^^^^
  File "/home/p_gnngw/miniconda3/envs/cuda118/lib/python3.12/site-packages/pandas/core/internals/construction.py", line 986, in _validate_or_indexify_columns
    raise AssertionError(
AssertionError: 2 columns passed, passed data had 1 columns

The above exception was the direct cause of the following exception:

Traceback (most recent call last):
  File "/project/p_gnn001/code/gnn_clean_code/test_stanford_networks.py", line 717, in <module>
    test_networks(model, args, result, args2.real_network_folder)
  File "/project/p_gnn001/code/gnn_clean_code/test_stanford_networks.py", line 462, in test_networks
    df = pd.DataFrame(ans, columns=['pred', 'Loss'], index=index)
         ^^^^^^^^^^^^^^^^^^^^^^^^^^^^^^^^^^^^^^^^^^^^^^^^^^^^^^^^
  File "/home/p_gnngw/miniconda3/envs/cuda118/lib/python3.12/site-packages/pandas/core/frame.py", line 840, in __init__
    arrays, columns, index = nested_data_to_arrays(
                             ^^^^^^^^^^^^^^^^^^^^^^
  File "/home/p_gnngw/miniconda3/envs/cuda118/lib/python3.12/site-packages/pandas/core/internals/construction.py", line 520, in nested_data_to_arrays
    arrays, columns = to_arrays(data, columns, dtype=dtype)
                      ^^^^^^^^^^^^^^^^^^^^^^^^^^^^^^^^^^^^^
  File "/home/p_gnngw/miniconda3/envs/cuda118/lib/python3.12/site-packages/pandas/core/internals/construction.py", line 845, in to_arrays
    content, columns = _finalize_columns_and_data(arr, columns, dtype)
                       ^^^^^^^^^^^^^^^^^^^^^^^^^^^^^^^^^^^^^^^^^^^^^^^
  File "/home/p_gnngw/miniconda3/envs/cuda118/lib/python3.12/site-packages/pandas/core/internals/construction.py", line 942, in _finalize_columns_and_data
    raise ValueError(err) from err
ValueError: 2 columns passed, passed data had 1 columns
