Traceback (most recent call last):
  File "/project/p_gnn001/code/gnn_clean_code/simple_code_lstm.py", line 590, in <module>
    train_loss, test_acc, test_acc2, test_acc3, test_acc4 = main(i)
                                                            ^^^^^^^
  File "/project/p_gnn001/code/gnn_clean_code/simple_code_lstm.py", line 542, in main
    train_loss = train(model, optimizer, train_loader)
                 ^^^^^^^^^^^^^^^^^^^^^^^^^^^^^^^^^^^^^
  File "/project/p_gnn001/code/gnn_clean_code/simple_code_lstm.py", line 357, in train
    out = model(batch_graphs)
          ^^^^^^^^^^^^^^^^^^^
  File "/home/p_gnngw/miniconda3/envs/cuda118/lib/python3.12/site-packages/torch/nn/modules/module.py", line 1511, in _wrapped_call_impl
    return self._call_impl(*args, **kwargs)
           ^^^^^^^^^^^^^^^^^^^^^^^^^^^^^^^^
  File "/home/p_gnngw/miniconda3/envs/cuda118/lib/python3.12/site-packages/torch/nn/modules/module.py", line 1520, in _call_impl
    return forward_call(*args, **kwargs)
           ^^^^^^^^^^^^^^^^^^^^^^^^^^^^^
  File "/project/p_gnn001/code/gnn_clean_code/simple_code_lstm.py", line 340, in forward
    out, _ = self.lstm(x, (h0, c0))
             ^^^^^^^^^^^^^^^^^^^^^^
  File "/home/p_gnngw/miniconda3/envs/cuda118/lib/python3.12/site-packages/torch/nn/modules/module.py", line 1511, in _wrapped_call_impl
    return self._call_impl(*args, **kwargs)
           ^^^^^^^^^^^^^^^^^^^^^^^^^^^^^^^^
  File "/home/p_gnngw/miniconda3/envs/cuda118/lib/python3.12/site-packages/torch/nn/modules/module.py", line 1520, in _call_impl
    return forward_call(*args, **kwargs)
           ^^^^^^^^^^^^^^^^^^^^^^^^^^^^^
  File "/home/p_gnngw/miniconda3/envs/cuda118/lib/python3.12/site-packages/torch/nn/modules/rnn.py", line 870, in forward
    raise RuntimeError(msg)
RuntimeError: For unbatched 2-D input, hx and cx should also be 2-D but got (3-D, 3-D) tensors
