Epoch 10: loss=0.2747
Epoch 20: loss=0.0006
Epoch 30: loss=0.0051
Epoch 40: loss=0.0007
Epoch 50: loss=0.0002
Epoch 60: loss=0.0001
Epoch 70: loss=0.0001
Epoch 80: loss=0.0000
Epoch 90: loss=0.0000
Epoch 100: loss=0.0000
Epoch 110: loss=0.0000
Epoch 120: loss=0.0000
Epoch 130: loss=0.0000
Epoch 140: loss=0.0000
Epoch 150: loss=0.0000
Epoch 160: loss=0.0000
Epoch 170: loss=0.0000
Epoch 180: loss=0.0000
Epoch 190: loss=0.0000
Epoch 200: loss=0.0000
small_test : 9.134697029367089e-06, medium_test 0.0004067434724420309
Traceback (most recent call last):
  File "/project/p_gnn001/code/gnn_clean_code/simple_code.py", line 456, in <module>
    main(i)
  File "/project/p_gnn001/code/gnn_clean_code/simple_code.py", line 425, in main
    graph_loss = test_regression2(model, test_graph)
                 ^^^^^^^^^^^^^^^^^^^^^^^^^^^^^^^^^^^
  File "/home/p_gnngw/miniconda3/envs/cuda118/lib/python3.12/site-packages/torch/utils/_contextlib.py", line 115, in decorate_context
    return func(*args, **kwargs)
           ^^^^^^^^^^^^^^^^^^^^^
  File "/project/p_gnn001/code/gnn_clean_code/simple_code.py", line 268, in test_regression2
    out, hidden = model.forward2(batch_graphs)
                  ^^^^^^^^^^^^^^
  File "/home/p_gnngw/miniconda3/envs/cuda118/lib/python3.12/site-packages/torch/nn/modules/module.py", line 1688, in __getattr__
    raise AttributeError(f"'{type(self).__name__}' object has no attribute '{name}'")
AttributeError: 'SingleLayerGNN' object has no attribute 'forward2'. Did you mean: 'forward'?
