simple_code_mlp code
Epoch 1/100, Train Loss: 416.8340, Val Loss: 58.5702
Epoch 11/100, Train Loss: 1.1524, Val Loss: 2.3943
Epoch 21/100, Train Loss: 0.1547, Val Loss: 0.1007
Epoch 31/100, Train Loss: 0.0199, Val Loss: 0.0231
Epoch 41/100, Train Loss: 0.0037, Val Loss: 0.0091
Epoch 51/100, Train Loss: 0.0018, Val Loss: 0.0056
Epoch 61/100, Train Loss: 0.0012, Val Loss: 0.0038
Epoch 71/100, Train Loss: 0.0010, Val Loss: 0.0029
Epoch 81/100, Train Loss: 0.0008, Val Loss: 0.0025
Epoch 91/100, Train Loss: 0.0007, Val Loss: 0.0022
train_loss :  0.0006376256917137652
Test Loss: 0.0022
Epoch 1/100, Train Loss: 276.0851, Val Loss: 56.6920
Epoch 11/100, Train Loss: 0.4969, Val Loss: 1.0406
Epoch 21/100, Train Loss: 0.2416, Val Loss: 0.1599
Epoch 31/100, Train Loss: 0.0282, Val Loss: 0.0220
Epoch 41/100, Train Loss: 0.0057, Val Loss: 0.0108
Epoch 51/100, Train Loss: 0.0020, Val Loss: 0.0052
Epoch 61/100, Train Loss: 0.0012, Val Loss: 0.0037
Epoch 71/100, Train Loss: 0.0009, Val Loss: 0.0029
Epoch 81/100, Train Loss: 0.0008, Val Loss: 0.0025
Epoch 91/100, Train Loss: 0.0007, Val Loss: 0.0023
train_loss :  0.0006813597604632377
Test Loss: 0.0023
Epoch 1/100, Train Loss: 236.1133, Val Loss: 37.0526
Epoch 11/100, Train Loss: 0.8593, Val Loss: 2.0878
Epoch 21/100, Train Loss: 0.1003, Val Loss: 0.1568
Epoch 31/100, Train Loss: 0.0141, Val Loss: 0.0332
Epoch 41/100, Train Loss: 0.0031, Val Loss: 0.0089
Epoch 51/100, Train Loss: 0.0020, Val Loss: 0.0054
Epoch 61/100, Train Loss: 0.0012, Val Loss: 0.0039
Epoch 71/100, Train Loss: 0.0009, Val Loss: 0.0031
Epoch 81/100, Train Loss: 0.0008, Val Loss: 0.0027
Epoch 91/100, Train Loss: 0.0007, Val Loss: 0.0025
train_loss :  0.0006963579014409334
Test Loss: 0.0023
Epoch 1/100, Train Loss: 274.1042, Val Loss: 45.2553
Epoch 11/100, Train Loss: 0.9692, Val Loss: 0.7609
Epoch 21/100, Train Loss: 0.1258, Val Loss: 0.0970
Epoch 31/100, Train Loss: 0.0128, Val Loss: 0.0230
Epoch 41/100, Train Loss: 0.0055, Val Loss: 0.0098
Epoch 51/100, Train Loss: 0.0023, Val Loss: 0.0060
Epoch 61/100, Train Loss: 0.0014, Val Loss: 0.0042
Epoch 71/100, Train Loss: 0.0011, Val Loss: 0.0035
Epoch 81/100, Train Loss: 0.0010, Val Loss: 0.0030
Epoch 91/100, Train Loss: 0.0009, Val Loss: 0.0027
train_loss :  0.0008515625752042979
Test Loss: 0.0027
Epoch 1/100, Train Loss: 405.5139, Val Loss: 59.3171
Epoch 11/100, Train Loss: 2.5959, Val Loss: 1.4183
Epoch 21/100, Train Loss: 0.3916, Val Loss: 0.2645
Epoch 31/100, Train Loss: 0.0422, Val Loss: 0.0640
Epoch 41/100, Train Loss: 0.0154, Val Loss: 0.0409
Epoch 51/100, Train Loss: 0.0077, Val Loss: 0.0205
Epoch 61/100, Train Loss: 0.0056, Val Loss: 0.0154
Epoch 71/100, Train Loss: 0.0045, Val Loss: 0.0134
Epoch 81/100, Train Loss: 0.0039, Val Loss: 0.0118
Epoch 91/100, Train Loss: 0.0036, Val Loss: 0.0108
train_loss :  0.003434278014115989
Test Loss: 0.0113
Epoch 1/100, Train Loss: 271.5669, Val Loss: 47.1984
Epoch 11/100, Train Loss: 1.3484, Val Loss: 1.4038
Epoch 21/100, Train Loss: 0.2583, Val Loss: 0.7868
Epoch 31/100, Train Loss: 0.0268, Val Loss: 0.0622
Epoch 41/100, Train Loss: 0.0086, Val Loss: 0.0236
Epoch 51/100, Train Loss: 0.0056, Val Loss: 0.0154
Epoch 61/100, Train Loss: 0.0041, Val Loss: 0.0116
Epoch 71/100, Train Loss: 0.0031, Val Loss: 0.0095
Epoch 81/100, Train Loss: 0.0027, Val Loss: 0.0084
Epoch 91/100, Train Loss: 0.0025, Val Loss: 0.0078
train_loss :  0.0023918651081621645
Test Loss: 0.0076
Epoch 1/100, Train Loss: 350.4281, Val Loss: 49.1571
Epoch 11/100, Train Loss: 0.6903, Val Loss: 0.8753
Epoch 21/100, Train Loss: 0.1395, Val Loss: 0.0755
Epoch 31/100, Train Loss: 0.0134, Val Loss: 0.0154
Epoch 41/100, Train Loss: 0.0029, Val Loss: 0.0072
Epoch 51/100, Train Loss: 0.0013, Val Loss: 0.0033
Epoch 61/100, Train Loss: 0.0008, Val Loss: 0.0022
Epoch 71/100, Train Loss: 0.0006, Val Loss: 0.0017
Epoch 81/100, Train Loss: 0.0005, Val Loss: 0.0014
Epoch 91/100, Train Loss: 0.0004, Val Loss: 0.0013
train_loss :  0.0004108334966003895
Test Loss: 0.0013
Epoch 1/100, Train Loss: 492.4657, Val Loss: 60.7945
Epoch 11/100, Train Loss: 4.7479, Val Loss: 4.5731
Epoch 21/100, Train Loss: 0.1691, Val Loss: 0.3439
Epoch 31/100, Train Loss: 0.0315, Val Loss: 0.0737
Epoch 41/100, Train Loss: 0.0152, Val Loss: 0.0396
Epoch 51/100, Train Loss: 0.0076, Val Loss: 0.0232
Epoch 61/100, Train Loss: 0.0055, Val Loss: 0.0186
Epoch 71/100, Train Loss: 0.0045, Val Loss: 0.0152
Epoch 81/100, Train Loss: 0.0040, Val Loss: 0.0130
Epoch 91/100, Train Loss: 0.0036, Val Loss: 0.0120
train_loss :  0.003434149296954274
Test Loss: 0.0104
Epoch 1/100, Train Loss: 492.1206, Val Loss: 64.0060
Epoch 11/100, Train Loss: 1.7281, Val Loss: 1.7325
Epoch 21/100, Train Loss: 0.2390, Val Loss: 0.4123
Epoch 31/100, Train Loss: 0.0568, Val Loss: 0.0565
Epoch 41/100, Train Loss: 0.0122, Val Loss: 0.0251
Epoch 51/100, Train Loss: 0.0065, Val Loss: 0.0153
Epoch 61/100, Train Loss: 0.0043, Val Loss: 0.0124
Epoch 71/100, Train Loss: 0.0033, Val Loss: 0.0095
Epoch 81/100, Train Loss: 0.0028, Val Loss: 0.0082
Epoch 91/100, Train Loss: 0.0026, Val Loss: 0.0076
train_loss :  0.0024599435832351447
Test Loss: 0.0087
Epoch 1/100, Train Loss: 281.9268, Val Loss: 43.9686
Epoch 11/100, Train Loss: 1.4601, Val Loss: 0.9081
Epoch 21/100, Train Loss: 0.0962, Val Loss: 0.1000
Epoch 31/100, Train Loss: 0.0124, Val Loss: 0.0329
Epoch 41/100, Train Loss: 0.0050, Val Loss: 0.0126
Epoch 51/100, Train Loss: 0.0029, Val Loss: 0.0083
Epoch 61/100, Train Loss: 0.0020, Val Loss: 0.0062
Epoch 71/100, Train Loss: 0.0016, Val Loss: 0.0050
Epoch 81/100, Train Loss: 0.0014, Val Loss: 0.0041
Epoch 91/100, Train Loss: 0.0013, Val Loss: 0.0038
train_loss :  0.0011942120175808667
Test Loss: 0.0033
Train loss average: 0.001619, Valid loss average: 0.005093, Test loss average: 0.005209
