Epoch 10: loss=0.000001
Epoch 20: loss=0.000000
Epoch 30: loss=0.000000
Epoch 40: loss=0.000000
Epoch 50: loss=0.000000
Epoch 60: loss=0.000000
Epoch 70: loss=0.000000
Epoch 80: loss=0.000000
Epoch 90: loss=0.000000
Epoch 100: loss=0.000000
validation : 4.3423977331258356e-07, MUTAG 7.468514013453386e-08, Muedim test 4.649107904697303e-07
logits:  tensor([[21.8439]], device='cuda:0')
logits:  tensor([[14.5721]], device='cuda:0')
logits:  tensor([[24.8029]], device='cuda:0')
logits:  tensor([[3.6771]], device='cuda:0')
logits:  tensor([[3.2972]], device='cuda:0')
logits:  tensor([[5.5258]], device='cuda:0')
logits:  tensor([[1.8490]], device='cuda:0')
logits:  tensor([[5.6294]], device='cuda:0')
logits:  tensor([[3.2405]], device='cuda:0')
logits:  tensor([[3.4509]], device='cuda:0')
logits:  tensor([[3.4212]], device='cuda:0')
logits:  tensor([[4.5878]], device='cuda:0')
logits:  tensor([[6.5968]], device='cuda:0')
logits:  tensor([[7.5886]], device='cuda:0')
logits:  tensor([[10.6599]], device='cuda:0')
logits:  tensor([[5.1286]], device='cuda:0')
logits:  tensor([[8.3993]], device='cuda:0')
logits:  tensor([[3.7676]], device='cuda:0')
logits:  tensor([[2.6689]], device='cuda:0')
logits:  tensor([[35.0738]], device='cuda:0')
logits:  tensor([[45.2182]], device='cuda:0')
Done loading data from cached files.
logits:  tensor([[1.3849]], device='cuda:0')
Done loading data from cached files.
logits:  tensor([[1.1090]], device='cuda:0')
loss of real network :  1.6257129575676472e-06
Epoch 10: loss=0.000000
Epoch 20: loss=0.000000
Epoch 30: loss=0.000000
Epoch 40: loss=0.000000
Epoch 50: loss=0.000000
Epoch 60: loss=0.000000
Epoch 70: loss=0.000000
Epoch 80: loss=0.000000
Epoch 90: loss=0.000000
Epoch 100: loss=0.000000
validation : 3.934924279747065e-07, MUTAG 7.413854746118887e-08, Muedim test 4.615737998392433e-07
logits:  tensor([[21.8439]], device='cuda:0')
logits:  tensor([[14.5721]], device='cuda:0')
logits:  tensor([[24.8029]], device='cuda:0')
logits:  tensor([[3.6771]], device='cuda:0')
logits:  tensor([[3.2972]], device='cuda:0')
logits:  tensor([[5.5258]], device='cuda:0')
logits:  tensor([[1.8490]], device='cuda:0')
logits:  tensor([[5.6294]], device='cuda:0')
logits:  tensor([[3.2405]], device='cuda:0')
logits:  tensor([[3.4509]], device='cuda:0')
logits:  tensor([[3.4212]], device='cuda:0')
logits:  tensor([[4.5878]], device='cuda:0')
logits:  tensor([[6.5968]], device='cuda:0')
logits:  tensor([[7.5886]], device='cuda:0')
logits:  tensor([[10.6599]], device='cuda:0')
logits:  tensor([[5.1286]], device='cuda:0')
logits:  tensor([[8.3993]], device='cuda:0')
logits:  tensor([[3.7676]], device='cuda:0')
logits:  tensor([[2.6689]], device='cuda:0')
logits:  tensor([[35.0738]], device='cuda:0')
logits:  tensor([[45.2182]], device='cuda:0')
Done loading data from cached files.
logits:  tensor([[1.3849]], device='cuda:0')
Done loading data from cached files.
logits:  tensor([[1.1090]], device='cuda:0')
loss of real network :  1.6223990813990026e-06
Epoch 10: loss=0.000000
Epoch 20: loss=0.000000
Epoch 30: loss=0.000000
Epoch 40: loss=0.000000
Epoch 50: loss=0.000000
Epoch 60: loss=0.000000
Epoch 70: loss=0.000000
Epoch 80: loss=0.000000
Epoch 90: loss=0.000000
Epoch 100: loss=0.000000
validation : 4.1300858356407843e-07, MUTAG 7.45517513678351e-08, Muedim test 4.64879894934711e-07
logits:  tensor([[21.8439]], device='cuda:0')
logits:  tensor([[14.5721]], device='cuda:0')
logits:  tensor([[24.8029]], device='cuda:0')
logits:  tensor([[3.6771]], device='cuda:0')
logits:  tensor([[3.2972]], device='cuda:0')
logits:  tensor([[5.5258]], device='cuda:0')
logits:  tensor([[1.8490]], device='cuda:0')
logits:  tensor([[5.6294]], device='cuda:0')
logits:  tensor([[3.2405]], device='cuda:0')
logits:  tensor([[3.4509]], device='cuda:0')
logits:  tensor([[3.4212]], device='cuda:0')
logits:  tensor([[4.5878]], device='cuda:0')
logits:  tensor([[6.5968]], device='cuda:0')
logits:  tensor([[7.5886]], device='cuda:0')
logits:  tensor([[10.6599]], device='cuda:0')
logits:  tensor([[5.1286]], device='cuda:0')
logits:  tensor([[8.3993]], device='cuda:0')
logits:  tensor([[3.7676]], device='cuda:0')
logits:  tensor([[2.6689]], device='cuda:0')
logits:  tensor([[35.0738]], device='cuda:0')
logits:  tensor([[45.2182]], device='cuda:0')
Done loading data from cached files.
logits:  tensor([[1.3849]], device='cuda:0')
Done loading data from cached files.
logits:  tensor([[1.1090]], device='cuda:0')
loss of real network :  1.6256354058441502e-06
Epoch 10: loss=0.000005
Epoch 20: loss=0.000000
Epoch 30: loss=0.000000
Epoch 40: loss=0.000000
Epoch 50: loss=0.000000
Epoch 60: loss=0.000000
Epoch 70: loss=0.000000
Epoch 80: loss=0.000000
Epoch 90: loss=0.000000
Epoch 100: loss=0.000000
validation : 4.22192933910992e-07, MUTAG 7.45517513678351e-08, Muedim test 4.64879894934711e-07
logits:  tensor([[21.8439]], device='cuda:0')
logits:  tensor([[14.5721]], device='cuda:0')
logits:  tensor([[24.8029]], device='cuda:0')
logits:  tensor([[3.6771]], device='cuda:0')
logits:  tensor([[3.2972]], device='cuda:0')
logits:  tensor([[5.5258]], device='cuda:0')
logits:  tensor([[1.8490]], device='cuda:0')
logits:  tensor([[5.6294]], device='cuda:0')
logits:  tensor([[3.2405]], device='cuda:0')
logits:  tensor([[3.4509]], device='cuda:0')
logits:  tensor([[3.4212]], device='cuda:0')
logits:  tensor([[4.5878]], device='cuda:0')
logits:  tensor([[6.5968]], device='cuda:0')
logits:  tensor([[7.5886]], device='cuda:0')
logits:  tensor([[10.6599]], device='cuda:0')
logits:  tensor([[5.1286]], device='cuda:0')
logits:  tensor([[8.3993]], device='cuda:0')
logits:  tensor([[3.7676]], device='cuda:0')
logits:  tensor([[2.6689]], device='cuda:0')
logits:  tensor([[35.0738]], device='cuda:0')
logits:  tensor([[45.2182]], device='cuda:0')
Done loading data from cached files.
logits:  tensor([[1.3849]], device='cuda:0')
Done loading data from cached files.
logits:  tensor([[1.1090]], device='cuda:0')
loss of real network :  1.6256354058441502e-06
Epoch 10: loss=0.000001
Epoch 20: loss=0.000000
Epoch 30: loss=0.000000
Epoch 40: loss=0.000000
Epoch 50: loss=0.000000
Epoch 60: loss=0.000000
Epoch 70: loss=0.000000
Epoch 80: loss=0.000000
Epoch 90: loss=0.000000
Epoch 100: loss=0.000000
validation : 4.058249214722309e-07, MUTAG 7.413854746118887e-08, Muedim test 4.615737998392433e-07
logits:  tensor([[21.8439]], device='cuda:0')
logits:  tensor([[14.5721]], device='cuda:0')
logits:  tensor([[24.8029]], device='cuda:0')
logits:  tensor([[3.6771]], device='cuda:0')
logits:  tensor([[3.2972]], device='cuda:0')
logits:  tensor([[5.5258]], device='cuda:0')
logits:  tensor([[1.8490]], device='cuda:0')
logits:  tensor([[5.6294]], device='cuda:0')
logits:  tensor([[3.2405]], device='cuda:0')
logits:  tensor([[3.4509]], device='cuda:0')
logits:  tensor([[3.4212]], device='cuda:0')
logits:  tensor([[4.5878]], device='cuda:0')
logits:  tensor([[6.5968]], device='cuda:0')
logits:  tensor([[7.5886]], device='cuda:0')
logits:  tensor([[10.6599]], device='cuda:0')
logits:  tensor([[5.1286]], device='cuda:0')
logits:  tensor([[8.3993]], device='cuda:0')
logits:  tensor([[3.7676]], device='cuda:0')
logits:  tensor([[2.6689]], device='cuda:0')
logits:  tensor([[35.0738]], device='cuda:0')
logits:  tensor([[45.2182]], device='cuda:0')
Done loading data from cached files.
logits:  tensor([[1.3849]], device='cuda:0')
Done loading data from cached files.
logits:  tensor([[1.1090]], device='cuda:0')
loss of real network :  1.6223990813990026e-06
4.2761108286665855e-07      4.1375172804691824e-07      7.441314755851637e-08      4.635636360035278e-07      1.6243563864107905e-06
