Epoch 10: loss=0.000000
Epoch 20: loss=0.000001
Epoch 30: loss=0.000001
Epoch 40: loss=0.000001
Epoch 50: loss=0.000001
Epoch 60: loss=0.000001
Epoch 70: loss=0.000000
Epoch 80: loss=0.000001
Epoch 90: loss=0.000001
Epoch 100: loss=0.000001
validation : 5.35543731530197e-07, MUTAG 7.140109346437385e-08, Muedim test 4.591953620547429e-07
logits: tensor([[22.2593]], device='cuda:0'),     label:  22.84550631344392
logits: tensor([[14.9876]], device='cuda:0'),     label:  15.573295853829936
logits: tensor([[25.8575]], device='cuda:0'),     label:  26.443781094527363
logits: tensor([[4.0939]], device='cuda:0'),     label:  4.677271055535123
logits: tensor([[3.7134]], device='cuda:0'),     label:  4.2974131090303125
logits: tensor([[5.9442]], device='cuda:0'),     label:  6.528424265547501
logits: tensor([[2.2653]], device='cuda:0'),     label:  2.8490967056323058
logits: tensor([[6.2726]], device='cuda:0'),     label:  6.856840321897501
logits: tensor([[3.6566]], device='cuda:0'),     label:  4.240637341685959
logits: tensor([[3.8674]], device='cuda:0'),     label:  4.451227186910007
logits: tensor([[3.8372]], device='cuda:0'),     label:  4.421394543092248
logits: tensor([[5.0042]], device='cuda:0'),     label:  5.588235294117647
logits: tensor([[7.0132]], device='cuda:0'),     label:  7.597402597402597
logits: tensor([[8.0050]], device='cuda:0'),     label:  8.589285714285715
logits: tensor([[11.0762]], device='cuda:0'),     label:  11.660869565217391
logits: tensor([[5.5450]], device='cuda:0'),     label:  6.129032258064516
logits: tensor([[8.8156]], device='cuda:0'),     label:  9.4
logits: tensor([[4.1839]], device='cuda:0'),     label:  4.7677311326396365
logits: tensor([[3.0852]], device='cuda:0'),     label:  3.66909532483303
logits: tensor([[35.4897]], device='cuda:0'),     label:  36.07692307692308
logits: tensor([[45.6339]], device='cuda:0'),     label:  46.22222222222222
Done loading data from cached files.
logits: tensor([[1.8014]], device='cuda:0'),     label:  2.3850528025995126
Done loading data from cached files.
logits: tensor([[1.5254]], device='cuda:0'),     label:  2.1090700344431688
loss of real network :  0.3417709957451076
Epoch 10: loss=0.000001
Epoch 20: loss=0.000000
Epoch 30: loss=0.000000
Epoch 40: loss=0.000000
Epoch 50: loss=0.000000
Epoch 60: loss=0.000000
Epoch 70: loss=0.000000
Epoch 80: loss=0.000000
Epoch 90: loss=0.000000
Epoch 100: loss=0.000000
validation : 4.1231927752960476e-07, MUTAG 7.442006790370214e-08, Muedim test 4.41747088189004e-07
logits: tensor([[22.6395]], device='cuda:0'),     label:  22.84550631344392
logits: tensor([[15.3682]], device='cuda:0'),     label:  15.573295853829936
logits: tensor([[26.2369]], device='cuda:0'),     label:  26.443781094527363
logits: tensor([[4.4731]], device='cuda:0'),     label:  4.677271055535123
logits: tensor([[4.0925]], device='cuda:0'),     label:  4.2974131090303125
logits: tensor([[6.3234]], device='cuda:0'),     label:  6.528424265547501
logits: tensor([[2.6445]], device='cuda:0'),     label:  2.8490967056323058
logits: tensor([[6.6520]], device='cuda:0'),     label:  6.856840321897501
logits: tensor([[4.0357]], device='cuda:0'),     label:  4.240637341685959
logits: tensor([[4.2465]], device='cuda:0'),     label:  4.451227186910007
logits: tensor([[4.2163]], device='cuda:0'),     label:  4.421394543092248
logits: tensor([[5.3834]], device='cuda:0'),     label:  5.588235294117647
logits: tensor([[7.3924]], device='cuda:0'),     label:  7.597402597402597
logits: tensor([[8.3842]], device='cuda:0'),     label:  8.589285714285715
logits: tensor([[11.4555]], device='cuda:0'),     label:  11.660869565217391
logits: tensor([[5.9241]], device='cuda:0'),     label:  6.129032258064516
logits: tensor([[9.1948]], device='cuda:0'),     label:  9.4
logits: tensor([[4.5631]], device='cuda:0'),     label:  4.7677311326396365
logits: tensor([[3.4645]], device='cuda:0'),     label:  3.66909532483303
logits: tensor([[35.8692]], device='cuda:0'),     label:  36.07692307692308
logits: tensor([[46.0136]], device='cuda:0'),     label:  46.22222222222222
Done loading data from cached files.
logits: tensor([[2.1805]], device='cuda:0'),     label:  2.3850528025995126
Done loading data from cached files.
logits: tensor([[1.9046]], device='cuda:0'),     label:  2.1090700344431688
loss of real network :  0.04214083423659492
Epoch 10: loss=0.000000
Epoch 20: loss=0.000000
Epoch 30: loss=0.000000
Epoch 40: loss=0.000000
Epoch 50: loss=0.000000
Epoch 60: loss=0.000000
Epoch 70: loss=0.000000
Epoch 80: loss=0.000000
Epoch 90: loss=0.000000
Epoch 100: loss=0.000000
validation : 4.523480856732931e-07, MUTAG 7.263912721100496e-08, Muedim test 4.923463075101608e-07
logits: tensor([[22.3811]], device='cuda:0'),     label:  22.84550631344392
logits: tensor([[15.1101]], device='cuda:0'),     label:  15.573295853829936
logits: tensor([[25.9786]], device='cuda:0'),     label:  26.443781094527363
logits: tensor([[4.2147]], device='cuda:0'),     label:  4.677271055535123
logits: tensor([[3.8344]], device='cuda:0'),     label:  4.2974131090303125
logits: tensor([[6.0653]], device='cuda:0'),     label:  6.528424265547501
logits: tensor([[2.3863]], device='cuda:0'),     label:  2.8490967056323058
logits: tensor([[6.3936]], device='cuda:0'),     label:  6.856840321897501
logits: tensor([[3.7776]], device='cuda:0'),     label:  4.240637341685959
logits: tensor([[3.9883]], device='cuda:0'),     label:  4.451227186910007
logits: tensor([[3.9583]], device='cuda:0'),     label:  4.421394543092248
logits: tensor([[5.1251]], device='cuda:0'),     label:  5.588235294117647
logits: tensor([[7.1341]], device='cuda:0'),     label:  7.597402597402597
logits: tensor([[8.1259]], device='cuda:0'),     label:  8.589285714285715
logits: tensor([[11.1972]], device='cuda:0'),     label:  11.660869565217391
logits: tensor([[5.6659]], device='cuda:0'),     label:  6.129032258064516
logits: tensor([[8.9365]], device='cuda:0'),     label:  9.4
logits: tensor([[4.3049]], device='cuda:0'),     label:  4.7677311326396365
logits: tensor([[3.2062]], device='cuda:0'),     label:  3.66909532483303
logits: tensor([[35.6107]], device='cuda:0'),     label:  36.07692307692308
logits: tensor([[45.7550]], device='cuda:0'),     label:  46.22222222222222
Done loading data from cached files.
logits: tensor([[1.9223]], device='cuda:0'),     label:  2.3850528025995126
Done loading data from cached files.
logits: tensor([[1.6463]], device='cuda:0'),     label:  2.1090700344431688
loss of real network :  0.21487309064413235
Epoch 10: loss=0.000001
Epoch 20: loss=0.000001
Epoch 30: loss=0.000001
Epoch 40: loss=0.000001
Epoch 50: loss=0.000001
Epoch 60: loss=0.000001
Epoch 70: loss=0.000001
Epoch 80: loss=0.000001
Epoch 90: loss=0.000001
Epoch 100: loss=0.000001
validation : 5.693094135494902e-07, MUTAG 6.349462637444958e-08, Muedim test 6.296090668911347e-07
logits: tensor([[21.8206]], device='cuda:0'),     label:  22.84550631344392
logits: tensor([[14.5487]], device='cuda:0'),     label:  15.573295853829936
logits: tensor([[25.4184]], device='cuda:0'),     label:  26.443781094527363
logits: tensor([[3.6542]], device='cuda:0'),     label:  4.677271055535123
logits: tensor([[3.2748]], device='cuda:0'),     label:  4.2974131090303125
logits: tensor([[5.5054]], device='cuda:0'),     label:  6.528424265547501
logits: tensor([[1.8266]], device='cuda:0'),     label:  2.8490967056323058
logits: tensor([[5.8339]], device='cuda:0'),     label:  6.856840321897501
logits: tensor([[3.2180]], device='cuda:0'),     label:  4.240637341685959
logits: tensor([[3.4285]], device='cuda:0'),     label:  4.451227186910007
logits: tensor([[3.3990]], device='cuda:0'),     label:  4.421394543092248
logits: tensor([[4.5654]], device='cuda:0'),     label:  5.588235294117647
logits: tensor([[6.5743]], device='cuda:0'),     label:  7.597402597402597
logits: tensor([[7.5661]], device='cuda:0'),     label:  8.589285714285715
logits: tensor([[10.6373]], device='cuda:0'),     label:  11.660869565217391
logits: tensor([[5.1062]], device='cuda:0'),     label:  6.129032258064516
logits: tensor([[8.3767]], device='cuda:0'),     label:  9.4
logits: tensor([[3.7449]], device='cuda:0'),     label:  4.7677311326396365
logits: tensor([[2.6465]], device='cuda:0'),     label:  3.66909532483303
logits: tensor([[35.0505]], device='cuda:0'),     label:  36.07692307692308
logits: tensor([[45.1945]], device='cuda:0'),     label:  46.22222222222222
Done loading data from cached files.
logits: tensor([[1.3626]], device='cuda:0'),     label:  2.3850528025995126
Done loading data from cached files.
logits: tensor([[1.0867]], device='cuda:0'),     label:  2.1090700344431688
loss of real network :  1.047493015821443
Epoch 10: loss=0.000001
Epoch 20: loss=0.000001
Epoch 30: loss=0.000000
Epoch 40: loss=0.000000
Epoch 50: loss=0.000000
Epoch 60: loss=0.000000
Epoch 70: loss=0.000000
Epoch 80: loss=0.000000
Epoch 90: loss=0.000000
Epoch 100: loss=0.000000
validation : 4.557139982352965e-07, MUTAG 7.132667178666452e-08, Muedim test 4.2916885831800757e-07
logits: tensor([[22.3133]], device='cuda:0'),     label:  22.84550631344392
logits: tensor([[15.0412]], device='cuda:0'),     label:  15.573295853829936
logits: tensor([[25.9113]], device='cuda:0'),     label:  26.443781094527363
logits: tensor([[4.1465]], device='cuda:0'),     label:  4.677271055535123
logits: tensor([[3.7674]], device='cuda:0'),     label:  4.2974131090303125
logits: tensor([[5.9981]], device='cuda:0'),     label:  6.528424265547501
logits: tensor([[2.3190]], device='cuda:0'),     label:  2.8490967056323058
logits: tensor([[6.3263]], device='cuda:0'),     label:  6.856840321897501
logits: tensor([[3.7106]], device='cuda:0'),     label:  4.240637341685959
logits: tensor([[3.9210]], device='cuda:0'),     label:  4.451227186910007
logits: tensor([[3.8916]], device='cuda:0'),     label:  4.421394543092248
logits: tensor([[5.0578]], device='cuda:0'),     label:  5.588235294117647
logits: tensor([[7.0668]], device='cuda:0'),     label:  7.597402597402597
logits: tensor([[8.0586]], device='cuda:0'),     label:  8.589285714285715
logits: tensor([[11.1298]], device='cuda:0'),     label:  11.660869565217391
logits: tensor([[5.5986]], device='cuda:0'),     label:  6.129032258064516
logits: tensor([[8.8692]], device='cuda:0'),     label:  9.4
logits: tensor([[4.2375]], device='cuda:0'),     label:  4.7677311326396365
logits: tensor([[3.1388]], device='cuda:0'),     label:  3.66909532483303
logits: tensor([[35.5434]], device='cuda:0'),     label:  36.07692307692308
logits: tensor([[45.6876]], device='cuda:0'),     label:  46.22222222222222
Done loading data from cached files.
logits: tensor([[1.8550]], device='cuda:0'),     label:  2.3850528025995126
Done loading data from cached files.
logits: tensor([[1.5790]], device='cuda:0'),     label:  2.1090700344431688
loss of real network :  0.2818883578290227
4.97518650970758e-07      4.850469013035763e-07      7.065631734803901e-08      4.9041333659261e-07      0.3856332588552601
