/home/p_gnngw/miniconda3/envs/cuda118/lib/python3.12/site-packages/torch/nn/modules/loss.py:535: UserWarning: Using a target size (torch.Size([100, 1])) that is different to the input size (torch.Size([100, 8])). This will likely lead to incorrect results due to broadcasting. Please ensure they have the same size.
  return F.mse_loss(input, target, reduction=self.reduction)
/home/p_gnngw/miniconda3/envs/cuda118/lib/python3.12/site-packages/torch/nn/modules/loss.py:535: UserWarning: Using a target size (torch.Size([88, 1])) that is different to the input size (torch.Size([88, 8])). This will likely lead to incorrect results due to broadcasting. Please ensure they have the same size.
  return F.mse_loss(input, target, reduction=self.reduction)
Epoch 10: loss=0.0000
Epoch 20: loss=0.0000
Epoch 30: loss=0.0000
Epoch 40: loss=0.0000
Epoch 50: loss=0.0000
Epoch 60: loss=0.0000
Epoch 70: loss=0.0000
Epoch 80: loss=0.0000
Epoch 90: loss=0.0000
Epoch 100: loss=0.0000
Epoch 110: loss=0.0000
Epoch 120: loss=0.0000
Epoch 130: loss=0.0000
Epoch 140: loss=0.0000
Epoch 150: loss=0.0000
Epoch 160: loss=0.0000
Epoch 170: loss=0.0000
Epoch 180: loss=0.0000
Epoch 190: loss=0.0000
Epoch 200: loss=0.0000
small_test : 9.54219103732612e-07, medium_test 1.023999629978789e-07

field : Social networks

logits:  tensor([[21.8453, 21.8446, 21.8444, 21.8438, 21.8447, 21.8457, 21.8448, 21.8449]],
       device='cuda:0')
label :  43.69101262688784
An error occurred: a Tensor with 8 elements cannot be converted to Scalar
None

logits:  tensor([[14.5732, 14.5726, 14.5724, 14.5720, 14.5727, 14.5734, 14.5728, 14.5729]],
       device='cuda:0')
label :  28.32382290934645
An error occurred: a Tensor with 8 elements cannot be converted to Scalar
None


field : Networks with ground-truth communities

logits:  tensor([[25.4434, 25.4424, 25.4422, 25.4415, 25.4426, 25.4441, 25.4428, 25.4429]],
       device='cuda:0')
error
label :  None
An error occurred: a Tensor with 8 elements cannot be converted to Scalar
None


field : Internet peer-to-peer networks

logits:  tensor([[3.6773, 3.6772, 3.6772, 3.6771, 3.6772, 3.6773, 3.6772, 3.6772]],
       device='cuda:0')
label :  7.354542111070247
An error occurred: a Tensor with 8 elements cannot be converted to Scalar
None

logits:  tensor([[3.2974, 3.2973, 3.2973, 3.2972, 3.2973, 3.2974, 3.2974, 3.2974]],
       device='cuda:0')
label :  6.594826218060625
An error occurred: a Tensor with 8 elements cannot be converted to Scalar
None


field : Collaboration networks

logits:  tensor([[5.5284, 5.5282, 5.5282, 5.5280, 5.5283, 5.5285, 5.5283, 5.5283]],
       device='cuda:0')
error
label :  None
An error occurred: a Tensor with 8 elements cannot be converted to Scalar
None

logits:  tensor([[1.8491, 1.8490, 1.8490, 1.8490, 1.8490, 1.8491, 1.8490, 1.8491]],
       device='cuda:0')
label :  1.849096705632306
An error occurred: a Tensor with 8 elements cannot be converted to Scalar
None
logits:  tensor([[5.8568, 5.8566, 5.8565, 5.8564, 5.8566, 5.8569, 5.8566, 5.8567]],
       device='cuda:0')
error
label :  None
An error occurred: a Tensor with 8 elements cannot be converted to Scalar
None
logits:  tensor([[3.2406, 3.2405, 3.2405, 3.2405, 3.2406, 3.2407, 3.2406, 3.2406]],
       device='cuda:0')
label :  3.2406373416859595
An error occurred: a Tensor with 8 elements cannot be converted to Scalar
None
logits:  tensor([[3.4512, 3.4511, 3.4510, 3.4509, 3.4511, 3.4513, 3.4511, 3.4511]],
       device='cuda:0')
label :  3.4512271869100064
An error occurred: a Tensor with 8 elements cannot be converted to Scalar
None
logits:  tensor([[3.4214, 3.4213, 3.4213, 3.4212, 3.4213, 3.4214, 3.4213, 3.4213]],
       device='cuda:0')
error
label :  None
An error occurred: a Tensor with 8 elements cannot be converted to Scalar
None
logits:  tensor([[4.5881, 4.5880, 4.5879, 4.5878, 4.5880, 4.5883, 4.5880, 4.5880]],
       device='cuda:0')
error
label :  None
An error occurred: a Tensor with 8 elements cannot be converted to Scalar
None
logits:  tensor([[6.5973, 6.5970, 6.5970, 6.5968, 6.5971, 6.5975, 6.5971, 6.5971]],
       device='cuda:0')
error
label :  None
An error occurred: a Tensor with 8 elements cannot be converted to Scalar
None
logits:  tensor([[7.5891, 7.5888, 7.5888, 7.5886, 7.5889, 7.5894, 7.5890, 7.5890]],
       device='cuda:0')
label :  7.589285714285714
An error occurred: a Tensor with 8 elements cannot be converted to Scalar
None
logits:  tensor([[10.6606, 10.6603, 10.6602, 10.6599, 10.6603, 10.6611, 10.6604, 10.6604]],
       device='cuda:0')
label :  10.660869565217393
An error occurred: a Tensor with 8 elements cannot be converted to Scalar
None
logits:  tensor([[5.1289, 5.1287, 5.1287, 5.1286, 5.1288, 5.1291, 5.1288, 5.1288]],
       device='cuda:0')
error
label :  None
An error occurred: a Tensor with 8 elements cannot be converted to Scalar
None
logits:  tensor([[8.3998, 8.3995, 8.3995, 8.3992, 8.3996, 8.4002, 8.3996, 8.3997]],
       device='cuda:0')
error
label :  None
An error occurred: a Tensor with 8 elements cannot be converted to Scalar
None
logits:  tensor([[3.7677, 3.7676, 3.7676, 3.7675, 3.7677, 3.7677, 3.7677, 3.7677]],
       device='cuda:0')
label :  3.767731132639637
An error occurred: a Tensor with 8 elements cannot be converted to Scalar
None
logits:  tensor([[2.6691, 2.6690, 2.6690, 2.6689, 2.6690, 2.6691, 2.6690, 2.6691]],
       device='cuda:0')
error
label :  None
An error occurred: a Tensor with 8 elements cannot be converted to Scalar
None
logits:  tensor([[35.0762, 35.0749, 35.0746, 35.0737, 35.0752, 35.0776, 35.0754, 35.0755]],
       device='cuda:0')
label :  35.07692307692308
An error occurred: a Tensor with 8 elements cannot be converted to Scalar
None
logits:  tensor([[45.2213, 45.2197, 45.2193, 45.2181, 45.2200, 45.2231, 45.2202, 45.2204]],
       device='cuda:0')
error
label :  None
An error occurred: a Tensor with 8 elements cannot be converted to Scalar
None
Done loading data from cached files.
logits:  tensor([[1.3850, 1.3850, 1.3850, 1.3849, 1.3850, 1.3851, 1.3850, 1.3850]],
       device='cuda:0')
label :  2.770105605199025
An error occurred: a Tensor with 8 elements cannot be converted to Scalar
None
Done loading data from cached files.
logits:  tensor([[1.1091, 1.1090, 1.1090, 1.1090, 1.1090, 1.1091, 1.1090, 1.1090]],
       device='cuda:0')
error
label :  None
An error occurred: a Tensor with 8 elements cannot be converted to Scalar
None
Traceback (most recent call last):
  File "/project/p_gnn001/code/gnn_clean_code/simple_code.py", line 516, in <module>
    main(i)
  File "/project/p_gnn001/code/gnn_clean_code/simple_code.py", line 484, in main
    run_real_networks(model)
  File "/project/p_gnn001/code/gnn_clean_code/test_stanford_networks.py", line 845, in run_real_networks
    test_networks_simple(model, result, real_network_folder)
  File "/project/p_gnn001/code/gnn_clean_code/test_stanford_networks.py", line 836, in test_networks_simple
    df['num_nodes'] = list1
    ~~^^^^^^^^^^^^^
  File "/home/p_gnngw/miniconda3/envs/cuda118/lib/python3.12/site-packages/pandas/core/frame.py", line 4299, in __setitem__
    self._set_item(key, value)
  File "/home/p_gnngw/miniconda3/envs/cuda118/lib/python3.12/site-packages/pandas/core/frame.py", line 4512, in _set_item
    value, refs = self._sanitize_column(value)
                  ^^^^^^^^^^^^^^^^^^^^^^^^^^^^
  File "/home/p_gnngw/miniconda3/envs/cuda118/lib/python3.12/site-packages/pandas/core/frame.py", line 5243, in _sanitize_column
    self._ensure_valid_index(value)
  File "/home/p_gnngw/miniconda3/envs/cuda118/lib/python3.12/site-packages/pandas/core/frame.py", line 4594, in _ensure_valid_index
    self._mgr = self._mgr.reindex_axis(index_copy, axis=1, fill_value=np.nan)
                ^^^^^^^^^^^^^^^^^^^^^^^^^^^^^^^^^^^^^^^^^^^^^^^^^^^^^^^^^^^^^
  File "/home/p_gnngw/miniconda3/envs/cuda118/lib/python3.12/site-packages/pandas/core/internals/base.py", line 126, in reindex_axis
    new_index, indexer = self.axes[axis].reindex(new_index)
                         ^^^^^^^^^^^^^^^^^^^^^^^^^^^^^^^^^^
  File "/home/p_gnngw/miniconda3/envs/cuda118/lib/python3.12/site-packages/pandas/core/indexes/base.py", line 4433, in reindex
    target = self._wrap_reindex_result(target, indexer, preserve_names)
             ^^^^^^^^^^^^^^^^^^^^^^^^^^^^^^^^^^^^^^^^^^^^^^^^^^^^^^^^^^
  File "/home/p_gnngw/miniconda3/envs/cuda118/lib/python3.12/site-packages/pandas/core/indexes/multi.py", line 2717, in _wrap_reindex_result
    target = MultiIndex.from_tuples(target)
             ^^^^^^^^^^^^^^^^^^^^^^^^^^^^^^
  File "/home/p_gnngw/miniconda3/envs/cuda118/lib/python3.12/site-packages/pandas/core/indexes/multi.py", line 222, in new_meth
    return meth(self_or_cls, *args, **kwargs)
           ^^^^^^^^^^^^^^^^^^^^^^^^^^^^^^^^^^
  File "/home/p_gnngw/miniconda3/envs/cuda118/lib/python3.12/site-packages/pandas/core/indexes/multi.py", line 617, in from_tuples
    arrays = list(lib.tuples_to_object_array(tuples).T)
                  ^^^^^^^^^^^^^^^^^^^^^^^^^^^^^^^^^^
  File "lib.pyx", line 3029, in pandas._libs.lib.tuples_to_object_array
ValueError: Buffer dtype mismatch, expected 'Python object' but got 'long'
