Epoch 10: loss=0.000091
Epoch 20: loss=0.000000
Epoch 30: loss=0.000000
Epoch 40: loss=0.000000
Epoch 50: loss=0.000000
Epoch 60: loss=0.000000
Epoch 70: loss=0.000000
Epoch 80: loss=0.000000
Epoch 90: loss=0.000000
Epoch 100: loss=0.000000
validation : 1.6459496691823005e-07, MUTAG 2.367887645959854e-09, Muedim test 5.456466169562191e-07
logits: tensor([[119.5870]], device='cuda:0'),     label:  119.58093416988923
logits: tensor([[112.3183]], device='cuda:0'),     label:  112.30872371027525
logits: tensor([[123.1785]], device='cuda:0'),     label:  123.17920895097268
logits: tensor([[101.4237]], device='cuda:0'),     label:  101.41269891198044
logits: tensor([[101.0412]], device='cuda:0'),     label:  101.03284096547563
logits: tensor([[103.2709]], device='cuda:0'),     label:  103.26385212199281
logits: tensor([[99.5837]], device='cuda:0'),     label:  99.58452456207762
logits: tensor([[103.5914]], device='cuda:0'),     label:  103.5922681783428
logits: tensor([[100.9852]], device='cuda:0'),     label:  100.97606519813127
logits: tensor([[101.1859]], device='cuda:0'),     label:  101.18665504335532
logits: tensor([[101.1658]], device='cuda:0'),     label:  101.15682239953756
logits: tensor([[102.3236]], device='cuda:0'),     label:  102.32366315056296
logits: tensor([[104.3328]], device='cuda:0'),     label:  104.3328304538479
logits: tensor([[105.3246]], device='cuda:0'),     label:  105.32471357073103
logits: tensor([[108.3962]], device='cuda:0'),     label:  108.39629742166271
logits: tensor([[102.8644]], device='cuda:0'),     label:  102.86446011450982
logits: tensor([[106.1354]], device='cuda:0'),     label:  106.13542785644532
logits: tensor([[101.5131]], device='cuda:0'),     label:  101.50315898908495
logits: tensor([[100.4109]], device='cuda:0'),     label:  100.40452318127834
logits: tensor([[132.8123]], device='cuda:0'),     label:  132.8123509333684
logits: tensor([[142.9576]], device='cuda:0'),     label:  142.95765007866754
Done loading data from cached files.
logits: tensor([[99.1198]], device='cuda:0'),     label:  99.12048065904483
Done loading data from cached files.
logits: tensor([[98.8440]], device='cuda:0'),     label:  98.84449789088848
loss of real network :  2.9338649403291886e-05
eps that is learned :  Parameter containing:
tensor([96.7354], device='cuda:0', requires_grad=True)
Epoch 10: loss=0.000020
Epoch 20: loss=0.000000
Epoch 30: loss=0.000001
Epoch 40: loss=0.000000
Epoch 50: loss=0.000000
Epoch 60: loss=0.000000
Epoch 70: loss=0.000000
Epoch 80: loss=0.000000
Epoch 90: loss=0.000000
Epoch 100: loss=0.000000
validation : 1.5012337826192378e-07, MUTAG 4.5984052121639254e-11, Muedim test 5.736996536143124e-07
logits: tensor([[113.8232]], device='cuda:0'),     label:  113.82879031002595
logits: tensor([[106.5573]], device='cuda:0'),     label:  106.55657985041196
logits: tensor([[117.4278]], device='cuda:0'),     label:  117.4270650911094
logits: tensor([[95.6656]], device='cuda:0'),     label:  95.66055505211716
logits: tensor([[95.2768]], device='cuda:0'),     label:  95.28069710561235
logits: tensor([[97.5051]], device='cuda:0'),     label:  97.51170826212953
logits: tensor([[93.8332]], device='cuda:0'),     label:  93.83238070221434
logits: tensor([[97.8410]], device='cuda:0'),     label:  97.84012431847952
logits: tensor([[95.2230]], device='cuda:0'),     label:  95.22392133826798
logits: tensor([[95.4353]], device='cuda:0'),     label:  95.43451118349203
logits: tensor([[95.4027]], device='cuda:0'),     label:  95.40467853967428
logits: tensor([[96.5716]], device='cuda:0'),     label:  96.57151929069968
logits: tensor([[98.5808]], device='cuda:0'),     label:  98.58068659398462
logits: tensor([[99.5727]], device='cuda:0'),     label:  99.57256971086775
logits: tensor([[102.6442]], device='cuda:0'),     label:  102.64415356179943
logits: tensor([[97.1124]], device='cuda:0'),     label:  97.11231625464654
logits: tensor([[100.3834]], device='cuda:0'),     label:  100.38328399658204
logits: tensor([[95.7524]], device='cuda:0'),     label:  95.75101512922167
logits: tensor([[94.6465]], device='cuda:0'),     label:  94.65237932141505
logits: tensor([[127.0603]], device='cuda:0'),     label:  127.06020707350511
logits: tensor([[137.2056]], device='cuda:0'),     label:  137.20550621880426
Done loading data from cached files.
logits: tensor([[93.3690]], device='cuda:0'),     label:  93.36833679918155
Done loading data from cached files.
logits: tensor([[93.0928]], device='cuda:0'),     label:  93.0923540310252
loss of real network :  6.9843729261275e-06
eps that is learned :  Parameter containing:
tensor([90.9833], device='cuda:0', requires_grad=True)
Epoch 10: loss=0.000054
Epoch 20: loss=0.000000
Epoch 30: loss=0.000000
Epoch 40: loss=0.000000
Epoch 50: loss=0.000000
Epoch 60: loss=0.000000
Epoch 70: loss=0.000000
Epoch 80: loss=0.000000
Epoch 90: loss=0.000000
Epoch 100: loss=0.000000
validation : 1.0289106285199523e-07, MUTAG 3.3609103411436082e-09, Muedim test 1.7674364789854735e-06
logits: tensor([[118.3460]], device='cuda:0'),     label:  118.34816897213533
logits: tensor([[111.0736]], device='cuda:0'),     label:  111.07595851252134
logits: tensor([[121.9453]], device='cuda:0'),     label:  121.94644375321877
logits: tensor([[100.1775]], device='cuda:0'),     label:  100.17993371422654
logits: tensor([[99.7977]], device='cuda:0'),     label:  99.80007576772172
logits: tensor([[102.0288]], device='cuda:0'),     label:  102.0310869242389
logits: tensor([[98.3502]], device='cuda:0'),     label:  98.35175936432371
logits: tensor([[102.3577]], device='cuda:0'),     label:  102.3595029805889
logits: tensor([[99.7409]], device='cuda:0'),     label:  99.74330000037736
logits: tensor([[99.9525]], device='cuda:0'),     label:  99.95388984560141
logits: tensor([[99.9216]], device='cuda:0'),     label:  99.92405720178365
logits: tensor([[101.0909]], device='cuda:0'),     label:  101.09089795280906
logits: tensor([[103.0999]], device='cuda:0'),     label:  103.100065256094
logits: tensor([[104.0919]], device='cuda:0'),     label:  104.09194837297713
logits: tensor([[107.1635]], device='cuda:0'),     label:  107.1635322239088
logits: tensor([[101.6316]], device='cuda:0'),     label:  101.63169491675592
logits: tensor([[104.9026]], device='cuda:0'),     label:  104.90266265869141
logits: tensor([[100.2680]], device='cuda:0'),     label:  100.27039379133105
logits: tensor([[99.1695]], device='cuda:0'),     label:  99.17175798352443
logits: tensor([[131.5797]], device='cuda:0'),     label:  131.5795857356145
logits: tensor([[141.7249]], device='cuda:0'),     label:  141.72488488091363
Done loading data from cached files.
logits: tensor([[97.8868]], device='cuda:0'),     label:  97.88771546129092
Done loading data from cached files.
logits: tensor([[97.6115]], device='cuda:0'),     label:  97.61173269313457
loss of real network :  2.602255794235662e-06
eps that is learned :  Parameter containing:
tensor([95.5027], device='cuda:0', requires_grad=True)
Epoch 10: loss=0.000655
Epoch 20: loss=0.000000
Epoch 30: loss=0.000000
Epoch 40: loss=0.000000
Epoch 50: loss=0.000000
Epoch 60: loss=0.000000
Epoch 70: loss=0.000000
Epoch 80: loss=0.000000
Epoch 90: loss=0.000000
Epoch 100: loss=0.000000
validation : 2.4282635422423484e-07, MUTAG 2.744491212069988e-10, Muedim test 5.529970803763717e-07
logits: tensor([[120.4324]], device='cuda:0'),     label:  120.4284836083658
logits: tensor([[113.1518]], device='cuda:0'),     label:  113.15627314875181
logits: tensor([[124.0280]], device='cuda:0'),     label:  124.02675838944924
logits: tensor([[102.2550]], device='cuda:0'),     label:  102.260248350457
logits: tensor([[101.8802]], device='cuda:0'),     label:  101.88039040395219
logits: tensor([[104.1149]], device='cuda:0'),     label:  104.11140156046937
logits: tensor([[100.4314]], device='cuda:0'),     label:  100.43207400055418
logits: tensor([[104.4381]], device='cuda:0'),     label:  104.43981761681937
logits: tensor([[101.8206]], device='cuda:0'),     label:  101.82361463660783
logits: tensor([[102.0342]], device='cuda:0'),     label:  102.03420448183188
logits: tensor([[102.0024]], device='cuda:0'),     label:  102.00437183801412
logits: tensor([[103.1712]], device='cuda:0'),     label:  103.17121258903953
logits: tensor([[105.1804]], device='cuda:0'),     label:  105.18037989232447
logits: tensor([[106.1723]], device='cuda:0'),     label:  106.1722630092076
logits: tensor([[109.2439]], device='cuda:0'),     label:  109.24384686013927
logits: tensor([[103.7120]], device='cuda:0'),     label:  103.71200955298639
logits: tensor([[106.9830]], device='cuda:0'),     label:  106.98297729492188
logits: tensor([[102.3454]], device='cuda:0'),     label:  102.35070842756151
logits: tensor([[101.2562]], device='cuda:0'),     label:  101.2520726197549
logits: tensor([[133.6599]], device='cuda:0'),     label:  133.65990037184497
logits: tensor([[143.8052]], device='cuda:0'),     label:  143.8051995171441
Done loading data from cached files.
logits: tensor([[99.9690]], device='cuda:0'),     label:  99.96803009752139
Done loading data from cached files.
logits: tensor([[99.6922]], device='cuda:0'),     label:  99.69204732936504
loss of real network :  6.086912582589113e-06
eps that is learned :  Parameter containing:
tensor([97.5830], device='cuda:0', requires_grad=True)
Epoch 10: loss=0.000073
Epoch 20: loss=0.000000
Epoch 30: loss=0.000000
Epoch 40: loss=0.000000
Epoch 50: loss=0.000000
Epoch 60: loss=0.000000
Epoch 70: loss=0.000000
Epoch 80: loss=0.000000
Epoch 90: loss=0.000000
Epoch 100: loss=0.000000
validation : 1.3031152775511146e-07, MUTAG 7.239868864417076e-09, Muedim test 6.054151162970811e-07
logits: tensor([[119.0575]], device='cuda:0'),     label:  119.05393374264314
logits: tensor([[111.7770]], device='cuda:0'),     label:  111.78172328302915
logits: tensor([[122.6532]], device='cuda:0'),     label:  122.65220852372659
logits: tensor([[100.8794]], device='cuda:0'),     label:  100.88569848473435
logits: tensor([[100.5056]], device='cuda:0'),     label:  100.50584053822953
logits: tensor([[102.7402]], device='cuda:0'),     label:  102.73685169474672
logits: tensor([[99.0566]], device='cuda:0'),     label:  99.05752413483152
logits: tensor([[103.0633]], device='cuda:0'),     label:  103.06526775109671
logits: tensor([[100.4459]], device='cuda:0'),     label:  100.44906477088517
logits: tensor([[100.6595]], device='cuda:0'),     label:  100.65965461610922
logits: tensor([[100.6277]], device='cuda:0'),     label:  100.62982197229147
logits: tensor([[101.7965]], device='cuda:0'),     label:  101.79666272331687
logits: tensor([[103.8058]], device='cuda:0'),     label:  103.80583002660181
logits: tensor([[104.7976]], device='cuda:0'),     label:  104.79771314348494
logits: tensor([[107.8691]], device='cuda:0'),     label:  107.86929699441662
logits: tensor([[102.3374]], device='cuda:0'),     label:  102.33745968726373
logits: tensor([[105.6083]], device='cuda:0'),     label:  105.60842742919922
logits: tensor([[100.9707]], device='cuda:0'),     label:  100.97615856183886
logits: tensor([[99.8812]], device='cuda:0'),     label:  99.87752275403224
logits: tensor([[132.2851]], device='cuda:0'),     label:  132.2853505061223
logits: tensor([[142.4304]], device='cuda:0'),     label:  142.43064965142145
Done loading data from cached files.
logits: tensor([[98.5943]], device='cuda:0'),     label:  98.59348023179874
Done loading data from cached files.
logits: tensor([[98.3176]], device='cuda:0'),     label:  98.31749746364238
loss of real network :  6.58465776159518e-06
eps that is learned :  Parameter containing:
tensor([96.2084], device='cuda:0', requires_grad=True)
2.6033398979860873e-07      1.5814945800229908e-07      2.6578200049698354e-09      8.090389892458915e-07      1.0319369693567869e-05
