Epoch 10: loss=0.004765
Epoch 20: loss=0.000284
Epoch 30: loss=0.000036
Epoch 40: loss=0.000008
Epoch 50: loss=0.000002
Epoch 60: loss=0.000001
Epoch 70: loss=0.000001
Epoch 80: loss=0.000000
Epoch 90: loss=0.000000
Epoch 100: loss=0.000000
validation : 3.9438273233827206e-07, MUTAG 7.965365148265846e-07, Muedim test 4.193769018456806e-07
logits: tensor([[22.8462]], device='cuda:0'),     label:  22.84550631344392
logits: tensor([[15.5739]], device='cuda:0'),     label:  15.573295853829936
logits: tensor([[26.4448]], device='cuda:0'),     label:  26.443781094527363
logits: tensor([[4.6770]], device='cuda:0'),     label:  4.677271055535123
logits: tensor([[4.2965]], device='cuda:0'),     label:  4.2974131090303125
logits: tensor([[6.5279]], device='cuda:0'),     label:  6.528424265547501
logits: tensor([[2.8482]], device='cuda:0'),     label:  2.8490967056323058
logits: tensor([[6.8562]], device='cuda:0'),     label:  6.856840321897501
logits: tensor([[4.2398]], device='cuda:0'),     label:  4.240637341685959
logits: tensor([[4.4504]], device='cuda:0'),     label:  4.451227186910007
logits: tensor([[4.4202]], device='cuda:0'),     label:  4.421394543092248
logits: tensor([[5.5875]], device='cuda:0'),     label:  5.588235294117647
logits: tensor([[7.5968]], device='cuda:0'),     label:  7.597402597402597
logits: tensor([[8.5888]], device='cuda:0'),     label:  8.589285714285715
logits: tensor([[11.6607]], device='cuda:0'),     label:  11.660869565217391
logits: tensor([[6.1284]], device='cuda:0'),     label:  6.129032258064516
logits: tensor([[9.3996]], device='cuda:0'),     label:  9.4
logits: tensor([[4.7673]], device='cuda:0'),     label:  4.7677311326396365
logits: tensor([[3.6682]], device='cuda:0'),     label:  3.66909532483303
logits: tensor([[36.0787]], device='cuda:0'),     label:  36.07692307692308
logits: tensor([[46.2249]], device='cuda:0'),     label:  46.22222222222222
Done loading data from cached files.
logits: tensor([[2.3841]], device='cuda:0'),     label:  2.3850528025995126
Done loading data from cached files.
logits: tensor([[2.1081]], device='cuda:0'),     label:  2.1090700344431688
loss of real network :  9.558884680818898e-07
Epoch 10: loss=0.000747
Epoch 20: loss=0.000004
Epoch 30: loss=0.000001
Epoch 40: loss=0.000003
Epoch 50: loss=0.000004
Epoch 60: loss=0.000004
Epoch 70: loss=0.000004
Epoch 80: loss=0.000004
Epoch 90: loss=0.000004
Epoch 100: loss=0.000004
validation : 4.201101546641439e-06, MUTAG 1.4165197499096393e-05, Muedim test 4.024050867883488e-06
logits: tensor([[22.8291]], device='cuda:0'),     label:  22.84550631344392
logits: tensor([[15.5652]], device='cuda:0'),     label:  15.573295853829936
logits: tensor([[26.4236]], device='cuda:0'),     label:  26.443781094527363
logits: tensor([[4.6794]], device='cuda:0'),     label:  4.677271055535123
logits: tensor([[4.3003]], device='cuda:0'),     label:  4.2974131090303125
logits: tensor([[6.5289]], device='cuda:0'),     label:  6.528424265547501
logits: tensor([[2.8533]], device='cuda:0'),     label:  2.8490967056323058
logits: tensor([[6.8568]], device='cuda:0'),     label:  6.856840321897501
logits: tensor([[4.2435]], device='cuda:0'),     label:  4.240637341685959
logits: tensor([[4.4538]], device='cuda:0'),     label:  4.451227186910007
logits: tensor([[4.4244]], device='cuda:0'),     label:  4.421394543092248
logits: tensor([[5.5896]], device='cuda:0'),     label:  5.588235294117647
logits: tensor([[7.5967]], device='cuda:0'),     label:  7.597402597402597
logits: tensor([[8.5876]], device='cuda:0'),     label:  8.589285714285715
logits: tensor([[11.6560]], device='cuda:0'),     label:  11.660869565217391
logits: tensor([[6.1299]], device='cuda:0'),     label:  6.129032258064516
logits: tensor([[9.3975]], device='cuda:0'),     label:  9.4
logits: tensor([[4.7700]], device='cuda:0'),     label:  4.7677311326396365
logits: tensor([[3.6724]], device='cuda:0'),     label:  3.66909532483303
logits: tensor([[36.0468]], device='cuda:0'),     label:  36.07692307692308
logits: tensor([[46.1815]], device='cuda:0'),     label:  46.22222222222222
Done loading data from cached files.
logits: tensor([[2.3898]], device='cuda:0'),     label:  2.3850528025995126
Done loading data from cached files.
logits: tensor([[2.1141]], device='cuda:0'),     label:  2.1090700344431688
loss of real network :  0.00015038791575652298
Epoch 10: loss=0.002007
Epoch 20: loss=0.000071
Epoch 30: loss=0.000004
Epoch 40: loss=0.000000
Epoch 50: loss=0.000001
Epoch 60: loss=0.000001
Epoch 70: loss=0.000001
Epoch 80: loss=0.000001
Epoch 90: loss=0.000002
Epoch 100: loss=0.000002
validation : 1.5587473899358882e-06, MUTAG 4.088506248081103e-06, Muedim test 1.7406603728886694e-06
logits: tensor([[22.8352]], device='cuda:0'),     label:  22.84550631344392
logits: tensor([[15.5666]], device='cuda:0'),     label:  15.573295853829936
logits: tensor([[26.4313]], device='cuda:0'),     label:  26.443781094527363
logits: tensor([[4.6787]], device='cuda:0'),     label:  4.677271055535123
logits: tensor([[4.2985]], device='cuda:0'),     label:  4.2974131090303125
logits: tensor([[6.5283]], device='cuda:0'),     label:  6.528424265547501
logits: tensor([[2.8515]], device='cuda:0'),     label:  2.8490967056323058
logits: tensor([[6.8567]], device='cuda:0'),     label:  6.856840321897501
logits: tensor([[4.2420]], device='cuda:0'),     label:  4.240637341685959
logits: tensor([[4.4526]], device='cuda:0'),     label:  4.451227186910007
logits: tensor([[4.4222]], device='cuda:0'),     label:  4.421394543092248
logits: tensor([[5.5888]], device='cuda:0'),     label:  5.588235294117647
logits: tensor([[7.5967]], device='cuda:0'),     label:  7.597402597402597
logits: tensor([[8.5880]], device='cuda:0'),     label:  8.589285714285715
logits: tensor([[11.6577]], device='cuda:0'),     label:  11.660869565217391
logits: tensor([[6.1293]], device='cuda:0'),     label:  6.129032258064516
logits: tensor([[9.3982]], device='cuda:0'),     label:  9.4
logits: tensor([[4.7689]], device='cuda:0'),     label:  4.7677311326396365
logits: tensor([[3.6709]], device='cuda:0'),     label:  3.66909532483303
logits: tensor([[36.0585]], device='cuda:0'),     label:  36.07692307692308
logits: tensor([[46.1975]], device='cuda:0'),     label:  46.22222222222222
Done loading data from cached files.
logits: tensor([[2.3876]], device='cuda:0'),     label:  2.3850528025995126
Done loading data from cached files.
logits: tensor([[2.1118]], device='cuda:0'),     label:  2.1090700344431688
loss of real network :  5.67609715370046e-05
Epoch 10: loss=0.158643
Epoch 20: loss=0.039589
Epoch 30: loss=0.017858
Epoch 40: loss=0.011238
Epoch 50: loss=0.008595
Epoch 60: loss=0.007370
Epoch 70: loss=0.006754
Epoch 80: loss=0.006428
Epoch 90: loss=0.006253
Epoch 100: loss=0.006156
validation : 0.006310074627399445, MUTAG 0.02541037917137146, Muedim test 0.006166666001081467
logits: tensor([[23.4304]], device='cuda:0'),     label:  22.84550631344392
logits: tensor([[15.8805]], device='cuda:0'),     label:  15.573295853829936
logits: tensor([[27.1659]], device='cuda:0'),     label:  26.443781094527363
logits: tensor([[4.5694]], device='cuda:0'),     label:  4.677271055535123
logits: tensor([[4.1754]], device='cuda:0'),     label:  4.2974131090303125
logits: tensor([[6.4914]], device='cuda:0'),     label:  6.528424265547501
logits: tensor([[2.6718]], device='cuda:0'),     label:  2.8490967056323058
logits: tensor([[6.8322]], device='cuda:0'),     label:  6.856840321897501
logits: tensor([[4.1164]], device='cuda:0'),     label:  4.240637341685959
logits: tensor([[4.3350]], device='cuda:0'),     label:  4.451227186910007
logits: tensor([[4.3044]], device='cuda:0'),     label:  4.421394543092248
logits: tensor([[5.5153]], device='cuda:0'),     label:  5.588235294117647
logits: tensor([[7.6011]], device='cuda:0'),     label:  7.597402597402597
logits: tensor([[8.6308]], device='cuda:0'),     label:  8.589285714285715
logits: tensor([[11.8194]], device='cuda:0'),     label:  11.660869565217391
logits: tensor([[6.0767]], device='cuda:0'),     label:  6.129032258064516
logits: tensor([[9.4724]], device='cuda:0'),     label:  9.4
logits: tensor([[4.6636]], device='cuda:0'),     label:  4.7677311326396365
logits: tensor([[3.5229]], device='cuda:0'),     label:  3.66909532483303
logits: tensor([[37.1662]], device='cuda:0'),     label:  36.07692307692308
logits: tensor([[47.6982]], device='cuda:0'),     label:  46.22222222222222
Done loading data from cached files.
logits: tensor([[2.1900]], device='cuda:0'),     label:  2.3850528025995126
Done loading data from cached files.
logits: tensor([[1.9035]], device='cuda:0'),     label:  2.1090700344431688
loss of real network :  0.19904927054431482
Epoch 10: loss=0.002406
Epoch 20: loss=0.000108
Epoch 30: loss=0.000009
Epoch 40: loss=0.000001
Epoch 50: loss=0.000000
Epoch 60: loss=0.000000
Epoch 70: loss=0.000001
Epoch 80: loss=0.000001
Epoch 90: loss=0.000001
Epoch 100: loss=0.000001
validation : 7.937103509902954e-07, MUTAG 1.6800497542135417e-06, Muedim test 7.945932520669885e-07
logits: tensor([[22.8381]], device='cuda:0'),     label:  22.84550631344392
logits: tensor([[15.5686]], device='cuda:0'),     label:  15.573295853829936
logits: tensor([[26.4349]], device='cuda:0'),     label:  26.443781094527363
logits: tensor([[4.6773]], device='cuda:0'),     label:  4.677271055535123
logits: tensor([[4.2984]], device='cuda:0'),     label:  4.2974131090303125
logits: tensor([[6.5284]], device='cuda:0'),     label:  6.528424265547501
logits: tensor([[2.8506]], device='cuda:0'),     label:  2.8490967056323058
logits: tensor([[6.8566]], device='cuda:0'),     label:  6.856840321897501
logits: tensor([[4.2416]], device='cuda:0'),     label:  4.240637341685959
logits: tensor([[4.4520]], device='cuda:0'),     label:  4.451227186910007
logits: tensor([[4.4223]], device='cuda:0'),     label:  4.421394543092248
logits: tensor([[5.5885]], device='cuda:0'),     label:  5.588235294117647
logits: tensor([[7.5968]], device='cuda:0'),     label:  7.597402597402597
logits: tensor([[8.5882]], device='cuda:0'),     label:  8.589285714285715
logits: tensor([[11.6585]], device='cuda:0'),     label:  11.660869565217391
logits: tensor([[6.1291]], device='cuda:0'),     label:  6.129032258064516
logits: tensor([[9.3986]], device='cuda:0'),     label:  9.4
logits: tensor([[4.7682]], device='cuda:0'),     label:  4.7677311326396365
logits: tensor([[3.6702]], device='cuda:0'),     label:  3.66909532483303
logits: tensor([[36.0638]], device='cuda:0'),     label:  36.07692307692308
logits: tensor([[46.2046]], device='cuda:0'),     label:  46.22222222222222
Done loading data from cached files.
logits: tensor([[2.3868]], device='cuda:0'),     label:  2.3850528025995126
Done loading data from cached files.
logits: tensor([[2.1109]], device='cuda:0'),     label:  2.1090700344431688
loss of real network :  2.867378044277796e-05
0.001232673589447788      0.00126340451388387      0.005086221892277536      0.0012347289364952304      0.03985720982010384
