Epoch 10: loss=0.2747
Epoch 20: loss=0.0006
Epoch 30: loss=0.0051
Epoch 40: loss=0.0007
Epoch 50: loss=0.0002
Epoch 60: loss=0.0001
Epoch 70: loss=0.0001
Epoch 80: loss=0.0000
Epoch 90: loss=0.0000
Epoch 100: loss=0.0000
Epoch 110: loss=0.0000
Epoch 120: loss=0.0000
Epoch 130: loss=0.0000
Epoch 140: loss=0.0000
Epoch 150: loss=0.0000
Epoch 160: loss=0.0000
Epoch 170: loss=0.0000
Epoch 180: loss=0.0000
Epoch 190: loss=0.0000
Epoch 200: loss=0.0000
small_test : 9.134697029367089e-06, medium_test 0.0004067434724420309
value out tensor([[2.2281]], device='cuda:0')
value hidden tensor([[1.9936],
        [1.9936],
        [1.9936],
        [2.9904],
        [2.9904],
        [1.9936],
        [1.9936],
        [1.9936],
        [2.9904],
        [2.9904],
        [1.9936],
        [1.9936],
        [2.9904],
        [1.9936],
        [2.9904],
        [0.9968],
        [0.9968]], device='cuda:0')
graph loss : 5.105680975248106e-05
label tensor([2.2353], device='cuda:0')
Number of edges: 38
Number of nodes: 17
Degrees: [2, 2, 2, 3, 3, 2, 2, 2, 3, 3, 2, 2, 3, 2, 3, 1, 1]
Weight shape for layer.linear.weight: torch.Size([1, 1])
Weights for layer.linear.weight: Parameter containing:
tensor([[0.9968]], device='cuda:0', requires_grad=True)
