simple_code_mlp code
Epoch 1/100, Train Loss: 155.8649, Val Loss: 28.0750
Epoch 11/100, Train Loss: 0.0001, Val Loss: 0.0000
Epoch 21/100, Train Loss: 0.0000, Val Loss: 0.0000
Epoch 31/100, Train Loss: 0.0000, Val Loss: 0.0000
Epoch 41/100, Train Loss: 0.0000, Val Loss: 0.0000
Epoch 51/100, Train Loss: 0.0000, Val Loss: 0.0000
Epoch 61/100, Train Loss: 0.0000, Val Loss: 0.0000
Epoch 71/100, Train Loss: 0.0000, Val Loss: 0.0000
Epoch 81/100, Train Loss: 0.0000, Val Loss: 0.0000
Epoch 91/100, Train Loss: 0.0000, Val Loss: 0.0000
train_loss :  4.905073801637627e-07
Test Loss: 0.0000
Epoch 1/100, Train Loss: 56.9140, Val Loss: 9.0486
Epoch 11/100, Train Loss: 0.0000, Val Loss: 0.0000
Epoch 21/100, Train Loss: 0.0000, Val Loss: 0.0000
Epoch 31/100, Train Loss: 0.0000, Val Loss: 0.0000
Epoch 41/100, Train Loss: 0.0000, Val Loss: 0.0000
Epoch 51/100, Train Loss: 0.0000, Val Loss: 0.0000
Epoch 61/100, Train Loss: 0.0000, Val Loss: 0.0000
Epoch 71/100, Train Loss: 0.0000, Val Loss: 0.0000
Epoch 81/100, Train Loss: 0.0000, Val Loss: 0.0000
Epoch 91/100, Train Loss: 0.0000, Val Loss: 0.0000
train_loss :  1.362597207116778e-05
Test Loss: 0.0000
Epoch 1/100, Train Loss: 59.2037, Val Loss: 5.6342
Epoch 11/100, Train Loss: 0.0000, Val Loss: 0.0000
Epoch 21/100, Train Loss: 0.0000, Val Loss: 0.0000
Epoch 31/100, Train Loss: 0.0000, Val Loss: 0.0000
Epoch 41/100, Train Loss: 0.0000, Val Loss: 0.0000
Epoch 51/100, Train Loss: 0.0000, Val Loss: 0.0000
Epoch 61/100, Train Loss: 0.0000, Val Loss: 0.0000
Epoch 71/100, Train Loss: 0.0000, Val Loss: 0.0000
Epoch 81/100, Train Loss: 0.0000, Val Loss: 0.0000
Epoch 91/100, Train Loss: 0.0000, Val Loss: 0.0000
train_loss :  2.06229821924353e-05
Test Loss: 0.0000
Epoch 1/100, Train Loss: 97.3853, Val Loss: 21.2703
Epoch 11/100, Train Loss: 0.0000, Val Loss: 0.0000
Epoch 21/100, Train Loss: 0.0000, Val Loss: 0.0000
Epoch 31/100, Train Loss: 0.0000, Val Loss: 0.0000
Epoch 41/100, Train Loss: 0.0000, Val Loss: 0.0000
Epoch 51/100, Train Loss: 0.0000, Val Loss: 0.0000
Epoch 61/100, Train Loss: 0.0000, Val Loss: 0.0000
Epoch 71/100, Train Loss: 0.0000, Val Loss: 0.0000
Epoch 81/100, Train Loss: 0.0000, Val Loss: 0.0000
Epoch 91/100, Train Loss: 0.0000, Val Loss: 0.0000
train_loss :  3.227861045161262e-06
Test Loss: 0.0000
Epoch 1/100, Train Loss: 91.0849, Val Loss: 19.2394
Epoch 11/100, Train Loss: 0.0000, Val Loss: 0.0000
Epoch 21/100, Train Loss: 0.0000, Val Loss: 0.0000
Epoch 31/100, Train Loss: 0.0000, Val Loss: 0.0000
Epoch 41/100, Train Loss: 0.0000, Val Loss: 0.0000
Epoch 51/100, Train Loss: 0.0000, Val Loss: 0.0000
Epoch 61/100, Train Loss: 0.0000, Val Loss: 0.0000
Epoch 71/100, Train Loss: 0.0000, Val Loss: 0.0000
Epoch 81/100, Train Loss: 0.0000, Val Loss: 0.0000
Epoch 91/100, Train Loss: 0.0000, Val Loss: 0.0000
train_loss :  2.880104483483592e-05
Test Loss: 0.0000
Epoch 1/100, Train Loss: 115.0198, Val Loss: 22.0575
Epoch 11/100, Train Loss: 0.0002, Val Loss: 0.0002
Epoch 21/100, Train Loss: 0.0002, Val Loss: 0.0002
Epoch 31/100, Train Loss: 0.0002, Val Loss: 0.0002
Epoch 41/100, Train Loss: 0.0002, Val Loss: 0.0002
Epoch 51/100, Train Loss: 0.0002, Val Loss: 0.0002
Epoch 61/100, Train Loss: 0.0001, Val Loss: 0.0002
Epoch 71/100, Train Loss: 0.0001, Val Loss: 0.0002
Epoch 81/100, Train Loss: 0.0001, Val Loss: 0.0002
Epoch 91/100, Train Loss: 0.0001, Val Loss: 0.0002
train_loss :  0.00014755074435379356
Test Loss: 0.0002
Epoch 1/100, Train Loss: 120.1060, Val Loss: 27.9903
Epoch 11/100, Train Loss: 0.0001, Val Loss: 0.0001
Epoch 21/100, Train Loss: 0.0001, Val Loss: 0.0001
Epoch 31/100, Train Loss: 0.0001, Val Loss: 0.0001
Epoch 41/100, Train Loss: 0.0001, Val Loss: 0.0001
Epoch 51/100, Train Loss: 0.0001, Val Loss: 0.0001
Epoch 61/100, Train Loss: 0.0001, Val Loss: 0.0001
Epoch 71/100, Train Loss: 0.0001, Val Loss: 0.0001
Epoch 81/100, Train Loss: 0.0001, Val Loss: 0.0001
Epoch 91/100, Train Loss: 0.0001, Val Loss: 0.0001
train_loss :  5.016532228910364e-05
Test Loss: 0.0001
Epoch 1/100, Train Loss: 162.7040, Val Loss: 42.3858
Epoch 11/100, Train Loss: 0.0003, Val Loss: 0.0002
Epoch 21/100, Train Loss: 0.0000, Val Loss: 0.0000
Epoch 31/100, Train Loss: 0.0000, Val Loss: 0.0000
Epoch 41/100, Train Loss: 0.0000, Val Loss: 0.0000
Epoch 51/100, Train Loss: 0.0000, Val Loss: 0.0000
Epoch 61/100, Train Loss: 0.0000, Val Loss: 0.0000
Epoch 71/100, Train Loss: 0.0000, Val Loss: 0.0000
Epoch 81/100, Train Loss: 0.0000, Val Loss: 0.0000
Epoch 91/100, Train Loss: 0.0000, Val Loss: 0.0000
train_loss :  4.4812876454670915e-05
Test Loss: 0.0000
Epoch 1/100, Train Loss: 81.5782, Val Loss: 20.4882
Epoch 11/100, Train Loss: 0.0000, Val Loss: 0.0000
Epoch 21/100, Train Loss: 0.0000, Val Loss: 0.0000
Epoch 31/100, Train Loss: 0.0000, Val Loss: 0.0000
Epoch 41/100, Train Loss: 0.0000, Val Loss: 0.0000
Epoch 51/100, Train Loss: 0.0000, Val Loss: 0.0000
Epoch 61/100, Train Loss: 0.0000, Val Loss: 0.0000
Epoch 71/100, Train Loss: 0.0000, Val Loss: 0.0000
Epoch 81/100, Train Loss: 0.0000, Val Loss: 0.0000
Epoch 91/100, Train Loss: 0.0000, Val Loss: 0.0000
train_loss :  1.6788985485618469e-06
Test Loss: 0.0000
Epoch 1/100, Train Loss: 205.6980, Val Loss: 40.0461
Epoch 11/100, Train Loss: 0.0004, Val Loss: 0.0003
Epoch 21/100, Train Loss: 0.0000, Val Loss: 0.0000
Epoch 31/100, Train Loss: 0.0000, Val Loss: 0.0000
Epoch 41/100, Train Loss: 0.0000, Val Loss: 0.0000
Epoch 51/100, Train Loss: 0.0000, Val Loss: 0.0000
Epoch 61/100, Train Loss: 0.0000, Val Loss: 0.0000
Epoch 71/100, Train Loss: 0.0000, Val Loss: 0.0000
Epoch 81/100, Train Loss: 0.0000, Val Loss: 0.0000
Epoch 91/100, Train Loss: 0.0000, Val Loss: 0.0000
train_loss :  4.103771825612057e-07
Test Loss: 0.0000
Train loss average: 0.000031, Valid loss average: 0.000032, Test loss average: 0.000033
