-------------------------------label_type : transitivity---------------------

2-------------------------------feat_type : identity_feat---------------------


2.1--------------------------------------------model name  : ['gin']---------------------


2.1.1--------------------------------------------Grid_Search  : ['gin']---------------------
4
/project/p_gnn001/code/gnn_clean_code/utils.py:153: UserWarning: std_mean(): degrees of freedom is <= 0. Correction should be strictly less than the reduction factor (input numel divided by output numel). (Triggered internally at /opt/conda/conda-bld/pytorch_1708025824022/work/aten/src/ATen/native/ReduceOps.cpp:1760.)
  std, mean = torch.std_mean(array)
Trial 1/1
Epoch 10: loss=0.0029
Epoch 20: loss=0.0018
Epoch 30: loss=0.0014
Epoch 40: loss=0.0010
Epoch 50: loss=0.0007
Epoch 60: loss=0.0005
Epoch 70: loss=0.0005
Epoch 80: loss=0.0004
Epoch 90: loss=0.0004
Epoch 100: loss=0.0004
best trail model is : model_weights_trail0_dataset_identity_feat.pth
test mean acc: 0.0007, error bound: nan


2.1.2--------------------------------------------Train and Test  : ['gin']---------------------

-------------------------------label_type : density---------------------

2-------------------------------feat_type : identity_feat---------------------


2.1--------------------------------------------model name  : ['gin']---------------------


2.1.1--------------------------------------------Grid_Search  : ['gin']---------------------
4
/project/p_gnn001/code/gnn_clean_code/utils.py:153: UserWarning: std_mean(): degrees of freedom is <= 0. Correction should be strictly less than the reduction factor (input numel divided by output numel). (Triggered internally at /opt/conda/conda-bld/pytorch_1708025824022/work/aten/src/ATen/native/ReduceOps.cpp:1760.)
  std, mean = torch.std_mean(array)
Trial 1/1
Epoch 10: loss=77.5071
Epoch 20: loss=43.0729
Epoch 30: loss=35.4386
Epoch 40: loss=30.1057
Epoch 50: loss=27.5617
Epoch 60: loss=26.1957
Epoch 70: loss=25.9434
Epoch 80: loss=25.0942
Epoch 90: loss=24.7145
Epoch 100: loss=24.5471
best trail model is : model_weights_trail0_dataset_identity_feat.pth
test mean acc: 12.4539, error bound: nan


2.1.2--------------------------------------------Train and Test  : ['gin']---------------------

-------------------------------label_type : kurtosis---------------------

2-------------------------------feat_type : identity_feat---------------------


2.1--------------------------------------------model name  : ['gin']---------------------


2.1.1--------------------------------------------Grid_Search  : ['gin']---------------------
4
/project/p_gnn001/code/gnn_clean_code/utils.py:153: UserWarning: std_mean(): degrees of freedom is <= 0. Correction should be strictly less than the reduction factor (input numel divided by output numel). (Triggered internally at /opt/conda/conda-bld/pytorch_1708025824022/work/aten/src/ATen/native/ReduceOps.cpp:1760.)
  std, mean = torch.std_mean(array)
Trial 1/1
Epoch 10: loss=14.0002
Epoch 20: loss=11.8203
Epoch 30: loss=8.9932
Epoch 40: loss=7.1213
Epoch 50: loss=6.2003
Epoch 60: loss=5.7716
Epoch 70: loss=5.4900
Epoch 80: loss=5.3159
Epoch 90: loss=5.2393
Epoch 100: loss=5.2030
best trail model is : model_weights_trail0_dataset_identity_feat.pth
test mean acc: 9.6879, error bound: nan


2.1.2--------------------------------------------Train and Test  : ['gin']---------------------

-------------------------------label_type : average_path---------------------

2-------------------------------feat_type : identity_feat---------------------


2.1--------------------------------------------model name  : ['gin']---------------------


2.1.1--------------------------------------------Grid_Search  : ['gin']---------------------
4
/project/p_gnn001/code/gnn_clean_code/utils.py:153: UserWarning: std_mean(): degrees of freedom is <= 0. Correction should be strictly less than the reduction factor (input numel divided by output numel). (Triggered internally at /opt/conda/conda-bld/pytorch_1708025824022/work/aten/src/ATen/native/ReduceOps.cpp:1760.)
  std, mean = torch.std_mean(array)
Trial 1/1
Epoch 10: loss=0.0057
Epoch 20: loss=0.0024
Epoch 30: loss=0.0012
Epoch 40: loss=0.0009
Epoch 50: loss=0.0008
Epoch 60: loss=0.0007
Epoch 70: loss=0.0006
Epoch 80: loss=0.0006
Epoch 90: loss=0.0005
Epoch 100: loss=0.0005
best trail model is : model_weights_trail0_dataset_identity_feat.pth
test mean acc: 0.0007, error bound: nan


2.1.2--------------------------------------------Train and Test  : ['gin']---------------------


field : Social networks

../data_folder/facebook_combined.txt.gz number of nodes is :  4039
../data_folder/facebook_combined.txt.gz number of edges is :  88234
../data_folder/facebook_combined.txt.gz identity_feat : loss : 318.1194 

../data_folder/wiki-Vote.txt.gz number of nodes is :  7115
../data_folder/wiki-Vote.txt.gz number of edges is :  103689
../data_folder/wiki-Vote.txt.gz identity_feat : loss : 714.8469 


field : Networks with ground-truth communities

../data_folder/email-Eu-core.txt.gz number of nodes is :  1005
../data_folder/email-Eu-core.txt.gz number of edges is :  25571
../data_folder/email-Eu-core.txt.gz identity_feat : loss : 84.3174 


field : Internet peer-to-peer networks

../data_folder/p2p-Gnutella04.txt.gz number of nodes is :  10876
../data_folder/p2p-Gnutella04.txt.gz number of edges is :  39994
../data_folder/p2p-Gnutella04.txt.gz identity_feat : loss : 1239.3490 

../data_folder/p2p-Gnutella08.txt.gz number of nodes is :  6301
../data_folder/p2p-Gnutella08.txt.gz number of edges is :  20777
../data_folder/p2p-Gnutella08.txt.gz identity_feat : loss : 773.4611 


field : Collaboration networks

../data_folder/ca-GrQc.txt.gz number of nodes is :  5242
../data_folder/ca-GrQc.txt.gz number of edges is :  28980
../data_folder/ca-GrQc.txt.gz identity_feat : loss : 572.1525 

CSphd number of nodes is :  1882
CSphd number of edges is :  3480
CSphd identity_feat : loss : 214.6946 
YeastS number of nodes is :  2361
YeastS number of edges is :  13828
YeastS identity_feat : loss : 201.5548 
geom number of nodes is :  7343
geom number of edges is :  23796
geom identity_feat : loss : 899.6805 
netsience number of nodes is :  1589
netsience number of edges is :  5484
netsience identity_feat : loss : 219.8962 
Erdos02 number of nodes is :  6927
Erdos02 number of edges is :  23700
Erdos02 identity_feat : loss : 398.8934 
karate number of nodes is :  34
karate number of edges is :  156
karate identity_feat : loss : 5.3401 
lesmis number of nodes is :  77
lesmis number of edges is :  508
lesmis identity_feat : loss : 9.4540 
adjnoun number of nodes is :  112
adjnoun number of edges is :  850
adjnoun identity_feat : loss : 10.1048 
football number of nodes is :  115
football number of edges is :  1226
football identity_feat : loss : 11.6456 
dolphins number of nodes is :  62
dolphins number of edges is :  318
dolphins identity_feat : loss : 7.9134 
polbooks number of nodes is :  105
polbooks number of edges is :  882
polbooks identity_feat : loss : 10.8667 
hep-th number of nodes is :  8361
hep-th number of edges is :  31502
hep-th identity_feat : loss : 976.1292 
power number of nodes is :  4941
power number of edges is :  13188
power identity_feat : loss : 543.7653 
CLUSTERDataset number of nodes is :  117
CLUSTERDataset number of edges is :  4104
CLUSTERDataset identity_feat : loss : 8.7832 
PATTERNDataset number of nodes is :  108
PATTERNDataset number of edges is :  4884
PATTERNDataset identity_feat : loss : 9.3221 
Done loading data from cached files.
TreeGridDataset number of nodes is :  1231
TreeGridDataset number of edges is :  1705
TreeGridDataset identity_feat : loss : 104.7265 
Done loading data from cached files.
TreeCycleDataset number of nodes is :  871
TreeCycleDataset number of edges is :  966
TreeCycleDataset identity_feat : loss : 79.5211 

field : Social networks

../data_folder/facebook_combined.txt.gz number of nodes is :  4039
../data_folder/facebook_combined.txt.gz number of edges is :  88234
../data_folder/facebook_combined.txt.gz identity_feat : loss : -2.6113 

../data_folder/wiki-Vote.txt.gz number of nodes is :  7115
../data_folder/wiki-Vote.txt.gz number of edges is :  103689
../data_folder/wiki-Vote.txt.gz identity_feat : loss : -6.5234 


field : Networks with ground-truth communities

../data_folder/email-Eu-core.txt.gz number of nodes is :  1005
../data_folder/email-Eu-core.txt.gz number of edges is :  25571
../data_folder/email-Eu-core.txt.gz identity_feat : loss : -0.3917 


field : Internet peer-to-peer networks

../data_folder/p2p-Gnutella04.txt.gz number of nodes is :  10876
../data_folder/p2p-Gnutella04.txt.gz number of edges is :  39994
../data_folder/p2p-Gnutella04.txt.gz identity_feat : loss : -18.4900 

../data_folder/p2p-Gnutella08.txt.gz number of nodes is :  6301
../data_folder/p2p-Gnutella08.txt.gz number of edges is :  20777
../data_folder/p2p-Gnutella08.txt.gz identity_feat : loss : -11.0037 


field : Collaboration networks

../data_folder/ca-GrQc.txt.gz number of nodes is :  5242
../data_folder/ca-GrQc.txt.gz number of edges is :  28980
../data_folder/ca-GrQc.txt.gz identity_feat : loss : -7.3578 

CSphd number of nodes is :  1882
CSphd number of edges is :  3480
CSphd identity_feat : loss : -2.7822 
YeastS number of nodes is :  2361
YeastS number of edges is :  13828
YeastS identity_feat : loss : -3.2536 
geom number of nodes is :  7343
geom number of edges is :  23796
geom identity_feat : loss : -11.9072 
netsience number of nodes is :  1589
netsience number of edges is :  5484
netsience identity_feat : loss : -1.9460 
Erdos02 number of nodes is :  6927
Erdos02 number of edges is :  23700
Erdos02 identity_feat : loss : -16.3076 
karate number of nodes is :  34
karate number of edges is :  156
karate identity_feat : loss : 0.4217 
lesmis number of nodes is :  77
lesmis number of edges is :  508
lesmis identity_feat : loss : 0.3606 
adjnoun number of nodes is :  112
adjnoun number of edges is :  850
adjnoun identity_feat : loss : 0.4265 
football number of nodes is :  115
football number of edges is :  1226
football identity_feat : loss : 0.4353 
dolphins number of nodes is :  62
dolphins number of edges is :  318
dolphins identity_feat : loss : 0.3773 
polbooks number of nodes is :  105
polbooks number of edges is :  882
polbooks identity_feat : loss : 0.4448 
hep-th number of nodes is :  8361
hep-th number of edges is :  31502
hep-th identity_feat : loss : -12.6465 
power number of nodes is :  4941
power number of edges is :  13188
power identity_feat : loss : -6.9757 
CLUSTERDataset number of nodes is :  117
CLUSTERDataset number of edges is :  4104
CLUSTERDataset identity_feat : loss : 0.4764 
PATTERNDataset number of nodes is :  108
PATTERNDataset number of edges is :  4884
PATTERNDataset identity_feat : loss : 0.4429 
Done loading data from cached files.
TreeGridDataset number of nodes is :  1231
TreeGridDataset number of edges is :  1705
TreeGridDataset identity_feat : loss : -1.1384 
Done loading data from cached files.
TreeCycleDataset number of nodes is :  871
TreeCycleDataset number of edges is :  966
TreeCycleDataset identity_feat : loss : -0.6533 

field : Social networks

../data_folder/facebook_combined.txt.gz number of nodes is :  4039
../data_folder/facebook_combined.txt.gz number of edges is :  88234
../data_folder/facebook_combined.txt.gz identity_feat : loss : 2650.4460 

../data_folder/wiki-Vote.txt.gz number of nodes is :  7115
../data_folder/wiki-Vote.txt.gz number of edges is :  103689
../data_folder/wiki-Vote.txt.gz identity_feat : loss : 2944.8281 


field : Networks with ground-truth communities

../data_folder/email-Eu-core.txt.gz number of nodes is :  1005
../data_folder/email-Eu-core.txt.gz number of edges is :  25571
../data_folder/email-Eu-core.txt.gz identity_feat : loss : 573.2395 


field : Internet peer-to-peer networks

../data_folder/p2p-Gnutella04.txt.gz number of nodes is :  10876
../data_folder/p2p-Gnutella04.txt.gz number of edges is :  39994
../data_folder/p2p-Gnutella04.txt.gz identity_feat : loss : 1864.6880 

../data_folder/p2p-Gnutella08.txt.gz number of nodes is :  6301
../data_folder/p2p-Gnutella08.txt.gz number of edges is :  20777
../data_folder/p2p-Gnutella08.txt.gz identity_feat : loss : 950.1716 


field : Collaboration networks

../data_folder/ca-GrQc.txt.gz number of nodes is :  5242
../data_folder/ca-GrQc.txt.gz number of edges is :  28980
../data_folder/ca-GrQc.txt.gz identity_feat : loss : 627.9971 

CSphd number of nodes is :  1882
CSphd number of edges is :  3480
CSphd identity_feat : loss : 139.3499 
YeastS number of nodes is :  2361
YeastS number of edges is :  13828
YeastS identity_feat : loss : 370.2035 
geom number of nodes is :  7343
geom number of edges is :  23796
geom identity_feat : loss : 533.3478 
netsience number of nodes is :  1589
netsience number of edges is :  5484
netsience identity_feat : loss : 113.1410 
Erdos02 number of nodes is :  6927
Erdos02 number of edges is :  23700
Erdos02 identity_feat : loss : 768.3248 
karate number of nodes is :  34
karate number of edges is :  156
karate identity_feat : loss : 1.6124 
lesmis number of nodes is :  77
lesmis number of edges is :  508
lesmis identity_feat : loss : 7.3333 
adjnoun number of nodes is :  112
adjnoun number of edges is :  850
adjnoun identity_feat : loss : 18.3907 
football number of nodes is :  115
football number of edges is :  1226
football identity_feat : loss : 23.1339 
dolphins number of nodes is :  62
dolphins number of edges is :  318
dolphins identity_feat : loss : 4.3406 
polbooks number of nodes is :  105
polbooks number of edges is :  882
polbooks identity_feat : loss : 20.5800 
hep-th number of nodes is :  8361
hep-th number of edges is :  31502
hep-th identity_feat : loss : 817.3256 
power number of nodes is :  4941
power number of edges is :  13188
power identity_feat : loss : 397.5771 
CLUSTERDataset number of nodes is :  117
CLUSTERDataset number of edges is :  4104
CLUSTERDataset identity_feat : loss : 77.3560 
PATTERNDataset number of nodes is :  108
PATTERNDataset number of edges is :  4884
PATTERNDataset identity_feat : loss : 79.1236 
Done loading data from cached files.
TreeGridDataset number of nodes is :  1231
TreeGridDataset number of edges is :  1705
TreeGridDataset identity_feat : loss : 133.7626 
Done loading data from cached files.
TreeCycleDataset number of nodes is :  871
TreeCycleDataset number of edges is :  966
TreeCycleDataset identity_feat : loss : 68.3190 

field : Social networks

../data_folder/facebook_combined.txt.gz number of nodes is :  4039
../data_folder/facebook_combined.txt.gz number of edges is :  88234
../data_folder/facebook_combined.txt.gz identity_feat : loss : 37.4220 

../data_folder/wiki-Vote.txt.gz number of nodes is :  7115
../data_folder/wiki-Vote.txt.gz number of edges is :  103689
../data_folder/wiki-Vote.txt.gz identity_feat : loss : 90.2910 


field : Networks with ground-truth communities

../data_folder/email-Eu-core.txt.gz number of nodes is :  1005
../data_folder/email-Eu-core.txt.gz number of edges is :  25571
../data_folder/email-Eu-core.txt.gz identity_feat : loss : 11.4052 


field : Internet peer-to-peer networks

../data_folder/p2p-Gnutella04.txt.gz number of nodes is :  10876
../data_folder/p2p-Gnutella04.txt.gz number of edges is :  39994
../data_folder/p2p-Gnutella04.txt.gz identity_feat : loss : 210.0090 

../data_folder/p2p-Gnutella08.txt.gz number of nodes is :  6301
../data_folder/p2p-Gnutella08.txt.gz number of edges is :  20777
../data_folder/p2p-Gnutella08.txt.gz identity_feat : loss : 126.2657 


field : Collaboration networks

../data_folder/ca-GrQc.txt.gz number of nodes is :  5242
../data_folder/ca-GrQc.txt.gz number of edges is :  28980
../data_folder/ca-GrQc.txt.gz identity_feat : loss : 106.4607 

CSphd number of nodes is :  1882
CSphd number of edges is :  3480
CSphd identity_feat : loss : 43.9701 
YeastS number of nodes is :  2361
YeastS number of edges is :  13828
YeastS identity_feat : loss : 46.0275 
geom number of nodes is :  7343
geom number of edges is :  23796
geom identity_feat : loss : 156.6099 
netsience number of nodes is :  1589
netsience number of edges is :  5484
netsience identity_feat : loss : 34.6297 
Erdos02 number of nodes is :  6927
Erdos02 number of edges is :  23700
Erdos02 identity_feat : loss : 110.4189 
karate number of nodes is :  34
karate number of edges is :  156
karate identity_feat : loss : 1.9735 
lesmis number of nodes is :  77
lesmis number of edges is :  508
lesmis identity_feat : loss : 2.6816 
adjnoun number of nodes is :  112
adjnoun number of edges is :  850
adjnoun identity_feat : loss : 3.3496 
football number of nodes is :  115
football number of edges is :  1226
football identity_feat : loss : 3.1692 
dolphins number of nodes is :  62
dolphins number of edges is :  318
dolphins identity_feat : loss : 2.4471 
polbooks number of nodes is :  105
polbooks number of edges is :  882
polbooks identity_feat : loss : 3.1402 
hep-th number of nodes is :  8361
hep-th number of edges is :  31502
hep-th identity_feat : loss : 179.3027 
power number of nodes is :  4941
power number of edges is :  13188
power identity_feat : loss : 111.7338 
CLUSTERDataset number of nodes is :  117
CLUSTERDataset number of edges is :  4104
CLUSTERDataset identity_feat : loss : 2.4297 
PATTERNDataset number of nodes is :  108
PATTERNDataset number of edges is :  4884
PATTERNDataset identity_feat : loss : 2.1510 
Done loading data from cached files.
TreeGridDataset number of nodes is :  1231
TreeGridDataset number of edges is :  1705
TreeGridDataset identity_feat : loss : 27.4325 
Done loading data from cached files.
TreeCycleDataset number of nodes is :  871
TreeCycleDataset number of edges is :  966
TreeCycleDataset identity_feat : loss : 20.2590 
