Epoch 10: loss=0.000001
Epoch 20: loss=0.000000
Epoch 30: loss=0.000000
Epoch 40: loss=0.000000
Epoch 50: loss=0.000000
Epoch 60: loss=0.000000
Epoch 70: loss=0.000000
Epoch 80: loss=0.000000
Epoch 90: loss=0.000000
Epoch 100: loss=0.000000
validation : 4.3423977331258356e-07, MUTAG 7.468514013453386e-08, Muedim test 4.649107904697303e-07
logits: tensor([[23.8438]], device='cuda:0'),     label:  22.845504760742188
logits: tensor([[16.5720]], device='cuda:0'),     label:  15.573294639587402
logits: tensor([[26.8027]], device='cuda:0'),     label:  25.804975509643555
logits: tensor([[5.6771]], device='cuda:0'),     label:  4.677271366119385
logits: tensor([[5.2972]], device='cuda:0'),     label:  4.297412872314453
logits: tensor([[7.5257]], device='cuda:0'),     label:  6.526134967803955
logits: tensor([[3.8487]], device='cuda:0'),     label:  2.8490967750549316
logits: tensor([[7.6293]], device='cuda:0'),     label:  6.629817962646484
logits: tensor([[5.2404]], device='cuda:0'),     label:  4.24063777923584
logits: tensor([[5.4507]], device='cuda:0'),     label:  4.451227188110352
logits: tensor([[5.4212]], device='cuda:0'),     label:  4.421394348144531
logits: tensor([[6.5877]], device='cuda:0'),     label:  5.588235378265381
logits: tensor([[8.5966]], device='cuda:0'),     label:  7.597402572631836
logits: tensor([[9.5884]], device='cuda:0'),     label:  8.589285850524902
logits: tensor([[12.6598]], device='cuda:0'),     label:  11.660868644714355
logits: tensor([[7.1284]], device='cuda:0'),     label:  6.129032135009766
logits: tensor([[10.3991]], device='cuda:0'),     label:  9.40000057220459
logits: tensor([[5.7675]], device='cuda:0'),     label:  4.767731189727783
logits: tensor([[4.6689]], device='cuda:0'),     label:  3.669095277786255
logits: tensor([[37.0736]], device='cuda:0'),     label:  36.07692337036133
logits: tensor([[47.2181]], device='cuda:0'),     label:  46.22222137451172
Done loading data from cached files.
logits: tensor([[3.3848]], device='cuda:0'),     label:  2.3850529193878174
Done loading data from cached files.
logits: tensor([[3.1088]], device='cuda:0'),     label:  2.109070062637329
loss of real network :  0.9981466776613314
Epoch 10: loss=0.000000
Epoch 20: loss=0.000000
Epoch 30: loss=0.000000
Epoch 40: loss=0.000000
Epoch 50: loss=0.000000
Epoch 60: loss=0.000000
Epoch 70: loss=0.000000
Epoch 80: loss=0.000000
Epoch 90: loss=0.000000
Epoch 100: loss=0.000000
validation : 3.934924279747065e-07, MUTAG 7.413854746118887e-08, Muedim test 4.615737998392433e-07
logits: tensor([[23.8438]], device='cuda:0'),     label:  22.845504760742188
logits: tensor([[16.5720]], device='cuda:0'),     label:  15.573294639587402
logits: tensor([[26.8027]], device='cuda:0'),     label:  25.804975509643555
logits: tensor([[5.6771]], device='cuda:0'),     label:  4.677271366119385
logits: tensor([[5.2972]], device='cuda:0'),     label:  4.297412872314453
logits: tensor([[7.5257]], device='cuda:0'),     label:  6.526134967803955
logits: tensor([[3.8487]], device='cuda:0'),     label:  2.8490967750549316
logits: tensor([[7.6293]], device='cuda:0'),     label:  6.629817962646484
logits: tensor([[5.2404]], device='cuda:0'),     label:  4.24063777923584
logits: tensor([[5.4507]], device='cuda:0'),     label:  4.451227188110352
logits: tensor([[5.4212]], device='cuda:0'),     label:  4.421394348144531
logits: tensor([[6.5877]], device='cuda:0'),     label:  5.588235378265381
logits: tensor([[8.5966]], device='cuda:0'),     label:  7.597402572631836
logits: tensor([[9.5884]], device='cuda:0'),     label:  8.589285850524902
logits: tensor([[12.6598]], device='cuda:0'),     label:  11.660868644714355
logits: tensor([[7.1284]], device='cuda:0'),     label:  6.129032135009766
logits: tensor([[10.3991]], device='cuda:0'),     label:  9.40000057220459
logits: tensor([[5.7675]], device='cuda:0'),     label:  4.767731189727783
logits: tensor([[4.6689]], device='cuda:0'),     label:  3.669095277786255
logits: tensor([[37.0737]], device='cuda:0'),     label:  36.07692337036133
logits: tensor([[47.2181]], device='cuda:0'),     label:  46.22222137451172
Done loading data from cached files.
logits: tensor([[3.3848]], device='cuda:0'),     label:  2.3850529193878174
Done loading data from cached files.
logits: tensor([[3.1088]], device='cuda:0'),     label:  2.109070062637329
loss of real network :  0.9981500681929066
Epoch 10: loss=0.000000
Epoch 20: loss=0.000000
Epoch 30: loss=0.000000
Epoch 40: loss=0.000000
Epoch 50: loss=0.000000
Epoch 60: loss=0.000000
Epoch 70: loss=0.000000
Epoch 80: loss=0.000000
Epoch 90: loss=0.000000
Epoch 100: loss=0.000000
validation : 4.1300858356407843e-07, MUTAG 7.45517513678351e-08, Muedim test 4.64879894934711e-07
logits: tensor([[23.8438]], device='cuda:0'),     label:  22.845504760742188
logits: tensor([[16.5720]], device='cuda:0'),     label:  15.573294639587402
logits: tensor([[26.8027]], device='cuda:0'),     label:  25.804975509643555
logits: tensor([[5.6771]], device='cuda:0'),     label:  4.677271366119385
logits: tensor([[5.2972]], device='cuda:0'),     label:  4.297412872314453
logits: tensor([[7.5257]], device='cuda:0'),     label:  6.526134967803955
logits: tensor([[3.8487]], device='cuda:0'),     label:  2.8490967750549316
logits: tensor([[7.6293]], device='cuda:0'),     label:  6.629817962646484
logits: tensor([[5.2404]], device='cuda:0'),     label:  4.24063777923584
logits: tensor([[5.4507]], device='cuda:0'),     label:  4.451227188110352
logits: tensor([[5.4212]], device='cuda:0'),     label:  4.421394348144531
logits: tensor([[6.5877]], device='cuda:0'),     label:  5.588235378265381
logits: tensor([[8.5966]], device='cuda:0'),     label:  7.597402572631836
logits: tensor([[9.5884]], device='cuda:0'),     label:  8.589285850524902
logits: tensor([[12.6598]], device='cuda:0'),     label:  11.660868644714355
logits: tensor([[7.1284]], device='cuda:0'),     label:  6.129032135009766
logits: tensor([[10.3991]], device='cuda:0'),     label:  9.40000057220459
logits: tensor([[5.7675]], device='cuda:0'),     label:  4.767731189727783
logits: tensor([[4.6689]], device='cuda:0'),     label:  3.669095277786255
logits: tensor([[37.0737]], device='cuda:0'),     label:  36.07692337036133
logits: tensor([[47.2181]], device='cuda:0'),     label:  46.22222137451172
Done loading data from cached files.
logits: tensor([[3.3848]], device='cuda:0'),     label:  2.3850529193878174
Done loading data from cached files.
logits: tensor([[3.1088]], device='cuda:0'),     label:  2.109070062637329
loss of real network :  0.9981472983224525
Epoch 10: loss=0.000005
Epoch 20: loss=0.000000
Epoch 30: loss=0.000000
Epoch 40: loss=0.000000
Epoch 50: loss=0.000000
Epoch 60: loss=0.000000
Epoch 70: loss=0.000000
Epoch 80: loss=0.000000
Epoch 90: loss=0.000000
Epoch 100: loss=0.000000
validation : 4.22192933910992e-07, MUTAG 7.45517513678351e-08, Muedim test 4.64879894934711e-07
logits: tensor([[23.8438]], device='cuda:0'),     label:  22.845504760742188
logits: tensor([[16.5720]], device='cuda:0'),     label:  15.573294639587402
logits: tensor([[26.8027]], device='cuda:0'),     label:  25.804975509643555
logits: tensor([[5.6771]], device='cuda:0'),     label:  4.677271366119385
logits: tensor([[5.2972]], device='cuda:0'),     label:  4.297412872314453
logits: tensor([[7.5257]], device='cuda:0'),     label:  6.526134967803955
logits: tensor([[3.8487]], device='cuda:0'),     label:  2.8490967750549316
logits: tensor([[7.6293]], device='cuda:0'),     label:  6.629817962646484
logits: tensor([[5.2404]], device='cuda:0'),     label:  4.24063777923584
logits: tensor([[5.4507]], device='cuda:0'),     label:  4.451227188110352
logits: tensor([[5.4212]], device='cuda:0'),     label:  4.421394348144531
logits: tensor([[6.5877]], device='cuda:0'),     label:  5.588235378265381
logits: tensor([[8.5966]], device='cuda:0'),     label:  7.597402572631836
logits: tensor([[9.5884]], device='cuda:0'),     label:  8.589285850524902
logits: tensor([[12.6598]], device='cuda:0'),     label:  11.660868644714355
logits: tensor([[7.1284]], device='cuda:0'),     label:  6.129032135009766
logits: tensor([[10.3991]], device='cuda:0'),     label:  9.40000057220459
logits: tensor([[5.7675]], device='cuda:0'),     label:  4.767731189727783
logits: tensor([[4.6689]], device='cuda:0'),     label:  3.669095277786255
logits: tensor([[37.0737]], device='cuda:0'),     label:  36.07692337036133
logits: tensor([[47.2181]], device='cuda:0'),     label:  46.22222137451172
Done loading data from cached files.
logits: tensor([[3.3848]], device='cuda:0'),     label:  2.3850529193878174
Done loading data from cached files.
logits: tensor([[3.1088]], device='cuda:0'),     label:  2.109070062637329
loss of real network :  0.9981472983224525
Epoch 10: loss=0.000001
Epoch 20: loss=0.000000
Epoch 30: loss=0.000000
Epoch 40: loss=0.000000
Epoch 50: loss=0.000000
Epoch 60: loss=0.000000
Epoch 70: loss=0.000000
Epoch 80: loss=0.000000
Epoch 90: loss=0.000000
Epoch 100: loss=0.000000
validation : 4.058249214722309e-07, MUTAG 7.413854746118887e-08, Muedim test 4.615737998392433e-07
logits: tensor([[23.8438]], device='cuda:0'),     label:  22.845504760742188
logits: tensor([[16.5720]], device='cuda:0'),     label:  15.573294639587402
logits: tensor([[26.8027]], device='cuda:0'),     label:  25.804975509643555
logits: tensor([[5.6771]], device='cuda:0'),     label:  4.677271366119385
logits: tensor([[5.2972]], device='cuda:0'),     label:  4.297412872314453
logits: tensor([[7.5257]], device='cuda:0'),     label:  6.526134967803955
logits: tensor([[3.8487]], device='cuda:0'),     label:  2.8490967750549316
logits: tensor([[7.6293]], device='cuda:0'),     label:  6.629817962646484
logits: tensor([[5.2404]], device='cuda:0'),     label:  4.24063777923584
logits: tensor([[5.4507]], device='cuda:0'),     label:  4.451227188110352
logits: tensor([[5.4212]], device='cuda:0'),     label:  4.421394348144531
logits: tensor([[6.5877]], device='cuda:0'),     label:  5.588235378265381
logits: tensor([[8.5966]], device='cuda:0'),     label:  7.597402572631836
logits: tensor([[9.5884]], device='cuda:0'),     label:  8.589285850524902
logits: tensor([[12.6598]], device='cuda:0'),     label:  11.660868644714355
logits: tensor([[7.1284]], device='cuda:0'),     label:  6.129032135009766
logits: tensor([[10.3991]], device='cuda:0'),     label:  9.40000057220459
logits: tensor([[5.7675]], device='cuda:0'),     label:  4.767731189727783
logits: tensor([[4.6689]], device='cuda:0'),     label:  3.669095277786255
logits: tensor([[37.0737]], device='cuda:0'),     label:  36.07692337036133
logits: tensor([[47.2181]], device='cuda:0'),     label:  46.22222137451172
Done loading data from cached files.
logits: tensor([[3.3848]], device='cuda:0'),     label:  2.3850529193878174
Done loading data from cached files.
logits: tensor([[3.1088]], device='cuda:0'),     label:  2.109070062637329
loss of real network :  0.9981500681929066
4.2761108286665855e-07      4.1375172804691824e-07      7.441314755851637e-08      4.635636360035278e-07      0.9981482821384098
