/home/p_gnngw/miniconda3/envs/cuda118/lib/python3.12/site-packages/torch/nn/modules/loss.py:535: UserWarning: Using a target size (torch.Size([100, 1])) that is different to the input size (torch.Size([100, 8])). This will likely lead to incorrect results due to broadcasting. Please ensure they have the same size.
  return F.mse_loss(input, target, reduction=self.reduction)
/home/p_gnngw/miniconda3/envs/cuda118/lib/python3.12/site-packages/torch/nn/modules/loss.py:535: UserWarning: Using a target size (torch.Size([69, 1])) that is different to the input size (torch.Size([69, 8])). This will likely lead to incorrect results due to broadcasting. Please ensure they have the same size.
  return F.mse_loss(input, target, reduction=self.reduction)
/home/p_gnngw/miniconda3/envs/cuda118/lib/python3.12/site-packages/torch/nn/modules/loss.py:535: UserWarning: Using a target size (torch.Size([19, 1])) that is different to the input size (torch.Size([19, 8])). This will likely lead to incorrect results due to broadcasting. Please ensure they have the same size.
  return F.mse_loss(input, target, reduction=self.reduction)
Epoch 10: loss=17.8174
Epoch 20: loss=15.7692
Epoch 30: loss=14.5979
Epoch 40: loss=13.8795
Epoch 50: loss=13.5938
Epoch 60: loss=13.4735
Epoch 70: loss=13.4138
Epoch 80: loss=13.3841
Epoch 90: loss=13.3693
Epoch 100: loss=13.3619
small_test : 3.034950866699219, medium_test 19924.518724609374
Weight shape for ginlayers.0.apply_func.linears.0.weight: torch.Size([8, 1])
Weights for ginlayers.0.apply_func.linears.0.weight: Parameter containing:
tensor([[ 0.5525],
        [-0.3653],
        [-0.2005],
        [ 0.4897],
        [-0.9185],
        [ 0.6529],
        [-0.2621],
        [ 0.4408]], device='cuda:0', requires_grad=True)
Weight shape for ginlayers.0.apply_func.batch_norm.weight: torch.Size([8])
Weights for ginlayers.0.apply_func.batch_norm.weight: Parameter containing:
tensor([1.0317, 0.9161, 0.9936, 1.0168, 0.9779, 1.0490, 1.0580, 0.9267],
       device='cuda:0', requires_grad=True)
Bias shape for ginlayers.0.apply_func.batch_norm.bias: torch.Size([8])
Biases for ginlayers.0.apply_func.batch_norm.bias: Parameter containing:
tensor([ 0.0260, -0.2486,  0.0105,  0.0200,  0.1467,  0.0566, -0.0565, -0.0618],
       device='cuda:0', requires_grad=True)
Weight shape for ginlayers.1.apply_func.linears.0.weight: torch.Size([8, 8])
Weights for ginlayers.1.apply_func.linears.0.weight: Parameter containing:
tensor([[-0.0009,  0.0074,  0.1327, -0.0317,  0.0956, -0.1869, -0.0172, -0.0807],
        [ 0.0215, -0.0011,  0.3319,  0.0823, -0.0798, -0.2422, -0.0332, -0.1818],
        [ 0.1004, -0.0154,  0.2447,  0.4028, -0.1890,  0.4325,  0.1557,  0.5437],
        [ 0.2608, -0.3226, -0.3299, -0.1404,  0.3523, -0.0296,  0.1743, -0.1347],
        [ 0.3425, -0.2722,  0.2035,  0.0023, -0.1463,  0.1787, -0.2313,  0.1014],
        [-0.1834,  0.0391, -0.2785, -0.2471,  0.1718, -0.1662,  0.3875,  0.2044],
        [ 0.0807, -0.2805,  0.2431,  0.2067, -0.0780,  0.3266,  0.2590,  0.4124],
        [-0.0970,  0.0411,  0.0522,  0.1506, -0.3361, -0.1504,  0.2022,  0.0149]],
       device='cuda:0', requires_grad=True)
Weight shape for ginlayers.1.apply_func.batch_norm.weight: torch.Size([8])
Weights for ginlayers.1.apply_func.batch_norm.weight: Parameter containing:
tensor([1.3816, 1.3800, 1.3832, 1.3863, 1.3839, 1.3811, 1.3835, 1.3833],
       device='cuda:0', requires_grad=True)
Bias shape for ginlayers.1.apply_func.batch_norm.bias: torch.Size([8])
Biases for ginlayers.1.apply_func.batch_norm.bias: Parameter containing:
tensor([0.3949, 0.3782, 0.3850, 0.3736, 0.3887, 0.3937, 0.3852, 0.3837],
       device='cuda:0', requires_grad=True)
