Epoch 10: loss=0.000001
Epoch 20: loss=0.000000
Epoch 30: loss=0.000000
Epoch 40: loss=0.000000
Epoch 50: loss=0.000000
Epoch 60: loss=0.000000
Epoch 70: loss=0.000000
Epoch 80: loss=0.000000
Epoch 90: loss=0.000000
Epoch 100: loss=0.000000
validation : 4.380743303045165e-07, MUTAG 7.716133723079111e-08, Muedim test 4.6761863814026583e-07
Done loading data from cached files.
Done loading data from cached files.
loss of real network :  0.9982422723710233
Epoch 10: loss=53.224146
Epoch 20: loss=53.224146
Epoch 30: loss=53.224146
Epoch 40: loss=53.224146
Epoch 50: loss=53.224146
Epoch 60: loss=53.224146
Epoch 70: loss=53.224146
Epoch 80: loss=53.224146
Epoch 90: loss=53.224146
Epoch 100: loss=53.224146
validation : 49.38248046875, MUTAG 9.569412231445312, Muedim test 52.96796997070312
Done loading data from cached files.
Done loading data from cached files.
loss of real network :  221.582449515566
Epoch 10: loss=53.032649
Epoch 20: loss=53.032649
Epoch 30: loss=53.032649
Epoch 40: loss=53.032649
Epoch 50: loss=53.032649
Epoch 60: loss=53.032649
Epoch 70: loss=53.032649
Epoch 80: loss=53.032649
Epoch 90: loss=53.032649
Epoch 100: loss=53.032649
validation : 51.1059521484375, MUTAG 9.569412231445312, Muedim test 52.96796997070312
Done loading data from cached files.
Done loading data from cached files.
loss of real network :  221.582449515566
Epoch 10: loss=0.000003
Epoch 20: loss=0.000000
Epoch 30: loss=0.000000
Epoch 40: loss=0.000000
Epoch 50: loss=0.000000
Epoch 60: loss=0.000000
Epoch 70: loss=0.000000
Epoch 80: loss=0.000000
Epoch 90: loss=0.000000
Epoch 100: loss=0.000000
validation : 4.1040797441382895e-07, MUTAG 7.337412625929574e-08, Muedim test 4.6027792450331617e-07
Done loading data from cached files.
Done loading data from cached files.
loss of real network :  0.9982888664225809
Epoch 10: loss=0.000002
Epoch 20: loss=0.000000
Epoch 30: loss=0.000000
Epoch 40: loss=0.000000
Epoch 50: loss=0.000000
Epoch 60: loss=0.000000
Epoch 70: loss=0.000000
Epoch 80: loss=0.000000
Epoch 90: loss=0.000000
Epoch 100: loss=0.000000
validation : 4.0582704968983307e-07, MUTAG 7.414956598950084e-08, Muedim test 4.6157251745171377e-07
Done loading data from cached files.
Done loading data from cached files.
loss of real network :  0.9982750501656955
21.251359250478693      20.097686774299373      3.8277649375151306      21.187188266175063      89.23194104401827
