-------------------------------label_type : transitivity---------------------

2-------------------------------feat_type : identity_feat---------------------


2.1--------------------------------------------model name  : ['gin']---------------------


2.1.1--------------------------------------------Grid_Search  : ['gin']---------------------
4
/project/p_gnn001/code/gnn_clean_code/utils.py:153: UserWarning: std_mean(): degrees of freedom is <= 0. Correction should be strictly less than the reduction factor (input numel divided by output numel). (Triggered internally at /opt/conda/conda-bld/pytorch_1708025824022/work/aten/src/ATen/native/ReduceOps.cpp:1760.)
  std, mean = torch.std_mean(array)
Trial 1/1
Epoch 10: loss=0.0031
Epoch 20: loss=0.0015
Epoch 30: loss=0.0011
Epoch 40: loss=0.0009
Epoch 50: loss=0.0006
Epoch 60: loss=0.0005
Epoch 70: loss=0.0004
Epoch 80: loss=0.0004
Epoch 90: loss=0.0004
Epoch 100: loss=0.0004
best trail model is : model_weights_trail0_dataset_identity_feat.pth
test mean acc: 0.0004, error bound: nan


2.1.2--------------------------------------------Train and Test  : ['gin']---------------------

-------------------------------label_type : density---------------------

2-------------------------------feat_type : identity_feat---------------------


2.1--------------------------------------------model name  : ['gin']---------------------


2.1.1--------------------------------------------Grid_Search  : ['gin']---------------------
/project/p_gnn001/code/gnn_clean_code/utils.py:153: UserWarning: std_mean(): degrees of freedom is <= 0. Correction should be strictly less than the reduction factor (input numel divided by output numel). (Triggered internally at /opt/conda/conda-bld/pytorch_1708025824022/work/aten/src/ATen/native/ReduceOps.cpp:1760.)
  std, mean = torch.std_mean(array)
Trial 1/1
Epoch 10: loss=66.8032
Epoch 20: loss=40.1744
Epoch 30: loss=33.2844
Epoch 40: loss=23.8884
Epoch 50: loss=20.0425
Epoch 60: loss=19.1616
Epoch 70: loss=18.2193
Epoch 80: loss=17.3781
Epoch 90: loss=17.0253
Epoch 100: loss=16.8573
best trail model is : model_weights_trail0_dataset_identity_feat.pth
test mean acc: 9.6913, error bound: nan


2.1.2--------------------------------------------Train and Test  : ['gin']---------------------

-------------------------------label_type : kurtosis---------------------

2-------------------------------feat_type : identity_feat---------------------


2.1--------------------------------------------model name  : ['gin']---------------------


2.1.1--------------------------------------------Grid_Search  : ['gin']---------------------
/project/p_gnn001/code/gnn_clean_code/utils.py:153: UserWarning: std_mean(): degrees of freedom is <= 0. Correction should be strictly less than the reduction factor (input numel divided by output numel). (Triggered internally at /opt/conda/conda-bld/pytorch_1708025824022/work/aten/src/ATen/native/ReduceOps.cpp:1760.)
  std, mean = torch.std_mean(array)
Trial 1/1
Epoch 10: loss=13.5249
Epoch 20: loss=10.9593
Epoch 30: loss=9.0077
Epoch 40: loss=7.0611
Epoch 50: loss=5.9765
Epoch 60: loss=5.4353
Epoch 70: loss=5.1592
Epoch 80: loss=4.9785
Epoch 90: loss=4.8954
Epoch 100: loss=4.8551
best trail model is : model_weights_trail0_dataset_identity_feat.pth
test mean acc: 12.6027, error bound: nan


2.1.2--------------------------------------------Train and Test  : ['gin']---------------------

-------------------------------label_type : average_path---------------------

2-------------------------------feat_type : identity_feat---------------------


2.1--------------------------------------------model name  : ['gin']---------------------


2.1.1--------------------------------------------Grid_Search  : ['gin']---------------------
/project/p_gnn001/code/gnn_clean_code/utils.py:153: UserWarning: std_mean(): degrees of freedom is <= 0. Correction should be strictly less than the reduction factor (input numel divided by output numel). (Triggered internally at /opt/conda/conda-bld/pytorch_1708025824022/work/aten/src/ATen/native/ReduceOps.cpp:1760.)
  std, mean = torch.std_mean(array)
Trial 1/1
Epoch 10: loss=0.0055
Epoch 20: loss=0.0022
Epoch 30: loss=0.0013
Epoch 40: loss=0.0010
Epoch 50: loss=0.0008
Epoch 60: loss=0.0007
Epoch 70: loss=0.0006
Epoch 80: loss=0.0006
Epoch 90: loss=0.0005
Epoch 100: loss=0.0005
best trail model is : model_weights_trail0_dataset_identity_feat.pth
test mean acc: 0.0009, error bound: nan


2.1.2--------------------------------------------Train and Test  : ['gin']---------------------


field : Social networks

../data_folder/facebook_combined.txt.gz number of nodes is :  4039
../data_folder/facebook_combined.txt.gz number of edges is :  88234
../data_folder/facebook_combined.txt.gz identity_feat : loss : 130.0967 

../data_folder/wiki-Vote.txt.gz number of nodes is :  7115
../data_folder/wiki-Vote.txt.gz number of edges is :  103689
../data_folder/wiki-Vote.txt.gz identity_feat : loss : 277.5717 


field : Networks with ground-truth communities

../data_folder/email-Eu-core.txt.gz number of nodes is :  1005
../data_folder/email-Eu-core.txt.gz number of edges is :  25571
../data_folder/email-Eu-core.txt.gz identity_feat : loss : 36.9256 


field : Internet peer-to-peer networks

../data_folder/p2p-Gnutella04.txt.gz number of nodes is :  10876
../data_folder/p2p-Gnutella04.txt.gz number of edges is :  39994
../data_folder/p2p-Gnutella04.txt.gz identity_feat : loss : 781.8035 

../data_folder/p2p-Gnutella08.txt.gz number of nodes is :  6301
../data_folder/p2p-Gnutella08.txt.gz number of edges is :  20777
../data_folder/p2p-Gnutella08.txt.gz identity_feat : loss : 496.5262 


field : Collaboration networks

../data_folder/ca-GrQc.txt.gz number of nodes is :  5242
../data_folder/ca-GrQc.txt.gz number of edges is :  28980
../data_folder/ca-GrQc.txt.gz identity_feat : loss : 338.5724 

CSphd number of nodes is :  1882
CSphd number of edges is :  3480
CSphd identity_feat : loss : 132.1944 
YeastS number of nodes is :  2361
YeastS number of edges is :  13828
YeastS identity_feat : loss : 112.3319 
geom number of nodes is :  7343
geom number of edges is :  23796
geom identity_feat : loss : 562.2518 
netsience number of nodes is :  1589
netsience number of edges is :  5484
netsience identity_feat : loss : 138.1177 
Erdos02 number of nodes is :  6927
Erdos02 number of edges is :  23700
Erdos02 identity_feat : loss : 213.0769 
karate number of nodes is :  34
karate number of edges is :  156
karate identity_feat : loss : 4.8156 
lesmis number of nodes is :  77
lesmis number of edges is :  508
lesmis identity_feat : loss : 6.7309 
adjnoun number of nodes is :  112
adjnoun number of edges is :  850
adjnoun identity_feat : loss : 6.2404 
football number of nodes is :  115
football number of edges is :  1226
football identity_feat : loss : 6.9174 
dolphins number of nodes is :  62
dolphins number of edges is :  318
dolphins identity_feat : loss : 5.7025 
polbooks number of nodes is :  105
polbooks number of edges is :  882
polbooks identity_feat : loss : 6.9620 
hep-th number of nodes is :  8361
hep-th number of edges is :  31502
hep-th identity_feat : loss : 587.3300 
power number of nodes is :  4941
power number of edges is :  13188
power identity_feat : loss : 315.9365 
CLUSTERDataset number of nodes is :  117
CLUSTERDataset number of edges is :  4104
CLUSTERDataset identity_feat : loss : 8.5939 
PATTERNDataset number of nodes is :  108
PATTERNDataset number of edges is :  4884
PATTERNDataset identity_feat : loss : 16.9254 
Done loading data from cached files.
TreeGridDataset number of nodes is :  1231
TreeGridDataset number of edges is :  1705
TreeGridDataset identity_feat : loss : 62.2370 
Done loading data from cached files.
TreeCycleDataset number of nodes is :  871
TreeCycleDataset number of edges is :  966
TreeCycleDataset identity_feat : loss : 48.9073 

field : Social networks

../data_folder/facebook_combined.txt.gz number of nodes is :  4039
../data_folder/facebook_combined.txt.gz number of edges is :  88234
../data_folder/facebook_combined.txt.gz identity_feat : loss : -4.3610 

../data_folder/wiki-Vote.txt.gz number of nodes is :  7115
../data_folder/wiki-Vote.txt.gz number of edges is :  103689
../data_folder/wiki-Vote.txt.gz identity_feat : loss : -8.9239 


field : Networks with ground-truth communities

../data_folder/email-Eu-core.txt.gz number of nodes is :  1005
../data_folder/email-Eu-core.txt.gz number of edges is :  25571
../data_folder/email-Eu-core.txt.gz identity_feat : loss : -0.4468 


field : Internet peer-to-peer networks

../data_folder/p2p-Gnutella04.txt.gz number of nodes is :  10876
../data_folder/p2p-Gnutella04.txt.gz number of edges is :  39994
../data_folder/p2p-Gnutella04.txt.gz identity_feat : loss : -19.1362 

../data_folder/p2p-Gnutella08.txt.gz number of nodes is :  6301
../data_folder/p2p-Gnutella08.txt.gz number of edges is :  20777
../data_folder/p2p-Gnutella08.txt.gz identity_feat : loss : -11.9642 


field : Collaboration networks

../data_folder/ca-GrQc.txt.gz number of nodes is :  5242
../data_folder/ca-GrQc.txt.gz number of edges is :  28980
../data_folder/ca-GrQc.txt.gz identity_feat : loss : -8.5934 

CSphd number of nodes is :  1882
CSphd number of edges is :  3480
CSphd identity_feat : loss : -3.6317 
YeastS number of nodes is :  2361
YeastS number of edges is :  13828
YeastS identity_feat : loss : -3.9309 
geom number of nodes is :  7343
geom number of edges is :  23796
geom identity_feat : loss : -14.4109 
netsience number of nodes is :  1589
netsience number of edges is :  5484
netsience identity_feat : loss : -2.4849 
Erdos02 number of nodes is :  6927
Erdos02 number of edges is :  23700
Erdos02 identity_feat : loss : -19.2826 
karate number of nodes is :  34
karate number of edges is :  156
karate identity_feat : loss : 0.4177 
lesmis number of nodes is :  77
lesmis number of edges is :  508
lesmis identity_feat : loss : 0.3594 
adjnoun number of nodes is :  112
adjnoun number of edges is :  850
adjnoun identity_feat : loss : 0.3870 
football number of nodes is :  115
football number of edges is :  1226
football identity_feat : loss : 0.4393 
dolphins number of nodes is :  62
dolphins number of edges is :  318
dolphins identity_feat : loss : 0.3816 
polbooks number of nodes is :  105
polbooks number of edges is :  882
polbooks identity_feat : loss : 0.4154 
hep-th number of nodes is :  8361
hep-th number of edges is :  31502
hep-th identity_feat : loss : -15.2504 
power number of nodes is :  4941
power number of edges is :  13188
power identity_feat : loss : -8.9561 
CLUSTERDataset number of nodes is :  117
CLUSTERDataset number of edges is :  4104
CLUSTERDataset identity_feat : loss : 0.4406 
PATTERNDataset number of nodes is :  108
PATTERNDataset number of edges is :  4884
PATTERNDataset identity_feat : loss : 0.4460 
Done loading data from cached files.
TreeGridDataset number of nodes is :  1231
TreeGridDataset number of edges is :  1705
TreeGridDataset identity_feat : loss : -1.4336 
Done loading data from cached files.
TreeCycleDataset number of nodes is :  871
TreeCycleDataset number of edges is :  966
TreeCycleDataset identity_feat : loss : -1.0135 

field : Social networks

../data_folder/facebook_combined.txt.gz number of nodes is :  4039
../data_folder/facebook_combined.txt.gz number of edges is :  88234
../data_folder/facebook_combined.txt.gz identity_feat : loss : 4481.6567 

../data_folder/wiki-Vote.txt.gz number of nodes is :  7115
../data_folder/wiki-Vote.txt.gz number of edges is :  103689
../data_folder/wiki-Vote.txt.gz identity_feat : loss : 5812.4019 


field : Networks with ground-truth communities

../data_folder/email-Eu-core.txt.gz number of nodes is :  1005
../data_folder/email-Eu-core.txt.gz number of edges is :  25571
../data_folder/email-Eu-core.txt.gz identity_feat : loss : 813.2684 


field : Internet peer-to-peer networks

../data_folder/p2p-Gnutella04.txt.gz number of nodes is :  10876
../data_folder/p2p-Gnutella04.txt.gz number of edges is :  39994
../data_folder/p2p-Gnutella04.txt.gz identity_feat : loss : 2719.6904 

../data_folder/p2p-Gnutella08.txt.gz number of nodes is :  6301
../data_folder/p2p-Gnutella08.txt.gz number of edges is :  20777
../data_folder/p2p-Gnutella08.txt.gz identity_feat : loss : 1388.3086 


field : Collaboration networks

../data_folder/ca-GrQc.txt.gz number of nodes is :  5242
../data_folder/ca-GrQc.txt.gz number of edges is :  28980
../data_folder/ca-GrQc.txt.gz identity_feat : loss : 972.6658 

CSphd number of nodes is :  1882
CSphd number of edges is :  3480
CSphd identity_feat : loss : 246.9041 
YeastS number of nodes is :  2361
YeastS number of edges is :  13828
YeastS identity_feat : loss : 511.4109 
geom number of nodes is :  7343
geom number of edges is :  23796
geom identity_feat : loss : 874.1407 
netsience number of nodes is :  1589
netsience number of edges is :  5484
netsience identity_feat : loss : 203.1740 
Erdos02 number of nodes is :  6927
Erdos02 number of edges is :  23700
Erdos02 identity_feat : loss : 875.7176 
karate number of nodes is :  34
karate number of edges is :  156
karate identity_feat : loss : 2.1143 
lesmis number of nodes is :  77
lesmis number of edges is :  508
lesmis identity_feat : loss : 11.5935 
adjnoun number of nodes is :  112
adjnoun number of edges is :  850
adjnoun identity_feat : loss : 19.3609 
football number of nodes is :  115
football number of edges is :  1226
football identity_feat : loss : 25.4405 
dolphins number of nodes is :  62
dolphins number of edges is :  318
dolphins identity_feat : loss : 5.5856 
polbooks number of nodes is :  105
polbooks number of edges is :  882
polbooks identity_feat : loss : 23.0263 
hep-th number of nodes is :  8361
hep-th number of edges is :  31502
hep-th identity_feat : loss : 1247.6213 
power number of nodes is :  4941
power number of edges is :  13188
power identity_feat : loss : 636.0792 
CLUSTERDataset number of nodes is :  117
CLUSTERDataset number of edges is :  4104
CLUSTERDataset identity_feat : loss : 78.4004 
PATTERNDataset number of nodes is :  108
PATTERNDataset number of edges is :  4884
PATTERNDataset identity_feat : loss : 94.1624 
Done loading data from cached files.
TreeGridDataset number of nodes is :  1231
TreeGridDataset number of edges is :  1705
TreeGridDataset identity_feat : loss : 174.5177 
Done loading data from cached files.
TreeCycleDataset number of nodes is :  871
TreeCycleDataset number of edges is :  966
TreeCycleDataset identity_feat : loss : 96.2974 

field : Social networks

../data_folder/facebook_combined.txt.gz number of nodes is :  4039
../data_folder/facebook_combined.txt.gz number of edges is :  88234
../data_folder/facebook_combined.txt.gz identity_feat : loss : 32.6762 

../data_folder/wiki-Vote.txt.gz number of nodes is :  7115
../data_folder/wiki-Vote.txt.gz number of edges is :  103689
../data_folder/wiki-Vote.txt.gz identity_feat : loss : 85.0226 


field : Networks with ground-truth communities

../data_folder/email-Eu-core.txt.gz number of nodes is :  1005
../data_folder/email-Eu-core.txt.gz number of edges is :  25571
../data_folder/email-Eu-core.txt.gz identity_feat : loss : 11.1446 


field : Internet peer-to-peer networks

../data_folder/p2p-Gnutella04.txt.gz number of nodes is :  10876
../data_folder/p2p-Gnutella04.txt.gz number of edges is :  39994
../data_folder/p2p-Gnutella04.txt.gz identity_feat : loss : 231.7339 

../data_folder/p2p-Gnutella08.txt.gz number of nodes is :  6301
../data_folder/p2p-Gnutella08.txt.gz number of edges is :  20777
../data_folder/p2p-Gnutella08.txt.gz identity_feat : loss : 140.4173 


field : Collaboration networks

../data_folder/ca-GrQc.txt.gz number of nodes is :  5242
../data_folder/ca-GrQc.txt.gz number of edges is :  28980
../data_folder/ca-GrQc.txt.gz identity_feat : loss : 117.4606 

CSphd number of nodes is :  1882
CSphd number of edges is :  3480
CSphd identity_feat : loss : 48.9230 
YeastS number of nodes is :  2361
YeastS number of edges is :  13828
YeastS identity_feat : loss : 49.7263 
geom number of nodes is :  7343
geom number of edges is :  23796
geom identity_feat : loss : 172.5412 
netsience number of nodes is :  1589
netsience number of edges is :  5484
netsience identity_feat : loss : 38.9994 
Erdos02 number of nodes is :  6927
Erdos02 number of edges is :  23700
Erdos02 identity_feat : loss : 106.5611 
karate number of nodes is :  34
karate number of edges is :  156
karate identity_feat : loss : 1.9992 
lesmis number of nodes is :  77
lesmis number of edges is :  508
lesmis identity_feat : loss : 2.7795 
adjnoun number of nodes is :  112
adjnoun number of edges is :  850
adjnoun identity_feat : loss : 3.4944 
football number of nodes is :  115
football number of edges is :  1226
football identity_feat : loss : 3.2865 
dolphins number of nodes is :  62
dolphins number of edges is :  318
dolphins identity_feat : loss : 2.5389 
polbooks number of nodes is :  105
polbooks number of edges is :  882
polbooks identity_feat : loss : 3.2819 
hep-th number of nodes is :  8361
hep-th number of edges is :  31502
hep-th identity_feat : loss : 198.5098 
power number of nodes is :  4941
power number of edges is :  13188
power identity_feat : loss : 124.5563 
CLUSTERDataset number of nodes is :  117
CLUSTERDataset number of edges is :  4104
CLUSTERDataset identity_feat : loss : 2.4849 
PATTERNDataset number of nodes is :  108
PATTERNDataset number of edges is :  4884
PATTERNDataset identity_feat : loss : 2.2510 
Done loading data from cached files.
TreeGridDataset number of nodes is :  1231
TreeGridDataset number of edges is :  1705
TreeGridDataset identity_feat : loss : 30.8963 
Done loading data from cached files.
TreeCycleDataset number of nodes is :  871
TreeCycleDataset number of edges is :  966
TreeCycleDataset identity_feat : loss : 22.7967 
