Epoch 10: loss=0.000001
Epoch 20: loss=0.000000
Epoch 30: loss=0.000000
Epoch 40: loss=0.000000
Epoch 50: loss=0.000000
Epoch 60: loss=0.000000
Epoch 70: loss=0.000000
Epoch 80: loss=0.000000
Epoch 90: loss=0.000000
Epoch 100: loss=0.000000
validation : 4.34135854447959e-07, MUTAG 7.426649290209752e-08, Muedim test 4.648645335691981e-07
Done loading data from cached files.
Done loading data from cached files.
loss of real network :  1.6364674549955136e-06
Epoch 10: loss=0.000004
Epoch 20: loss=0.000000
Epoch 30: loss=0.000000
Epoch 40: loss=0.000000
Epoch 50: loss=0.000000
Epoch 60: loss=0.000000
Epoch 70: loss=0.000000
Epoch 80: loss=0.000000
Epoch 90: loss=0.000000
Epoch 100: loss=0.000000
validation : 3.576468770916108e-07, MUTAG 6.72609075991204e-08, Muedim test 4.4175640141475013e-07
Done loading data from cached files.
Done loading data from cached files.
loss of real network :  1.4732354164043895e-06
Epoch 10: loss=0.000003
Epoch 20: loss=0.000000
Epoch 30: loss=0.000000
Epoch 40: loss=0.000000
Epoch 50: loss=0.000000
Epoch 60: loss=0.000000
Epoch 70: loss=0.000000
Epoch 80: loss=0.000000
Epoch 90: loss=0.000000
Epoch 100: loss=0.000000
validation : 3.9862246921984477e-07, MUTAG 7.306741736101686e-08, Muedim test 4.5773556848871523e-07
Done loading data from cached files.
Done loading data from cached files.
loss of real network :  1.5988083242251852e-06
Epoch 10: loss=0.000000
Epoch 20: loss=0.000000
Epoch 30: loss=0.000000
Epoch 40: loss=0.000000
Epoch 50: loss=0.000000
Epoch 60: loss=0.000000
Epoch 70: loss=0.000000
Epoch 80: loss=0.000000
Epoch 90: loss=0.000000
Epoch 100: loss=0.000000
validation : 4.236062886775471e-07, MUTAG 7.555287311333813e-08, Muedim test 4.6571298298658805e-07
Done loading data from cached files.
Done loading data from cached files.
loss of real network :  1.6530025808823785e-06
Epoch 10: loss=0.000002
Epoch 20: loss=0.000000
Epoch 30: loss=0.000000
Epoch 40: loss=0.000000
Epoch 50: loss=0.000000
Epoch 60: loss=0.000000
Epoch 70: loss=0.000000
Epoch 80: loss=0.000000
Epoch 90: loss=0.000000
Epoch 100: loss=0.000000
validation : 4.0582704968983307e-07, MUTAG 7.414956598950084e-08, Muedim test 4.6157251745171377e-07
Done loading data from cached files.
Done loading data from cached files.
loss of real network :  1.6332730000533997e-06
Epoch 10: loss=0.000006
Epoch 20: loss=0.000000
Epoch 30: loss=0.000000
Epoch 40: loss=0.000000
Epoch 50: loss=0.000000
Epoch 60: loss=0.000000
Epoch 70: loss=0.000000
Epoch 80: loss=0.000000
Epoch 90: loss=0.000000
Epoch 100: loss=0.000000
validation : 3.1395553378388286e-07, MUTAG 6.312425966825685e-08, Muedim test 3.331470179546159e-07
Done loading data from cached files.
Done loading data from cached files.
loss of real network :  1.3596253117374664e-06
Epoch 10: loss=0.000001
Epoch 20: loss=0.000000
Epoch 30: loss=0.000000
Epoch 40: loss=0.000000
Epoch 50: loss=0.000000
Epoch 60: loss=0.000000
Epoch 70: loss=0.000000
Epoch 80: loss=0.000000
Epoch 90: loss=0.000000
Epoch 100: loss=0.000000
validation : 4.1818937461357565e-07, MUTAG 7.414956598950084e-08, Muedim test 4.615737998392433e-07
Done loading data from cached files.
Done loading data from cached files.
loss of real network :  1.6344003385078711e-06
Epoch 10: loss=0.000001
Epoch 20: loss=0.000000
Epoch 30: loss=0.000000
Epoch 40: loss=0.000000
Epoch 50: loss=0.000000
Epoch 60: loss=0.000000
Epoch 70: loss=0.000000
Epoch 80: loss=0.000000
Epoch 90: loss=0.000000
Epoch 100: loss=0.000000
validation : 4.089254252903629e-07, MUTAG 7.413854746118887e-08, Muedim test 4.610834275808884e-07
Done loading data from cached files.
Done loading data from cached files.
loss of real network :  1.6315612074520132e-06
Epoch 10: loss=0.000001
Epoch 20: loss=0.000000
Epoch 30: loss=0.000000
Epoch 40: loss=0.000000
Epoch 50: loss=0.000000
Epoch 60: loss=0.000000
Epoch 70: loss=0.000000
Epoch 80: loss=0.000000
Epoch 90: loss=0.000000
Epoch 100: loss=0.000000
validation : 4.7123998228926214e-07, MUTAG 8.073149274423485e-08, Muedim test 4.978959532309091e-07
Done loading data from cached files.
Done loading data from cached files.
loss of real network :  1.7816528196343153e-06
Epoch 10: loss=0.000003
Epoch 20: loss=0.000000
Epoch 30: loss=0.000000
Epoch 40: loss=0.000000
Epoch 50: loss=0.000000
Epoch 60: loss=0.000000
Epoch 70: loss=0.000000
Epoch 80: loss=0.000000
Epoch 90: loss=0.000000
Epoch 100: loss=0.000000
validation : 4.5493594370782374e-07, MUTAG 7.319211363210343e-08, Muedim test 4.6021198613743763e-07
Done loading data from cached files.
Done loading data from cached files.
loss of real network :  1.602456172161945e-06
4.138370100513889e-07      4.087084798811702e-07      7.296332364603586e-08      4.505554188654059e-07      1.6004482626054476e-06
