   model      feat_type       network_name  ...          y  num_nodes  num_edges
0    gin  identity_feat  facebook_combined  ...  43.691013       4039      88234
1    gin  identity_feat          wiki-Vote  ...  28.323823       7115     103689
3    gin  identity_feat     p2p-Gnutella04  ...   7.354542      10876      39994
4    gin  identity_feat     p2p-Gnutella08  ...   6.594826       6301      20777
6    gin  identity_feat              CSphd  ...   1.849097       1882       3480
8    gin  identity_feat               geom  ...   3.240637       7343      23796
9    gin  identity_feat          netsience  ...   3.451227       1589       5484
13   gin  identity_feat            adjnoun  ...   7.589286        112        850
14   gin  identity_feat           football  ...  10.660870        115       1226
17   gin  identity_feat             hep-th  ...   3.767731       8361      31502
19   gin  identity_feat     CLUSTERDataset  ...  35.076923        117       4104
21   gin  identity_feat    TreeGridDataset  ...   2.770106       1231       1705

[12 rows x 7 columns]
   model      feat_type       network_name  ...         y  num_nodes  num_edges
0    gin  identity_feat  facebook_combined  ...  0.519174       4039      88234
1    gin  identity_feat          wiki-Vote  ...  0.125479       7115     103689
3    gin  identity_feat     p2p-Gnutella04  ...  0.005402      10876      39994
4    gin  identity_feat     p2p-Gnutella08  ...  0.020660       6301      20777
6    gin  identity_feat              CSphd  ...  0.003623       1882       3480
8    gin  identity_feat               geom  ...  0.240430       7343      23796
9    gin  identity_feat          netsience  ...  0.693441       1589       5484
13   gin  identity_feat            adjnoun  ...  0.156935        112        850
14   gin  identity_feat           football  ...  0.407240        115       1226
17   gin  identity_feat             hep-th  ...  0.329576       8361      31502
19   gin  identity_feat     CLUSTERDataset  ...  0.315569        117       4104
21   gin  identity_feat    TreeGridDataset  ...  0.000000       1231       1705

[12 rows x 7 columns]
   model      feat_type       network_name  ...           y  num_nodes  num_edges
0    gin  identity_feat  facebook_combined  ...    3.402576       4039      88234
1    gin  identity_feat          wiki-Vote  ...  228.318661       7115     103689
3    gin  identity_feat     p2p-Gnutella04  ...   17.980164      10876      39994
4    gin  identity_feat     p2p-Gnutella08  ...   27.740555       6301      20777
6    gin  identity_feat              CSphd  ...   13.984305       1882       3480
8    gin  identity_feat               geom  ...   16.879221       7343      23796
9    gin  identity_feat          netsience  ...    1.428629       1589       5484
13   gin  identity_feat            adjnoun  ...   -1.293100        112        850
14   gin  identity_feat           football  ...    0.115008        115       1226
17   gin  identity_feat             hep-th  ...    6.039269       8361      31502
19   gin  identity_feat     CLUSTERDataset  ...   -0.845169        117       4104
21   gin  identity_feat    TreeGridDataset  ...   -0.435806       1231       1705

[12 rows x 7 columns]
   model      feat_type       network_name  ...         y  num_nodes  num_edges
0    gin  identity_feat  facebook_combined  ...  0.641696       4039      88234
1    gin  identity_feat          wiki-Vote  ... -0.026710       7115     103689
3    gin  identity_feat     p2p-Gnutella04  ...  2.440984      10876      39994
4    gin  identity_feat     p2p-Gnutella08  ...  1.939025       6301      20777
6    gin  identity_feat              CSphd  ...  2.795812       1882       3480
8    gin  identity_feat               geom  ...  0.535896       7343      23796
9    gin  identity_feat          netsience  ... -0.588242       1589       5484
13   gin  identity_feat            adjnoun  ...  2.535553        112        850
14   gin  identity_feat           football  ...  2.508162        115       1226
17   gin  identity_feat             hep-th  ...  2.909184       8361      31502
19   gin  identity_feat     CLUSTERDataset  ...  1.697613        117       4104
21   gin  identity_feat    TreeGridDataset  ... -0.964333       1231       1705

[12 rows x 7 columns]
   model      feat_type       network_name  ...          y  num_nodes  num_edges
0    gin  identity_feat  facebook_combined  ...  43.691013       4039      88234
1    gin  identity_feat          wiki-Vote  ...  28.323823       7115     103689
3    gin  identity_feat     p2p-Gnutella04  ...   7.354542      10876      39994
4    gin  identity_feat     p2p-Gnutella08  ...   6.594826       6301      20777
6    gin  identity_feat              CSphd  ...   1.849097       1882       3480
8    gin  identity_feat               geom  ...   3.240637       7343      23796
9    gin  identity_feat          netsience  ...   3.451227       1589       5484
13   gin  identity_feat            adjnoun  ...   7.589286        112        850
14   gin  identity_feat           football  ...  10.660870        115       1226
17   gin  identity_feat             hep-th  ...   3.767731       8361      31502
19   gin  identity_feat     CLUSTERDataset  ...  35.076923        117       4104
21   gin  identity_feat    TreeGridDataset  ...   2.770106       1231       1705

[12 rows x 7 columns]
   model      feat_type       network_name  ...         y  num_nodes  num_edges
0    gin  identity_feat  facebook_combined  ...  0.519174       4039      88234
1    gin  identity_feat          wiki-Vote  ...  0.125479       7115     103689
3    gin  identity_feat     p2p-Gnutella04  ...  0.005402      10876      39994
4    gin  identity_feat     p2p-Gnutella08  ...  0.020660       6301      20777
6    gin  identity_feat              CSphd  ...  0.003623       1882       3480
8    gin  identity_feat               geom  ...  0.240430       7343      23796
9    gin  identity_feat          netsience  ...  0.693441       1589       5484
13   gin  identity_feat            adjnoun  ...  0.156935        112        850
14   gin  identity_feat           football  ...  0.407240        115       1226
17   gin  identity_feat             hep-th  ...  0.329576       8361      31502
19   gin  identity_feat     CLUSTERDataset  ...  0.315569        117       4104
21   gin  identity_feat    TreeGridDataset  ...  0.000000       1231       1705

[12 rows x 7 columns]
   model      feat_type       network_name  ...           y  num_nodes  num_edges
0    gin  identity_feat  facebook_combined  ...    3.402576       4039      88234
1    gin  identity_feat          wiki-Vote  ...  228.318661       7115     103689
3    gin  identity_feat     p2p-Gnutella04  ...   17.980164      10876      39994
4    gin  identity_feat     p2p-Gnutella08  ...   27.740555       6301      20777
6    gin  identity_feat              CSphd  ...   13.984305       1882       3480
8    gin  identity_feat               geom  ...   16.879221       7343      23796
9    gin  identity_feat          netsience  ...    1.428629       1589       5484
13   gin  identity_feat            adjnoun  ...   -1.293100        112        850
14   gin  identity_feat           football  ...    0.115008        115       1226
17   gin  identity_feat             hep-th  ...    6.039269       8361      31502
19   gin  identity_feat     CLUSTERDataset  ...   -0.845169        117       4104
21   gin  identity_feat    TreeGridDataset  ...   -0.435806       1231       1705

[12 rows x 7 columns]
   model      feat_type       network_name  ...         y  num_nodes  num_edges
0    gin  identity_feat  facebook_combined  ...  0.641696       4039      88234
1    gin  identity_feat          wiki-Vote  ... -0.026710       7115     103689
3    gin  identity_feat     p2p-Gnutella04  ...  2.440984      10876      39994
4    gin  identity_feat     p2p-Gnutella08  ...  1.939025       6301      20777
6    gin  identity_feat              CSphd  ...  2.795812       1882       3480
8    gin  identity_feat               geom  ...  0.535896       7343      23796
9    gin  identity_feat          netsience  ... -0.588242       1589       5484
13   gin  identity_feat            adjnoun  ...  2.535553        112        850
14   gin  identity_feat           football  ...  2.508162        115       1226
17   gin  identity_feat             hep-th  ...  2.909184       8361      31502
19   gin  identity_feat     CLUSTERDataset  ...  1.697613        117       4104
21   gin  identity_feat    TreeGridDataset  ... -0.964333       1231       1705

[12 rows x 7 columns]
