
field : Social networks

loss : 1.0000 

loss : 1.0000 


field : Networks with ground-truth communities

loss : 1.0000 


field : Internet peer-to-peer networks

loss : 1.0000 

loss : 1.0000 


field : Collaboration networks

loss : 1.0000 

An error occurred: The truth value of a Series is ambiguous. Use a.empty, a.bool(), a.item(), a.any() or a.all().
loss : 1.0000 
An error occurred: The truth value of a Series is ambiguous. Use a.empty, a.bool(), a.item(), a.any() or a.all().
An error occurred: The truth value of a Series is ambiguous. Use a.empty, a.bool(), a.item(), a.any() or a.all().
loss : 1.0000 
loss : 1.0000 
loss : 1.0000 
An error occurred: The truth value of a Series is ambiguous. Use a.empty, a.bool(), a.item(), a.any() or a.all().
An error occurred: The truth value of a Series is ambiguous. Use a.empty, a.bool(), a.item(), a.any() or a.all().
loss : 1.0000 
loss : 1.0000 
An error occurred: The truth value of a Series is ambiguous. Use a.empty, a.bool(), a.item(), a.any() or a.all().
loss : 1.0000 
An error occurred: The truth value of a Series is ambiguous. Use a.empty, a.bool(), a.item(), a.any() or a.all().
loss : 1.0000 
Done loading data from cached files.
An error occurred: The truth value of a Series is ambiguous. Use a.empty, a.bool(), a.item(), a.any() or a.all().
Done loading data from cached files.
loss : 1.0000 
[[1.0], [1.0], [1.0], [1.0], [1.0], [1.0], [1.0], [1.0], [1.0], [1.0], [1.0], [1.0], [1.0], [1.0], [1.0]]
Traceback (most recent call last):
  File "/home/p_gnngw/miniconda3/envs/cuda118/lib/python3.12/site-packages/pandas/core/internals/construction.py", line 939, in _finalize_columns_and_data
    columns = _validate_or_indexify_columns(contents, columns)
              ^^^^^^^^^^^^^^^^^^^^^^^^^^^^^^^^^^^^^^^^^^^^^^^^
  File "/home/p_gnngw/miniconda3/envs/cuda118/lib/python3.12/site-packages/pandas/core/internals/construction.py", line 986, in _validate_or_indexify_columns
    raise AssertionError(
AssertionError: 2 columns passed, passed data had 1 columns

The above exception was the direct cause of the following exception:

Traceback (most recent call last):
  File "/project/p_gnn001/code/gnn_clean_code/test_stanford_networks.py", line 720, in <module>
    test_networks(model, args, result, args2.real_network_folder)
  File "/project/p_gnn001/code/gnn_clean_code/test_stanford_networks.py", line 465, in test_networks
    df = pd.DataFrame(ans, columns=['pred_y', 'y'], index=index)
         ^^^^^^^^^^^^^^^^^^^^^^^^^^^^^^^^^^^^^^^^^^^^^^^^^^^^^^^
  File "/home/p_gnngw/miniconda3/envs/cuda118/lib/python3.12/site-packages/pandas/core/frame.py", line 840, in __init__
    arrays, columns, index = nested_data_to_arrays(
                             ^^^^^^^^^^^^^^^^^^^^^^
  File "/home/p_gnngw/miniconda3/envs/cuda118/lib/python3.12/site-packages/pandas/core/internals/construction.py", line 520, in nested_data_to_arrays
    arrays, columns = to_arrays(data, columns, dtype=dtype)
                      ^^^^^^^^^^^^^^^^^^^^^^^^^^^^^^^^^^^^^
  File "/home/p_gnngw/miniconda3/envs/cuda118/lib/python3.12/site-packages/pandas/core/internals/construction.py", line 845, in to_arrays
    content, columns = _finalize_columns_and_data(arr, columns, dtype)
                       ^^^^^^^^^^^^^^^^^^^^^^^^^^^^^^^^^^^^^^^^^^^^^^^
  File "/home/p_gnngw/miniconda3/envs/cuda118/lib/python3.12/site-packages/pandas/core/internals/construction.py", line 942, in _finalize_columns_and_data
    raise ValueError(err) from err
ValueError: 2 columns passed, passed data had 1 columns

field : Social networks

loss : 1.0000 

loss : 1.0000 


field : Networks with ground-truth communities

loss : 1.0000 


field : Internet peer-to-peer networks

loss : 1.0000 

loss : 1.0000 


field : Collaboration networks

loss : 1.0000 

An error occurred: The truth value of a Series is ambiguous. Use a.empty, a.bool(), a.item(), a.any() or a.all().
loss : 1.0000 
An error occurred: The truth value of a Series is ambiguous. Use a.empty, a.bool(), a.item(), a.any() or a.all().
An error occurred: The truth value of a Series is ambiguous. Use a.empty, a.bool(), a.item(), a.any() or a.all().
loss : 1.0000 
loss : 1.0000 
loss : 1.0000 
An error occurred: The truth value of a Series is ambiguous. Use a.empty, a.bool(), a.item(), a.any() or a.all().
An error occurred: The truth value of a Series is ambiguous. Use a.empty, a.bool(), a.item(), a.any() or a.all().
loss : 1.0000 
loss : 1.0000 
An error occurred: The truth value of a Series is ambiguous. Use a.empty, a.bool(), a.item(), a.any() or a.all().
loss : 1.0000 
An error occurred: The truth value of a Series is ambiguous. Use a.empty, a.bool(), a.item(), a.any() or a.all().
loss : 1.0000 
Done loading data from cached files.
An error occurred: The truth value of a Series is ambiguous. Use a.empty, a.bool(), a.item(), a.any() or a.all().
Done loading data from cached files.
loss : 1.0000 
[[1.0], [1.0], [1.0], [1.0], [1.0], [1.0], [1.0], [1.0], [1.0], [1.0], [1.0], [1.0], [1.0], [1.0], [1.0]]
Traceback (most recent call last):
  File "/home/p_gnngw/miniconda3/envs/cuda118/lib/python3.12/site-packages/pandas/core/internals/construction.py", line 939, in _finalize_columns_and_data
    columns = _validate_or_indexify_columns(contents, columns)
              ^^^^^^^^^^^^^^^^^^^^^^^^^^^^^^^^^^^^^^^^^^^^^^^^
  File "/home/p_gnngw/miniconda3/envs/cuda118/lib/python3.12/site-packages/pandas/core/internals/construction.py", line 986, in _validate_or_indexify_columns
    raise AssertionError(
AssertionError: 2 columns passed, passed data had 1 columns

The above exception was the direct cause of the following exception:

Traceback (most recent call last):
  File "/project/p_gnn001/code/gnn_clean_code/test_stanford_networks.py", line 720, in <module>
    test_networks(model, args, result, args2.real_network_folder)
  File "/project/p_gnn001/code/gnn_clean_code/test_stanford_networks.py", line 465, in test_networks
    df = pd.DataFrame(ans, columns=['pred_y', 'y'], index=index)
         ^^^^^^^^^^^^^^^^^^^^^^^^^^^^^^^^^^^^^^^^^^^^^^^^^^^^^^^
  File "/home/p_gnngw/miniconda3/envs/cuda118/lib/python3.12/site-packages/pandas/core/frame.py", line 840, in __init__
    arrays, columns, index = nested_data_to_arrays(
                             ^^^^^^^^^^^^^^^^^^^^^^
  File "/home/p_gnngw/miniconda3/envs/cuda118/lib/python3.12/site-packages/pandas/core/internals/construction.py", line 520, in nested_data_to_arrays
    arrays, columns = to_arrays(data, columns, dtype=dtype)
                      ^^^^^^^^^^^^^^^^^^^^^^^^^^^^^^^^^^^^^
  File "/home/p_gnngw/miniconda3/envs/cuda118/lib/python3.12/site-packages/pandas/core/internals/construction.py", line 845, in to_arrays
    content, columns = _finalize_columns_and_data(arr, columns, dtype)
                       ^^^^^^^^^^^^^^^^^^^^^^^^^^^^^^^^^^^^^^^^^^^^^^^
  File "/home/p_gnngw/miniconda3/envs/cuda118/lib/python3.12/site-packages/pandas/core/internals/construction.py", line 942, in _finalize_columns_and_data
    raise ValueError(err) from err
ValueError: 2 columns passed, passed data had 1 columns

field : Social networks

loss : 1.0000 

loss : 1.0000 


field : Networks with ground-truth communities

loss : 1.0000 


field : Internet peer-to-peer networks

loss : 1.0000 

loss : 1.0000 


field : Collaboration networks

loss : 1.0000 

An error occurred: The truth value of a Series is ambiguous. Use a.empty, a.bool(), a.item(), a.any() or a.all().
loss : 1.0000 
An error occurred: The truth value of a Series is ambiguous. Use a.empty, a.bool(), a.item(), a.any() or a.all().
An error occurred: The truth value of a Series is ambiguous. Use a.empty, a.bool(), a.item(), a.any() or a.all().
loss : 1.0000 
loss : 1.0000 
loss : 1.0000 
An error occurred: The truth value of a Series is ambiguous. Use a.empty, a.bool(), a.item(), a.any() or a.all().
An error occurred: The truth value of a Series is ambiguous. Use a.empty, a.bool(), a.item(), a.any() or a.all().
loss : 1.0000 
loss : 1.0000 
An error occurred: The truth value of a Series is ambiguous. Use a.empty, a.bool(), a.item(), a.any() or a.all().
loss : 1.0000 
An error occurred: The truth value of a Series is ambiguous. Use a.empty, a.bool(), a.item(), a.any() or a.all().
loss : 1.0000 
Done loading data from cached files.
An error occurred: The truth value of a Series is ambiguous. Use a.empty, a.bool(), a.item(), a.any() or a.all().
Done loading data from cached files.
loss : 1.0000 
[[1.0], [1.0], [1.0], [1.0], [1.0], [1.0], [1.0], [1.0], [1.0], [1.0], [1.0], [1.0], [1.0], [1.0], [1.0]]
Traceback (most recent call last):
  File "/home/p_gnngw/miniconda3/envs/cuda118/lib/python3.12/site-packages/pandas/core/internals/construction.py", line 939, in _finalize_columns_and_data
    columns = _validate_or_indexify_columns(contents, columns)
              ^^^^^^^^^^^^^^^^^^^^^^^^^^^^^^^^^^^^^^^^^^^^^^^^
  File "/home/p_gnngw/miniconda3/envs/cuda118/lib/python3.12/site-packages/pandas/core/internals/construction.py", line 986, in _validate_or_indexify_columns
    raise AssertionError(
AssertionError: 2 columns passed, passed data had 1 columns

The above exception was the direct cause of the following exception:

Traceback (most recent call last):
  File "/project/p_gnn001/code/gnn_clean_code/test_stanford_networks.py", line 720, in <module>
    test_networks(model, args, result, args2.real_network_folder)
  File "/project/p_gnn001/code/gnn_clean_code/test_stanford_networks.py", line 465, in test_networks
    df = pd.DataFrame(ans, columns=['pred_y', 'y'], index=index)
         ^^^^^^^^^^^^^^^^^^^^^^^^^^^^^^^^^^^^^^^^^^^^^^^^^^^^^^^
  File "/home/p_gnngw/miniconda3/envs/cuda118/lib/python3.12/site-packages/pandas/core/frame.py", line 840, in __init__
    arrays, columns, index = nested_data_to_arrays(
                             ^^^^^^^^^^^^^^^^^^^^^^
  File "/home/p_gnngw/miniconda3/envs/cuda118/lib/python3.12/site-packages/pandas/core/internals/construction.py", line 520, in nested_data_to_arrays
    arrays, columns = to_arrays(data, columns, dtype=dtype)
                      ^^^^^^^^^^^^^^^^^^^^^^^^^^^^^^^^^^^^^
  File "/home/p_gnngw/miniconda3/envs/cuda118/lib/python3.12/site-packages/pandas/core/internals/construction.py", line 845, in to_arrays
    content, columns = _finalize_columns_and_data(arr, columns, dtype)
                       ^^^^^^^^^^^^^^^^^^^^^^^^^^^^^^^^^^^^^^^^^^^^^^^
  File "/home/p_gnngw/miniconda3/envs/cuda118/lib/python3.12/site-packages/pandas/core/internals/construction.py", line 942, in _finalize_columns_and_data
    raise ValueError(err) from err
ValueError: 2 columns passed, passed data had 1 columns

field : Social networks

loss : 1.0000 

loss : 1.0000 


field : Networks with ground-truth communities

loss : 1.0000 


field : Internet peer-to-peer networks

loss : 1.0000 

loss : 1.0000 


field : Collaboration networks

loss : 1.0000 

An error occurred: The truth value of a Series is ambiguous. Use a.empty, a.bool(), a.item(), a.any() or a.all().
loss : 1.0000 
An error occurred: The truth value of a Series is ambiguous. Use a.empty, a.bool(), a.item(), a.any() or a.all().
An error occurred: The truth value of a Series is ambiguous. Use a.empty, a.bool(), a.item(), a.any() or a.all().
loss : 1.0000 
loss : 1.0000 
loss : 1.0000 
An error occurred: The truth value of a Series is ambiguous. Use a.empty, a.bool(), a.item(), a.any() or a.all().
An error occurred: The truth value of a Series is ambiguous. Use a.empty, a.bool(), a.item(), a.any() or a.all().
loss : 1.0000 
loss : 1.0000 
An error occurred: The truth value of a Series is ambiguous. Use a.empty, a.bool(), a.item(), a.any() or a.all().
loss : 1.0000 
An error occurred: The truth value of a Series is ambiguous. Use a.empty, a.bool(), a.item(), a.any() or a.all().
loss : 1.0000 
Done loading data from cached files.
An error occurred: The truth value of a Series is ambiguous. Use a.empty, a.bool(), a.item(), a.any() or a.all().
Done loading data from cached files.
loss : 1.0000 
[[1.0], [1.0], [1.0], [1.0], [1.0], [1.0], [1.0], [1.0], [1.0], [1.0], [1.0], [1.0], [1.0], [1.0], [1.0]]
Traceback (most recent call last):
  File "/home/p_gnngw/miniconda3/envs/cuda118/lib/python3.12/site-packages/pandas/core/internals/construction.py", line 939, in _finalize_columns_and_data
    columns = _validate_or_indexify_columns(contents, columns)
              ^^^^^^^^^^^^^^^^^^^^^^^^^^^^^^^^^^^^^^^^^^^^^^^^
  File "/home/p_gnngw/miniconda3/envs/cuda118/lib/python3.12/site-packages/pandas/core/internals/construction.py", line 986, in _validate_or_indexify_columns
    raise AssertionError(
AssertionError: 2 columns passed, passed data had 1 columns

The above exception was the direct cause of the following exception:

Traceback (most recent call last):
  File "/project/p_gnn001/code/gnn_clean_code/test_stanford_networks.py", line 720, in <module>
    test_networks(model, args, result, args2.real_network_folder)
  File "/project/p_gnn001/code/gnn_clean_code/test_stanford_networks.py", line 465, in test_networks
    df = pd.DataFrame(ans, columns=['pred_y', 'y'], index=index)
         ^^^^^^^^^^^^^^^^^^^^^^^^^^^^^^^^^^^^^^^^^^^^^^^^^^^^^^^
  File "/home/p_gnngw/miniconda3/envs/cuda118/lib/python3.12/site-packages/pandas/core/frame.py", line 840, in __init__
    arrays, columns, index = nested_data_to_arrays(
                             ^^^^^^^^^^^^^^^^^^^^^^
  File "/home/p_gnngw/miniconda3/envs/cuda118/lib/python3.12/site-packages/pandas/core/internals/construction.py", line 520, in nested_data_to_arrays
    arrays, columns = to_arrays(data, columns, dtype=dtype)
                      ^^^^^^^^^^^^^^^^^^^^^^^^^^^^^^^^^^^^^
  File "/home/p_gnngw/miniconda3/envs/cuda118/lib/python3.12/site-packages/pandas/core/internals/construction.py", line 845, in to_arrays
    content, columns = _finalize_columns_and_data(arr, columns, dtype)
                       ^^^^^^^^^^^^^^^^^^^^^^^^^^^^^^^^^^^^^^^^^^^^^^^
  File "/home/p_gnngw/miniconda3/envs/cuda118/lib/python3.12/site-packages/pandas/core/internals/construction.py", line 942, in _finalize_columns_and_data
    raise ValueError(err) from err
ValueError: 2 columns passed, passed data had 1 columns
