/home/p_gnngw/miniconda3/envs/cuda118/lib/python3.12/site-packages/torch/nn/modules/loss.py:535: UserWarning: Using a target size (torch.Size([100, 1])) that is different to the input size (torch.Size([100, 8])). This will likely lead to incorrect results due to broadcasting. Please ensure they have the same size.
  return F.mse_loss(input, target, reduction=self.reduction)
/home/p_gnngw/miniconda3/envs/cuda118/lib/python3.12/site-packages/torch/nn/modules/loss.py:535: UserWarning: Using a target size (torch.Size([69, 1])) that is different to the input size (torch.Size([69, 8])). This will likely lead to incorrect results due to broadcasting. Please ensure they have the same size.
  return F.mse_loss(input, target, reduction=self.reduction)
/home/p_gnngw/miniconda3/envs/cuda118/lib/python3.12/site-packages/torch/nn/modules/loss.py:535: UserWarning: Using a target size (torch.Size([19, 1])) that is different to the input size (torch.Size([19, 8])). This will likely lead to incorrect results due to broadcasting. Please ensure they have the same size.
  return F.mse_loss(input, target, reduction=self.reduction)
Epoch 10: loss=20.2853
Epoch 20: loss=20.2798
Epoch 30: loss=20.2798
Epoch 40: loss=20.2796
Epoch 50: loss=20.2796
Epoch 60: loss=20.2796
Epoch 70: loss=20.2796
Epoch 80: loss=20.2796
Epoch 90: loss=20.2796
Epoch 100: loss=20.2796
small_test : 4.592728881835938, medium_test 204.78338403320313
Weight shape for ginlayers.0.apply_func.linears.0.weight: torch.Size([8, 1])
Weights for ginlayers.0.apply_func.linears.0.weight: Parameter containing:
tensor([[ 0.5305],
        [-0.4552],
        [-0.1638],
        [ 0.4770],
        [-0.9583],
        [ 0.6160],
        [-0.1526],
        [ 0.5249]], device='cuda:0', requires_grad=True)
Weight shape for ginlayers.0.apply_func.linears.1.weight: torch.Size([8, 8])
Weights for ginlayers.0.apply_func.linears.1.weight: Parameter containing:
tensor([[ 0.0491, -0.0433,  0.0981,  0.0174,  0.1291, -0.1378, -0.0258, -0.0318],
        [ 0.0512, -0.0014,  0.3091,  0.1100, -0.1317, -0.2135, -0.0593, -0.1525],
        [-0.0968,  0.0008,  0.1832,  0.2085, -0.3636,  0.2362,  0.0750,  0.3520],
        [ 0.2334, -0.3221, -0.3362, -0.1705,  0.3105, -0.0589,  0.1513, -0.1643],
        [ 0.3715, -0.1741,  0.2301,  0.0291, -0.2126,  0.2072, -0.2180,  0.1291],
        [-0.1021, -0.0388, -0.3399, -0.1686,  0.1919, -0.0859,  0.3522,  0.2834],
        [ 0.0020, -0.2543,  0.1859,  0.1284, -0.2487,  0.2490,  0.1894,  0.3325],
        [-0.1982, -0.0582, -0.0068,  0.0516, -0.2683, -0.2509,  0.1923, -0.0829]],
       device='cuda:0', requires_grad=True)
