Epoch 10: loss=0.5289
Epoch 20: loss=0.2292
Epoch 30: loss=0.2228
Epoch 40: loss=0.2195
Epoch 50: loss=0.2212
Epoch 60: loss=0.2233
Epoch 70: loss=0.2227
Epoch 80: loss=0.2219
Epoch 90: loss=0.2214
Epoch 100: loss=0.2213
small_test : 0.0824484920501709, medium_test 39.58063696289062
Weight shape for ginlayers.0.apply_func.linears.0.weight: torch.Size([8, 1])
Weights for ginlayers.0.apply_func.linears.0.weight: Parameter containing:
tensor([[ 0.3875],
        [-0.3747],
        [-0.1456],
        [ 0.5637],
        [-1.0334],
        [ 0.7365],
        [-0.2338],
        [ 0.6035]], device='cuda:0', requires_grad=True)
Weight shape for ginlayers.0.apply_func.linears.1.weight: torch.Size([8, 8])
Weights for ginlayers.0.apply_func.linears.1.weight: Parameter containing:
tensor([[ 6.5891e-02, -6.1679e-02,  7.8292e-02,  3.8423e-02,  1.0716e-01,
         -1.1813e-01, -4.5045e-02, -1.1648e-02],
        [ 4.6101e-02,  3.8287e-03,  3.1343e-01,  1.0036e-01, -1.2261e-01,
         -2.2404e-01, -5.0988e-02, -1.6184e-01],
        [-1.6664e-04, -9.8859e-02,  9.3552e-02,  3.1247e-01, -4.6690e-01,
          3.3788e-01, -1.8340e-02,  4.5439e-01],
        [ 1.4870e-01, -2.3891e-01, -2.5363e-01, -2.5254e-01,  3.9182e-01,
         -1.4174e-01,  2.3474e-01, -2.4675e-01],
        [ 3.2773e-01, -1.3251e-01,  2.8270e-01, -1.2099e-02, -1.7012e-01,
          1.6481e-01, -1.6910e-01,  8.7417e-02],
        [-7.7497e-02, -6.1485e-02, -3.6383e-01, -1.4748e-01,  1.7132e-01,
         -6.2859e-02,  3.2801e-01,  3.0555e-01],
        [-4.3249e-02, -2.0670e-01,  2.4305e-01,  7.8668e-02, -1.9730e-01,
          1.9914e-01,  2.4256e-01,  2.8287e-01],
        [-2.7045e-01,  1.3192e-02,  6.4989e-02, -1.6880e-02, -1.9916e-01,
         -3.1761e-01,  2.6186e-01, -1.5098e-01]], device='cuda:0',
       requires_grad=True)
Weight shape for ginlayers.0.apply_func.batch_norm.weight: torch.Size([8])
Weights for ginlayers.0.apply_func.batch_norm.weight: Parameter containing:
tensor([0.8801, 0.9320, 0.9322, 1.0927, 1.0914, 1.1413, 1.0182, 1.1003],
       device='cuda:0', requires_grad=True)
Bias shape for ginlayers.0.apply_func.batch_norm.bias: torch.Size([8])
Biases for ginlayers.0.apply_func.batch_norm.bias: Parameter containing:
tensor([-0.0416, -0.0058, -0.0324,  0.0444, -0.0872, -0.0583,  0.0344, -0.0139],
       device='cuda:0', requires_grad=True)
Weight shape for ginlayers.1.apply_func.linears.0.weight: torch.Size([8, 8])
Weights for ginlayers.1.apply_func.linears.0.weight: Parameter containing:
tensor([[ 0.0384, -0.0968,  0.0248, -0.0514,  0.0476,  0.0590, -0.4150,  0.0239],
        [-0.1824, -0.1713, -0.0560, -0.0986,  0.1368, -0.1158, -0.3883,  0.3141],
        [-0.1429,  0.1077,  0.2476, -0.2932,  0.1844, -0.0031, -0.1252, -0.2516],
        [-0.0467, -0.0335, -0.0176, -0.2640,  0.4397, -0.1484,  0.3226, -0.0351],
        [-0.4346, -0.4625,  0.3558, -0.2035,  0.2818, -0.0669,  0.1678,  0.0439],
        [ 0.2343, -0.2463,  0.1126,  0.1729,  0.3229,  0.2192, -0.1891, -0.3484],
        [-0.2125,  0.1820,  0.3984, -0.2294,  0.2260, -0.0347, -0.3006, -0.0502],
        [ 0.3138,  0.4118, -0.4229,  0.1088,  0.1294,  0.3101,  0.0439,  0.3627]],
       device='cuda:0', requires_grad=True)
Weight shape for ginlayers.1.apply_func.linears.1.weight: torch.Size([1, 8])
Weights for ginlayers.1.apply_func.linears.1.weight: Parameter containing:
tensor([[ 0.4740,  0.2926, -0.3519, -0.5514, -0.4114, -0.2922, -0.4623,  0.2520]],
       device='cuda:0', requires_grad=True)
Weight shape for ginlayers.1.apply_func.batch_norm.weight: torch.Size([8])
Weights for ginlayers.1.apply_func.batch_norm.weight: Parameter containing:
tensor([1.2553, 1.2194, 1.0945, 1.2560, 1.2602, 1.2794, 1.2517, 1.1097],
       device='cuda:0', requires_grad=True)
Bias shape for ginlayers.1.apply_func.batch_norm.bias: torch.Size([8])
Biases for ginlayers.1.apply_func.batch_norm.bias: Parameter containing:
tensor([ 0.2601,  0.2771, -0.2438, -0.2556, -0.2657, -0.2900, -0.2603,  0.2482],
       device='cuda:0', requires_grad=True)
