simple_code_mlp code
Epoch 1/100, Train Loss: 129.6094, Val Loss: 2.0809
Epoch 11/100, Train Loss: 0.0119, Val Loss: 0.0141
Epoch 21/100, Train Loss: 0.0047, Val Loss: 0.0062
Epoch 31/100, Train Loss: 0.0036, Val Loss: 0.0041
Epoch 41/100, Train Loss: 0.0030, Val Loss: 0.0036
Epoch 51/100, Train Loss: 0.0026, Val Loss: 0.0032
Epoch 61/100, Train Loss: 0.0024, Val Loss: 0.0030
Epoch 71/100, Train Loss: 0.0024, Val Loss: 0.0030
Epoch 81/100, Train Loss: 0.0023, Val Loss: 0.0029
Epoch 91/100, Train Loss: 0.0023, Val Loss: 0.0029
train_loss :  0.002282147245015949
Test Loss: 0.0029
Epoch 1/100, Train Loss: 173.2240, Val Loss: 2.1698
Epoch 11/100, Train Loss: 0.0071, Val Loss: 0.0065
Epoch 21/100, Train Loss: 0.0036, Val Loss: 0.0034
Epoch 31/100, Train Loss: 0.0025, Val Loss: 0.0025
Epoch 41/100, Train Loss: 0.0020, Val Loss: 0.0021
Epoch 51/100, Train Loss: 0.0018, Val Loss: 0.0019
Epoch 61/100, Train Loss: 0.0017, Val Loss: 0.0018
Epoch 71/100, Train Loss: 0.0016, Val Loss: 0.0017
Epoch 81/100, Train Loss: 0.0016, Val Loss: 0.0017
Epoch 91/100, Train Loss: 0.0016, Val Loss: 0.0017
train_loss :  0.0015463160241488366
Test Loss: 0.0015
Epoch 1/100, Train Loss: 121.4365, Val Loss: 1.9392
Epoch 11/100, Train Loss: 0.0064, Val Loss: 0.0059
Epoch 21/100, Train Loss: 0.0029, Val Loss: 0.0033
Epoch 31/100, Train Loss: 0.0021, Val Loss: 0.0024
Epoch 41/100, Train Loss: 0.0017, Val Loss: 0.0017
Epoch 51/100, Train Loss: 0.0016, Val Loss: 0.0016
Epoch 61/100, Train Loss: 0.0015, Val Loss: 0.0015
Epoch 71/100, Train Loss: 0.0014, Val Loss: 0.0014
Epoch 81/100, Train Loss: 0.0014, Val Loss: 0.0014
Epoch 91/100, Train Loss: 0.0014, Val Loss: 0.0014
train_loss :  0.001388961889082566
Test Loss: 0.0022
Epoch 1/100, Train Loss: 106.3516, Val Loss: 2.2538
Epoch 11/100, Train Loss: 0.0111, Val Loss: 0.0132
Epoch 21/100, Train Loss: 0.0058, Val Loss: 0.0071
Epoch 31/100, Train Loss: 0.0041, Val Loss: 0.0052
Epoch 41/100, Train Loss: 0.0034, Val Loss: 0.0043
Epoch 51/100, Train Loss: 0.0030, Val Loss: 0.0039
Epoch 61/100, Train Loss: 0.0028, Val Loss: 0.0036
Epoch 71/100, Train Loss: 0.0027, Val Loss: 0.0035
Epoch 81/100, Train Loss: 0.0027, Val Loss: 0.0034
Epoch 91/100, Train Loss: 0.0026, Val Loss: 0.0034
train_loss :  0.0026157273915596306
Test Loss: 0.0032
Epoch 1/100, Train Loss: 97.4545, Val Loss: 2.1482
Epoch 11/100, Train Loss: 0.0214, Val Loss: 0.0274
Epoch 21/100, Train Loss: 0.0098, Val Loss: 0.0108
Epoch 31/100, Train Loss: 0.0066, Val Loss: 0.0082
Epoch 41/100, Train Loss: 0.0053, Val Loss: 0.0069
Epoch 51/100, Train Loss: 0.0047, Val Loss: 0.0062
Epoch 61/100, Train Loss: 0.0044, Val Loss: 0.0058
Epoch 71/100, Train Loss: 0.0043, Val Loss: 0.0057
Epoch 81/100, Train Loss: 0.0042, Val Loss: 0.0056
Epoch 91/100, Train Loss: 0.0041, Val Loss: 0.0055
train_loss :  0.004079734469763935
Test Loss: 0.0058
Epoch 1/100, Train Loss: 83.4802, Val Loss: 2.7347
Epoch 11/100, Train Loss: 0.0169, Val Loss: 0.0175
Epoch 21/100, Train Loss: 0.0076, Val Loss: 0.0080
Epoch 31/100, Train Loss: 0.0052, Val Loss: 0.0055
Epoch 41/100, Train Loss: 0.0042, Val Loss: 0.0044
Epoch 51/100, Train Loss: 0.0038, Val Loss: 0.0040
Epoch 61/100, Train Loss: 0.0035, Val Loss: 0.0037
Epoch 71/100, Train Loss: 0.0033, Val Loss: 0.0035
Epoch 81/100, Train Loss: 0.0033, Val Loss: 0.0034
Epoch 91/100, Train Loss: 0.0032, Val Loss: 0.0034
train_loss :  0.0031886709844693543
Test Loss: 0.0030
Epoch 1/100, Train Loss: 138.4801, Val Loss: 2.4940
Epoch 11/100, Train Loss: 0.0194, Val Loss: 0.0255
Epoch 21/100, Train Loss: 0.0104, Val Loss: 0.0112
Epoch 31/100, Train Loss: 0.0075, Val Loss: 0.0071
Epoch 41/100, Train Loss: 0.0061, Val Loss: 0.0060
Epoch 51/100, Train Loss: 0.0055, Val Loss: 0.0053
Epoch 61/100, Train Loss: 0.0052, Val Loss: 0.0050
Epoch 71/100, Train Loss: 0.0050, Val Loss: 0.0049
Epoch 81/100, Train Loss: 0.0049, Val Loss: 0.0047
Epoch 91/100, Train Loss: 0.0048, Val Loss: 0.0047
train_loss :  0.004758427545428276
Test Loss: 0.0055
Epoch 1/100, Train Loss: 112.0350, Val Loss: 2.1866
Epoch 11/100, Train Loss: 0.0123, Val Loss: 0.0124
Epoch 21/100, Train Loss: 0.0065, Val Loss: 0.0073
Epoch 31/100, Train Loss: 0.0045, Val Loss: 0.0053
Epoch 41/100, Train Loss: 0.0038, Val Loss: 0.0046
Epoch 51/100, Train Loss: 0.0034, Val Loss: 0.0041
Epoch 61/100, Train Loss: 0.0032, Val Loss: 0.0039
Epoch 71/100, Train Loss: 0.0031, Val Loss: 0.0038
Epoch 81/100, Train Loss: 0.0030, Val Loss: 0.0037
Epoch 91/100, Train Loss: 0.0029, Val Loss: 0.0037
train_loss :  0.002923751969821751
Test Loss: 0.0032
Epoch 1/100, Train Loss: 101.8053, Val Loss: 2.3494
Epoch 11/100, Train Loss: 0.0107, Val Loss: 0.0133
Epoch 21/100, Train Loss: 0.0061, Val Loss: 0.0068
Epoch 31/100, Train Loss: 0.0045, Val Loss: 0.0048
Epoch 41/100, Train Loss: 0.0038, Val Loss: 0.0040
Epoch 51/100, Train Loss: 0.0034, Val Loss: 0.0036
Epoch 61/100, Train Loss: 0.0032, Val Loss: 0.0034
Epoch 71/100, Train Loss: 0.0030, Val Loss: 0.0033
Epoch 81/100, Train Loss: 0.0030, Val Loss: 0.0032
Epoch 91/100, Train Loss: 0.0029, Val Loss: 0.0032
train_loss :  0.0029076464474201203
Test Loss: 0.0038
Epoch 1/100, Train Loss: 68.7754, Val Loss: 3.2958
Epoch 11/100, Train Loss: 0.0125, Val Loss: 0.0114
Epoch 21/100, Train Loss: 0.0061, Val Loss: 0.0060
Epoch 31/100, Train Loss: 0.0044, Val Loss: 0.0046
Epoch 41/100, Train Loss: 0.0037, Val Loss: 0.0039
Epoch 51/100, Train Loss: 0.0033, Val Loss: 0.0036
Epoch 61/100, Train Loss: 0.0031, Val Loss: 0.0035
Epoch 71/100, Train Loss: 0.0030, Val Loss: 0.0033
Epoch 81/100, Train Loss: 0.0030, Val Loss: 0.0032
Epoch 91/100, Train Loss: 0.0029, Val Loss: 0.0032
train_loss :  0.0028940451466478406
Test Loss: 0.0026
Train loss average: 0.0028585429113358266, Valid loss average: 0.003276691339421086, Test loss average: 0.0033807016384787857
