/project/p_gnn001/code/gnn_clean_code/simple_code_mlp2.py:50: UserWarning: To copy construct from a tensor, it is recommended to use sourceTensor.clone().detach() or sourceTensor.clone().detach().requires_grad_(True), rather than torch.tensor(sourceTensor).
  data = [torch.tensor(d, dtype=torch.float32) for d in data]
GenAggModel
Epoch 1/200, Train Loss: 47.5382, Val Loss: 40.5618
Epoch 11/200, Train Loss: 0.2720, Val Loss: 0.2558
Epoch 21/200, Train Loss: 0.1140, Val Loss: 0.1102
Epoch 31/200, Train Loss: 0.0530, Val Loss: 0.0523
Epoch 41/200, Train Loss: 0.0300, Val Loss: 0.0298
Epoch 51/200, Train Loss: 0.0216, Val Loss: 0.0217
Epoch 61/200, Train Loss: 0.0186, Val Loss: 0.0188
Epoch 71/200, Train Loss: 0.0175, Val Loss: 0.0178
Epoch 81/200, Train Loss: 0.0171, Val Loss: 0.0174
Epoch 91/200, Train Loss: 0.0169, Val Loss: 0.0173
Epoch 101/200, Train Loss: 0.0169, Val Loss: 0.0173
Epoch 111/200, Train Loss: 0.0169, Val Loss: 0.0172
Epoch 121/200, Train Loss: 0.0169, Val Loss: 0.0172
Epoch 131/200, Train Loss: 0.0169, Val Loss: 0.0172
Epoch 141/200, Train Loss: 0.0169, Val Loss: 0.0172
Epoch 151/200, Train Loss: 0.0169, Val Loss: 0.0172
Epoch 161/200, Train Loss: 0.0169, Val Loss: 0.0172
Epoch 171/200, Train Loss: 0.0169, Val Loss: 0.0172
Epoch 181/200, Train Loss: 0.0169, Val Loss: 0.0172
Epoch 191/200, Train Loss: 0.0169, Val Loss: 0.0172
train_loss :  0.016879470109939575
Test Loss: 0.0006
GenAggModel
Epoch 1/200, Train Loss: 49.2700, Val Loss: 46.8392
Epoch 11/200, Train Loss: 0.0397, Val Loss: 0.1012
Epoch 21/200, Train Loss: 0.0055, Val Loss: 0.0042
Epoch 31/200, Train Loss: 0.0030, Val Loss: 0.0030
Epoch 41/200, Train Loss: 0.0028, Val Loss: 0.0032
Epoch 51/200, Train Loss: 0.0027, Val Loss: 0.0028
Epoch 61/200, Train Loss: 0.0027, Val Loss: 0.0027
Epoch 71/200, Train Loss: 0.0027, Val Loss: 0.0027
Epoch 81/200, Train Loss: 0.0026, Val Loss: 0.0026
Epoch 91/200, Train Loss: 0.0026, Val Loss: 0.0026
Epoch 101/200, Train Loss: 0.0026, Val Loss: 0.0026
Epoch 111/200, Train Loss: 0.0026, Val Loss: 0.0026
Epoch 121/200, Train Loss: 0.0026, Val Loss: 0.0026
Epoch 131/200, Train Loss: 0.0026, Val Loss: 0.0026
Epoch 141/200, Train Loss: 0.0026, Val Loss: 0.0026
Epoch 151/200, Train Loss: 0.0026, Val Loss: 0.0026
Epoch 161/200, Train Loss: 0.0026, Val Loss: 0.0026
Epoch 171/200, Train Loss: 0.0026, Val Loss: 0.0026
Epoch 181/200, Train Loss: 0.0026, Val Loss: 0.0026
Epoch 191/200, Train Loss: 0.0026, Val Loss: 0.0026
train_loss :  0.002641040802001953
Test Loss: 0.0000
GenAggModel
Epoch 1/200, Train Loss: 49.4769, Val Loss: 48.9953
Epoch 11/200, Train Loss: 1.4109, Val Loss: 0.9343
Epoch 21/200, Train Loss: 0.5807, Val Loss: 0.5785
Epoch 31/200, Train Loss: 0.5232, Val Loss: 0.5260
Epoch 41/200, Train Loss: 0.4941, Val Loss: 0.5009
Epoch 51/200, Train Loss: 0.4829, Val Loss: 0.4948
Epoch 61/200, Train Loss: 0.4787, Val Loss: 0.4885
Epoch 71/200, Train Loss: 0.4769, Val Loss: 0.4873
Epoch 81/200, Train Loss: 0.4763, Val Loss: 0.4867
Epoch 91/200, Train Loss: 0.4761, Val Loss: 0.4864
Epoch 101/200, Train Loss: 0.4761, Val Loss: 0.4863
Epoch 111/200, Train Loss: 0.4761, Val Loss: 0.4863
Epoch 121/200, Train Loss: 0.4761, Val Loss: 0.4863
Epoch 131/200, Train Loss: 0.4761, Val Loss: 0.4863
Epoch 141/200, Train Loss: 0.4761, Val Loss: 0.4863
Epoch 151/200, Train Loss: 0.4761, Val Loss: 0.4863
Epoch 161/200, Train Loss: 0.4761, Val Loss: 0.4863
Epoch 171/200, Train Loss: 0.4761, Val Loss: 0.4863
Epoch 181/200, Train Loss: 0.4761, Val Loss: 0.4863
Epoch 191/200, Train Loss: 0.4761, Val Loss: 0.4863
train_loss :  0.4760792112350464
Test Loss: 0.3448
GenAggModel
Epoch 1/200, Train Loss: 49.8785, Val Loss: 49.3184
Epoch 11/200, Train Loss: 6.2461, Val Loss: 5.8901
Epoch 21/200, Train Loss: 4.4868, Val Loss: 4.2149
Epoch 31/200, Train Loss: 3.2532, Val Loss: 3.0744
Epoch 41/200, Train Loss: 2.6865, Val Loss: 2.5630
Epoch 51/200, Train Loss: 2.4721, Val Loss: 2.3663
Epoch 61/200, Train Loss: 2.3956, Val Loss: 2.2956
Epoch 71/200, Train Loss: 2.3688, Val Loss: 2.2712
Epoch 81/200, Train Loss: 2.3596, Val Loss: 2.2628
Epoch 91/200, Train Loss: 2.3563, Val Loss: 2.2599
Epoch 101/200, Train Loss: 2.3555, Val Loss: 2.2591
Epoch 111/200, Train Loss: 2.3554, Val Loss: 2.2590
Epoch 121/200, Train Loss: 2.3554, Val Loss: 2.2590
Epoch 131/200, Train Loss: 2.3554, Val Loss: 2.2590
Epoch 141/200, Train Loss: 2.3554, Val Loss: 2.2590
Epoch 151/200, Train Loss: 2.3554, Val Loss: 2.2590
Epoch 161/200, Train Loss: 2.3554, Val Loss: 2.2590
Epoch 171/200, Train Loss: 2.3554, Val Loss: 2.2590
Epoch 181/200, Train Loss: 2.3554, Val Loss: 2.2590
Epoch 191/200, Train Loss: 2.3554, Val Loss: 2.2590
train_loss :  2.3553707504272463
Test Loss: 8.8988
GenAggModel
Epoch 1/200, Train Loss: 49.4594, Val Loss: 48.7268
Epoch 11/200, Train Loss: 11.0190, Val Loss: 10.6513
Epoch 21/200, Train Loss: 8.5631, Val Loss: 8.3533
Epoch 31/200, Train Loss: 7.7456, Val Loss: 7.5866
Epoch 41/200, Train Loss: 7.4564, Val Loss: 7.3182
Epoch 51/200, Train Loss: 7.3548, Val Loss: 7.2232
Epoch 61/200, Train Loss: 7.3191, Val Loss: 7.1902
Epoch 71/200, Train Loss: 7.3066, Val Loss: 7.1786
Epoch 81/200, Train Loss: 7.3023, Val Loss: 7.1745
Epoch 91/200, Train Loss: 7.3006, Val Loss: 7.1730
Epoch 101/200, Train Loss: 7.3005, Val Loss: 7.1730
Epoch 111/200, Train Loss: 7.3005, Val Loss: 7.1730
Epoch 121/200, Train Loss: 7.3005, Val Loss: 7.1730
Epoch 131/200, Train Loss: 7.3005, Val Loss: 7.1730
Epoch 141/200, Train Loss: 7.3005, Val Loss: 7.1730
Epoch 151/200, Train Loss: 7.3005, Val Loss: 7.1730
Epoch 161/200, Train Loss: 7.3005, Val Loss: 7.1730
Epoch 171/200, Train Loss: 7.3005, Val Loss: 7.1730
Epoch 181/200, Train Loss: 7.3005, Val Loss: 7.1730
Epoch 191/200, Train Loss: 7.3005, Val Loss: 7.1730
train_loss :  7.300545383453369
Test Loss: 89.4335
GenAggModel
Epoch 1/200, Train Loss: 49.2769, Val Loss: 48.4112
Epoch 11/200, Train Loss: 43.8093, Val Loss: 43.0943
Epoch 21/200, Train Loss: 41.4213, Val Loss: 40.8244
Epoch 31/200, Train Loss: 40.5683, Val Loss: 40.0167
Epoch 41/200, Train Loss: 40.2733, Val Loss: 39.7374
Epoch 51/200, Train Loss: 40.1714, Val Loss: 39.6410
Epoch 61/200, Train Loss: 40.1359, Val Loss: 39.6074
Epoch 71/200, Train Loss: 40.1236, Val Loss: 39.5957
Epoch 81/200, Train Loss: 40.1193, Val Loss: 39.5917
Epoch 91/200, Train Loss: 40.1178, Val Loss: 39.5903
Epoch 101/200, Train Loss: 40.1176, Val Loss: 39.5901
Epoch 111/200, Train Loss: 40.1176, Val Loss: 39.5901
Epoch 121/200, Train Loss: 40.1176, Val Loss: 39.5901
Epoch 131/200, Train Loss: 40.1176, Val Loss: 39.5901
Epoch 141/200, Train Loss: 40.1176, Val Loss: 39.5901
Epoch 151/200, Train Loss: 40.1176, Val Loss: 39.5901
Epoch 161/200, Train Loss: 40.1176, Val Loss: 39.5901
Epoch 171/200, Train Loss: 40.1176, Val Loss: 39.5901
Epoch 181/200, Train Loss: 40.1176, Val Loss: 39.5901
Epoch 191/200, Train Loss: 40.1176, Val Loss: 39.5901
train_loss :  40.11758392333984
Test Loss: 1707.8197
GenAggModel
Epoch 1/200, Train Loss: 49.4412, Val Loss: 48.9175
Epoch 11/200, Train Loss: 37.6096, Val Loss: 36.8001
Epoch 21/200, Train Loss: 29.4720, Val Loss: 29.0250
Epoch 31/200, Train Loss: 26.4428, Val Loss: 26.1601
Epoch 41/200, Train Loss: 25.4020, Val Loss: 25.1761
Epoch 51/200, Train Loss: 25.0444, Val Loss: 24.8375
Epoch 61/200, Train Loss: 24.9208, Val Loss: 24.7204
Epoch 71/200, Train Loss: 24.8774, Val Loss: 24.6793
Epoch 81/200, Train Loss: 24.8627, Val Loss: 24.6655
Epoch 91/200, Train Loss: 24.8576, Val Loss: 24.6608
Epoch 101/200, Train Loss: 24.8575, Val Loss: 24.6607
Epoch 111/200, Train Loss: 24.8575, Val Loss: 24.6607
Epoch 121/200, Train Loss: 24.8575, Val Loss: 24.6607
Epoch 131/200, Train Loss: 24.8575, Val Loss: 24.6607
Epoch 141/200, Train Loss: 24.8575, Val Loss: 24.6607
Epoch 151/200, Train Loss: 24.8575, Val Loss: 24.6607
Epoch 161/200, Train Loss: 24.8575, Val Loss: 24.6607
Epoch 171/200, Train Loss: 24.8575, Val Loss: 24.6607
Epoch 181/200, Train Loss: 24.8575, Val Loss: 24.6607
Epoch 191/200, Train Loss: 24.8575, Val Loss: 24.6607
train_loss :  24.857451080322267
Test Loss: 692.7280
GenAggModel
Epoch 1/200, Train Loss: 49.8459, Val Loss: 49.6126
Epoch 11/200, Train Loss: 0.0958, Val Loss: 0.0932
Epoch 21/200, Train Loss: 0.0153, Val Loss: 0.0131
Epoch 31/200, Train Loss: 0.0018, Val Loss: 0.0033
Epoch 41/200, Train Loss: 0.0009, Val Loss: 0.0002
Epoch 51/200, Train Loss: 0.0004, Val Loss: 0.0003
Epoch 61/200, Train Loss: 0.0002, Val Loss: 0.0002
Epoch 71/200, Train Loss: 0.0001, Val Loss: 0.0000
Epoch 81/200, Train Loss: 0.0000, Val Loss: 0.0000
Epoch 91/200, Train Loss: 0.0000, Val Loss: 0.0000
Epoch 101/200, Train Loss: 0.0000, Val Loss: 0.0000
Epoch 111/200, Train Loss: 0.0000, Val Loss: 0.0000
Epoch 121/200, Train Loss: 0.0000, Val Loss: 0.0000
Epoch 131/200, Train Loss: 0.0000, Val Loss: 0.0000
Epoch 141/200, Train Loss: 0.0000, Val Loss: 0.0000
Epoch 151/200, Train Loss: 0.0000, Val Loss: 0.0000
Epoch 161/200, Train Loss: 0.0000, Val Loss: 0.0000
Epoch 171/200, Train Loss: 0.0000, Val Loss: 0.0000
Epoch 181/200, Train Loss: 0.0000, Val Loss: 0.0000
Epoch 191/200, Train Loss: 0.0000, Val Loss: 0.0000
train_loss :  3.292083740234375e-06
Test Loss: 0.0000
GenAggModel
Epoch 1/200, Train Loss: 44.5586, Val Loss: 25.7052
Epoch 11/200, Train Loss: 0.0294, Val Loss: 0.0040
Epoch 21/200, Train Loss: 0.0071, Val Loss: 0.0033
Epoch 31/200, Train Loss: 0.0033, Val Loss: 0.0037
Epoch 41/200, Train Loss: 0.0031, Val Loss: 0.0030
Epoch 51/200, Train Loss: 0.0030, Val Loss: 0.0029
Epoch 61/200, Train Loss: 0.0029, Val Loss: 0.0029
Epoch 71/200, Train Loss: 0.0029, Val Loss: 0.0029
Epoch 81/200, Train Loss: 0.0029, Val Loss: 0.0029
Epoch 91/200, Train Loss: 0.0029, Val Loss: 0.0029
Epoch 101/200, Train Loss: 0.0029, Val Loss: 0.0029
Epoch 111/200, Train Loss: 0.0029, Val Loss: 0.0029
Epoch 121/200, Train Loss: 0.0029, Val Loss: 0.0029
Epoch 131/200, Train Loss: 0.0029, Val Loss: 0.0029
Epoch 141/200, Train Loss: 0.0029, Val Loss: 0.0029
Epoch 151/200, Train Loss: 0.0029, Val Loss: 0.0029
Epoch 161/200, Train Loss: 0.0029, Val Loss: 0.0029
Epoch 171/200, Train Loss: 0.0029, Val Loss: 0.0029
Epoch 181/200, Train Loss: 0.0029, Val Loss: 0.0029
Epoch 191/200, Train Loss: 0.0029, Val Loss: 0.0029
train_loss :  0.0028959001302719116
Test Loss: 0.0000
GenAggModel
Epoch 1/200, Train Loss: 49.8562, Val Loss: 49.4205
Epoch 11/200, Train Loss: 0.0513, Val Loss: 0.0035
Epoch 21/200, Train Loss: 0.0092, Val Loss: 0.0051
Epoch 31/200, Train Loss: 0.0030, Val Loss: 0.0017
Epoch 41/200, Train Loss: 0.0007, Val Loss: 0.0009
Epoch 51/200, Train Loss: 0.0005, Val Loss: 0.0005
Epoch 61/200, Train Loss: 0.0005, Val Loss: 0.0005
Epoch 71/200, Train Loss: 0.0005, Val Loss: 0.0005
Epoch 81/200, Train Loss: 0.0005, Val Loss: 0.0005
Epoch 91/200, Train Loss: 0.0005, Val Loss: 0.0005
Epoch 101/200, Train Loss: 0.0005, Val Loss: 0.0005
Epoch 111/200, Train Loss: 0.0005, Val Loss: 0.0005
Epoch 121/200, Train Loss: 0.0005, Val Loss: 0.0005
Epoch 131/200, Train Loss: 0.0005, Val Loss: 0.0005
Epoch 141/200, Train Loss: 0.0005, Val Loss: 0.0005
Epoch 151/200, Train Loss: 0.0005, Val Loss: 0.0005
Epoch 161/200, Train Loss: 0.0005, Val Loss: 0.0005
Epoch 171/200, Train Loss: 0.0005, Val Loss: 0.0005
Epoch 181/200, Train Loss: 0.0005, Val Loss: 0.0005
Epoch 191/200, Train Loss: 0.0005, Val Loss: 0.0005
train_loss :  0.00045720720291137694
Test Loss: 0.0000
Train loss average: 7.512991, Valid loss average: 7.419235, Test loss average: 249.922537
