Epoch 10: loss=0.011861
Epoch 20: loss=0.002106
Epoch 30: loss=0.000908
Epoch 40: loss=0.000644
Epoch 50: loss=0.000555
Epoch 60: loss=0.000517
Epoch 70: loss=0.000499
Epoch 80: loss=0.000489
Epoch 90: loss=0.000485
Epoch 100: loss=0.000482
validation : 0.00048339150846004485, MUTAG 0.001975722834467888, Muedim test 0.00048176310025155544
Done loading data from cached files.
Done loading data from cached files.
loss of real network :  0.015012611342566836
Epoch 10: loss=0.000022
Epoch 20: loss=0.000193
Epoch 30: loss=0.000269
Epoch 40: loss=0.000297
Epoch 50: loss=0.000309
Epoch 60: loss=0.000314
Epoch 70: loss=0.000317
Epoch 80: loss=0.000319
Epoch 90: loss=0.000320
Epoch 100: loss=0.000320
validation : 0.0003441362455487251, MUTAG 0.0013308728486299516, Muedim test 0.0003222478926181793
Done loading data from cached files.
Done loading data from cached files.
loss of real network :  0.009976865205572331
Epoch 10: loss=0.001045
Epoch 20: loss=0.000543
Epoch 30: loss=0.000438
Epoch 40: loss=0.000404
Epoch 50: loss=0.000392
Epoch 60: loss=0.000386
Epoch 70: loss=0.000382
Epoch 80: loss=0.000381
Epoch 90: loss=0.000380
Epoch 100: loss=0.000380
validation : 0.0003886567056179047, MUTAG 0.00156476728618145, Muedim test 0.0003809416480362415
Done loading data from cached files.
Done loading data from cached files.
loss of real network :  0.0118161962012009
Epoch 10: loss=0.000354
Epoch 20: loss=0.000355
Epoch 30: loss=0.000361
Epoch 40: loss=0.000355
Epoch 50: loss=0.000358
Epoch 60: loss=0.000360
Epoch 70: loss=0.000353
Epoch 80: loss=0.000351
Epoch 90: loss=0.000351
Epoch 100: loss=0.000351
validation : 0.0003593137487769127, MUTAG 0.001440294161438942, Muedim test 0.00035136521793901923
Done loading data from cached files.
Done loading data from cached files.
loss of real network :  0.010961582318018422
Epoch 10: loss=0.019170
Epoch 20: loss=0.003007
Epoch 30: loss=0.001134
Epoch 40: loss=0.000747
Epoch 50: loss=0.000621
Epoch 60: loss=0.000569
Epoch 70: loss=0.000544
Epoch 80: loss=0.000531
Epoch 90: loss=0.000524
Epoch 100: loss=0.000521
validation : 0.0005472468212246895, MUTAG 0.002157843932509422, Muedim test 0.0005239015072584152
Done loading data from cached files.
Done loading data from cached files.
loss of real network :  0.016194823123190424
Epoch 10: loss=0.001051
Epoch 20: loss=0.000001
Epoch 30: loss=0.000071
Epoch 40: loss=0.000137
Epoch 50: loss=0.000172
Epoch 60: loss=0.000190
Epoch 70: loss=0.000200
Epoch 80: loss=0.000205
Epoch 90: loss=0.000208
Epoch 100: loss=0.000210
validation : 0.00022350629791617393, MUTAG 0.0008728239312767983, Muedim test 0.00021183621138334274
Done loading data from cached files.
Done loading data from cached files.
loss of real network :  0.006534416976615662
Epoch 10: loss=0.018062
Epoch 20: loss=0.002871
Epoch 30: loss=0.001090
Epoch 40: loss=0.000722
Epoch 50: loss=0.000604
Epoch 60: loss=0.000554
Epoch 70: loss=0.000531
Epoch 80: loss=0.000519
Epoch 90: loss=0.000512
Epoch 100: loss=0.000510
validation : 0.000510594081133604, MUTAG 0.0020918285101652143, Muedim test 0.0005096787959337234
Done loading data from cached files.
Done loading data from cached files.
loss of real network :  0.01581461344219826
Epoch 10: loss=0.009438
Epoch 20: loss=0.001755
Epoch 30: loss=0.000803
Epoch 40: loss=0.000590
Epoch 50: loss=0.000518
Epoch 60: loss=0.000487
Epoch 70: loss=0.000472
Epoch 80: loss=0.000464
Epoch 90: loss=0.000460
Epoch 100: loss=0.000458
validation : 0.00047119902446866033, MUTAG 0.0018883392214775086, Muedim test 0.0004582444578409195
Done loading data from cached files.
Done loading data from cached files.
loss of real network :  0.014258263742089229
Epoch 10: loss=0.010481
Epoch 20: loss=0.001417
Epoch 30: loss=0.000642
Epoch 40: loss=0.000490
Epoch 50: loss=0.000443
Epoch 60: loss=0.000424
Epoch 70: loss=0.000415
Epoch 80: loss=0.000411
Epoch 90: loss=0.000408
Epoch 100: loss=0.000407
validation : 0.00040127759799361227, MUTAG 0.0016641689836978913, Muedim test 0.00040623480454087256
Done loading data from cached files.
Done loading data from cached files.
loss of real network :  0.012679456286087503
Epoch 10: loss=0.001386
Epoch 20: loss=0.000607
Epoch 30: loss=0.000457
Epoch 40: loss=0.000413
Epoch 50: loss=0.000396
Epoch 60: loss=0.000388
Epoch 70: loss=0.000384
Epoch 80: loss=0.000382
Epoch 90: loss=0.000381
Epoch 100: loss=0.000380
validation : 0.00035108083859086036, MUTAG 0.001536768451333046, Muedim test 0.0003778146952390671
Done loading data from cached files.
Done loading data from cached files.
loss of real network :  0.011861703290397036
0.00040178949789454536      0.00040804028697311886      0.0016523430161178112      0.00040240283310413364      0.01251105319279366
