Epoch 10: loss=947.699644
Epoch 20: loss=819.295707
Epoch 30: loss=755.619939
Epoch 40: loss=722.567151
Epoch 50: loss=705.485252
Epoch 60: loss=696.823974
Epoch 70: loss=692.402515
Epoch 80: loss=690.148153
Epoch 90: loss=689.000942
Epoch 100: loss=688.417624
validation : 698.4143359375, MUTAG 2775.9315625, Muedim test 698.5612109375
logits: tensor([[14.3273]], device='cuda:0'),     label:  99.21334994137361
logits: tensor([[13.2767]], device='cuda:0'),     label:  91.94113948175962
logits: tensor([[14.8469]], device='cuda:0'),     label:  102.81162472245705
logits: tensor([[11.7045]], device='cuda:0'),     label:  81.04511468346482
logits: tensor([[11.6488]], device='cuda:0'),     label:  80.66525673696
logits: tensor([[11.9707]], device='cuda:0'),     label:  82.89626789347719
logits: tensor([[11.4395]], device='cuda:0'),     label:  79.216940333562
logits: tensor([[12.0182]], device='cuda:0'),     label:  83.22468394982718
logits: tensor([[11.6406]], device='cuda:0'),     label:  80.60848096961564
logits: tensor([[11.6709]], device='cuda:0'),     label:  80.81907081483969
logits: tensor([[11.6669]], device='cuda:0'),     label:  80.78923817102194
logits: tensor([[11.8352]], device='cuda:0'),     label:  81.95607892204734
logits: tensor([[12.1253]], device='cuda:0'),     label:  83.96524622533228
logits: tensor([[12.2686]], device='cuda:0'),     label:  84.95712934221541
logits: tensor([[12.7121]], device='cuda:0'),     label:  88.02871319314708
logits: tensor([[11.9133]], device='cuda:0'),     label:  82.4968758859942
logits: tensor([[12.3856]], device='cuda:0'),     label:  85.7678436279297
logits: tensor([[11.7170]], device='cuda:0'),     label:  81.13557476056933
logits: tensor([[11.5577]], device='cuda:0'),     label:  80.03693895276271
logits: tensor([[16.2380]], device='cuda:0'),     label:  112.44476670485277
logits: tensor([[17.7031]], device='cuda:0'),     label:  122.59006585015192
Done loading data from cached files.
logits: tensor([[11.3726]], device='cuda:0'),     label:  78.7528964305292
Done loading data from cached files.
logits: tensor([[11.3327]], device='cuda:0'),     label:  78.47691366237285
loss of real network :  5649.059870867494
eps that is learned :  Parameter containing:
tensor([76.3678], device='cuda:0', requires_grad=True)
Epoch 10: loss=1049.840343
Epoch 20: loss=1006.537786
Epoch 30: loss=975.957912
Epoch 40: loss=957.593372
Epoch 50: loss=947.411515
Epoch 60: loss=941.759418
Epoch 70: loss=938.653911
Epoch 80: loss=936.962613
Epoch 90: loss=936.052335
Epoch 100: loss=935.565030
validation : 1020.6676953125, MUTAG 3848.1515625, Muedim test 953.5903515625
logits: tensor([[16.4086]], device='cuda:0'),     label:  113.39357912838533
logits: tensor([[15.3567]], device='cuda:0'),     label:  106.12136866877134
logits: tensor([[16.9292]], device='cuda:0'),     label:  116.99185390946877
logits: tensor([[13.7791]], device='cuda:0'),     label:  95.22534387047654
logits: tensor([[13.7241]], device='cuda:0'),     label:  94.84548592397172
logits: tensor([[14.0471]], device='cuda:0'),     label:  97.0764970804889
logits: tensor([[13.5150]], device='cuda:0'),     label:  93.39716952057371
logits: tensor([[14.0950]], device='cuda:0'),     label:  97.4049131368389
logits: tensor([[13.7162]], device='cuda:0'),     label:  94.78871015662736
logits: tensor([[13.7468]], device='cuda:0'),     label:  94.99930000185141
logits: tensor([[13.7418]], device='cuda:0'),     label:  94.96946735803365
logits: tensor([[13.9113]], device='cuda:0'),     label:  96.13630810905906
logits: tensor([[14.2021]], device='cuda:0'),     label:  98.145475412344
logits: tensor([[14.3456]], device='cuda:0'),     label:  99.13735852922713
logits: tensor([[14.7901]], device='cuda:0'),     label:  102.2089423801588
logits: tensor([[13.9896]], device='cuda:0'),     label:  96.67710507300592
logits: tensor([[14.4629]], device='cuda:0'),     label:  99.94807281494141
logits: tensor([[13.7926]], device='cuda:0'),     label:  95.31580394758105
logits: tensor([[13.6332]], device='cuda:0'),     label:  94.21716813977443
logits: tensor([[18.3232]], device='cuda:0'),     label:  126.62499589186449
logits: tensor([[19.7912]], device='cuda:0'),     label:  136.77029503716363
Done loading data from cached files.
logits: tensor([[13.4477]], device='cuda:0'),     label:  92.93312561754092
Done loading data from cached files.
logits: tensor([[13.4078]], device='cuda:0'),     label:  92.65714284938457
loss of real network :  7599.78050795139
eps that is learned :  Parameter containing:
tensor([90.5481], device='cuda:0', requires_grad=True)
Epoch 10: loss=863.224167
Epoch 20: loss=714.699119
Epoch 30: loss=645.503134
Epoch 40: loss=612.480490
Epoch 50: loss=595.754933
Epoch 60: loss=587.384240
Epoch 70: loss=583.160388
Epoch 80: loss=581.024269
Epoch 90: loss=579.944891
Epoch 100: loss=579.402370
validation : 596.56375, MUTAG 2331.1309375, Muedim test 589.628076171875
logits: tensor([[13.2651]], device='cuda:0'),     label:  92.3809982568033
logits: tensor([[12.2205]], device='cuda:0'),     label:  85.10878779718931
logits: tensor([[13.7818]], device='cuda:0'),     label:  95.97927303788674
logits: tensor([[10.6567]], device='cuda:0'),     label:  74.2127629988945
logits: tensor([[10.6020]], device='cuda:0'),     label:  73.83290505238969
logits: tensor([[10.9221]], device='cuda:0'),     label:  76.06391620890687
logits: tensor([[10.3936]], device='cuda:0'),     label:  72.38458864899168
logits: tensor([[10.9692]], device='cuda:0'),     label:  76.39233226525687
logits: tensor([[10.5937]], device='cuda:0'),     label:  73.77612928504533
logits: tensor([[10.6239]], device='cuda:0'),     label:  73.98671913026938
logits: tensor([[10.6201]], device='cuda:0'),     label:  73.95688648645162
logits: tensor([[10.7872]], device='cuda:0'),     label:  75.12372723747703
logits: tensor([[11.0757]], device='cuda:0'),     label:  77.13289454076197
logits: tensor([[11.2181]], device='cuda:0'),     label:  78.1247776576451
logits: tensor([[11.6591]], device='cuda:0'),     label:  81.19636150857677
logits: tensor([[10.8648]], device='cuda:0'),     label:  75.66452420142389
logits: tensor([[11.3345]], device='cuda:0'),     label:  78.93549194335938
logits: tensor([[10.6694]], device='cuda:0'),     label:  74.30322307599901
logits: tensor([[10.5116]], device='cuda:0'),     label:  73.2045872681924
logits: tensor([[15.1651]], device='cuda:0'),     label:  105.61241502028246
logits: tensor([[16.6219]], device='cuda:0'),     label:  115.7577141655816
Done loading data from cached files.
logits: tensor([[10.3271]], device='cuda:0'),     label:  71.92054474595889
Done loading data from cached files.
logits: tensor([[10.2876]], device='cuda:0'),     label:  71.64456197780254
loss of real network :  4820.922706324073
eps that is learned :  Parameter containing:
tensor([69.5355], device='cuda:0', requires_grad=True)
Epoch 10: loss=1098.670048
Epoch 20: loss=1093.120239
Epoch 30: loss=1089.253611
Epoch 40: loss=1086.978464
Epoch 50: loss=1085.672205
Epoch 60: loss=1084.929779
Epoch 70: loss=1084.506003
Epoch 80: loss=1084.265938
Epoch 90: loss=1084.138390
Epoch 100: loss=1084.058581
validation : 1113.2421484375, MUTAG 4437.1375, Muedim test 1097.19328125
logits: tensor([[17.5183]], device='cuda:0'),     label:  120.51567232906892
logits: tensor([[16.4618]], device='cuda:0'),     label:  113.24346186945493
logits: tensor([[18.0415]], device='cuda:0'),     label:  124.11394711015237
logits: tensor([[14.8766]], device='cuda:0'),     label:  102.34743707116013
logits: tensor([[14.8213]], device='cuda:0'),     label:  101.96757912465532
logits: tensor([[15.1463]], device='cuda:0'),     label:  104.1985902811725
logits: tensor([[14.6117]], device='cuda:0'),     label:  100.5192627212573
logits: tensor([[15.1942]], device='cuda:0'),     label:  104.5270063375225
logits: tensor([[14.8135]], device='cuda:0'),     label:  101.91080335731095
logits: tensor([[14.8446]], device='cuda:0'),     label:  102.121393202535
logits: tensor([[14.8391]], device='cuda:0'),     label:  102.09156055871725
logits: tensor([[15.0099]], device='cuda:0'),     label:  103.25840130974265
logits: tensor([[15.3019]], device='cuda:0'),     label:  105.26756861302759
logits: tensor([[15.4461]], device='cuda:0'),     label:  106.25945172991072
logits: tensor([[15.8926]], device='cuda:0'),     label:  109.3310355808424
logits: tensor([[15.0885]], device='cuda:0'),     label:  103.79919827368951
logits: tensor([[15.5639]], device='cuda:0'),     label:  107.070166015625
logits: tensor([[14.8901]], device='cuda:0'),     label:  102.43789714826464
logits: tensor([[14.7305]], device='cuda:0'),     label:  101.33926134045802
logits: tensor([[19.4418]], device='cuda:0'),     label:  133.7470890925481
logits: tensor([[20.9165]], device='cuda:0'),     label:  143.89238823784723
Done loading data from cached files.
logits: tensor([[14.5443]], device='cuda:0'),     label:  100.05521881822452
Done loading data from cached files.
logits: tensor([[14.5041]], device='cuda:0'),     label:  99.77923605006816
loss of real network :  8679.126134123582
eps that is learned :  Parameter containing:
tensor([97.6702], device='cuda:0', requires_grad=True)
Epoch 10: loss=953.551853
Epoch 20: loss=706.211604
Epoch 30: loss=636.718555
Epoch 40: loss=603.741213
Epoch 50: loss=587.247975
Epoch 60: loss=578.965312
Epoch 70: loss=574.772179
Epoch 80: loss=572.644811
Epoch 90: loss=571.567025
Epoch 100: loss=571.024013
validation : 601.46283203125, MUTAG 2305.944296875, Muedim test 582.358408203125
logits: tensor([[13.1669]], device='cuda:0'),     label:  91.91038668453767
logits: tensor([[12.1258]], device='cuda:0'),     label:  84.63817622492368
logits: tensor([[13.6823]], device='cuda:0'),     label:  95.50866146562112
logits: tensor([[10.5635]], device='cuda:0'),     label:  73.74215142662888
logits: tensor([[10.5095]], device='cuda:0'),     label:  73.36229348012407
logits: tensor([[10.8293]], device='cuda:0'),     label:  75.59330463664125
logits: tensor([[10.3022]], device='cuda:0'),     label:  71.91397707672606
logits: tensor([[10.8762]], device='cuda:0'),     label:  75.92172069299124
logits: tensor([[10.5015]], device='cuda:0'),     label:  73.3055177127797
logits: tensor([[10.5318]], device='cuda:0'),     label:  73.51610755800375
logits: tensor([[10.5270]], device='cuda:0'),     label:  73.486274914186
logits: tensor([[10.6946]], device='cuda:0'),     label:  74.6531156652114
logits: tensor([[10.9824]], device='cuda:0'),     label:  76.66228296849634
logits: tensor([[11.1245]], device='cuda:0'),     label:  77.65416608537947
logits: tensor([[11.5646]], device='cuda:0'),     label:  80.72574993631115
logits: tensor([[10.7721]], device='cuda:0'),     label:  75.19391262915826
logits: tensor([[11.2407]], device='cuda:0'),     label:  78.46488037109376
logits: tensor([[10.5769]], device='cuda:0'),     label:  73.83261150373339
logits: tensor([[10.4197]], device='cuda:0'),     label:  72.73397569592677
logits: tensor([[15.0623]], device='cuda:0'),     label:  105.14180344801683
logits: tensor([[16.5157]], device='cuda:0'),     label:  115.28710259331598
Done loading data from cached files.
logits: tensor([[10.2358]], device='cuda:0'),     label:  71.44993317369327
Done loading data from cached files.
logits: tensor([[10.1962]], device='cuda:0'),     label:  71.17395040553691
loss of real network :  4769.3855931687085
eps that is learned :  Parameter containing:
tensor([69.0649], device='cuda:0', requires_grad=True)
771.6935234375      806.07015234375      3139.659171875      784.2662656250001      6303.654962487049
