
field : Social networks

../data_folder/facebook_combined.txt.gz number of nodes is :  4039
../data_folder/facebook_combined.txt.gz number of edges is :  88234
 identity_feat : loss : 1.0000 
Traceback (most recent call last):
  File "/project/p_gnn001/code/gnn_clean_code/test_stanford_networks.py", line 718, in <module>
    test_networks(model, args, result, args2.real_network_folder)
  File "/project/p_gnn001/code/gnn_clean_code/test_stanford_networks.py", line 433, in test_networks
    ans.append(value.tolist())
               ^^^^^^^^^^^^
AttributeError: 'list' object has no attribute 'tolist'

field : Social networks

../data_folder/facebook_combined.txt.gz number of nodes is :  4039
../data_folder/facebook_combined.txt.gz number of edges is :  88234
 identity_feat : loss : 1.0000 
Traceback (most recent call last):
  File "/project/p_gnn001/code/gnn_clean_code/test_stanford_networks.py", line 718, in <module>
    test_networks(model, args, result, args2.real_network_folder)
  File "/project/p_gnn001/code/gnn_clean_code/test_stanford_networks.py", line 433, in test_networks
    ans.append(value.tolist())
               ^^^^^^^^^^^^
AttributeError: 'list' object has no attribute 'tolist'

field : Social networks

../data_folder/facebook_combined.txt.gz number of nodes is :  4039
../data_folder/facebook_combined.txt.gz number of edges is :  88234
 identity_feat : loss : 1.0000 
Traceback (most recent call last):
  File "/project/p_gnn001/code/gnn_clean_code/test_stanford_networks.py", line 718, in <module>
    test_networks(model, args, result, args2.real_network_folder)
  File "/project/p_gnn001/code/gnn_clean_code/test_stanford_networks.py", line 433, in test_networks
    ans.append(value.tolist())
               ^^^^^^^^^^^^
AttributeError: 'list' object has no attribute 'tolist'

field : Social networks

../data_folder/facebook_combined.txt.gz number of nodes is :  4039
../data_folder/facebook_combined.txt.gz number of edges is :  88234
 identity_feat : loss : 1.0000 
Traceback (most recent call last):
  File "/project/p_gnn001/code/gnn_clean_code/test_stanford_networks.py", line 718, in <module>
    test_networks(model, args, result, args2.real_network_folder)
  File "/project/p_gnn001/code/gnn_clean_code/test_stanford_networks.py", line 433, in test_networks
    ans.append(value.tolist())
               ^^^^^^^^^^^^
AttributeError: 'list' object has no attribute 'tolist'
