Epoch 10: loss=0.1146
Epoch 20: loss=0.0242
Epoch 30: loss=0.0050
Epoch 40: loss=0.0030
Epoch 50: loss=0.0030
Epoch 60: loss=0.0030
Epoch 70: loss=0.0030
Epoch 80: loss=0.0030
Epoch 90: loss=0.0030
Epoch 100: loss=0.0030
small_test : 0.0012393020093441009, medium_test 5.8856056213378904
Weight shape for ginlayers.0.apply_func.linears.weight: torch.Size([1, 1])
Weights for ginlayers.0.apply_func.linears.weight: Parameter containing:
tensor([[0.4341]], device='cuda:0', requires_grad=True)
Bias shape for ginlayers.0.apply_func.linears.bias: torch.Size([1])
Biases for ginlayers.0.apply_func.linears.bias: Parameter containing:
tensor([1.0326], device='cuda:0', requires_grad=True)
Epoch 10: loss=0.0151
Epoch 20: loss=0.0009
Epoch 30: loss=0.0014
Epoch 40: loss=0.0008
Epoch 50: loss=0.0007
Epoch 60: loss=0.0007
Epoch 70: loss=0.0007
Epoch 80: loss=0.0007
Epoch 90: loss=0.0007
Epoch 100: loss=0.0007
small_test : 0.0001570121571421623, medium_test 1.293651346206665
Weight shape for ginlayers.0.apply_func.linears.weight: torch.Size([1, 1])
Weights for ginlayers.0.apply_func.linears.weight: Parameter containing:
tensor([[0.7350]], device='cuda:0', requires_grad=True)
Bias shape for ginlayers.0.apply_func.linears.bias: torch.Size([1])
Biases for ginlayers.0.apply_func.linears.bias: Parameter containing:
tensor([-0.1848], device='cuda:0', requires_grad=True)
Epoch 10: loss=0.1687
Epoch 20: loss=0.0115
Epoch 30: loss=0.0022
Epoch 40: loss=0.0016
Epoch 50: loss=0.0015
Epoch 60: loss=0.0015
Epoch 70: loss=0.0015
Epoch 80: loss=0.0015
Epoch 90: loss=0.0015
Epoch 100: loss=0.0015
small_test : 0.0002764489315450192, medium_test 2.726686279296875
Weight shape for ginlayers.0.apply_func.linears.weight: torch.Size([1, 1])
Weights for ginlayers.0.apply_func.linears.weight: Parameter containing:
tensor([[0.6153]], device='cuda:0', requires_grad=True)
Bias shape for ginlayers.0.apply_func.linears.bias: torch.Size([1])
Biases for ginlayers.0.apply_func.linears.bias: Parameter containing:
tensor([0.2087], device='cuda:0', requires_grad=True)
Epoch 10: loss=0.1948
Epoch 20: loss=0.0674
Epoch 30: loss=0.0271
Epoch 40: loss=0.0100
Epoch 50: loss=0.0059
Epoch 60: loss=0.0046
Epoch 70: loss=0.0040
Epoch 80: loss=0.0038
Epoch 90: loss=0.0037
Epoch 100: loss=0.0036
small_test : 0.0011357203125953673, medium_test 1.5021710252761842
Weight shape for ginlayers.0.apply_func.linears.weight: torch.Size([1, 1])
Weights for ginlayers.0.apply_func.linears.weight: Parameter containing:
tensor([[0.7026]], device='cuda:0', requires_grad=True)
Bias shape for ginlayers.0.apply_func.linears.bias: torch.Size([1])
Biases for ginlayers.0.apply_func.linears.bias: Parameter containing:
tensor([0.9829], device='cuda:0', requires_grad=True)
Epoch 10: loss=0.1600
Epoch 20: loss=0.0161
Epoch 30: loss=0.0037
Epoch 40: loss=0.0025
Epoch 50: loss=0.0024
Epoch 60: loss=0.0024
Epoch 70: loss=0.0024
Epoch 80: loss=0.0024
Epoch 90: loss=0.0024
Epoch 100: loss=0.0024
small_test : 0.00045607119798660276, medium_test 4.2974148254394535
Weight shape for ginlayers.0.apply_func.linears.weight: torch.Size([1, 1])
Weights for ginlayers.0.apply_func.linears.weight: Parameter containing:
tensor([[0.5169]], device='cuda:0', requires_grad=True)
Bias shape for ginlayers.0.apply_func.linears.bias: torch.Size([1])
Biases for ginlayers.0.apply_func.linears.bias: Parameter containing:
tensor([0.5770], device='cuda:0', requires_grad=True)
Epoch 10: loss=0.0430
Epoch 20: loss=0.0048
Epoch 30: loss=0.0003
Epoch 40: loss=0.0003
Epoch 50: loss=0.0003
Epoch 60: loss=0.0003
Epoch 70: loss=0.0003
Epoch 80: loss=0.0003
Epoch 90: loss=0.0003
Epoch 100: loss=0.0003
small_test : 6.705743260681629e-05, medium_test 0.46872203159332276
Weight shape for ginlayers.0.apply_func.linears.weight: torch.Size([1, 1])
Weights for ginlayers.0.apply_func.linears.weight: Parameter containing:
tensor([[0.8404]], device='cuda:0', requires_grad=True)
Bias shape for ginlayers.0.apply_func.linears.bias: torch.Size([1])
Biases for ginlayers.0.apply_func.linears.bias: Parameter containing:
tensor([-0.5345], device='cuda:0', requires_grad=True)
Epoch 10: loss=0.1538
Epoch 20: loss=0.0100
Epoch 30: loss=0.0028
Epoch 40: loss=0.0023
Epoch 50: loss=0.0022
Epoch 60: loss=0.0022
Epoch 70: loss=0.0022
Epoch 80: loss=0.0022
Epoch 90: loss=0.0022
Epoch 100: loss=0.0022
small_test : 0.0006446094810962677, medium_test 4.1620625991821285
Weight shape for ginlayers.0.apply_func.linears.weight: torch.Size([1, 1])
Weights for ginlayers.0.apply_func.linears.weight: Parameter containing:
tensor([[0.5244]], device='cuda:0', requires_grad=True)
Bias shape for ginlayers.0.apply_func.linears.bias: torch.Size([1])
Biases for ginlayers.0.apply_func.linears.bias: Parameter containing:
tensor([0.5471], device='cuda:0', requires_grad=True)
Epoch 10: loss=0.0169
Epoch 20: loss=0.0109
Epoch 30: loss=0.0012
Epoch 40: loss=0.0016
Epoch 50: loss=0.0012
Epoch 60: loss=0.0012
Epoch 70: loss=0.0012
Epoch 80: loss=0.0012
Epoch 90: loss=0.0012
Epoch 100: loss=0.0012
small_test : 0.00025185657665133476, medium_test 2.196741027832031
Weight shape for ginlayers.0.apply_func.linears.weight: torch.Size([1, 1])
Weights for ginlayers.0.apply_func.linears.weight: Parameter containing:
tensor([[0.6542]], device='cuda:0', requires_grad=True)
Bias shape for ginlayers.0.apply_func.linears.bias: torch.Size([1])
Biases for ginlayers.0.apply_func.linears.bias: Parameter containing:
tensor([0.0549], device='cuda:0', requires_grad=True)
Epoch 10: loss=0.0202
Epoch 20: loss=0.0036
Epoch 30: loss=0.0040
Epoch 40: loss=0.0035
Epoch 50: loss=0.0034
Epoch 60: loss=0.0034
Epoch 70: loss=0.0034
Epoch 80: loss=0.0034
Epoch 90: loss=0.0034
Epoch 100: loss=0.0034
small_test : 0.0009719140827655793, medium_test 6.315488735198975
Weight shape for ginlayers.0.apply_func.linears.weight: torch.Size([1, 1])
Weights for ginlayers.0.apply_func.linears.weight: Parameter containing:
tensor([[0.4142]], device='cuda:0', requires_grad=True)
Bias shape for ginlayers.0.apply_func.linears.bias: torch.Size([1])
Biases for ginlayers.0.apply_func.linears.bias: Parameter containing:
tensor([0.9323], device='cuda:0', requires_grad=True)
Epoch 10: loss=0.1495
Epoch 20: loss=0.0030
Epoch 30: loss=0.0012
Epoch 40: loss=0.0012
Epoch 50: loss=0.0012
Epoch 60: loss=0.0012
Epoch 70: loss=0.0012
Epoch 80: loss=0.0012
Epoch 90: loss=0.0012
Epoch 100: loss=0.0012
small_test : 0.00015793152153491973, medium_test 2.0297754802703856
Weight shape for ginlayers.0.apply_func.linears.weight: torch.Size([1, 1])
Weights for ginlayers.0.apply_func.linears.weight: Parameter containing:
tensor([[0.6681]], device='cuda:0', requires_grad=True)
Bias shape for ginlayers.0.apply_func.linears.bias: torch.Size([1])
Biases for ginlayers.0.apply_func.linears.bias: Parameter containing:
tensor([0.0175], device='cuda:0', requires_grad=True)
