Epoch 10: loss=0.060399
Epoch 20: loss=0.059407
Epoch 30: loss=0.058895
Epoch 40: loss=0.058975
Epoch 50: loss=0.058871
Epoch 60: loss=0.058756
Epoch 70: loss=0.058724
Epoch 80: loss=0.058709
Epoch 90: loss=0.058702
Epoch 100: loss=0.058699
Epoch 110: loss=0.058698
Epoch 120: loss=0.058694
Epoch 130: loss=0.058695
Epoch 140: loss=0.058694
Epoch 150: loss=0.058690
Epoch 160: loss=0.058690
Epoch 170: loss=0.058690
Epoch 180: loss=0.058694
Epoch 190: loss=0.058690
Epoch 200: loss=0.058698
Epoch 210: loss=0.058698
Epoch 220: loss=0.058698
Epoch 230: loss=0.058698
Epoch 240: loss=0.058698
Epoch 250: loss=0.058698
Epoch 260: loss=0.058698
Epoch 270: loss=0.058698
Epoch 280: loss=0.058698
Epoch 290: loss=0.058698
Epoch 300: loss=0.058698
Epoch 310: loss=0.058698
Epoch 320: loss=0.058698
Epoch 330: loss=0.058698
Epoch 340: loss=0.058698
Epoch 350: loss=0.058698
Epoch 360: loss=0.058698
Epoch 370: loss=0.058698
Epoch 380: loss=0.058698
Epoch 390: loss=0.058698
Epoch 400: loss=0.058698
Epoch 410: loss=0.058698
Epoch 420: loss=0.058698
Epoch 430: loss=0.058698
Epoch 440: loss=0.058698
Epoch 450: loss=0.058698
Epoch 460: loss=0.058698
Epoch 470: loss=0.058698
Epoch 480: loss=0.058698
Epoch 490: loss=0.058698
Epoch 500: loss=0.058698
validation : 0.05906758069992066, MUTAG 0.24096967697143554, Muedim test 0.058770068883895875
Done loading data from cached files.
Done loading data from cached files.
loss of real network :  1.8289605434558922
Epoch 10: loss=0.059666
Epoch 20: loss=0.058793
Epoch 30: loss=0.058519
Epoch 40: loss=0.058561
Epoch 50: loss=0.058387
Epoch 60: loss=0.058336
Epoch 70: loss=0.058317
Epoch 80: loss=0.058305
Epoch 90: loss=0.058300
Epoch 100: loss=0.058298
Epoch 110: loss=0.058297
Epoch 120: loss=0.058297
Epoch 130: loss=0.058296
Epoch 140: loss=0.058298
Epoch 150: loss=0.058294
Epoch 160: loss=0.058294
Epoch 170: loss=0.058294
Epoch 180: loss=0.058294
Epoch 190: loss=0.058294
Epoch 200: loss=0.058294
Epoch 210: loss=0.058294
Epoch 220: loss=0.058294
Epoch 230: loss=0.058294
Epoch 240: loss=0.058294
Epoch 250: loss=0.058294
Epoch 260: loss=0.058294
Epoch 270: loss=0.058294
Epoch 280: loss=0.058294
Epoch 290: loss=0.058294
Epoch 300: loss=0.058294
Epoch 310: loss=0.058294
Epoch 320: loss=0.058294
Epoch 330: loss=0.058294
Epoch 340: loss=0.058294
Epoch 350: loss=0.058294
Epoch 360: loss=0.058294
Epoch 370: loss=0.058294
Epoch 380: loss=0.058294
Epoch 390: loss=0.058294
Epoch 400: loss=0.058294
Epoch 410: loss=0.058294
Epoch 420: loss=0.058294
Epoch 430: loss=0.058294
Epoch 440: loss=0.058294
Epoch 450: loss=0.058294
Epoch 460: loss=0.058294
Epoch 470: loss=0.058294
Epoch 480: loss=0.058294
Epoch 490: loss=0.058294
Epoch 500: loss=0.058294
validation : 0.06271880865097046, MUTAG 0.24245677947998046, Muedim test 0.05877111792564392
Done loading data from cached files.
Done loading data from cached files.
loss of real network :  1.8157444419164974
Epoch 10: loss=0.059213
Epoch 20: loss=0.058977
Epoch 30: loss=0.058738
Epoch 40: loss=0.058685
Epoch 50: loss=0.058702
Epoch 60: loss=0.058629
Epoch 70: loss=0.058608
Epoch 80: loss=0.058600
Epoch 90: loss=0.058594
Epoch 100: loss=0.058592
Epoch 110: loss=0.058591
Epoch 120: loss=0.058589
Epoch 130: loss=0.058589
Epoch 140: loss=0.058586
Epoch 150: loss=0.058585
Epoch 160: loss=0.058585
Epoch 170: loss=0.058585
Epoch 180: loss=0.058585
Epoch 190: loss=0.058589
Epoch 200: loss=0.058591
Epoch 210: loss=0.058591
Epoch 220: loss=0.058591
Epoch 230: loss=0.058591
Epoch 240: loss=0.058591
Epoch 250: loss=0.058591
Epoch 260: loss=0.058591
Epoch 270: loss=0.058591
Epoch 280: loss=0.058591
Epoch 290: loss=0.058591
Epoch 300: loss=0.058591
Epoch 310: loss=0.058591
Epoch 320: loss=0.058591
Epoch 330: loss=0.058591
Epoch 340: loss=0.058591
Epoch 350: loss=0.058591
Epoch 360: loss=0.058591
Epoch 370: loss=0.058591
Epoch 380: loss=0.058591
Epoch 390: loss=0.058591
Epoch 400: loss=0.058591
Epoch 410: loss=0.058591
Epoch 420: loss=0.058591
Epoch 430: loss=0.058591
Epoch 440: loss=0.058591
Epoch 450: loss=0.058591
Epoch 460: loss=0.058591
Epoch 470: loss=0.058591
Epoch 480: loss=0.058591
Epoch 490: loss=0.058591
Epoch 500: loss=0.058591
validation : 0.06001440525054932, MUTAG 0.24176124572753907, Muedim test 0.05878633737564087
Done loading data from cached files.
Done loading data from cached files.
loss of real network :  1.821885555218539
Epoch 10: loss=0.058745
Epoch 20: loss=0.058811
Epoch 30: loss=0.060459
Epoch 40: loss=0.059401
Epoch 50: loss=0.058846
Epoch 60: loss=0.058698
Epoch 70: loss=0.058637
Epoch 80: loss=0.058609
Epoch 90: loss=0.058597
Epoch 100: loss=0.058588
Epoch 110: loss=0.058585
Epoch 120: loss=0.058582
Epoch 130: loss=0.058579
Epoch 140: loss=0.058579
Epoch 150: loss=0.058579
Epoch 160: loss=0.058580
Epoch 170: loss=0.058580
Epoch 180: loss=0.058580
Epoch 190: loss=0.058580
Epoch 200: loss=0.058580
Epoch 210: loss=0.058580
Epoch 220: loss=0.058580
Epoch 230: loss=0.058580
Epoch 240: loss=0.058580
Epoch 250: loss=0.058580
Epoch 260: loss=0.058580
Epoch 270: loss=0.058580
Epoch 280: loss=0.058580
Epoch 290: loss=0.058580
Epoch 300: loss=0.058580
Epoch 310: loss=0.058580
Epoch 320: loss=0.058580
Epoch 330: loss=0.058580
Epoch 340: loss=0.058580
Epoch 350: loss=0.058580
Epoch 360: loss=0.058580
Epoch 370: loss=0.058580
Epoch 380: loss=0.058580
Epoch 390: loss=0.058580
Epoch 400: loss=0.058580
Epoch 410: loss=0.058580
Epoch 420: loss=0.058580
Epoch 430: loss=0.058580
Epoch 440: loss=0.058580
Epoch 450: loss=0.058580
Epoch 460: loss=0.058580
Epoch 470: loss=0.058580
Epoch 480: loss=0.058580
Epoch 490: loss=0.058580
Epoch 500: loss=0.058580
validation : 0.06008934259414673, MUTAG 0.24156213760375977, Muedim test 0.05877119660377503
Done loading data from cached files.
Done loading data from cached files.
loss of real network :  1.8236743648227176
Epoch 10: loss=0.060428
Epoch 20: loss=0.066397
Epoch 30: loss=0.059506
Epoch 40: loss=0.058796
Epoch 50: loss=0.058622
Epoch 60: loss=0.058526
Epoch 70: loss=0.058484
Epoch 80: loss=0.058462
Epoch 90: loss=0.058452
Epoch 100: loss=0.058447
Epoch 110: loss=0.058445
Epoch 120: loss=0.058444
Epoch 130: loss=0.058444
Epoch 140: loss=0.058444
Epoch 150: loss=0.058445
Epoch 160: loss=0.058444
Epoch 170: loss=0.058442
Epoch 180: loss=0.058442
Epoch 190: loss=0.058442
Epoch 200: loss=0.058441
Epoch 210: loss=0.058441
Epoch 220: loss=0.058441
Epoch 230: loss=0.058441
Epoch 240: loss=0.058441
Epoch 250: loss=0.058441
Epoch 260: loss=0.058441
Epoch 270: loss=0.058441
Epoch 280: loss=0.058441
Epoch 290: loss=0.058441
Epoch 300: loss=0.058441
Epoch 310: loss=0.058441
Epoch 320: loss=0.058441
Epoch 330: loss=0.058441
Epoch 340: loss=0.058441
Epoch 350: loss=0.058441
Epoch 360: loss=0.058441
Epoch 370: loss=0.058441
Epoch 380: loss=0.058441
Epoch 390: loss=0.058441
Epoch 400: loss=0.058441
Epoch 410: loss=0.058441
Epoch 420: loss=0.058441
Epoch 430: loss=0.058441
Epoch 440: loss=0.058441
Epoch 450: loss=0.058441
Epoch 460: loss=0.058441
Epoch 470: loss=0.058441
Epoch 480: loss=0.058441
Epoch 490: loss=0.058441
Epoch 500: loss=0.058441
validation : 0.061377577781677246, MUTAG 0.2421339988708496, Muedim test 0.05878246784210205
Done loading data from cached files.
Done loading data from cached files.
loss of real network :  1.818628454472205
Epoch 10: loss=0.058479
Epoch 20: loss=0.058536
Epoch 30: loss=0.059073
Epoch 40: loss=0.058613
Epoch 50: loss=0.058450
Epoch 60: loss=0.058400
Epoch 70: loss=0.058381
Epoch 80: loss=0.058368
Epoch 90: loss=0.058363
Epoch 100: loss=0.058358
Epoch 110: loss=0.058358
Epoch 120: loss=0.058360
Epoch 130: loss=0.058361
Epoch 140: loss=0.058362
Epoch 150: loss=0.058363
Epoch 160: loss=0.058364
Epoch 170: loss=0.058364
Epoch 180: loss=0.058365
Epoch 190: loss=0.058365
Epoch 200: loss=0.058365
Epoch 210: loss=0.058365
Epoch 220: loss=0.058365
Epoch 230: loss=0.058365
Epoch 240: loss=0.058365
Epoch 250: loss=0.058365
Epoch 260: loss=0.058365
Epoch 270: loss=0.058365
Epoch 280: loss=0.058365
Epoch 290: loss=0.058365
Epoch 300: loss=0.058365
Epoch 310: loss=0.058365
Epoch 320: loss=0.058365
Epoch 330: loss=0.058365
Epoch 340: loss=0.058365
Epoch 350: loss=0.058365
Epoch 360: loss=0.058365
Epoch 370: loss=0.058365
Epoch 380: loss=0.058365
Epoch 390: loss=0.058365
Epoch 400: loss=0.058365
Epoch 410: loss=0.058365
Epoch 420: loss=0.058365
Epoch 430: loss=0.058365
Epoch 440: loss=0.058365
Epoch 450: loss=0.058365
Epoch 460: loss=0.058365
Epoch 470: loss=0.058365
Epoch 480: loss=0.058365
Epoch 490: loss=0.058365
Epoch 500: loss=0.058365
validation : 0.0621543550491333, MUTAG 0.24247653007507325, Muedim test 0.05877266049385071
Done loading data from cached files.
Done loading data from cached files.
loss of real network :  1.8155704838682474
Epoch 10: loss=0.058852
Epoch 20: loss=0.058799
Epoch 30: loss=0.059026
Epoch 40: loss=0.059218
Epoch 50: loss=0.058862
Epoch 60: loss=0.058776
Epoch 70: loss=0.058746
Epoch 80: loss=0.058737
Epoch 90: loss=0.058729
Epoch 100: loss=0.058723
Epoch 110: loss=0.058722
Epoch 120: loss=0.058725
Epoch 130: loss=0.058726
Epoch 140: loss=0.058725
Epoch 150: loss=0.058726
Epoch 160: loss=0.058726
Epoch 170: loss=0.058726
Epoch 180: loss=0.058726
Epoch 190: loss=0.058726
Epoch 200: loss=0.058726
Epoch 210: loss=0.058726
Epoch 220: loss=0.058726
Epoch 230: loss=0.058726
Epoch 240: loss=0.058726
Epoch 250: loss=0.058726
Epoch 260: loss=0.058726
Epoch 270: loss=0.058726
Epoch 280: loss=0.058726
Epoch 290: loss=0.058726
Epoch 300: loss=0.058726
Epoch 310: loss=0.058726
Epoch 320: loss=0.058726
Epoch 330: loss=0.058726
Epoch 340: loss=0.058726
Epoch 350: loss=0.058726
Epoch 360: loss=0.058726
Epoch 370: loss=0.058726
Epoch 380: loss=0.058726
Epoch 390: loss=0.058726
Epoch 400: loss=0.058726
Epoch 410: loss=0.058726
Epoch 420: loss=0.058726
Epoch 430: loss=0.058726
Epoch 440: loss=0.058726
Epoch 450: loss=0.058726
Epoch 460: loss=0.058726
Epoch 470: loss=0.058726
Epoch 480: loss=0.058726
Epoch 490: loss=0.058726
Epoch 500: loss=0.058726
validation : 0.05883095026016236, MUTAG 0.2413468551635742, Muedim test 0.058759217262268064
Done loading data from cached files.
Done loading data from cached files.
loss of real network :  1.8255803127731733
Epoch 10: loss=0.059261
Epoch 20: loss=0.058855
Epoch 30: loss=0.058886
Epoch 40: loss=0.059025
Epoch 50: loss=0.058696
Epoch 60: loss=0.058616
Epoch 70: loss=0.058588
Epoch 80: loss=0.058574
Epoch 90: loss=0.058568
Epoch 100: loss=0.058564
Epoch 110: loss=0.058563
Epoch 120: loss=0.058559
Epoch 130: loss=0.058558
Epoch 140: loss=0.058556
Epoch 150: loss=0.058556
Epoch 160: loss=0.058556
Epoch 170: loss=0.058555
Epoch 180: loss=0.058555
Epoch 190: loss=0.058554
Epoch 200: loss=0.058554
Epoch 210: loss=0.058554
Epoch 220: loss=0.058554
Epoch 230: loss=0.058554
Epoch 240: loss=0.058554
Epoch 250: loss=0.058554
Epoch 260: loss=0.058554
Epoch 270: loss=0.058554
Epoch 280: loss=0.058554
Epoch 290: loss=0.058554
Epoch 300: loss=0.058554
Epoch 310: loss=0.058554
Epoch 320: loss=0.058554
Epoch 330: loss=0.058554
Epoch 340: loss=0.058554
Epoch 350: loss=0.058554
Epoch 360: loss=0.058554
Epoch 370: loss=0.058554
Epoch 380: loss=0.058554
Epoch 390: loss=0.058554
Epoch 400: loss=0.058554
Epoch 410: loss=0.058554
Epoch 420: loss=0.058554
Epoch 430: loss=0.058554
Epoch 440: loss=0.058554
Epoch 450: loss=0.058554
Epoch 460: loss=0.058554
Epoch 470: loss=0.058554
Epoch 480: loss=0.058554
Epoch 490: loss=0.058554
Epoch 500: loss=0.058554
validation : 0.06026822566986084, MUTAG 0.24160595893859863, Muedim test 0.0587602686882019
Done loading data from cached files.
Done loading data from cached files.
loss of real network :  1.8232602729122054
Epoch 10: loss=0.058944
Epoch 20: loss=0.059263
Epoch 30: loss=0.059275
Epoch 40: loss=0.058950
Epoch 50: loss=0.058867
Epoch 60: loss=0.058836
Epoch 70: loss=0.058824
Epoch 80: loss=0.058817
Epoch 90: loss=0.058814
Epoch 100: loss=0.058813
Epoch 110: loss=0.058811
Epoch 120: loss=0.058811
Epoch 130: loss=0.058810
Epoch 140: loss=0.058808
Epoch 150: loss=0.058807
Epoch 160: loss=0.058806
Epoch 170: loss=0.058805
Epoch 180: loss=0.058806
Epoch 190: loss=0.058806
Epoch 200: loss=0.058806
Epoch 210: loss=0.058806
Epoch 220: loss=0.058806
Epoch 230: loss=0.058806
Epoch 240: loss=0.058806
Epoch 250: loss=0.058806
Epoch 260: loss=0.058806
Epoch 270: loss=0.058806
Epoch 280: loss=0.058806
Epoch 290: loss=0.058806
Epoch 300: loss=0.058806
Epoch 310: loss=0.058806
Epoch 320: loss=0.058806
Epoch 330: loss=0.058806
Epoch 340: loss=0.058806
Epoch 350: loss=0.058806
Epoch 360: loss=0.058806
Epoch 370: loss=0.058806
Epoch 380: loss=0.058806
Epoch 390: loss=0.058806
Epoch 400: loss=0.058806
Epoch 410: loss=0.058806
Epoch 420: loss=0.058806
Epoch 430: loss=0.058806
Epoch 440: loss=0.058806
Epoch 450: loss=0.058806
Epoch 460: loss=0.058806
Epoch 470: loss=0.058806
Epoch 480: loss=0.058806
Epoch 490: loss=0.058806
Epoch 500: loss=0.058806
validation : 0.058036184310913085, MUTAG 0.24079185485839844, Muedim test 0.058785381317138674
Done loading data from cached files.
Done loading data from cached files.
loss of real network :  1.8305351879310152
Epoch 10: loss=0.059734
Epoch 20: loss=0.059449
Epoch 30: loss=0.059547
Epoch 40: loss=0.059798
Epoch 50: loss=0.059382
Epoch 60: loss=0.059277
Epoch 70: loss=0.059237
Epoch 80: loss=0.059222
Epoch 90: loss=0.059212
Epoch 100: loss=0.059207
Epoch 110: loss=0.059206
Epoch 120: loss=0.059203
Epoch 130: loss=0.059201
Epoch 140: loss=0.059200
Epoch 150: loss=0.059201
Epoch 160: loss=0.059201
Epoch 170: loss=0.059200
Epoch 180: loss=0.059201
Epoch 190: loss=0.059201
Epoch 200: loss=0.059200
Epoch 210: loss=0.059200
Epoch 220: loss=0.059200
Epoch 230: loss=0.059200
Epoch 240: loss=0.059200
Epoch 250: loss=0.059200
Epoch 260: loss=0.059200
Epoch 270: loss=0.059200
Epoch 280: loss=0.059200
Epoch 290: loss=0.059200
Epoch 300: loss=0.059200
Epoch 310: loss=0.059200
Epoch 320: loss=0.059200
Epoch 330: loss=0.059200
Epoch 340: loss=0.059200
Epoch 350: loss=0.059200
Epoch 360: loss=0.059200
Epoch 370: loss=0.059200
Epoch 380: loss=0.059200
Epoch 390: loss=0.059200
Epoch 400: loss=0.059200
Epoch 410: loss=0.059200
Epoch 420: loss=0.059200
Epoch 430: loss=0.059200
Epoch 440: loss=0.059200
Epoch 450: loss=0.059200
Epoch 460: loss=0.059200
Epoch 470: loss=0.059200
Epoch 480: loss=0.059200
Epoch 490: loss=0.059200
Epoch 500: loss=0.059200
validation : 0.054665961265563966, MUTAG 0.239274320602417, Muedim test 0.05880178809165955
Done loading data from cached files.
Done loading data from cached files.
loss of real network :  1.8441489193495586
0.05862552274598015      0.059722339153289804      0.2414379358291626      0.058776050448417674      1.824798853672005
