Epoch 10: loss=0.003018
Epoch 20: loss=0.000697
Epoch 30: loss=0.000461
Epoch 40: loss=0.000411
Epoch 50: loss=0.000392
Epoch 60: loss=0.000384
Epoch 70: loss=0.000381
Epoch 80: loss=0.000379
Epoch 90: loss=0.000378
Epoch 100: loss=0.000378
Epoch 110: loss=0.000377
Epoch 120: loss=0.000377
Epoch 130: loss=0.000377
Epoch 140: loss=0.000378
Epoch 150: loss=0.000377
Epoch 160: loss=0.000377
Epoch 170: loss=0.000377
Epoch 180: loss=0.000377
Epoch 190: loss=0.000377
Epoch 200: loss=0.000377
Epoch 210: loss=0.000377
Epoch 220: loss=0.000377
Epoch 230: loss=0.000377
Epoch 240: loss=0.000377
Epoch 250: loss=0.000377
Epoch 260: loss=0.000377
Epoch 270: loss=0.000377
Epoch 280: loss=0.000377
Epoch 290: loss=0.000377
Epoch 300: loss=0.000377
Epoch 310: loss=0.000377
Epoch 320: loss=0.000377
Epoch 330: loss=0.000377
Epoch 340: loss=0.000377
Epoch 350: loss=0.000377
Epoch 360: loss=0.000377
Epoch 370: loss=0.000377
Epoch 380: loss=0.000377
Epoch 390: loss=0.000377
Epoch 400: loss=0.000377
Epoch 410: loss=0.000377
Epoch 420: loss=0.000377
Epoch 430: loss=0.000377
Epoch 440: loss=0.000377
Epoch 450: loss=0.000377
Epoch 460: loss=0.000377
Epoch 470: loss=0.000377
Epoch 480: loss=0.000377
Epoch 490: loss=0.000377
Epoch 500: loss=0.000377
validation : 0.00037991020828485487, MUTAG 0.00154586061835289, Muedim test 0.00037862908095121384
Done loading data from cached files.
Done loading data from cached files.
loss of real network :  0.011777356165014375
Epoch 10: loss=0.002357
Epoch 20: loss=0.000636
Epoch 30: loss=0.000444
Epoch 40: loss=0.000400
Epoch 50: loss=0.000385
Epoch 60: loss=0.000378
Epoch 70: loss=0.000376
Epoch 80: loss=0.000374
Epoch 90: loss=0.000373
Epoch 100: loss=0.000372
Epoch 110: loss=0.000372
Epoch 120: loss=0.000372
Epoch 130: loss=0.000372
Epoch 140: loss=0.000372
Epoch 150: loss=0.000372
Epoch 160: loss=0.000372
Epoch 170: loss=0.000372
Epoch 180: loss=0.000372
Epoch 190: loss=0.000372
Epoch 200: loss=0.000372
Epoch 210: loss=0.000372
Epoch 220: loss=0.000372
Epoch 230: loss=0.000372
Epoch 240: loss=0.000372
Epoch 250: loss=0.000372
Epoch 260: loss=0.000372
Epoch 270: loss=0.000372
Epoch 280: loss=0.000372
Epoch 290: loss=0.000372
Epoch 300: loss=0.000372
Epoch 310: loss=0.000372
Epoch 320: loss=0.000372
Epoch 330: loss=0.000372
Epoch 340: loss=0.000372
Epoch 350: loss=0.000372
Epoch 360: loss=0.000372
Epoch 370: loss=0.000372
Epoch 380: loss=0.000372
Epoch 390: loss=0.000372
Epoch 400: loss=0.000372
Epoch 410: loss=0.000372
Epoch 420: loss=0.000372
Epoch 430: loss=0.000372
Epoch 440: loss=0.000372
Epoch 450: loss=0.000372
Epoch 460: loss=0.000372
Epoch 470: loss=0.000372
Epoch 480: loss=0.000372
Epoch 490: loss=0.000372
Epoch 500: loss=0.000372
validation : 0.00039989048615098, MUTAG 0.001546688750386238, Muedim test 0.0003740158211439848
Done loading data from cached files.
Done loading data from cached files.
loss of real network :  0.01159503131900099
Epoch 10: loss=0.005362
Epoch 20: loss=0.000858
Epoch 30: loss=0.000488
Epoch 40: loss=0.000416
Epoch 50: loss=0.000393
Epoch 60: loss=0.000384
Epoch 70: loss=0.000379
Epoch 80: loss=0.000377
Epoch 90: loss=0.000376
Epoch 100: loss=0.000375
Epoch 110: loss=0.000375
Epoch 120: loss=0.000374
Epoch 130: loss=0.000374
Epoch 140: loss=0.000374
Epoch 150: loss=0.000374
Epoch 160: loss=0.000374
Epoch 170: loss=0.000374
Epoch 180: loss=0.000374
Epoch 190: loss=0.000374
Epoch 200: loss=0.000374
Epoch 210: loss=0.000374
Epoch 220: loss=0.000374
Epoch 230: loss=0.000374
Epoch 240: loss=0.000374
Epoch 250: loss=0.000374
Epoch 260: loss=0.000374
Epoch 270: loss=0.000374
Epoch 280: loss=0.000374
Epoch 290: loss=0.000374
Epoch 300: loss=0.000374
Epoch 310: loss=0.000374
Epoch 320: loss=0.000374
Epoch 330: loss=0.000374
Epoch 340: loss=0.000374
Epoch 350: loss=0.000374
Epoch 360: loss=0.000374
Epoch 370: loss=0.000374
Epoch 380: loss=0.000374
Epoch 390: loss=0.000374
Epoch 400: loss=0.000374
Epoch 410: loss=0.000374
Epoch 420: loss=0.000374
Epoch 430: loss=0.000374
Epoch 440: loss=0.000374
Epoch 450: loss=0.000374
Epoch 460: loss=0.000374
Epoch 470: loss=0.000374
Epoch 480: loss=0.000374
Epoch 490: loss=0.000374
Epoch 500: loss=0.000374
validation : 0.0003833727352321148, MUTAG 0.0015454961359500886, Muedim test 0.00037669990211725235
Done loading data from cached files.
Done loading data from cached files.
loss of real network :  0.011655697600925509
Epoch 10: loss=0.001478
Epoch 20: loss=0.000553
Epoch 30: loss=0.000424
Epoch 40: loss=0.000386
Epoch 50: loss=0.000374
Epoch 60: loss=0.000369
Epoch 70: loss=0.000367
Epoch 80: loss=0.000366
Epoch 90: loss=0.000366
Epoch 100: loss=0.000365
Epoch 110: loss=0.000365
Epoch 120: loss=0.000365
Epoch 130: loss=0.000365
Epoch 140: loss=0.000365
Epoch 150: loss=0.000365
Epoch 160: loss=0.000365
Epoch 170: loss=0.000365
Epoch 180: loss=0.000365
Epoch 190: loss=0.000365
Epoch 200: loss=0.000365
Epoch 210: loss=0.000365
Epoch 220: loss=0.000365
Epoch 230: loss=0.000365
Epoch 240: loss=0.000365
Epoch 250: loss=0.000365
Epoch 260: loss=0.000365
Epoch 270: loss=0.000365
Epoch 280: loss=0.000365
Epoch 290: loss=0.000365
Epoch 300: loss=0.000365
Epoch 310: loss=0.000365
Epoch 320: loss=0.000365
Epoch 330: loss=0.000365
Epoch 340: loss=0.000365
Epoch 350: loss=0.000365
Epoch 360: loss=0.000365
Epoch 370: loss=0.000365
Epoch 380: loss=0.000365
Epoch 390: loss=0.000365
Epoch 400: loss=0.000365
Epoch 410: loss=0.000365
Epoch 420: loss=0.000365
Epoch 430: loss=0.000365
Epoch 440: loss=0.000365
Epoch 450: loss=0.000365
Epoch 460: loss=0.000365
Epoch 470: loss=0.000365
Epoch 480: loss=0.000365
Epoch 490: loss=0.000365
Epoch 500: loss=0.000365
validation : 0.0003739125281572342, MUTAG 0.0015004640817642212, Muedim test 0.0003635079599916935
Done loading data from cached files.
Done loading data from cached files.
loss of real network :  0.01134437472331021
Epoch 10: loss=0.003015
Epoch 20: loss=0.000585
Epoch 30: loss=0.000401
Epoch 40: loss=0.000377
Epoch 50: loss=0.000370
Epoch 60: loss=0.000368
Epoch 70: loss=0.000367
Epoch 80: loss=0.000366
Epoch 90: loss=0.000366
Epoch 100: loss=0.000366
Epoch 110: loss=0.000365
Epoch 120: loss=0.000365
Epoch 130: loss=0.000365
Epoch 140: loss=0.000366
Epoch 150: loss=0.000366
Epoch 160: loss=0.000365
Epoch 170: loss=0.000365
Epoch 180: loss=0.000365
Epoch 190: loss=0.000365
Epoch 200: loss=0.000365
Epoch 210: loss=0.000365
Epoch 220: loss=0.000365
Epoch 230: loss=0.000365
Epoch 240: loss=0.000365
Epoch 250: loss=0.000365
Epoch 260: loss=0.000365
Epoch 270: loss=0.000365
Epoch 280: loss=0.000365
Epoch 290: loss=0.000365
Epoch 300: loss=0.000365
Epoch 310: loss=0.000365
Epoch 320: loss=0.000365
Epoch 330: loss=0.000365
Epoch 340: loss=0.000365
Epoch 350: loss=0.000365
Epoch 360: loss=0.000365
Epoch 370: loss=0.000365
Epoch 380: loss=0.000365
Epoch 390: loss=0.000365
Epoch 400: loss=0.000365
Epoch 410: loss=0.000365
Epoch 420: loss=0.000365
Epoch 430: loss=0.000365
Epoch 440: loss=0.000365
Epoch 450: loss=0.000365
Epoch 460: loss=0.000365
Epoch 470: loss=0.000365
Epoch 480: loss=0.000365
Epoch 490: loss=0.000365
Epoch 500: loss=0.000365
validation : 0.0003833567351102829, MUTAG 0.0015111126005649567, Muedim test 0.00036836590617895127
Done loading data from cached files.
Done loading data from cached files.
loss of real network :  0.011399429221561303
Epoch 10: loss=0.000007
Epoch 20: loss=0.000156
Epoch 30: loss=0.000242
Epoch 40: loss=0.000276
Epoch 50: loss=0.000292
Epoch 60: loss=0.000300
Epoch 70: loss=0.000304
Epoch 80: loss=0.000306
Epoch 90: loss=0.000307
Epoch 100: loss=0.000307
Epoch 110: loss=0.000308
Epoch 120: loss=0.000308
Epoch 130: loss=0.000308
Epoch 140: loss=0.000308
Epoch 150: loss=0.000308
Epoch 160: loss=0.000308
Epoch 170: loss=0.000308
Epoch 180: loss=0.000308
Epoch 190: loss=0.000308
Epoch 200: loss=0.000308
Epoch 210: loss=0.000308
Epoch 220: loss=0.000308
Epoch 230: loss=0.000308
Epoch 240: loss=0.000308
Epoch 250: loss=0.000308
Epoch 260: loss=0.000308
Epoch 270: loss=0.000308
Epoch 280: loss=0.000308
Epoch 290: loss=0.000308
Epoch 300: loss=0.000308
Epoch 310: loss=0.000308
Epoch 320: loss=0.000308
Epoch 330: loss=0.000308
Epoch 340: loss=0.000308
Epoch 350: loss=0.000308
Epoch 360: loss=0.000308
Epoch 370: loss=0.000308
Epoch 380: loss=0.000308
Epoch 390: loss=0.000308
Epoch 400: loss=0.000308
Epoch 410: loss=0.000308
Epoch 420: loss=0.000308
Epoch 430: loss=0.000308
Epoch 440: loss=0.000308
Epoch 450: loss=0.000308
Epoch 460: loss=0.000308
Epoch 470: loss=0.000308
Epoch 480: loss=0.000308
Epoch 490: loss=0.000308
Epoch 500: loss=0.000308
validation : 0.0003280816785991192, MUTAG 0.0012778110057115556, Muedim test 0.0003101956192404032
Done loading data from cached files.
Done loading data from cached files.
loss of real network :  0.009635195545144533
Epoch 10: loss=0.001971
Epoch 20: loss=0.000604
Epoch 30: loss=0.000437
Epoch 40: loss=0.000396
Epoch 50: loss=0.000380
Epoch 60: loss=0.000373
Epoch 70: loss=0.000370
Epoch 80: loss=0.000369
Epoch 90: loss=0.000368
Epoch 100: loss=0.000368
Epoch 110: loss=0.000368
Epoch 120: loss=0.000367
Epoch 130: loss=0.000367
Epoch 140: loss=0.000367
Epoch 150: loss=0.000367
Epoch 160: loss=0.000367
Epoch 170: loss=0.000367
Epoch 180: loss=0.000367
Epoch 190: loss=0.000367
Epoch 200: loss=0.000367
Epoch 210: loss=0.000367
Epoch 220: loss=0.000367
Epoch 230: loss=0.000367
Epoch 240: loss=0.000367
Epoch 250: loss=0.000367
Epoch 260: loss=0.000367
Epoch 270: loss=0.000367
Epoch 280: loss=0.000367
Epoch 290: loss=0.000367
Epoch 300: loss=0.000367
Epoch 310: loss=0.000367
Epoch 320: loss=0.000367
Epoch 330: loss=0.000367
Epoch 340: loss=0.000367
Epoch 350: loss=0.000367
Epoch 360: loss=0.000367
Epoch 370: loss=0.000367
Epoch 380: loss=0.000367
Epoch 390: loss=0.000367
Epoch 400: loss=0.000367
Epoch 410: loss=0.000367
Epoch 420: loss=0.000367
Epoch 430: loss=0.000367
Epoch 440: loss=0.000367
Epoch 450: loss=0.000367
Epoch 460: loss=0.000367
Epoch 470: loss=0.000367
Epoch 480: loss=0.000367
Epoch 490: loss=0.000367
Epoch 500: loss=0.000367
validation : 0.0003675392456352711, MUTAG 0.0015086548775434495, Muedim test 0.0003660377394407988
Done loading data from cached files.
Done loading data from cached files.
loss of real network :  0.011387206279862831
Epoch 10: loss=0.006569
Epoch 20: loss=0.000929
Epoch 30: loss=0.000505
Epoch 40: loss=0.000424
Epoch 50: loss=0.000397
Epoch 60: loss=0.000387
Epoch 70: loss=0.000382
Epoch 80: loss=0.000379
Epoch 90: loss=0.000378
Epoch 100: loss=0.000377
Epoch 110: loss=0.000377
Epoch 120: loss=0.000377
Epoch 130: loss=0.000377
Epoch 140: loss=0.000377
Epoch 150: loss=0.000376
Epoch 160: loss=0.000376
Epoch 170: loss=0.000376
Epoch 180: loss=0.000376
Epoch 190: loss=0.000376
Epoch 200: loss=0.000376
Epoch 210: loss=0.000376
Epoch 220: loss=0.000376
Epoch 230: loss=0.000376
Epoch 240: loss=0.000376
Epoch 250: loss=0.000376
Epoch 260: loss=0.000376
Epoch 270: loss=0.000376
Epoch 280: loss=0.000376
Epoch 290: loss=0.000376
Epoch 300: loss=0.000376
Epoch 310: loss=0.000376
Epoch 320: loss=0.000376
Epoch 330: loss=0.000376
Epoch 340: loss=0.000376
Epoch 350: loss=0.000376
Epoch 360: loss=0.000376
Epoch 370: loss=0.000376
Epoch 380: loss=0.000376
Epoch 390: loss=0.000376
Epoch 400: loss=0.000376
Epoch 410: loss=0.000376
Epoch 420: loss=0.000376
Epoch 430: loss=0.000376
Epoch 440: loss=0.000376
Epoch 450: loss=0.000376
Epoch 460: loss=0.000376
Epoch 470: loss=0.000376
Epoch 480: loss=0.000376
Epoch 490: loss=0.000376
Epoch 500: loss=0.000376
validation : 0.0003873937577009201, MUTAG 0.0015528441220521926, Muedim test 0.00037868931889533996
Done loading data from cached files.
Done loading data from cached files.
loss of real network :  0.011738428802095026
Epoch 10: loss=0.000173
Epoch 20: loss=0.000302
Epoch 30: loss=0.000334
Epoch 40: loss=0.000342
Epoch 50: loss=0.000345
Epoch 60: loss=0.000346
Epoch 70: loss=0.000347
Epoch 80: loss=0.000348
Epoch 90: loss=0.000348
Epoch 100: loss=0.000348
Epoch 110: loss=0.000348
Epoch 120: loss=0.000348
Epoch 130: loss=0.000348
Epoch 140: loss=0.000348
Epoch 150: loss=0.000348
Epoch 160: loss=0.000348
Epoch 170: loss=0.000348
Epoch 180: loss=0.000348
Epoch 190: loss=0.000348
Epoch 200: loss=0.000348
Epoch 210: loss=0.000348
Epoch 220: loss=0.000348
Epoch 230: loss=0.000348
Epoch 240: loss=0.000348
Epoch 250: loss=0.000348
Epoch 260: loss=0.000348
Epoch 270: loss=0.000348
Epoch 280: loss=0.000348
Epoch 290: loss=0.000348
Epoch 300: loss=0.000348
Epoch 310: loss=0.000348
Epoch 320: loss=0.000348
Epoch 330: loss=0.000348
Epoch 340: loss=0.000348
Epoch 350: loss=0.000348
Epoch 360: loss=0.000348
Epoch 370: loss=0.000348
Epoch 380: loss=0.000348
Epoch 390: loss=0.000348
Epoch 400: loss=0.000348
Epoch 410: loss=0.000348
Epoch 420: loss=0.000348
Epoch 430: loss=0.000348
Epoch 440: loss=0.000348
Epoch 450: loss=0.000348
Epoch 460: loss=0.000348
Epoch 470: loss=0.000348
Epoch 480: loss=0.000348
Epoch 490: loss=0.000348
Epoch 500: loss=0.000348
validation : 0.0003434988483786583, MUTAG 0.001423071473836899, Muedim test 0.00034776381216943263
Done loading data from cached files.
Done loading data from cached files.
loss of real network :  0.010847780851621094
Epoch 10: loss=0.000082
Epoch 20: loss=0.000251
Epoch 30: loss=0.000303
Epoch 40: loss=0.000319
Epoch 50: loss=0.000323
Epoch 60: loss=0.000326
Epoch 70: loss=0.000327
Epoch 80: loss=0.000328
Epoch 90: loss=0.000329
Epoch 100: loss=0.000329
Epoch 110: loss=0.000329
Epoch 120: loss=0.000329
Epoch 130: loss=0.000329
Epoch 140: loss=0.000329
Epoch 150: loss=0.000329
Epoch 160: loss=0.000329
Epoch 170: loss=0.000329
Epoch 180: loss=0.000329
Epoch 190: loss=0.000329
Epoch 200: loss=0.000329
Epoch 210: loss=0.000329
Epoch 220: loss=0.000329
Epoch 230: loss=0.000329
Epoch 240: loss=0.000329
Epoch 250: loss=0.000329
Epoch 260: loss=0.000329
Epoch 270: loss=0.000329
Epoch 280: loss=0.000329
Epoch 290: loss=0.000329
Epoch 300: loss=0.000329
Epoch 310: loss=0.000329
Epoch 320: loss=0.000329
Epoch 330: loss=0.000329
Epoch 340: loss=0.000329
Epoch 350: loss=0.000329
Epoch 360: loss=0.000329
Epoch 370: loss=0.000329
Epoch 380: loss=0.000329
Epoch 390: loss=0.000329
Epoch 400: loss=0.000329
Epoch 410: loss=0.000329
Epoch 420: loss=0.000329
Epoch 430: loss=0.000329
Epoch 440: loss=0.000329
Epoch 450: loss=0.000329
Epoch 460: loss=0.000329
Epoch 470: loss=0.000329
Epoch 480: loss=0.000329
Epoch 490: loss=0.000329
Epoch 500: loss=0.000329
validation : 0.0003039622493088245, MUTAG 0.0013297009468078613, Muedim test 0.00032581922598183153
Done loading data from cached files.
Done loading data from cached files.
loss of real network :  0.010227255222585293
0.00035824897626621856      0.000365091847255826      0.001474170461297035      0.0003589724386110902      0.011160775573112116
