job1
Epoch 10: loss=38.109574
Epoch 20: loss=36.208276
Epoch 30: loss=36.036211
Epoch 40: loss=36.003792
Epoch 50: loss=35.993987
Epoch 60: loss=35.990025
Epoch 70: loss=35.988266
Epoch 80: loss=35.987353
Epoch 90: loss=35.986892
Epoch 100: loss=35.986677
validation : 33.269530029296874, MUTAG 17.88919677734375, Muedim test 77.62350952148438
An error occurred: 'SAGEConv' object has no attribute 'eps'
Traceback (most recent call last):
  File "/project/p_gnn001/code/gnn_clean_code/simple_code.py", line 569, in <module>
    train_loss, test_acc, test_acc2, test_acc3, test_acc4 = main(i)
                                                            ^^^^^^^
  File "/project/p_gnn001/code/gnn_clean_code/simple_code.py", line 533, in main
    real_loss = run_real_networks(model)
                ^^^^^^^^^^^^^^^^^^^^^^^^
  File "/project/p_gnn001/code/gnn_clean_code/test_stanford_networks.py", line 847, in run_real_networks
    loss = test_networks_simple(model, result, real_network_folder)
           ^^^^^^^^^^^^^^^^^^^^^^^^^^^^^^^^^^^^^^^^^^^^^^^^^^^^^^^^
  File "/project/p_gnn001/code/gnn_clean_code/test_stanford_networks.py", line 808, in test_networks_simple
    value = test_network_diff_nfeat_simple(model, graph, name)
            ^^^^^^^^^^^^^^^^^^^^^^^^^^^^^^^^^^^^^^^^^^^^^^^^^^
  File "/home/p_gnngw/miniconda3/envs/cuda118/lib/python3.12/site-packages/torch/utils/_contextlib.py", line 115, in decorate_context
    return func(*args, **kwargs)
           ^^^^^^^^^^^^^^^^^^^^^
  File "/project/p_gnn001/code/gnn_clean_code/test_stanford_networks.py", line 783, in test_network_diff_nfeat_simple
    loss = (logits[0][0].cpu().item()-label)**2
            ^^^^^^
UnboundLocalError: cannot access local variable 'logits' where it is not associated with a value
