Epoch 10: loss=0.5805
Epoch 20: loss=0.2373
Epoch 30: loss=0.2316
Epoch 40: loss=0.2258
Epoch 50: loss=0.2245
Epoch 60: loss=0.2241
Epoch 70: loss=0.2239
Epoch 80: loss=0.2238
Epoch 90: loss=0.2237
Epoch 100: loss=0.2237
small_test : 0.08300601959228515, medium_test 39.56318096923828
Weight shape for ginlayers.0.apply_func.linears.0.weight: torch.Size([8, 1])
Weights for ginlayers.0.apply_func.linears.0.weight: Parameter containing:
tensor([[ 0.5049],
        [-0.3767],
        [-0.1307],
        [ 0.4907],
        [-0.9401],
        [ 0.6561],
        [-0.2755],
        [ 0.5486]], device='cuda:0', requires_grad=True)
Weight shape for ginlayers.0.apply_func.linears.1.weight: torch.Size([8, 8])
Weights for ginlayers.0.apply_func.linears.1.weight: Parameter containing:
tensor([[ 0.1047, -0.1162, -0.0152,  0.0146,  0.1207, -0.1565, -0.0108,  0.0670],
        [ 0.0270,  0.0136,  0.3216,  0.0758, -0.0999, -0.2526, -0.0222, -0.1816],
        [-0.0976, -0.0048,  0.2193,  0.2296, -0.3790,  0.2269,  0.0668,  0.3182],
        [ 0.1856, -0.2747, -0.2926, -0.2186,  0.3585, -0.1071,  0.1994, -0.2081],
        [ 0.5230, -0.3337,  0.0792, -0.0200, -0.2757,  0.0740, -0.0790,  0.2140],
        [-0.0675, -0.0834, -0.3761, -0.1508,  0.1685, -0.0901,  0.3440,  0.3008],
        [-0.0085, -0.3615,  0.0682, -0.0571, -0.0657,  0.0630,  0.3824,  0.2794],
        [-0.1687, -0.0916, -0.0660,  0.0139, -0.2375, -0.2961,  0.2370, -0.0236]],
       device='cuda:0', requires_grad=True)
Weight shape for ginlayers.0.apply_func.batch_norm.weight: torch.Size([8])
Weights for ginlayers.0.apply_func.batch_norm.weight: Parameter containing:
tensor([0.9885, 0.9332, 0.9361, 1.0196, 1.0007, 1.0601, 1.0669, 1.0364],
       device='cuda:0', requires_grad=True)
Bias shape for ginlayers.0.apply_func.batch_norm.bias: torch.Size([8])
Biases for ginlayers.0.apply_func.batch_norm.bias: Parameter containing:
tensor([ 0.0037, -0.0975, -0.0837, -0.0720,  0.0504, -0.2066,  0.1383, -0.0376],
       device='cuda:0', requires_grad=True)
Weight shape for ginlayers.1.apply_func.linears.0.weight: torch.Size([8, 8])
Weights for ginlayers.1.apply_func.linears.0.weight: Parameter containing:
tensor([[ 0.0578, -0.0121,  0.0086,  0.0576,  0.0192,  0.1404, -0.4349,  0.1074],
        [-0.0625, -0.0951, -0.1193, -0.0160,  0.0659,  0.0023, -0.4540,  0.4507],
        [-0.1377,  0.1732,  0.2127, -0.2715,  0.1697, -0.0033, -0.1389, -0.2505],
        [-0.0191, -0.0658, -0.0815, -0.1289,  0.3943, -0.2125,  0.2693,  0.0109],
        [-0.3249, -0.3538,  0.3090, -0.0665,  0.2141, -0.0550,  0.0815,  0.1260],
        [ 0.2105, -0.3220,  0.1963,  0.1693,  0.4078,  0.0849, -0.1061, -0.3734],
        [-0.1173,  0.0491,  0.4281, -0.1770,  0.2655, -0.1848, -0.2560, -0.0381],
        [ 0.3004,  0.2947, -0.4440,  0.1041,  0.0825,  0.3693,  0.0007,  0.4024]],
       device='cuda:0', requires_grad=True)
Weight shape for ginlayers.1.apply_func.linears.1.weight: torch.Size([1, 8])
Weights for ginlayers.1.apply_func.linears.1.weight: Parameter containing:
tensor([[ 0.4798,  0.1661, -0.4064, -0.5595, -0.4130, -0.1163, -0.4726,  0.3995]],
       device='cuda:0', requires_grad=True)
Weight shape for ginlayers.1.apply_func.batch_norm.weight: torch.Size([8])
Weights for ginlayers.1.apply_func.batch_norm.weight: Parameter containing:
tensor([1.2614, 1.0411, 1.1608, 1.2639, 1.2619, 1.0410, 1.2617, 1.2797],
       device='cuda:0', requires_grad=True)
Bias shape for ginlayers.1.apply_func.batch_norm.bias: torch.Size([8])
Biases for ginlayers.1.apply_func.batch_norm.bias: Parameter containing:
tensor([ 0.2632,  0.2329, -0.2545, -0.2587, -0.2687, -0.2433, -0.2637,  0.2744],
       device='cuda:0', requires_grad=True)
Weight shape for batch_norms.0.weight: torch.Size([8])
Weights for batch_norms.0.weight: Parameter containing:
tensor([0.8842, 0.8509, 1.1700, 0.9464, 1.0647, 1.1007, 0.9583, 0.9746],
       device='cuda:0', requires_grad=True)
Bias shape for batch_norms.0.bias: torch.Size([8])
Biases for batch_norms.0.bias: Parameter containing:
tensor([-0.0864,  0.0011,  0.1967, -0.1504,  0.1761, -0.2189,  0.1113, -0.1937],
       device='cuda:0', requires_grad=True)
