-------------------------------label_type : density---------------------

2-------------------------------feat_type : ones_feat---------------------


2.1--------------------------------------------model name  : ['gin']---------------------


2.1.1--------------------------------------------Grid_Search  : ['gin']---------------------
small_test : 1.5012753295898438, medium_test 53732.269140625
/project/p_gnn001/code/gnn_clean_code/utils.py:153: UserWarning: std_mean(): degrees of freedom is <= 0. Correction should be strictly less than the reduction factor (input numel divided by output numel). (Triggered internally at /opt/conda/conda-bld/pytorch_1708025824022/work/aten/src/ATen/native/ReduceOps.cpp:1760.)
  std, mean = torch.std_mean(array)
Trial 1/1
Epoch 10: loss=2.2698
Epoch 20: loss=1.1466
Epoch 30: loss=0.7234
Epoch 40: loss=0.5636
Epoch 50: loss=0.4926
Epoch 60: loss=0.4588
Epoch 70: loss=0.4426
Epoch 80: loss=0.4344
Epoch 90: loss=0.4303
Epoch 100: loss=0.4283
small_test : 0.060732426643371584, medium_test 38360767.628
best trail model is : model_weights_trail0_dataset_ones_feat.pth
test mean acc: 0.0607, error bound: nan


2.1.2--------------------------------------------Train and Test  : ['gin']---------------------


3-------------------------------feat_type : noise_feat---------------------


3.1--------------------------------------------model name  : ['gin']---------------------


3.1.1--------------------------------------------Grid_Search  : ['gin']---------------------
small_test : 0.9841191864013672, medium_test 2803.4939375
/project/p_gnn001/code/gnn_clean_code/utils.py:153: UserWarning: std_mean(): degrees of freedom is <= 0. Correction should be strictly less than the reduction factor (input numel divided by output numel). (Triggered internally at /opt/conda/conda-bld/pytorch_1708025824022/work/aten/src/ATen/native/ReduceOps.cpp:1760.)
  std, mean = torch.std_mean(array)
Trial 1/1
Epoch 10: loss=2.2652
Epoch 20: loss=1.0692
Epoch 30: loss=0.6098
Epoch 40: loss=0.4391
Epoch 50: loss=0.3707
Epoch 60: loss=0.3394
Epoch 70: loss=0.3246
Epoch 80: loss=0.3172
Epoch 90: loss=0.3136
Epoch 100: loss=0.3117
small_test : 0.1272159671783447, medium_test 1279428.95534375
best trail model is : model_weights_trail0_dataset_noise_feat.pth
test mean acc: 0.1272, error bound: nan


3.1.2--------------------------------------------Train and Test  : ['gin']---------------------


4-------------------------------feat_type : degree_feat---------------------


4.1--------------------------------------------model name  : ['gin']---------------------


4.1.1--------------------------------------------Grid_Search  : ['gin']---------------------
small_test : 1.6396347045898438, medium_test 1787092.365625
/project/p_gnn001/code/gnn_clean_code/utils.py:153: UserWarning: std_mean(): degrees of freedom is <= 0. Correction should be strictly less than the reduction factor (input numel divided by output numel). (Triggered internally at /opt/conda/conda-bld/pytorch_1708025824022/work/aten/src/ATen/native/ReduceOps.cpp:1760.)
  std, mean = torch.std_mean(array)
Trial 1/1
Epoch 10: loss=2.2287
Epoch 20: loss=1.0425
Epoch 30: loss=0.5874
Epoch 40: loss=0.4123
Epoch 50: loss=0.3403
Epoch 60: loss=0.3084
Epoch 70: loss=0.2932
Epoch 80: loss=0.2857
Epoch 90: loss=0.2818
Epoch 100: loss=0.2799
small_test : 0.08204259872436523, medium_test 531015039.176
best trail model is : model_weights_trail0_dataset_degree_feat.pth
test mean acc: 0.0820, error bound: nan


4.1.2--------------------------------------------Train and Test  : ['gin']---------------------


5-------------------------------feat_type : norm_degree_feat---------------------


5.1--------------------------------------------model name  : ['gin']---------------------


5.1.1--------------------------------------------Grid_Search  : ['gin']---------------------
small_test : 0.8857713317871094, medium_test 36.41934338378906
/project/p_gnn001/code/gnn_clean_code/utils.py:153: UserWarning: std_mean(): degrees of freedom is <= 0. Correction should be strictly less than the reduction factor (input numel divided by output numel). (Triggered internally at /opt/conda/conda-bld/pytorch_1708025824022/work/aten/src/ATen/native/ReduceOps.cpp:1760.)
  std, mean = torch.std_mean(array)
Trial 1/1
Epoch 10: loss=2.2362
Epoch 20: loss=0.9483
Epoch 30: loss=0.4798
Epoch 40: loss=0.3146
Epoch 50: loss=0.2458
Epoch 60: loss=0.2148
Epoch 70: loss=0.2007
Epoch 80: loss=0.1938
Epoch 90: loss=0.1903
Epoch 100: loss=0.1885
small_test : 0.03754829406738281, medium_test 141526.53375
best trail model is : model_weights_trail0_dataset_norm_degree_feat.pth
test mean acc: 0.0375, error bound: nan


5.1.2--------------------------------------------Train and Test  : ['gin']---------------------


6-------------------------------feat_type : identity_feat---------------------


6.1--------------------------------------------model name  : ['gin']---------------------


6.1.1--------------------------------------------Grid_Search  : ['gin']---------------------
small_test : 0.9245233917236328, medium_test 237.15475561523436
/project/p_gnn001/code/gnn_clean_code/utils.py:153: UserWarning: std_mean(): degrees of freedom is <= 0. Correction should be strictly less than the reduction factor (input numel divided by output numel). (Triggered internally at /opt/conda/conda-bld/pytorch_1708025824022/work/aten/src/ATen/native/ReduceOps.cpp:1760.)
  std, mean = torch.std_mean(array)
Trial 1/1
Epoch 10: loss=2.1802
Epoch 20: loss=1.0073
Epoch 30: loss=0.5667
Epoch 40: loss=0.3944
Epoch 50: loss=0.3224
Epoch 60: loss=0.2853
Epoch 70: loss=0.2685
Epoch 80: loss=0.2605
Epoch 90: loss=0.2561
Epoch 100: loss=0.2538
small_test : 0.06396391868591308, medium_test 81341143.4715
best trail model is : model_weights_trail0_dataset_identity_feat.pth
test mean acc: 0.0640, error bound: nan


6.1.2--------------------------------------------Train and Test  : ['gin']---------------------

