Epoch 10: loss=0.0110
Epoch 20: loss=0.0009
Epoch 30: loss=0.0014
Epoch 40: loss=0.0009
Epoch 50: loss=0.0008
Epoch 60: loss=0.0008
Epoch 70: loss=0.0008
Epoch 80: loss=0.0008
Epoch 90: loss=0.0008
Epoch 100: loss=0.0008
Epoch 110: loss=0.0008
Epoch 120: loss=0.0008
Epoch 130: loss=0.0008
Epoch 140: loss=0.0008
Epoch 150: loss=0.0008
Epoch 160: loss=0.0008
Epoch 170: loss=0.0008
Epoch 180: loss=0.0008
Epoch 190: loss=0.0008
Epoch 200: loss=0.0008
small_test : 0.00031572718173265455, medium_test 1.5266793575286866
Weight shape for ginlayers.0.apply_func.linears.weight: torch.Size([1, 1])
Weights for ginlayers.0.apply_func.linears.weight: Parameter containing:
tensor([[0.7121]], device='cuda:0', requires_grad=True)
Epoch 10: loss=0.0147
Epoch 20: loss=0.0014
Epoch 30: loss=0.0011
Epoch 40: loss=0.0010
Epoch 50: loss=0.0010
Epoch 60: loss=0.0010
Epoch 70: loss=0.0010
Epoch 80: loss=0.0010
Epoch 90: loss=0.0010
Epoch 100: loss=0.0010
Epoch 110: loss=0.0010
Epoch 120: loss=0.0010
Epoch 130: loss=0.0010
Epoch 140: loss=0.0010
Epoch 150: loss=0.0010
Epoch 160: loss=0.0010
Epoch 170: loss=0.0010
Epoch 180: loss=0.0010
Epoch 190: loss=0.0010
Epoch 200: loss=0.0010
small_test : 0.00022594466805458068, medium_test 1.858060869216919
Weight shape for ginlayers.0.apply_func.linears.weight: torch.Size([1, 1])
Weights for ginlayers.0.apply_func.linears.weight: Parameter containing:
tensor([[0.6825]], device='cuda:0', requires_grad=True)
Epoch 10: loss=0.1190
Epoch 20: loss=0.0121
Epoch 30: loss=0.0022
Epoch 40: loss=0.0012
Epoch 50: loss=0.0011
Epoch 60: loss=0.0011
Epoch 70: loss=0.0011
Epoch 80: loss=0.0011
Epoch 90: loss=0.0011
Epoch 100: loss=0.0011
Epoch 110: loss=0.0011
Epoch 120: loss=0.0011
Epoch 130: loss=0.0011
Epoch 140: loss=0.0011
Epoch 150: loss=0.0011
Epoch 160: loss=0.0011
Epoch 170: loss=0.0011
Epoch 180: loss=0.0011
Epoch 190: loss=0.0011
Epoch 200: loss=0.0011
small_test : 0.00020629964768886566, medium_test 2.029686716079712
Weight shape for ginlayers.0.apply_func.linears.weight: torch.Size([1, 1])
Weights for ginlayers.0.apply_func.linears.weight: Parameter containing:
tensor([[0.6682]], device='cuda:0', requires_grad=True)
Epoch 10: loss=1.0528
Epoch 20: loss=0.0209
Epoch 30: loss=0.0007
Epoch 40: loss=0.0009
Epoch 50: loss=0.0006
Epoch 60: loss=0.0004
Epoch 70: loss=0.0003
Epoch 80: loss=0.0003
Epoch 90: loss=0.0003
Epoch 100: loss=0.0003
Epoch 110: loss=0.0003
Epoch 120: loss=0.0003
Epoch 130: loss=0.0003
Epoch 140: loss=0.0003
Epoch 150: loss=0.0003
Epoch 160: loss=0.0003
Epoch 170: loss=0.0003
Epoch 180: loss=0.0003
Epoch 190: loss=0.0003
Epoch 200: loss=0.0003
small_test : 5.6670652702450754e-05, medium_test 0.007462630316615104
Weight shape for ginlayers.0.apply_func.linears.weight: torch.Size([1, 1])
Weights for ginlayers.0.apply_func.linears.weight: Parameter containing:
tensor([[1.0163]], device='cuda:0', requires_grad=True)
Epoch 10: loss=0.0714
Epoch 20: loss=0.0226
Epoch 30: loss=0.0030
Epoch 40: loss=0.0012
Epoch 50: loss=0.0012
Epoch 60: loss=0.0011
Epoch 70: loss=0.0011
Epoch 80: loss=0.0011
Epoch 90: loss=0.0011
Epoch 100: loss=0.0011
Epoch 110: loss=0.0011
Epoch 120: loss=0.0011
Epoch 130: loss=0.0011
Epoch 140: loss=0.0011
Epoch 150: loss=0.0011
Epoch 160: loss=0.0011
Epoch 170: loss=0.0011
Epoch 180: loss=0.0011
Epoch 190: loss=0.0011
Epoch 200: loss=0.0011
small_test : 0.00021742800250649453, medium_test 2.047356388092041
Weight shape for ginlayers.0.apply_func.linears.weight: torch.Size([1, 1])
Weights for ginlayers.0.apply_func.linears.weight: Parameter containing:
tensor([[0.6665]], device='cuda:0', requires_grad=True)
Epoch 10: loss=0.0066
Epoch 20: loss=0.0011
Epoch 30: loss=0.0010
Epoch 40: loss=0.0009
Epoch 50: loss=0.0009
Epoch 60: loss=0.0009
Epoch 70: loss=0.0009
Epoch 80: loss=0.0009
Epoch 90: loss=0.0009
Epoch 100: loss=0.0009
Epoch 110: loss=0.0009
Epoch 120: loss=0.0009
Epoch 130: loss=0.0009
Epoch 140: loss=0.0009
Epoch 150: loss=0.0009
Epoch 160: loss=0.0009
Epoch 170: loss=0.0009
Epoch 180: loss=0.0009
Epoch 190: loss=0.0009
Epoch 200: loss=0.0009
small_test : 0.0002426808886229992, medium_test 1.7051465244293214
Weight shape for ginlayers.0.apply_func.linears.weight: torch.Size([1, 1])
Weights for ginlayers.0.apply_func.linears.weight: Parameter containing:
tensor([[0.6958]], device='cuda:0', requires_grad=True)
Epoch 10: loss=0.0876
Epoch 20: loss=0.0239
Epoch 30: loss=0.0033
Epoch 40: loss=0.0011
Epoch 50: loss=0.0011
Epoch 60: loss=0.0011
Epoch 70: loss=0.0011
Epoch 80: loss=0.0011
Epoch 90: loss=0.0011
Epoch 100: loss=0.0011
Epoch 110: loss=0.0011
Epoch 120: loss=0.0011
Epoch 130: loss=0.0011
Epoch 140: loss=0.0011
Epoch 150: loss=0.0011
Epoch 160: loss=0.0011
Epoch 170: loss=0.0011
Epoch 180: loss=0.0011
Epoch 190: loss=0.0011
Epoch 200: loss=0.0011
small_test : 0.0003166538849473, medium_test 2.043546585083008
Weight shape for ginlayers.0.apply_func.linears.weight: torch.Size([1, 1])
Weights for ginlayers.0.apply_func.linears.weight: Parameter containing:
tensor([[0.6667]], device='cuda:0', requires_grad=True)
Epoch 10: loss=0.0337
Epoch 20: loss=0.0145
Epoch 30: loss=0.0017
Epoch 40: loss=0.0014
Epoch 50: loss=0.0011
Epoch 60: loss=0.0011
Epoch 70: loss=0.0011
Epoch 80: loss=0.0011
Epoch 90: loss=0.0011
Epoch 100: loss=0.0011
Epoch 110: loss=0.0011
Epoch 120: loss=0.0011
Epoch 130: loss=0.0011
Epoch 140: loss=0.0011
Epoch 150: loss=0.0011
Epoch 160: loss=0.0011
Epoch 170: loss=0.0011
Epoch 180: loss=0.0011
Epoch 190: loss=0.0011
Epoch 200: loss=0.0011
small_test : 0.0002303771488368511, medium_test 2.0340285205841067
Weight shape for ginlayers.0.apply_func.linears.weight: torch.Size([1, 1])
Weights for ginlayers.0.apply_func.linears.weight: Parameter containing:
tensor([[0.6674]], device='cuda:0', requires_grad=True)
Epoch 10: loss=0.1142
Epoch 20: loss=0.0195
Epoch 30: loss=0.0032
Epoch 40: loss=0.0011
Epoch 50: loss=0.0011
Epoch 60: loss=0.0011
Epoch 70: loss=0.0011
Epoch 80: loss=0.0011
Epoch 90: loss=0.0011
Epoch 100: loss=0.0011
Epoch 110: loss=0.0011
Epoch 120: loss=0.0011
Epoch 130: loss=0.0011
Epoch 140: loss=0.0011
Epoch 150: loss=0.0011
Epoch 160: loss=0.0011
Epoch 170: loss=0.0011
Epoch 180: loss=0.0011
Epoch 190: loss=0.0011
Epoch 200: loss=0.0011
small_test : 0.0003121012449264526, medium_test 2.0362544708251953
Weight shape for ginlayers.0.apply_func.linears.weight: torch.Size([1, 1])
Weights for ginlayers.0.apply_func.linears.weight: Parameter containing:
tensor([[0.6675]], device='cuda:0', requires_grad=True)
Epoch 10: loss=0.0741
Epoch 20: loss=0.0014
Epoch 30: loss=0.0014
Epoch 40: loss=0.0012
Epoch 50: loss=0.0012
Epoch 60: loss=0.0011
Epoch 70: loss=0.0011
Epoch 80: loss=0.0011
Epoch 90: loss=0.0011
Epoch 100: loss=0.0011
Epoch 110: loss=0.0011
Epoch 120: loss=0.0011
Epoch 130: loss=0.0011
Epoch 140: loss=0.0011
Epoch 150: loss=0.0011
Epoch 160: loss=0.0011
Epoch 170: loss=0.0011
Epoch 180: loss=0.0011
Epoch 190: loss=0.0011
Epoch 200: loss=0.0011
small_test : 0.00015601223334670066, medium_test 1.9941817302703857
Weight shape for ginlayers.0.apply_func.linears.weight: torch.Size([1, 1])
Weights for ginlayers.0.apply_func.linears.weight: Parameter containing:
tensor([[0.6711]], device='cuda:0', requires_grad=True)
