Epoch 10: loss=0.5308
Epoch 20: loss=0.2266
Epoch 30: loss=0.2233
Epoch 40: loss=0.2217
Epoch 50: loss=0.2207
Epoch 60: loss=0.2203
Epoch 70: loss=0.2201
Epoch 80: loss=0.2200
Epoch 90: loss=0.2200
Epoch 100: loss=0.2200
small_test : 0.08292436599731445, medium_test 39.58165386962891
Weight shape for ginlayers.0.apply_func.linears.0.weight: torch.Size([8, 1])
Weights for ginlayers.0.apply_func.linears.0.weight: Parameter containing:
tensor([[ 0.3934],
        [-0.3744],
        [-0.1420],
        [ 0.5644],
        [-1.0362],
        [ 0.7371],
        [-0.2337],
        [ 0.5990]], device='cuda:0', requires_grad=True)
Weight shape for ginlayers.0.apply_func.linears.1.weight: torch.Size([8, 8])
Weights for ginlayers.0.apply_func.linears.1.weight: Parameter containing:
tensor([[ 0.0682, -0.0639,  0.0758,  0.0406,  0.1051, -0.1158, -0.0472, -0.0093],
        [ 0.0469,  0.0030,  0.3127,  0.1012, -0.1233, -0.2232, -0.0518, -0.1610],
        [ 0.0006, -0.0994,  0.0927,  0.3129, -0.4673,  0.3384, -0.0189,  0.4550],
        [ 0.1488, -0.2389, -0.2536, -0.2525,  0.3918, -0.1416,  0.2347, -0.2466],
        [ 0.3264, -0.1312,  0.2843, -0.0133, -0.1690,  0.1636, -0.1679,  0.0862],
        [-0.0829, -0.0569, -0.3592, -0.1522,  0.1757, -0.0684,  0.3336,  0.3004],
        [-0.0425, -0.2075,  0.2420,  0.0796, -0.1982,  0.2000,  0.2417,  0.2837],
        [-0.2680,  0.0108,  0.0626, -0.0143, -0.2019, -0.3152,  0.2594, -0.1486]],
       device='cuda:0', requires_grad=True)
Weight shape for ginlayers.0.apply_func.batch_norm.weight: torch.Size([8])
Weights for ginlayers.0.apply_func.batch_norm.weight: Parameter containing:
tensor([0.8856, 0.9313, 0.9301, 1.0934, 1.0959, 1.1417, 1.0189, 1.0968],
       device='cuda:0', requires_grad=True)
Bias shape for ginlayers.0.apply_func.batch_norm.bias: torch.Size([8])
Biases for ginlayers.0.apply_func.batch_norm.bias: Parameter containing:
tensor([-0.0440, -0.0061, -0.0423,  0.0385, -0.0791, -0.0570,  0.0392, -0.0070],
       device='cuda:0', requires_grad=True)
Weight shape for ginlayers.1.apply_func.linears.0.weight: torch.Size([8, 8])
Weights for ginlayers.1.apply_func.linears.0.weight: Parameter containing:
tensor([[ 4.0081e-02, -9.3056e-02,  2.6334e-02, -5.0589e-02,  4.9216e-02,
          5.3275e-02, -4.1338e-01,  2.4651e-02],
        [-1.8256e-01, -1.7852e-01, -5.5573e-02, -1.0748e-01,  1.3751e-01,
         -1.2151e-01, -3.8743e-01,  3.1203e-01],
        [-1.4107e-01,  1.0891e-01,  2.4860e-01, -2.9134e-01,  1.8557e-01,
         -2.6868e-04, -1.2437e-01, -2.4861e-01],
        [-4.7777e-02, -3.7713e-02, -8.2805e-03, -2.6187e-01,  4.4471e-01,
         -1.4745e-01,  3.2687e-01, -3.4095e-02],
        [-4.3700e-01, -4.7007e-01,  3.5890e-01, -2.0459e-01,  2.8354e-01,
         -7.1186e-02,  1.6864e-01,  4.1961e-02],
        [ 2.3430e-01, -2.4983e-01,  1.1293e-01,  1.7303e-01,  3.2290e-01,
          2.4000e-01, -1.8926e-01, -3.4755e-01],
        [-2.0462e-01,  1.7308e-01,  4.0874e-01, -2.2519e-01,  2.3166e-01,
         -3.0109e-02, -2.9677e-01, -4.1010e-02],
        [ 3.1383e-01,  4.1343e-01, -4.2225e-01,  1.0885e-01,  1.2991e-01,
          3.0533e-01,  4.4074e-02,  3.6230e-01]], device='cuda:0',
       requires_grad=True)
Weight shape for ginlayers.1.apply_func.linears.1.weight: torch.Size([1, 8])
Weights for ginlayers.1.apply_func.linears.1.weight: Parameter containing:
tensor([[ 0.4745,  0.2941, -0.3536, -0.5504, -0.4110, -0.2921, -0.4626,  0.2524]],
       device='cuda:0', requires_grad=True)
Weight shape for ginlayers.1.apply_func.batch_norm.weight: torch.Size([8])
Weights for ginlayers.1.apply_func.batch_norm.weight: Parameter containing:
tensor([1.2561, 1.2211, 1.0967, 1.2551, 1.2599, 1.2798, 1.2521, 1.1099],
       device='cuda:0', requires_grad=True)
Bias shape for ginlayers.1.apply_func.batch_norm.bias: torch.Size([8])
Biases for ginlayers.1.apply_func.batch_norm.bias: Parameter containing:
tensor([ 0.2594,  0.2762, -0.2433, -0.2548, -0.2649, -0.2891, -0.2596,  0.2477],
       device='cuda:0', requires_grad=True)
