
field : Social networks

loss : 5212.7056 
[[5212.70556640625, 0    43.691013
Name: density, dtype: float64]]

loss : 7535.2720 
[[7535.27197265625, 1    28.323823
Name: density, dtype: float64]]


field : Networks with ground-truth communities

loss : 769.9376 
[[769.9375610351562, None]]


field : Internet peer-to-peer networks

loss : 5320.6650 
[[5320.6650390625, 2    7.354542
Name: density, dtype: float64]]

loss : 2486.9170 
[[2486.9169921875, 3    6.594826
Name: density, dtype: float64]]


field : Collaboration networks

loss : 500.4831 
[[500.4831237792969, None]]

loss : 261.3594 
[[261.3594055175781, 4    1.849097
Name: density, dtype: float64]]
loss : 1168.6335 
[[1168.633544921875, None]]
loss : 1060.4978 
[[1060.497802734375, 5    3.240637
Name: density, dtype: float64]]
loss : 281.3045 
[[281.3045349121094, 6    3.451227
Name: density, dtype: float64]]
loss : 3683.4761 
[[3683.47607421875, None]]
loss : 10.9342 
[[10.93415641784668, None]]
loss : 6.7099 
[[6.709863185882568, None]]
loss : 73.6786 
[[73.6785888671875, 7    7.589286
Name: density, dtype: float64]]
loss : 29.6245 
[[29.624530792236328, 8    10.66087
Name: density, dtype: float64]]
loss : 17.3496 
[[17.349624633789062, None]]
loss : 42.3460 
[[42.346038818359375, None]]
loss : 797.4991 
[[797.4990844726562, 9    3.767731
Name: density, dtype: float64]]
loss : 627.7594 
[[627.7593994140625, None]]
loss : 91.4150 
[[91.41497802734375, 10    35.076923
Name: density, dtype: float64]]
loss : 66.7322 
[[66.73223114013672, None]]
Done loading data from cached files.
loss : 1062.9098 
[[1062.9097900390625, 11    2.770106
Name: density, dtype: float64]]
Done loading data from cached files.
loss : 654.8431 
[[654.8430786132812, None]]

field : Social networks

loss : 91.5494 
[[91.54939270019531, 0    0.519174
Name: transitivity, dtype: float64]]

loss : -33.2039 
[[-33.203857421875, 1    0.125479
Name: transitivity, dtype: float64]]


field : Networks with ground-truth communities

loss : 16.9228 
[[16.92279052734375, None]]


field : Internet peer-to-peer networks

loss : -141.6978 
[[-141.69781494140625, 2    0.005402
Name: transitivity, dtype: float64]]

loss : -120.0005 
[[-120.00048828125, 3    0.02066
Name: transitivity, dtype: float64]]


field : Collaboration networks

loss : -117.7071 
[[-117.70709228515625, None]]

loss : 0.7789 
[[0.7788543701171875, 4    0.003623
Name: transitivity, dtype: float64]]
loss : -68.1901 
[[-68.1900634765625, None]]
loss : -139.5182 
[[-139.5181884765625, 5    0.24043
Name: transitivity, dtype: float64]]
loss : -22.4033 
[[-22.40326690673828, 6    0.693441
Name: transitivity, dtype: float64]]
loss : 1058.1411 
[[1058.14111328125, None]]
loss : 0.2992 
[[0.2991781234741211, None]]
loss : -1.1469 
[[-1.1469087600708008, None]]
loss : -1.3566 
[[-1.3566322326660156, 7    0.156935
Name: transitivity, dtype: float64]]
loss : -4.7294 
[[-4.729414939880371, 8    0.40724
Name: transitivity, dtype: float64]]
loss : -1.7355 
[[-1.7355387210845947, None]]
loss : -1.8317 
[[-1.8317279815673828, None]]
loss : -231.2903 
[[-231.29034423828125, 9    0.329576
Name: transitivity, dtype: float64]]
loss : -43.3121 
[[-43.31205749511719, None]]
loss : 6.8559 
[[6.855904579162598, 10    0.315569
Name: transitivity, dtype: float64]]
loss : 4.5290 
[[4.528987407684326, None]]
Done loading data from cached files.
loss : -35.4273 
[[-35.42729949951172, 11    0.0
Name: transitivity, dtype: float64]]
Done loading data from cached files.
loss : -37.5019 
[[-37.501888275146484, None]]

field : Social networks

loss : -205.0517 
[[-205.05172729492188, 0    3.402576
Name: kurtosis, dtype: float64]]

loss : -634.1785 
[[-634.178466796875, 1    228.318661
Name: kurtosis, dtype: float64]]


field : Networks with ground-truth communities

loss : -270.7429 
[[-270.7428894042969, None]]


field : Internet peer-to-peer networks

loss : -1019.7176 
[[-1019.7175903320312, 2    17.980164
Name: kurtosis, dtype: float64]]

loss : -644.6412 
[[-644.6411743164062, 3    27.740555
Name: kurtosis, dtype: float64]]


field : Collaboration networks

loss : -2119.0034 
[[-2119.00341796875, None]]

loss : -273.0064 
[[-273.0063781738281, 4    13.984305
Name: kurtosis, dtype: float64]]
loss : -926.1399 
[[-926.139892578125, None]]
loss : -2472.7046 
[[-2472.70458984375, 5    16.879221
Name: kurtosis, dtype: float64]]
loss : -219.8066 
[[-219.80661010742188, 6    1.428629
Name: kurtosis, dtype: float64]]
loss : -2260.9229 
[[-2260.9228515625, None]]
loss : -2.1825 
[[-2.182478666305542, None]]
loss : -24.3094 
[[-24.309356689453125, None]]
loss : -40.6522 
[[-40.65218734741211, 7   -1.2931
Name: kurtosis, dtype: float64]]
loss : -26.6025 
[[-26.60250473022461, 8    0.115008
Name: kurtosis, dtype: float64]]
loss : -13.6012 
[[-13.601175308227539, None]]
loss : -27.9225 
[[-27.922473907470703, None]]
loss : -3046.1348 
[[-3046.134765625, 9    6.039269
Name: kurtosis, dtype: float64]]
loss : -963.0077 
[[-963.0076904296875, None]]
loss : -10.4721 
[[-10.47206974029541, 10   -0.845169
Name: kurtosis, dtype: float64]]
loss : -4.6206 
[[-4.62064266204834, None]]
Done loading data from cached files.
loss : -101.3925 
[[-101.39254760742188, 11   -0.435806
Name: kurtosis, dtype: float64]]
Done loading data from cached files.
loss : -85.2981 
[[-85.29811096191406, None]]

field : Social networks

loss : 155.6155 
[[155.61553955078125, 0    0.641696
Name: average_path, dtype: float64]]

loss : 209.4826 
[[209.48263549804688, 1   -0.02671
Name: average_path, dtype: float64]]


field : Networks with ground-truth communities

loss : 34.2169 
[[34.216949462890625, None]]


field : Internet peer-to-peer networks

loss : 43.1050 
[[43.10499954223633, 2    2.440984
Name: average_path, dtype: float64]]

loss : 213.2851 
[[213.2850799560547, 3    1.939025
Name: average_path, dtype: float64]]


field : Collaboration networks

loss : 1013.7792 
[[1013.7792358398438, None]]

loss : 619.9650 
[[619.9650268554688, 4    2.795812
Name: average_path, dtype: float64]]
loss : 750.0283 
[[750.0282592773438, None]]
loss : 1498.2909 
[[1498.2908935546875, 5    0.535896
Name: average_path, dtype: float64]]
loss : 301.5327 
[[301.53271484375, 6   -0.588242
Name: average_path, dtype: float64]]
loss : 2362.8635 
[[2362.863525390625, None]]
loss : 5.0747 
[[5.074726581573486, None]]
loss : 8.4481 
[[8.448111534118652, None]]
loss : 14.6231 
[[14.623050689697266, 7    2.535553
Name: average_path, dtype: float64]]
loss : 4.2784 
[[4.27839469909668, 8    2.508162
Name: average_path, dtype: float64]]
loss : 8.0825 
[[8.082452774047852, None]]
loss : 18.8246 
[[18.824626922607422, None]]
loss : 1745.2902 
[[1745.2901611328125, 9    2.909184
Name: average_path, dtype: float64]]
loss : 1146.9136 
[[1146.91357421875, None]]
loss : 8.4629 
[[8.462916374206543, 10    1.697613
Name: average_path, dtype: float64]]
loss : 5.6994 
[[5.699358940124512, None]]
Done loading data from cached files.
loss : 33.2649 
[[33.26492691040039, 11   -0.964333
Name: average_path, dtype: float64]]
Done loading data from cached files.
loss : 20.2705 
[[20.27052116394043, None]]
