Epoch 10: loss=0.000001
Epoch 20: loss=0.000001
Epoch 30: loss=0.000001
Epoch 40: loss=0.000001
Epoch 50: loss=0.000001
Epoch 60: loss=0.000001
Epoch 70: loss=0.000001
Epoch 80: loss=0.000001
Epoch 90: loss=0.000001
Epoch 100: loss=0.000001
validation : 5.571785004576668e-07, MUTAG 9.910396329360083e-08, Muedim test 6.218133421498351e-07
Done loading data from cached files.
Done loading data from cached files.
loss of real network :  2.1819554920353847e-06
Epoch 10: loss=0.000001
Epoch 20: loss=0.000000
Epoch 30: loss=0.000000
Epoch 40: loss=0.000000
Epoch 50: loss=0.000000
Epoch 60: loss=0.000000
Epoch 70: loss=0.000000
Epoch 80: loss=0.000000
Epoch 90: loss=0.000000
Epoch 100: loss=0.000000
validation : 3.042019307031296e-07, MUTAG 5.875439228475443e-08, Muedim test 3.2819838452269323e-07
Done loading data from cached files.
Done loading data from cached files.
loss of real network :  1.2743752605452439e-06
Epoch 10: loss=0.000000
Epoch 20: loss=0.000000
Epoch 30: loss=0.000000
Epoch 40: loss=0.000000
Epoch 50: loss=0.000000
Epoch 60: loss=0.000000
Epoch 70: loss=0.000000
Epoch 80: loss=0.000000
Epoch 90: loss=0.000000
Epoch 100: loss=0.000000
validation : 3.282790021330584e-07, MUTAG 6.319633712337236e-08, Muedim test 3.466226644377457e-07
Done loading data from cached files.
Done loading data from cached files.
loss of real network :  1.3688408187036933e-06
Epoch 10: loss=0.000001
Epoch 20: loss=0.000000
Epoch 30: loss=0.000000
Epoch 40: loss=0.000000
Epoch 50: loss=0.000000
Epoch 60: loss=0.000000
Epoch 70: loss=0.000000
Epoch 80: loss=0.000000
Epoch 90: loss=0.000000
Epoch 100: loss=0.000000
validation : 4.5892762500443497e-07, MUTAG 8.037222642087726e-08, Muedim test 4.971816633769777e-07
Done loading data from cached files.
Done loading data from cached files.
loss of real network :  1.7772287266196778e-06
Epoch 10: loss=0.000001
Epoch 20: loss=0.000001
Epoch 30: loss=0.000001
Epoch 40: loss=0.000001
Epoch 50: loss=0.000001
Epoch 60: loss=0.000001
Epoch 70: loss=0.000001
Epoch 80: loss=0.000001
Epoch 90: loss=0.000001
Epoch 100: loss=0.000001
validation : 5.836712989548687e-07, MUTAG 1.1451572390797082e-07, Muedim test 6.767269042029511e-07
Done loading data from cached files.
Done loading data from cached files.
loss of real network :  2.543193645010433e-06
Epoch 10: loss=0.000001
Epoch 20: loss=0.000000
Epoch 30: loss=0.000000
Epoch 40: loss=0.000000
Epoch 50: loss=0.000000
Epoch 60: loss=0.000000
Epoch 70: loss=0.000000
Epoch 80: loss=0.000000
Epoch 90: loss=0.000000
Epoch 100: loss=0.000000
validation : 3.920667768397834e-07, MUTAG 7.40657446840487e-08, Muedim test 4.6102030864858534e-07
Done loading data from cached files.
Done loading data from cached files.
loss of real network :  1.6283439070162864e-06
Epoch 10: loss=0.000000
Epoch 20: loss=0.000000
Epoch 30: loss=0.000000
Epoch 40: loss=0.000000
Epoch 50: loss=0.000000
Epoch 60: loss=0.000000
Epoch 70: loss=0.000000
Epoch 80: loss=0.000000
Epoch 90: loss=0.000000
Epoch 100: loss=0.000000
validation : 9.398894235346233e-08, MUTAG 1.584216931860283e-08, Muedim test 4.896703444501327e-08
Done loading data from cached files.
Done loading data from cached files.
loss of real network :  3.253846830622696e-07
Epoch 10: loss=0.000001
Epoch 20: loss=0.000000
Epoch 30: loss=0.000000
Epoch 40: loss=0.000000
Epoch 50: loss=0.000000
Epoch 60: loss=0.000000
Epoch 70: loss=0.000000
Epoch 80: loss=0.000000
Epoch 90: loss=0.000000
Epoch 100: loss=0.000000
validation : 3.811638271145057e-07, MUTAG 6.911994660185883e-08, Muedim test 4.4563277697307056e-07
Done loading data from cached files.
Done loading data from cached files.
loss of real network :  1.521151059799432e-06
Epoch 10: loss=0.000000
Epoch 20: loss=0.000000
Epoch 30: loss=0.000000
Epoch 40: loss=0.000000
Epoch 50: loss=0.000000
Epoch 60: loss=0.000000
Epoch 70: loss=0.000000
Epoch 80: loss=0.000000
Epoch 90: loss=0.000000
Epoch 100: loss=0.000000
validation : 1.225450887432089e-07, MUTAG 2.0054882270414963e-08, Muedim test 6.563679335158667e-08
Done loading data from cached files.
Done loading data from cached files.
loss of real network :  4.186040691276661e-07
Epoch 10: loss=0.000001
Epoch 20: loss=0.000000
Epoch 30: loss=0.000000
Epoch 40: loss=0.000000
Epoch 50: loss=0.000000
Epoch 60: loss=0.000000
Epoch 70: loss=0.000000
Epoch 80: loss=0.000000
Epoch 90: loss=0.000000
Epoch 100: loss=0.000000
validation : 4.282515510567464e-07, MUTAG 6.986074140513665e-08, Muedim test 4.4590434299607296e-07
Done loading data from cached files.
Done loading data from cached files.
loss of real network :  1.5359507697014678e-06
3.7146543127164476e-07      3.6502745433608654e-07      6.648861273106378e-08      3.937704215104532e-07      1.4575028431621556e-06
