Epoch 10: loss=0.7986
Epoch 20: loss=0.2077
Epoch 30: loss=0.1085
Epoch 40: loss=0.0806
Epoch 50: loss=0.0724
Epoch 60: loss=0.0687
Epoch 70: loss=0.0669
Epoch 80: loss=0.0660
Epoch 90: loss=0.0656
Epoch 100: loss=0.0653
small_test : 0.013274670839309692, medium_test 9131.49261694336
Weight shape for ginlayers.0.apply_func.linears.0.weight: torch.Size([8, 1])
Weights for ginlayers.0.apply_func.linears.0.weight: Parameter containing:
tensor([[ 0.4949],
        [-0.4800],
        [-0.1862],
        [ 0.4014],
        [-0.9565],
        [ 0.5539],
        [-0.0808],
        [ 0.4176]], device='cuda:0', requires_grad=True)
Bias shape for ginlayers.0.apply_func.linears.0.bias: torch.Size([8])
Biases for ginlayers.0.apply_func.linears.0.bias: Parameter containing:
tensor([ 0.0881, -0.1544,  0.3186, -0.0084,  0.3510, -0.4241,  0.0191, -0.1587],
       device='cuda:0', requires_grad=True)
Weight shape for ginlayers.0.apply_func.linears.1.weight: torch.Size([8, 8])
Weights for ginlayers.0.apply_func.linears.1.weight: Parameter containing:
tensor([[ 0.0326,  0.0171,  0.3267,  0.0905, -0.1126, -0.2315, -0.0400, -0.1699],
        [-0.1415,  0.0445,  0.2397,  0.1620, -0.3169,  0.1907,  0.1288,  0.3059],
        [ 0.2539, -0.3440, -0.3566, -0.1494,  0.2873, -0.0395,  0.1317, -0.1442],
        [ 0.3536, -0.1549,  0.2574,  0.0170, -0.1952,  0.1887, -0.1990,  0.1112],
        [-0.0982, -0.0416, -0.3294, -0.1822,  0.2064, -0.0781,  0.3562,  0.2867],
        [ 0.0178, -0.2704,  0.1788,  0.1455, -0.2636,  0.2640,  0.1791,  0.3494],
        [-0.1839, -0.0718, -0.0198,  0.0634, -0.2805, -0.2361,  0.1789, -0.0705],
        [ 0.1173,  0.0761,  0.1745,  0.0208,  0.1873,  0.1212, -0.2709,  0.1239]],
       device='cuda:0', requires_grad=True)
Bias shape for ginlayers.0.apply_func.linears.1.bias: torch.Size([8])
Biases for ginlayers.0.apply_func.linears.1.bias: Parameter containing:
tensor([-0.2298, -0.2971, -0.0557, -0.0480,  0.3789, -0.1675, -0.3275,  0.3466],
       device='cuda:0', requires_grad=True)
Weight shape for ginlayers.0.apply_func.batch_norm.weight: torch.Size([8])
Weights for ginlayers.0.apply_func.batch_norm.weight: Parameter containing:
tensor([0.9750, 1.0371, 0.9777, 0.9304, 1.0158, 0.9564, 0.8991, 0.9050],
       device='cuda:0', requires_grad=True)
Bias shape for ginlayers.0.apply_func.batch_norm.bias: torch.Size([8])
Biases for ginlayers.0.apply_func.batch_norm.bias: Parameter containing:
tensor([ 0.0058, -0.0377, -0.0991, -0.1434,  0.0969,  0.0373,  0.0891,  0.1609],
       device='cuda:0', requires_grad=True)
Weight shape for ginlayers.1.apply_func.linears.0.weight: torch.Size([8, 8])
Weights for ginlayers.1.apply_func.linears.0.weight: Parameter containing:
tensor([[-0.0520,  0.2213,  0.1120, -0.2090, -0.2208,  0.1454, -0.2332, -0.2148],
        [ 0.0190,  0.1744, -0.1002, -0.0038,  0.3473,  0.0340,  0.0848,  0.2727],
        [-0.1970, -0.3704,  0.2652, -0.0587,  0.3863, -0.0033,  0.1416,  0.2146],
        [ 0.3117, -0.1776,  0.0777,  0.3175,  0.4113,  0.2717, -0.2080, -0.1845],
        [-0.2225,  0.0199,  0.3041, -0.2518, -0.1202, -0.2222, -0.3399, -0.1987],
        [ 0.0646,  0.1958, -0.1850, -0.0568,  0.5722,  0.0988,  0.1418,  0.3310],
        [ 0.3491,  0.2135, -0.2070, -0.1483, -0.3535,  0.1112, -0.1258,  0.1013],
        [ 0.0235, -0.0874,  0.0994, -0.0091,  0.2486,  0.0966, -0.2363,  0.4336]],
       device='cuda:0', requires_grad=True)
Bias shape for ginlayers.1.apply_func.linears.0.bias: torch.Size([8])
Biases for ginlayers.1.apply_func.linears.0.bias: Parameter containing:
tensor([-0.3214,  0.2975,  0.0351,  0.0452, -0.4724,  0.2457, -0.1407, -0.1254],
       device='cuda:0', requires_grad=True)
Weight shape for ginlayers.1.apply_func.linears.1.weight: torch.Size([1, 8])
Weights for ginlayers.1.apply_func.linears.1.weight: Parameter containing:
tensor([[-0.5483,  0.4406,  0.4074,  0.5139, -0.4630,  0.3663, -0.4220,  0.1771]],
       device='cuda:0', requires_grad=True)
Bias shape for ginlayers.1.apply_func.linears.1.bias: torch.Size([1])
Biases for ginlayers.1.apply_func.linears.1.bias: Parameter containing:
tensor([0.0087], device='cuda:0', requires_grad=True)
Weight shape for ginlayers.1.apply_func.batch_norm.weight: torch.Size([8])
Weights for ginlayers.1.apply_func.batch_norm.weight: Parameter containing:
tensor([1.2893, 1.3211, 1.3223, 1.2904, 1.2900, 1.3257, 1.3202, 1.0264],
       device='cuda:0', requires_grad=True)
Bias shape for ginlayers.1.apply_func.batch_norm.bias: torch.Size([8])
Biases for ginlayers.1.apply_func.batch_norm.bias: Parameter containing:
tensor([-0.3150,  0.3274,  0.3295,  0.3177, -0.3210,  0.3349, -0.3273,  0.0722],
       device='cuda:0', requires_grad=True)
