   model      feat_type       network_name  ...  num_nodes  num_edges         Loss
0    gin  identity_feat  facebook_combined  ...       4039      88234  5169.014554
1    gin  identity_feat          wiki-Vote  ...       7115     103689  7506.948150
3    gin  identity_feat     p2p-Gnutella04  ...      10876      39994  5313.310497
4    gin  identity_feat     p2p-Gnutella08  ...       6301      20777  2480.322166
6    gin  identity_feat              CSphd  ...       1882       3480   259.510309
8    gin  identity_feat               geom  ...       7343      23796  1057.257165
9    gin  identity_feat          netsience  ...       1589       5484   277.853308
13   gin  identity_feat            adjnoun  ...        112        850    66.089303
14   gin  identity_feat           football  ...        115       1226    18.963661
17   gin  identity_feat             hep-th  ...       8361      31502   793.731353
19   gin  identity_feat     CLUSTERDataset  ...        117       4104    56.338055
21   gin  identity_feat    TreeGridDataset  ...       1231       1705  1060.139684

[12 rows x 8 columns]
   model      feat_type       network_name  ...  num_nodes  num_edges        Loss
0    gin  identity_feat  facebook_combined  ...       4039      88234   91.030218
1    gin  identity_feat          wiki-Vote  ...       7115     103689   33.329092
3    gin  identity_feat     p2p-Gnutella04  ...      10876      39994  141.703217
4    gin  identity_feat     p2p-Gnutella08  ...       6301      20777  120.021148
6    gin  identity_feat              CSphd  ...       1882       3480    0.775232
8    gin  identity_feat               geom  ...       7343      23796  139.758252
9    gin  identity_feat          netsience  ...       1589       5484   23.096708
13   gin  identity_feat            adjnoun  ...        112        850    1.513567
14   gin  identity_feat           football  ...        115       1226    5.136655
17   gin  identity_feat             hep-th  ...       8361      31502  231.619920
19   gin  identity_feat     CLUSTERDataset  ...        117       4104    6.540335
21   gin  identity_feat    TreeGridDataset  ...       1231       1705   35.427299

[12 rows x 8 columns]
   model      feat_type       network_name  ...  num_nodes  num_edges         Loss
0    gin  identity_feat  facebook_combined  ...       4039      88234   208.454303
1    gin  identity_feat          wiki-Vote  ...       7115     103689   862.496639
3    gin  identity_feat     p2p-Gnutella04  ...      10876      39994  1037.697754
4    gin  identity_feat     p2p-Gnutella08  ...       6301      20777   672.381729
6    gin  identity_feat              CSphd  ...       1882       3480   286.990684
8    gin  identity_feat               geom  ...       7343      23796  2489.583810
9    gin  identity_feat          netsience  ...       1589       5484   221.235240
13   gin  identity_feat            adjnoun  ...        112        850    39.359087
14   gin  identity_feat           football  ...        115       1226    26.717513
17   gin  identity_feat             hep-th  ...       8361      31502  3052.174035
19   gin  identity_feat     CLUSTERDataset  ...        117       4104     9.626901
21   gin  identity_feat    TreeGridDataset  ...       1231       1705   100.956742

[12 rows x 8 columns]
   model      feat_type       network_name  ...  num_nodes  num_edges         Loss
0    gin  identity_feat  facebook_combined  ...       4039      88234   154.973843
1    gin  identity_feat          wiki-Vote  ...       7115     103689   209.509346
3    gin  identity_feat     p2p-Gnutella04  ...      10876      39994    40.664016
4    gin  identity_feat     p2p-Gnutella08  ...       6301      20777   211.346055
6    gin  identity_feat              CSphd  ...       1882       3480   617.169215
8    gin  identity_feat               geom  ...       7343      23796  1497.754997
9    gin  identity_feat          netsience  ...       1589       5484   302.120957
13   gin  identity_feat            adjnoun  ...        112        850    12.087497
14   gin  identity_feat           football  ...        115       1226     1.770233
17   gin  identity_feat             hep-th  ...       8361      31502  1742.380978
19   gin  identity_feat     CLUSTERDataset  ...        117       4104     6.765304
21   gin  identity_feat    TreeGridDataset  ...       1231       1705    34.229260

[12 rows x 8 columns]
   model      feat_type       network_name  ...  num_nodes  num_edges         Loss
0    gin  identity_feat  facebook_combined  ...       4039      88234  5169.014554
1    gin  identity_feat          wiki-Vote  ...       7115     103689  7506.948150
3    gin  identity_feat     p2p-Gnutella04  ...      10876      39994  5313.310497
4    gin  identity_feat     p2p-Gnutella08  ...       6301      20777  2480.322166
6    gin  identity_feat              CSphd  ...       1882       3480   259.510309
8    gin  identity_feat               geom  ...       7343      23796  1057.257165
9    gin  identity_feat          netsience  ...       1589       5484   277.853308
13   gin  identity_feat            adjnoun  ...        112        850    66.089303
14   gin  identity_feat           football  ...        115       1226    18.963661
17   gin  identity_feat             hep-th  ...       8361      31502   793.731353
19   gin  identity_feat     CLUSTERDataset  ...        117       4104    56.338055
21   gin  identity_feat    TreeGridDataset  ...       1231       1705  1060.139684

[12 rows x 8 columns]
   model      feat_type       network_name  ...  num_nodes  num_edges        Loss
0    gin  identity_feat  facebook_combined  ...       4039      88234   91.030218
1    gin  identity_feat          wiki-Vote  ...       7115     103689   33.329092
3    gin  identity_feat     p2p-Gnutella04  ...      10876      39994  141.703217
4    gin  identity_feat     p2p-Gnutella08  ...       6301      20777  120.021148
6    gin  identity_feat              CSphd  ...       1882       3480    0.775232
8    gin  identity_feat               geom  ...       7343      23796  139.758252
9    gin  identity_feat          netsience  ...       1589       5484   23.096708
13   gin  identity_feat            adjnoun  ...        112        850    1.513567
14   gin  identity_feat           football  ...        115       1226    5.136655
17   gin  identity_feat             hep-th  ...       8361      31502  231.619920
19   gin  identity_feat     CLUSTERDataset  ...        117       4104    6.540335
21   gin  identity_feat    TreeGridDataset  ...       1231       1705   35.427299

[12 rows x 8 columns]
   model      feat_type       network_name  ...  num_nodes  num_edges         Loss
0    gin  identity_feat  facebook_combined  ...       4039      88234   208.454303
1    gin  identity_feat          wiki-Vote  ...       7115     103689   862.496639
3    gin  identity_feat     p2p-Gnutella04  ...      10876      39994  1037.697754
4    gin  identity_feat     p2p-Gnutella08  ...       6301      20777   672.381729
6    gin  identity_feat              CSphd  ...       1882       3480   286.990684
8    gin  identity_feat               geom  ...       7343      23796  2489.583810
9    gin  identity_feat          netsience  ...       1589       5484   221.235240
13   gin  identity_feat            adjnoun  ...        112        850    39.359087
14   gin  identity_feat           football  ...        115       1226    26.717513
17   gin  identity_feat             hep-th  ...       8361      31502  3052.174035
19   gin  identity_feat     CLUSTERDataset  ...        117       4104     9.626901
21   gin  identity_feat    TreeGridDataset  ...       1231       1705   100.956742

[12 rows x 8 columns]
   model      feat_type       network_name  ...  num_nodes  num_edges         Loss
0    gin  identity_feat  facebook_combined  ...       4039      88234   154.973843
1    gin  identity_feat          wiki-Vote  ...       7115     103689   209.509346
3    gin  identity_feat     p2p-Gnutella04  ...      10876      39994    40.664016
4    gin  identity_feat     p2p-Gnutella08  ...       6301      20777   211.346055
6    gin  identity_feat              CSphd  ...       1882       3480   617.169215
8    gin  identity_feat               geom  ...       7343      23796  1497.754997
9    gin  identity_feat          netsience  ...       1589       5484   302.120957
13   gin  identity_feat            adjnoun  ...        112        850    12.087497
14   gin  identity_feat           football  ...        115       1226     1.770233
17   gin  identity_feat             hep-th  ...       8361      31502  1742.380978
19   gin  identity_feat     CLUSTERDataset  ...        117       4104     6.765304
21   gin  identity_feat    TreeGridDataset  ...       1231       1705    34.229260

[12 rows x 8 columns]
   model      feat_type       network_name  ...  num_nodes  num_edges         Loss
0    gin  identity_feat  facebook_combined  ...       4039      88234  5169.014554
1    gin  identity_feat          wiki-Vote  ...       7115     103689  7506.948150
3    gin  identity_feat     p2p-Gnutella04  ...      10876      39994  5313.310497
4    gin  identity_feat     p2p-Gnutella08  ...       6301      20777  2480.322166
6    gin  identity_feat              CSphd  ...       1882       3480   259.510309
8    gin  identity_feat               geom  ...       7343      23796  1057.257165
9    gin  identity_feat          netsience  ...       1589       5484   277.853308
13   gin  identity_feat            adjnoun  ...        112        850    66.089303
14   gin  identity_feat           football  ...        115       1226    18.963661
17   gin  identity_feat             hep-th  ...       8361      31502   793.731353
19   gin  identity_feat     CLUSTERDataset  ...        117       4104    56.338055
21   gin  identity_feat    TreeGridDataset  ...       1231       1705  1060.139684

[12 rows x 8 columns]
   model      feat_type       network_name  ...  num_nodes  num_edges        Loss
0    gin  identity_feat  facebook_combined  ...       4039      88234   91.030218
1    gin  identity_feat          wiki-Vote  ...       7115     103689   33.329092
3    gin  identity_feat     p2p-Gnutella04  ...      10876      39994  141.703217
4    gin  identity_feat     p2p-Gnutella08  ...       6301      20777  120.021148
6    gin  identity_feat              CSphd  ...       1882       3480    0.775232
8    gin  identity_feat               geom  ...       7343      23796  139.758252
9    gin  identity_feat          netsience  ...       1589       5484   23.096708
13   gin  identity_feat            adjnoun  ...        112        850    1.513567
14   gin  identity_feat           football  ...        115       1226    5.136655
17   gin  identity_feat             hep-th  ...       8361      31502  231.619920
19   gin  identity_feat     CLUSTERDataset  ...        117       4104    6.540335
21   gin  identity_feat    TreeGridDataset  ...       1231       1705   35.427299

[12 rows x 8 columns]
   model      feat_type       network_name  ...  num_nodes  num_edges         Loss
0    gin  identity_feat  facebook_combined  ...       4039      88234   208.454303
1    gin  identity_feat          wiki-Vote  ...       7115     103689   862.496639
3    gin  identity_feat     p2p-Gnutella04  ...      10876      39994  1037.697754
4    gin  identity_feat     p2p-Gnutella08  ...       6301      20777   672.381729
6    gin  identity_feat              CSphd  ...       1882       3480   286.990684
8    gin  identity_feat               geom  ...       7343      23796  2489.583810
9    gin  identity_feat          netsience  ...       1589       5484   221.235240
13   gin  identity_feat            adjnoun  ...        112        850    39.359087
14   gin  identity_feat           football  ...        115       1226    26.717513
17   gin  identity_feat             hep-th  ...       8361      31502  3052.174035
19   gin  identity_feat     CLUSTERDataset  ...        117       4104     9.626901
21   gin  identity_feat    TreeGridDataset  ...       1231       1705   100.956742

[12 rows x 8 columns]
   model      feat_type       network_name  ...  num_nodes  num_edges         Loss
0    gin  identity_feat  facebook_combined  ...       4039      88234   154.973843
1    gin  identity_feat          wiki-Vote  ...       7115     103689   209.509346
3    gin  identity_feat     p2p-Gnutella04  ...      10876      39994    40.664016
4    gin  identity_feat     p2p-Gnutella08  ...       6301      20777   211.346055
6    gin  identity_feat              CSphd  ...       1882       3480   617.169215
8    gin  identity_feat               geom  ...       7343      23796  1497.754997
9    gin  identity_feat          netsience  ...       1589       5484   302.120957
13   gin  identity_feat            adjnoun  ...        112        850    12.087497
14   gin  identity_feat           football  ...        115       1226     1.770233
17   gin  identity_feat             hep-th  ...       8361      31502  1742.380978
19   gin  identity_feat     CLUSTERDataset  ...        117       4104     6.765304
21   gin  identity_feat    TreeGridDataset  ...       1231       1705    34.229260

[12 rows x 8 columns]
