simple_code_mlp code
Epoch 1/100, Train Loss: 559.4022, Val Loss: 226.3110
Epoch 11/100, Train Loss: 9.3723, Val Loss: 8.1634
Epoch 21/100, Train Loss: 0.5791, Val Loss: 0.5853
Epoch 31/100, Train Loss: 0.0940, Val Loss: 0.1047
Epoch 41/100, Train Loss: 0.0292, Val Loss: 0.0346
Epoch 51/100, Train Loss: 0.0138, Val Loss: 0.0168
Epoch 61/100, Train Loss: 0.0085, Val Loss: 0.0105
Epoch 71/100, Train Loss: 0.0063, Val Loss: 0.0078
Epoch 81/100, Train Loss: 0.0052, Val Loss: 0.0064
Epoch 91/100, Train Loss: 0.0046, Val Loss: 0.0057
train_loss :  0.0043277414459735155
Test Loss: 0.0051
Epoch 1/100, Train Loss: 356.4754, Val Loss: 241.3342
Epoch 11/100, Train Loss: 1.0006, Val Loss: 0.9384
Epoch 21/100, Train Loss: 0.0112, Val Loss: 0.0120
Epoch 31/100, Train Loss: 0.0006, Val Loss: 0.0007
Epoch 41/100, Train Loss: 0.0001, Val Loss: 0.0001
Epoch 51/100, Train Loss: 0.0000, Val Loss: 0.0000
Epoch 61/100, Train Loss: 0.0000, Val Loss: 0.0000
Epoch 71/100, Train Loss: 0.0000, Val Loss: 0.0000
Epoch 81/100, Train Loss: 0.0000, Val Loss: 0.0000
Epoch 91/100, Train Loss: 0.0000, Val Loss: 0.0000
train_loss :  4.66175535984803e-06
Test Loss: 0.0000
Epoch 1/100, Train Loss: 222.6111, Val Loss: 128.8406
Epoch 11/100, Train Loss: 0.0034, Val Loss: 0.0024
Epoch 21/100, Train Loss: 0.0000, Val Loss: 0.0000
Epoch 31/100, Train Loss: 0.0000, Val Loss: 0.0000
Epoch 41/100, Train Loss: 0.0000, Val Loss: 0.0000
Epoch 51/100, Train Loss: 0.0000, Val Loss: 0.0000
Epoch 61/100, Train Loss: 0.0000, Val Loss: 0.0000
Epoch 71/100, Train Loss: 0.0000, Val Loss: 0.0000
Epoch 81/100, Train Loss: 0.0000, Val Loss: 0.0000
Epoch 91/100, Train Loss: 0.0000, Val Loss: 0.0000
train_loss :  2.087695938826073e-07
Test Loss: 0.0000
Epoch 1/100, Train Loss: 203.0583, Val Loss: 109.1052
Epoch 11/100, Train Loss: 0.0001, Val Loss: 0.0000
Epoch 21/100, Train Loss: 0.0000, Val Loss: 0.0000
Epoch 31/100, Train Loss: 0.0000, Val Loss: 0.0000
Epoch 41/100, Train Loss: 0.0000, Val Loss: 0.0000
Epoch 51/100, Train Loss: 0.0000, Val Loss: 0.0000
Epoch 61/100, Train Loss: 0.0000, Val Loss: 0.0000
Epoch 71/100, Train Loss: 0.0000, Val Loss: 0.0000
Epoch 81/100, Train Loss: 0.0000, Val Loss: 0.0000
Epoch 91/100, Train Loss: 0.0000, Val Loss: 0.0000
train_loss :  5.802396262879484e-07
Test Loss: 0.0000
Epoch 1/100, Train Loss: 493.3637, Val Loss: 215.1514
Epoch 11/100, Train Loss: 4.8441, Val Loss: 4.1343
Epoch 21/100, Train Loss: 0.1871, Val Loss: 0.1887
Epoch 31/100, Train Loss: 0.0230, Val Loss: 0.0254
Epoch 41/100, Train Loss: 0.0060, Val Loss: 0.0070
Epoch 51/100, Train Loss: 0.0026, Val Loss: 0.0031
Epoch 61/100, Train Loss: 0.0015, Val Loss: 0.0018
Epoch 71/100, Train Loss: 0.0010, Val Loss: 0.0013
Epoch 81/100, Train Loss: 0.0008, Val Loss: 0.0010
Epoch 91/100, Train Loss: 0.0007, Val Loss: 0.0009
train_loss :  0.0006579948305152356
Test Loss: 0.0009
Epoch 1/100, Train Loss: 399.4267, Val Loss: 215.6262
Epoch 11/100, Train Loss: 3.2999, Val Loss: 3.0929
Epoch 21/100, Train Loss: 0.0998, Val Loss: 0.1090
Epoch 31/100, Train Loss: 0.0099, Val Loss: 0.0116
Epoch 41/100, Train Loss: 0.0022, Val Loss: 0.0027
Epoch 51/100, Train Loss: 0.0009, Val Loss: 0.0011
Epoch 61/100, Train Loss: 0.0005, Val Loss: 0.0006
Epoch 71/100, Train Loss: 0.0003, Val Loss: 0.0004
Epoch 81/100, Train Loss: 0.0002, Val Loss: 0.0003
Epoch 91/100, Train Loss: 0.0002, Val Loss: 0.0003
train_loss :  0.00018574383930535987
Test Loss: 0.0002
Epoch 1/100, Train Loss: 438.7383, Val Loss: 200.8131
Epoch 11/100, Train Loss: 3.3309, Val Loss: 2.4797
Epoch 21/100, Train Loss: 0.0871, Val Loss: 0.0760
Epoch 31/100, Train Loss: 0.0080, Val Loss: 0.0078
Epoch 41/100, Train Loss: 0.0017, Val Loss: 0.0018
Epoch 51/100, Train Loss: 0.0007, Val Loss: 0.0007
Epoch 61/100, Train Loss: 0.0003, Val Loss: 0.0004
Epoch 71/100, Train Loss: 0.0002, Val Loss: 0.0003
Epoch 81/100, Train Loss: 0.0002, Val Loss: 0.0002
Epoch 91/100, Train Loss: 0.0001, Val Loss: 0.0002
train_loss :  0.00013400448771426455
Test Loss: 0.0002
Epoch 1/100, Train Loss: 297.6306, Val Loss: 206.4134
Epoch 11/100, Train Loss: 0.4584, Val Loss: 0.4172
Epoch 21/100, Train Loss: 0.0027, Val Loss: 0.0030
Epoch 31/100, Train Loss: 0.0001, Val Loss: 0.0001
Epoch 41/100, Train Loss: 0.0000, Val Loss: 0.0000
Epoch 51/100, Train Loss: 0.0000, Val Loss: 0.0000
Epoch 61/100, Train Loss: 0.0000, Val Loss: 0.0000
Epoch 71/100, Train Loss: 0.0000, Val Loss: 0.0000
Epoch 81/100, Train Loss: 0.0000, Val Loss: 0.0000
Epoch 91/100, Train Loss: 0.0000, Val Loss: 0.0000
train_loss :  1.5203811490209774e-06
Test Loss: 0.0000
Epoch 1/100, Train Loss: 331.5159, Val Loss: 227.6476
Epoch 11/100, Train Loss: 0.4882, Val Loss: 0.4051
Epoch 21/100, Train Loss: 0.0027, Val Loss: 0.0027
Epoch 31/100, Train Loss: 0.0001, Val Loss: 0.0001
Epoch 41/100, Train Loss: 0.0000, Val Loss: 0.0000
Epoch 51/100, Train Loss: 0.0000, Val Loss: 0.0000
Epoch 61/100, Train Loss: 0.0000, Val Loss: 0.0000
Epoch 71/100, Train Loss: 0.0000, Val Loss: 0.0000
Epoch 81/100, Train Loss: 0.0000, Val Loss: 0.0000
Epoch 91/100, Train Loss: 0.0000, Val Loss: 0.0000
train_loss :  1.5359994504251518e-06
Test Loss: 0.0000
Epoch 1/100, Train Loss: 520.1068, Val Loss: 246.5525
Epoch 11/100, Train Loss: 7.8265, Val Loss: 7.7086
Epoch 21/100, Train Loss: 0.4344, Val Loss: 0.4777
Epoch 31/100, Train Loss: 0.0649, Val Loss: 0.0775
Epoch 41/100, Train Loss: 0.0192, Val Loss: 0.0239
Epoch 51/100, Train Loss: 0.0088, Val Loss: 0.0112
Epoch 61/100, Train Loss: 0.0053, Val Loss: 0.0069
Epoch 71/100, Train Loss: 0.0038, Val Loss: 0.0050
Epoch 81/100, Train Loss: 0.0031, Val Loss: 0.0041
Epoch 91/100, Train Loss: 0.0027, Val Loss: 0.0036
train_loss :  0.0025618463223800064
Test Loss: 0.0034
Train loss average: 0.0007875838071067845, Valid loss average: 0.001004740128115395, Test loss average: 0.0009827084600337
