Epoch 10: loss=0.058800
Epoch 20: loss=0.058769
Epoch 30: loss=0.058732
Epoch 40: loss=0.058716
Epoch 50: loss=0.058706
Epoch 60: loss=0.058700
Epoch 70: loss=0.058698
Epoch 80: loss=0.058695
Epoch 90: loss=0.058696
Epoch 100: loss=0.058697
validation : 0.05906022310256958, MUTAG 0.24100546836853026, Muedim test 0.0587546181678772
Done loading data from cached files.
Done loading data from cached files.
loss of real network :  1.8286389005522643
Epoch 10: loss=0.058542
Epoch 20: loss=0.058532
Epoch 30: loss=0.058498
Epoch 40: loss=0.058372
Epoch 50: loss=0.058331
Epoch 60: loss=0.058314
Epoch 70: loss=0.058304
Epoch 80: loss=0.058300
Epoch 90: loss=0.058296
Epoch 100: loss=0.058296
validation : 0.06272943496704102, MUTAG 0.24253507614135741, Muedim test 0.05876915574073791
Done loading data from cached files.
Done loading data from cached files.
loss of real network :  1.8150530683028214
Epoch 10: loss=0.058710
Epoch 20: loss=0.058659
Epoch 30: loss=0.058623
Epoch 40: loss=0.058607
Epoch 50: loss=0.058597
Epoch 60: loss=0.058593
Epoch 70: loss=0.058593
Epoch 80: loss=0.058590
Epoch 90: loss=0.058591
Epoch 100: loss=0.058589
validation : 0.06001760959625244, MUTAG 0.2417910575866699, Muedim test 0.05878292441368103
Done loading data from cached files.
Done loading data from cached files.
loss of real network :  1.8216205811487511
Epoch 10: loss=0.058720
Epoch 20: loss=0.058665
Epoch 30: loss=0.058630
Epoch 40: loss=0.058609
Epoch 50: loss=0.058596
Epoch 60: loss=0.058591
Epoch 70: loss=0.058584
Epoch 80: loss=0.058583
Epoch 90: loss=0.058583
Epoch 100: loss=0.058584
validation : 0.060086586475372315, MUTAG 0.2414915943145752, Muedim test 0.0587814199924469
Done loading data from cached files.
Done loading data from cached files.
loss of real network :  1.8242921218690058
Epoch 10: loss=0.058594
Epoch 20: loss=0.058542
Epoch 30: loss=0.058500
Epoch 40: loss=0.058477
Epoch 50: loss=0.058460
Epoch 60: loss=0.058450
Epoch 70: loss=0.058447
Epoch 80: loss=0.058443
Epoch 90: loss=0.058440
Epoch 100: loss=0.058438
validation : 0.06137471675872803, MUTAG 0.24222125053405763, Muedim test 0.05876248002052307
Done loading data from cached files.
Done loading data from cached files.
loss of real network :  1.8178441719931182
Epoch 10: loss=0.058616
Epoch 20: loss=0.058494
Epoch 30: loss=0.058679
Epoch 40: loss=0.058855
Epoch 50: loss=0.058504
Epoch 60: loss=0.058416
Epoch 70: loss=0.058386
Epoch 80: loss=0.058373
Epoch 90: loss=0.058366
Epoch 100: loss=0.058361
validation : 0.06215664863586426, MUTAG 0.24258806228637694, Muedim test 0.058757622241973874
Done loading data from cached files.
Done loading data from cached files.
loss of real network :  1.8145866740174446
Epoch 10: loss=0.059083
Epoch 20: loss=0.058926
Epoch 30: loss=0.058808
Epoch 40: loss=0.058762
Epoch 50: loss=0.058742
Epoch 60: loss=0.058733
Epoch 70: loss=0.058726
Epoch 80: loss=0.058724
Epoch 90: loss=0.058722
Epoch 100: loss=0.058724
validation : 0.05883019924163818, MUTAG 0.24137160301208496, Muedim test 0.05875895857810974
Done loading data from cached files.
Done loading data from cached files.
loss of real network :  1.8253629989684428
Epoch 10: loss=0.058819
Epoch 20: loss=0.058713
Epoch 30: loss=0.058633
Epoch 40: loss=0.058597
Epoch 50: loss=0.058580
Epoch 60: loss=0.058571
Epoch 70: loss=0.058566
Epoch 80: loss=0.058563
Epoch 90: loss=0.058562
Epoch 100: loss=0.058561
validation : 0.06027624845504761, MUTAG 0.24165329933166504, Muedim test 0.058775860071182254
Done loading data from cached files.
Done loading data from cached files.
loss of real network :  1.8228537177964836
Epoch 10: loss=0.059291
Epoch 20: loss=0.059052
Epoch 30: loss=0.058911
Epoch 40: loss=0.058855
Epoch 50: loss=0.058833
Epoch 60: loss=0.058822
Epoch 70: loss=0.058815
Epoch 80: loss=0.058813
Epoch 90: loss=0.058811
Epoch 100: loss=0.058812
validation : 0.058039345741271973, MUTAG 0.24086613655090333, Muedim test 0.058787368535995484
Done loading data from cached files.
Done loading data from cached files.
loss of real network :  1.829862488221628
Epoch 10: loss=0.059903
Epoch 20: loss=0.059673
Epoch 30: loss=0.059384
Epoch 40: loss=0.059283
Epoch 50: loss=0.059243
Epoch 60: loss=0.059223
Epoch 70: loss=0.059214
Epoch 80: loss=0.059209
Epoch 90: loss=0.059206
Epoch 100: loss=0.059203
validation : 0.05466553211212158, MUTAG 0.23928598403930665, Muedim test 0.05880164384841919
Done loading data from cached files.
Done loading data from cached files.
loss of real network :  1.8440665147958684
0.05862651832898458      0.0597236545085907      0.24148095321655277      0.058773205161094674      1.8244181237665829
