-------------------------------label_type : density---------------------

2-------------------------------feat_type : ones_feat---------------------


2.1--------------------------------------------model name  : ['gin']---------------------


2.1.1--------------------------------------------Grid_Search  : ['gin']---------------------
small_test : 0.9248808288574218, medium_test 45.02496081542969
/project/p_gnn001/code/gnn_clean_code/utils.py:153: UserWarning: std_mean(): degrees of freedom is <= 0. Correction should be strictly less than the reduction factor (input numel divided by output numel). (Triggered internally at /opt/conda/conda-bld/pytorch_1708025824022/work/aten/src/ATen/native/ReduceOps.cpp:1760.)
  std, mean = torch.std_mean(array)
Trial 1/1
Epoch 10: loss=2.2452
Epoch 20: loss=1.1071
Epoch 30: loss=0.6691
Epoch 40: loss=0.5077
Epoch 50: loss=0.4426
Epoch 60: loss=0.4127
Epoch 70: loss=0.3984
Epoch 80: loss=0.3913
Epoch 90: loss=0.3877
Epoch 100: loss=0.3859
small_test : 0.05581950664520264, medium_test 75250.4724765625
best trail model is : model_weights_trail0_dataset_ones_feat.pth
test mean acc: 0.0558, error bound: nan


2.1.2--------------------------------------------Train and Test  : ['gin']---------------------


3-------------------------------feat_type : noise_feat---------------------


3.1--------------------------------------------model name  : ['gin']---------------------


3.1.1--------------------------------------------Grid_Search  : ['gin']---------------------
small_test : 0.9078767395019531, medium_test 42.286953125
/project/p_gnn001/code/gnn_clean_code/utils.py:153: UserWarning: std_mean(): degrees of freedom is <= 0. Correction should be strictly less than the reduction factor (input numel divided by output numel). (Triggered internally at /opt/conda/conda-bld/pytorch_1708025824022/work/aten/src/ATen/native/ReduceOps.cpp:1760.)
  std, mean = torch.std_mean(array)
Trial 1/1
Epoch 10: loss=2.3217
Epoch 20: loss=1.1245
Epoch 30: loss=0.6664
Epoch 40: loss=0.4816
Epoch 50: loss=0.4042
Epoch 60: loss=0.3690
Epoch 70: loss=0.3517
Epoch 80: loss=0.3432
Epoch 90: loss=0.3389
Epoch 100: loss=0.3368
small_test : 0.10998921394348145, medium_test 2179.381086578369
best trail model is : model_weights_trail0_dataset_noise_feat.pth
test mean acc: 0.1100, error bound: nan


3.1.2--------------------------------------------Train and Test  : ['gin']---------------------


4-------------------------------feat_type : degree_feat---------------------


4.1--------------------------------------------model name  : ['gin']---------------------


4.1.1--------------------------------------------Grid_Search  : ['gin']---------------------
small_test : 0.9806912231445313, medium_test 110.03643591308594
/project/p_gnn001/code/gnn_clean_code/utils.py:153: UserWarning: std_mean(): degrees of freedom is <= 0. Correction should be strictly less than the reduction factor (input numel divided by output numel). (Triggered internally at /opt/conda/conda-bld/pytorch_1708025824022/work/aten/src/ATen/native/ReduceOps.cpp:1760.)
  std, mean = torch.std_mean(array)
Trial 1/1
Epoch 10: loss=2.2423
Epoch 20: loss=1.0470
Epoch 30: loss=0.5647
Epoch 40: loss=0.3943
Epoch 50: loss=0.3227
Epoch 60: loss=0.2890
Epoch 70: loss=0.2720
Epoch 80: loss=0.2632
Epoch 90: loss=0.2587
Epoch 100: loss=0.2565
small_test : 0.03831491231918335, medium_test 39.86043884277344
best trail model is : model_weights_trail0_dataset_degree_feat.pth
test mean acc: 0.0383, error bound: nan


4.1.2--------------------------------------------Train and Test  : ['gin']---------------------


5-------------------------------feat_type : norm_degree_feat---------------------


5.1--------------------------------------------model name  : ['gin']---------------------


5.1.1--------------------------------------------Grid_Search  : ['gin']---------------------
small_test : 0.888753662109375, medium_test 39.81050042724609
/project/p_gnn001/code/gnn_clean_code/utils.py:153: UserWarning: std_mean(): degrees of freedom is <= 0. Correction should be strictly less than the reduction factor (input numel divided by output numel). (Triggered internally at /opt/conda/conda-bld/pytorch_1708025824022/work/aten/src/ATen/native/ReduceOps.cpp:1760.)
  std, mean = torch.std_mean(array)
Trial 1/1
Epoch 10: loss=2.2122
Epoch 20: loss=0.9090
Epoch 30: loss=0.4428
Epoch 40: loss=0.2840
Epoch 50: loss=0.2228
Epoch 60: loss=0.1964
Epoch 70: loss=0.1843
Epoch 80: loss=0.1783
Epoch 90: loss=0.1754
Epoch 100: loss=0.1738
small_test : 0.039436988830566407, medium_test 3.617909933805466
best trail model is : model_weights_trail0_dataset_norm_degree_feat.pth
test mean acc: 0.0394, error bound: nan


5.1.2--------------------------------------------Train and Test  : ['gin']---------------------


6-------------------------------feat_type : identity_feat---------------------


6.1--------------------------------------------model name  : ['gin']---------------------


6.1.1--------------------------------------------Grid_Search  : ['gin']---------------------
small_test : 0.9003715515136719, medium_test 40.32894677734375
/project/p_gnn001/code/gnn_clean_code/utils.py:153: UserWarning: std_mean(): degrees of freedom is <= 0. Correction should be strictly less than the reduction factor (input numel divided by output numel). (Triggered internally at /opt/conda/conda-bld/pytorch_1708025824022/work/aten/src/ATen/native/ReduceOps.cpp:1760.)
  std, mean = torch.std_mean(array)
Trial 1/1
Epoch 10: loss=2.2390
Epoch 20: loss=1.0380
Epoch 30: loss=0.5459
Epoch 40: loss=0.3662
Epoch 50: loss=0.2975
Epoch 60: loss=0.2672
Epoch 70: loss=0.2529
Epoch 80: loss=0.2458
Epoch 90: loss=0.2423
Epoch 100: loss=0.2405
small_test : 0.047114291191101075, medium_test 23296.137544727324
best trail model is : model_weights_trail0_dataset_identity_feat.pth
test mean acc: 0.0471, error bound: nan


6.1.2--------------------------------------------Train and Test  : ['gin']---------------------

