Epoch 10: loss=0.000001
Epoch 20: loss=0.000001
Epoch 30: loss=0.000001
Epoch 40: loss=0.000001
Epoch 50: loss=0.000001
Epoch 60: loss=0.000001
Epoch 70: loss=0.000001
Epoch 80: loss=0.000001
Epoch 90: loss=0.000001
Epoch 100: loss=0.000001
validation : 7.783647015457973e-07, MUTAG 3.507671181068872e-08, Muedim test 7.588168591610156e-07
logits: tensor([[20.8018]], device='cuda:0'),     label:  20.804924133420727
logits: tensor([[13.5312]], device='cuda:0'),     label:  13.532713673806743
logits: tensor([[24.3991]], device='cuda:0'),     label:  24.40319891450417
logits: tensor([[2.6361]], device='cuda:0'),     label:  2.63668887551193
logits: tensor([[2.2563]], device='cuda:0'),     label:  2.256830929007119
logits: tensor([[4.4870]], device='cuda:0'),     label:  4.487842085524307
logits: tensor([[0.8084]], device='cuda:0'),     label:  0.8085145256091124
logits: tensor([[4.8154]], device='cuda:0'),     label:  4.816258141874307
logits: tensor([[2.1996]], device='cuda:0'),     label:  2.2000551616627657
logits: tensor([[2.4102]], device='cuda:0'),     label:  2.4106450068868135
logits: tensor([[2.3801]], device='cuda:0'),     label:  2.3808123630690545
logits: tensor([[3.5471]], device='cuda:0'),     label:  3.5476531140944534
logits: tensor([[5.5559]], device='cuda:0'),     label:  5.556820417379404
logits: tensor([[6.5476]], device='cuda:0'),     label:  6.548703534262522
logits: tensor([[9.6187]], device='cuda:0'),     label:  9.620287385194198
logits: tensor([[4.0878]], device='cuda:0'),     label:  4.088450078041323
logits: tensor([[7.3582]], device='cuda:0'),     label:  7.359417819976807
logits: tensor([[2.7265]], device='cuda:0'),     label:  2.727148952616443
logits: tensor([[1.6283]], device='cuda:0'),     label:  1.6285131448098364
logits: tensor([[34.0306]], device='cuda:0'),     label:  34.03634089689989
logits: tensor([[44.1742]], device='cuda:0'),     label:  44.18164004219903
Done loading data from cached files.
logits: tensor([[0.3444]], device='cuda:0'),     label:  0.3444706225763192
Done loading data from cached files.
logits: tensor([[0.0685]], device='cuda:0'),     label:  0.0684878544199754
loss of real network :  5.519585261286975e-06
eps that is learned :  Parameter containing:
tensor([-2.0406], device='cuda:0', requires_grad=True)
Epoch 10: loss=0.000001
Epoch 20: loss=0.000001
Epoch 30: loss=0.000001
Epoch 40: loss=0.000001
Epoch 50: loss=0.000001
Epoch 60: loss=0.000000
Epoch 70: loss=0.000000
Epoch 80: loss=0.000000
Epoch 90: loss=0.000000
Epoch 100: loss=0.000000
validation : 4.5007674998487345e-07, MUTAG 7.064896180963842e-08, Muedim test 5.031750242778799e-07
logits: tensor([[22.3012]], device='cuda:0'),     label:  22.3033426433809
logits: tensor([[15.0305]], device='cuda:0'),     label:  15.031132183766918
logits: tensor([[25.8988]], device='cuda:0'),     label:  25.901617424464344
logits: tensor([[4.1343]], device='cuda:0'),     label:  4.1351073854721045
logits: tensor([[3.7546]], device='cuda:0'),     label:  3.7552494389672937
logits: tensor([[5.9855]], device='cuda:0'),     label:  5.986260595484482
logits: tensor([[2.3067]], device='cuda:0'),     label:  2.306933035569287
logits: tensor([[6.3141]], device='cuda:0'),     label:  6.314676651834482
logits: tensor([[3.6979]], device='cuda:0'),     label:  3.6984736716229403
logits: tensor([[3.9087]], device='cuda:0'),     label:  3.909063516846988
logits: tensor([[3.8784]], device='cuda:0'),     label:  3.879230873029229
logits: tensor([[5.0455]], device='cuda:0'),     label:  5.046071624054628
logits: tensor([[7.0545]], device='cuda:0'),     label:  7.055238927339579
logits: tensor([[8.0463]], device='cuda:0'),     label:  8.047122044222697
logits: tensor([[11.1176]], device='cuda:0'),     label:  11.118705895154372
logits: tensor([[5.5863]], device='cuda:0'),     label:  5.586868588001497
logits: tensor([[8.8569]], device='cuda:0'),     label:  8.857836329936982
logits: tensor([[4.2248]], device='cuda:0'),     label:  4.225567462576618
logits: tensor([[3.1266]], device='cuda:0'),     label:  3.126931654770011
logits: tensor([[35.5311]], device='cuda:0'),     label:  35.53475940686006
logits: tensor([[45.6753]], device='cuda:0'),     label:  45.6800585521592
Done loading data from cached files.
logits: tensor([[1.8427]], device='cuda:0'),     label:  1.8428891325364938
Done loading data from cached files.
logits: tensor([[1.5667]], device='cuda:0'),     label:  1.56690636438015
loss of real network :  2.4629570778980214e-06
eps that is learned :  Parameter containing:
tensor([-0.5422], device='cuda:0', requires_grad=True)
Epoch 10: loss=0.000001
Epoch 20: loss=0.000001
Epoch 30: loss=0.000001
Epoch 40: loss=0.000001
Epoch 50: loss=0.000001
Epoch 60: loss=0.000001
Epoch 70: loss=0.000001
Epoch 80: loss=0.000001
Epoch 90: loss=0.000001
Epoch 100: loss=0.000001
validation : 6.663053500233218e-07, MUTAG 5.0450300932425305e-08, Muedim test 6.945914628886385e-07
logits: tensor([[21.2818]], device='cuda:0'),     label:  21.285155299306652
logits: tensor([[14.0105]], device='cuda:0'),     label:  14.012944839692668
logits: tensor([[24.8799]], device='cuda:0'),     label:  24.883430080390095
logits: tensor([[3.1166]], device='cuda:0'),     label:  3.1169200413978553
logits: tensor([[2.7367]], device='cuda:0'),     label:  2.7370620948930444
logits: tensor([[4.9674]], device='cuda:0'),     label:  4.968073251410233
logits: tensor([[1.2886]], device='cuda:0'),     label:  1.2887456914950377
logits: tensor([[5.2957]], device='cuda:0'),     label:  5.296489307760233
logits: tensor([[2.6799]], device='cuda:0'),     label:  2.680286327548691
logits: tensor([[2.8905]], device='cuda:0'),     label:  2.890876172772739
logits: tensor([[2.8606]], device='cuda:0'),     label:  2.86104352895498
logits: tensor([[4.0273]], device='cuda:0'),     label:  4.027884279980379
logits: tensor([[6.0362]], device='cuda:0'),     label:  6.037051583265329
logits: tensor([[7.0279]], device='cuda:0'),     label:  7.028934700148447
logits: tensor([[10.0991]], device='cuda:0'),     label:  10.100518551080123
logits: tensor([[4.5680]], device='cuda:0'),     label:  4.568681243927248
logits: tensor([[7.8385]], device='cuda:0'),     label:  7.839648985862732
logits: tensor([[3.2069]], device='cuda:0'),     label:  3.2073801185023685
logits: tensor([[2.1084]], device='cuda:0'),     label:  2.1087443106957617
logits: tensor([[34.5117]], device='cuda:0'),     label:  34.51657206278581
logits: tensor([[44.6555]], device='cuda:0'),     label:  44.66187120808495
Done loading data from cached files.
logits: tensor([[0.8246]], device='cuda:0'),     label:  0.8247017884622445
Done loading data from cached files.
logits: tensor([[0.5486]], device='cuda:0'),     label:  0.5487190203059007
loss of real network :  4.418658113613301e-06
eps that is learned :  Parameter containing:
tensor([-1.5604], device='cuda:0', requires_grad=True)
Epoch 10: loss=0.000001
Epoch 20: loss=0.000001
Epoch 30: loss=0.000001
Epoch 40: loss=0.000001
Epoch 50: loss=0.000001
Epoch 60: loss=0.000001
Epoch 70: loss=0.000001
Epoch 80: loss=0.000001
Epoch 90: loss=0.000001
Epoch 100: loss=0.000001
validation : 1.0433709758217447e-06, MUTAG 5.253912576108632e-09, Muedim test 1.0100237523147372e-06
logits: tensor([[19.9634]], device='cuda:0'),     label:  19.967806461454174
logits: tensor([[12.6930]], device='cuda:0'),     label:  12.69559600184019
logits: tensor([[23.5608]], device='cuda:0'),     label:  23.566081242537617
logits: tensor([[1.7993]], device='cuda:0'),     label:  1.7995712035453773
logits: tensor([[1.4192]], device='cuda:0'),     label:  1.4197132570405664
logits: tensor([[3.6499]], device='cuda:0'),     label:  3.6507244135577546
logits: tensor([[-0.0286]], device='cuda:0'),     label:  -0.028603146357440323
logits: tensor([[3.9782]], device='cuda:0'),     label:  3.9791404699077546
logits: tensor([[1.3626]], device='cuda:0'),     label:  1.362937489696213
logits: tensor([[1.5732]], device='cuda:0'),     label:  1.5735273349202608
logits: tensor([[1.5430]], device='cuda:0'),     label:  1.5436946911025018
logits: tensor([[2.7099]], device='cuda:0'),     label:  2.7105354421279007
logits: tensor([[4.7186]], device='cuda:0'),     label:  4.719702745412851
logits: tensor([[5.7103]], device='cuda:0'),     label:  5.711585862295969
logits: tensor([[8.7812]], device='cuda:0'),     label:  8.783169713227645
logits: tensor([[3.2506]], device='cuda:0'),     label:  3.25133240607477
logits: tensor([[6.5208]], device='cuda:0'),     label:  6.522300148010254
logits: tensor([[1.8895]], device='cuda:0'),     label:  1.8900312806498905
logits: tensor([[0.7912]], device='cuda:0'),     label:  0.7913954728432837
logits: tensor([[33.1917]], device='cuda:0'),     label:  33.199223224933334
logits: tensor([[43.3347]], device='cuda:0'),     label:  43.344522370232475
Done loading data from cached files.
logits: tensor([[-0.4925]], device='cuda:0'),     label:  -0.4926470493902335
Done loading data from cached files.
logits: tensor([[-0.7685]], device='cuda:0'),     label:  -0.7686298175465773
loss of real network :  9.603600047041012e-06
eps that is learned :  Parameter containing:
tensor([-2.8777], device='cuda:0', requires_grad=True)
Epoch 10: loss=0.000001
Epoch 20: loss=0.000001
Epoch 30: loss=0.000001
Epoch 40: loss=0.000001
Epoch 50: loss=0.000001
Epoch 60: loss=0.000001
Epoch 70: loss=0.000001
Epoch 80: loss=0.000001
Epoch 90: loss=0.000001
Epoch 100: loss=0.000001
validation : 6.692460374324583e-07, MUTAG 4.238408791934489e-08, Muedim test 7.051885768305511e-07
logits: tensor([[21.0323]], device='cuda:0'),     label:  21.03602111637666
logits: tensor([[13.7609]], device='cuda:0'),     label:  13.763810656762676
logits: tensor([[24.6305]], device='cuda:0'),     label:  24.634295897460103
logits: tensor([[2.8674]], device='cuda:0'),     label:  2.8677858584678626
logits: tensor([[2.4876]], device='cuda:0'),     label:  2.4879279119630517
logits: tensor([[4.7182]], device='cuda:0'),     label:  4.71893906848024
logits: tensor([[1.0394]], device='cuda:0'),     label:  1.039611508565045
logits: tensor([[5.0466]], device='cuda:0'),     label:  5.04735512483024
logits: tensor([[2.4308]], device='cuda:0'),     label:  2.4311521446186983
logits: tensor([[2.6413]], device='cuda:0'),     label:  2.641741989842746
logits: tensor([[2.6116]], device='cuda:0'),     label:  2.611909346024987
logits: tensor([[3.7782]], device='cuda:0'),     label:  3.778750097050386
logits: tensor([[5.7870]], device='cuda:0'),     label:  5.787917400335337
logits: tensor([[6.7788]], device='cuda:0'),     label:  6.779800517218455
logits: tensor([[9.8499]], device='cuda:0'),     label:  9.85138436815013
logits: tensor([[4.3189]], device='cuda:0'),     label:  4.319547060997255
logits: tensor([[7.5894]], device='cuda:0'),     label:  7.59051480293274
logits: tensor([[2.9577]], device='cuda:0'),     label:  2.958245935572376
logits: tensor([[1.8593]], device='cuda:0'),     label:  1.859610127765769
logits: tensor([[34.2622]], device='cuda:0'),     label:  34.26743787985582
logits: tensor([[44.4059]], device='cuda:0'),     label:  44.41273702515496
Done loading data from cached files.
logits: tensor([[0.5755]], device='cuda:0'),     label:  0.5755676055322518
Done loading data from cached files.
logits: tensor([[0.2995]], device='cuda:0'),     label:  0.299584837375908
loss of real network :  5.189043996280347e-06
eps that is learned :  Parameter containing:
tensor([-1.8095], device='cuda:0', requires_grad=True)
7.595160613062844e-07      7.214727629616391e-07      4.076279500964119e-08      7.343591350945645e-07      5.438768899223931e-06
