/project/p_gnn001/code/gnn_clean_code/simple_code_mlp2.py:50: UserWarning: To copy construct from a tensor, it is recommended to use sourceTensor.clone().detach() or sourceTensor.clone().detach().requires_grad_(True), rather than torch.tensor(sourceTensor).
  data = [torch.tensor(d, dtype=torch.float32) for d in data]
GenAggModel
Epoch 1/1000, Train Loss: 47.5382, Val Loss: 40.5618
Epoch 11/1000, Train Loss: 0.2720, Val Loss: 0.2558
Epoch 21/1000, Train Loss: 0.1140, Val Loss: 0.1102
Epoch 31/1000, Train Loss: 0.0530, Val Loss: 0.0523
Epoch 41/1000, Train Loss: 0.0300, Val Loss: 0.0298
Epoch 51/1000, Train Loss: 0.0216, Val Loss: 0.0217
Epoch 61/1000, Train Loss: 0.0186, Val Loss: 0.0188
Epoch 71/1000, Train Loss: 0.0175, Val Loss: 0.0178
Epoch 81/1000, Train Loss: 0.0171, Val Loss: 0.0174
Epoch 91/1000, Train Loss: 0.0169, Val Loss: 0.0173
Epoch 101/1000, Train Loss: 0.0169, Val Loss: 0.0173
Epoch 111/1000, Train Loss: 0.0169, Val Loss: 0.0172
Epoch 121/1000, Train Loss: 0.0169, Val Loss: 0.0172
Epoch 131/1000, Train Loss: 0.0169, Val Loss: 0.0172
Epoch 141/1000, Train Loss: 0.0169, Val Loss: 0.0172
Epoch 151/1000, Train Loss: 0.0169, Val Loss: 0.0172
Epoch 161/1000, Train Loss: 0.0169, Val Loss: 0.0172
Epoch 171/1000, Train Loss: 0.0169, Val Loss: 0.0172
Epoch 181/1000, Train Loss: 0.0169, Val Loss: 0.0172
Epoch 191/1000, Train Loss: 0.0169, Val Loss: 0.0172
Epoch 201/1000, Train Loss: 0.0169, Val Loss: 0.0172
Epoch 211/1000, Train Loss: 0.0169, Val Loss: 0.0172
Epoch 221/1000, Train Loss: 0.0169, Val Loss: 0.0172
Epoch 231/1000, Train Loss: 0.0169, Val Loss: 0.0172
Epoch 241/1000, Train Loss: 0.0169, Val Loss: 0.0172
Epoch 251/1000, Train Loss: 0.0169, Val Loss: 0.0172
Epoch 261/1000, Train Loss: 0.0169, Val Loss: 0.0172
Epoch 271/1000, Train Loss: 0.0169, Val Loss: 0.0172
Epoch 281/1000, Train Loss: 0.0169, Val Loss: 0.0172
Epoch 291/1000, Train Loss: 0.0169, Val Loss: 0.0172
Epoch 301/1000, Train Loss: 0.0169, Val Loss: 0.0172
Epoch 311/1000, Train Loss: 0.0169, Val Loss: 0.0172
Epoch 321/1000, Train Loss: 0.0169, Val Loss: 0.0172
Epoch 331/1000, Train Loss: 0.0169, Val Loss: 0.0172
Epoch 341/1000, Train Loss: 0.0169, Val Loss: 0.0172
Epoch 351/1000, Train Loss: 0.0169, Val Loss: 0.0172
Epoch 361/1000, Train Loss: 0.0169, Val Loss: 0.0172
Epoch 371/1000, Train Loss: 0.0169, Val Loss: 0.0172
Epoch 381/1000, Train Loss: 0.0169, Val Loss: 0.0172
Epoch 391/1000, Train Loss: 0.0169, Val Loss: 0.0172
Epoch 401/1000, Train Loss: 0.0169, Val Loss: 0.0172
Epoch 411/1000, Train Loss: 0.0169, Val Loss: 0.0172
Epoch 421/1000, Train Loss: 0.0169, Val Loss: 0.0172
Epoch 431/1000, Train Loss: 0.0169, Val Loss: 0.0172
Epoch 441/1000, Train Loss: 0.0169, Val Loss: 0.0172
Epoch 451/1000, Train Loss: 0.0169, Val Loss: 0.0172
Epoch 461/1000, Train Loss: 0.0169, Val Loss: 0.0172
Epoch 471/1000, Train Loss: 0.0169, Val Loss: 0.0172
Epoch 481/1000, Train Loss: 0.0169, Val Loss: 0.0172
Epoch 491/1000, Train Loss: 0.0169, Val Loss: 0.0172
Epoch 501/1000, Train Loss: 0.0169, Val Loss: 0.0172
Epoch 511/1000, Train Loss: 0.0169, Val Loss: 0.0172
Epoch 521/1000, Train Loss: 0.0169, Val Loss: 0.0172
Epoch 531/1000, Train Loss: 0.0169, Val Loss: 0.0172
Epoch 541/1000, Train Loss: 0.0169, Val Loss: 0.0172
Epoch 551/1000, Train Loss: 0.0169, Val Loss: 0.0172
Epoch 561/1000, Train Loss: 0.0169, Val Loss: 0.0172
Epoch 571/1000, Train Loss: 0.0169, Val Loss: 0.0172
Epoch 581/1000, Train Loss: 0.0169, Val Loss: 0.0172
Epoch 591/1000, Train Loss: 0.0169, Val Loss: 0.0172
Epoch 601/1000, Train Loss: 0.0169, Val Loss: 0.0172
Epoch 611/1000, Train Loss: 0.0169, Val Loss: 0.0172
Epoch 621/1000, Train Loss: 0.0169, Val Loss: 0.0172
Epoch 631/1000, Train Loss: 0.0169, Val Loss: 0.0172
Epoch 641/1000, Train Loss: 0.0169, Val Loss: 0.0172
Epoch 651/1000, Train Loss: 0.0169, Val Loss: 0.0172
Epoch 661/1000, Train Loss: 0.0169, Val Loss: 0.0172
Epoch 671/1000, Train Loss: 0.0169, Val Loss: 0.0172
Epoch 681/1000, Train Loss: 0.0169, Val Loss: 0.0172
Epoch 691/1000, Train Loss: 0.0169, Val Loss: 0.0172
Epoch 701/1000, Train Loss: 0.0169, Val Loss: 0.0172
Epoch 711/1000, Train Loss: 0.0169, Val Loss: 0.0172
Epoch 721/1000, Train Loss: 0.0169, Val Loss: 0.0172
Epoch 731/1000, Train Loss: 0.0169, Val Loss: 0.0172
Epoch 741/1000, Train Loss: 0.0169, Val Loss: 0.0172
Epoch 751/1000, Train Loss: 0.0169, Val Loss: 0.0172
Epoch 761/1000, Train Loss: 0.0169, Val Loss: 0.0172
Epoch 771/1000, Train Loss: 0.0169, Val Loss: 0.0172
Epoch 781/1000, Train Loss: 0.0169, Val Loss: 0.0172
Epoch 791/1000, Train Loss: 0.0169, Val Loss: 0.0172
Epoch 801/1000, Train Loss: 0.0169, Val Loss: 0.0172
Epoch 811/1000, Train Loss: 0.0169, Val Loss: 0.0172
Epoch 821/1000, Train Loss: 0.0169, Val Loss: 0.0172
Epoch 831/1000, Train Loss: 0.0169, Val Loss: 0.0172
Epoch 841/1000, Train Loss: 0.0169, Val Loss: 0.0172
Epoch 851/1000, Train Loss: 0.0169, Val Loss: 0.0172
Epoch 861/1000, Train Loss: 0.0169, Val Loss: 0.0172
Epoch 871/1000, Train Loss: 0.0169, Val Loss: 0.0172
Epoch 881/1000, Train Loss: 0.0169, Val Loss: 0.0172
Epoch 891/1000, Train Loss: 0.0169, Val Loss: 0.0172
Epoch 901/1000, Train Loss: 0.0169, Val Loss: 0.0172
Epoch 911/1000, Train Loss: 0.0169, Val Loss: 0.0172
Epoch 921/1000, Train Loss: 0.0169, Val Loss: 0.0172
Epoch 931/1000, Train Loss: 0.0169, Val Loss: 0.0172
Epoch 941/1000, Train Loss: 0.0169, Val Loss: 0.0172
Epoch 951/1000, Train Loss: 0.0169, Val Loss: 0.0172
Epoch 961/1000, Train Loss: 0.0169, Val Loss: 0.0172
Epoch 971/1000, Train Loss: 0.0169, Val Loss: 0.0172
Epoch 981/1000, Train Loss: 0.0169, Val Loss: 0.0172
Epoch 991/1000, Train Loss: 0.0169, Val Loss: 0.0172
train_loss :  0.016879470109939575
Test Loss: 0.0006
GenAggModel
Epoch 1/1000, Train Loss: 49.2700, Val Loss: 46.8392
Epoch 11/1000, Train Loss: 0.0397, Val Loss: 0.1012
Epoch 21/1000, Train Loss: 0.0055, Val Loss: 0.0042
Epoch 31/1000, Train Loss: 0.0030, Val Loss: 0.0030
Epoch 41/1000, Train Loss: 0.0028, Val Loss: 0.0032
Epoch 51/1000, Train Loss: 0.0027, Val Loss: 0.0028
Epoch 61/1000, Train Loss: 0.0027, Val Loss: 0.0027
Epoch 71/1000, Train Loss: 0.0027, Val Loss: 0.0027
Epoch 81/1000, Train Loss: 0.0026, Val Loss: 0.0026
Epoch 91/1000, Train Loss: 0.0026, Val Loss: 0.0026
Epoch 101/1000, Train Loss: 0.0026, Val Loss: 0.0026
Epoch 111/1000, Train Loss: 0.0026, Val Loss: 0.0026
Epoch 121/1000, Train Loss: 0.0026, Val Loss: 0.0026
Epoch 131/1000, Train Loss: 0.0026, Val Loss: 0.0026
Epoch 141/1000, Train Loss: 0.0026, Val Loss: 0.0026
Epoch 151/1000, Train Loss: 0.0026, Val Loss: 0.0026
Epoch 161/1000, Train Loss: 0.0026, Val Loss: 0.0026
Epoch 171/1000, Train Loss: 0.0026, Val Loss: 0.0026
Epoch 181/1000, Train Loss: 0.0026, Val Loss: 0.0026
Epoch 191/1000, Train Loss: 0.0026, Val Loss: 0.0026
Epoch 201/1000, Train Loss: 0.0026, Val Loss: 0.0026
Epoch 211/1000, Train Loss: 0.0026, Val Loss: 0.0026
Epoch 221/1000, Train Loss: 0.0026, Val Loss: 0.0026
Epoch 231/1000, Train Loss: 0.0026, Val Loss: 0.0026
Epoch 241/1000, Train Loss: 0.0026, Val Loss: 0.0026
Epoch 251/1000, Train Loss: 0.0026, Val Loss: 0.0026
Epoch 261/1000, Train Loss: 0.0026, Val Loss: 0.0026
Epoch 271/1000, Train Loss: 0.0026, Val Loss: 0.0026
Epoch 281/1000, Train Loss: 0.0026, Val Loss: 0.0026
Epoch 291/1000, Train Loss: 0.0026, Val Loss: 0.0026
Epoch 301/1000, Train Loss: 0.0026, Val Loss: 0.0026
Epoch 311/1000, Train Loss: 0.0026, Val Loss: 0.0026
Epoch 321/1000, Train Loss: 0.0026, Val Loss: 0.0026
Epoch 331/1000, Train Loss: 0.0026, Val Loss: 0.0026
Epoch 341/1000, Train Loss: 0.0026, Val Loss: 0.0026
Epoch 351/1000, Train Loss: 0.0026, Val Loss: 0.0026
Epoch 361/1000, Train Loss: 0.0026, Val Loss: 0.0026
Epoch 371/1000, Train Loss: 0.0026, Val Loss: 0.0026
Epoch 381/1000, Train Loss: 0.0026, Val Loss: 0.0026
Epoch 391/1000, Train Loss: 0.0026, Val Loss: 0.0026
Epoch 401/1000, Train Loss: 0.0026, Val Loss: 0.0026
Epoch 411/1000, Train Loss: 0.0026, Val Loss: 0.0026
Epoch 421/1000, Train Loss: 0.0026, Val Loss: 0.0026
Epoch 431/1000, Train Loss: 0.0026, Val Loss: 0.0026
Epoch 441/1000, Train Loss: 0.0026, Val Loss: 0.0026
Epoch 451/1000, Train Loss: 0.0026, Val Loss: 0.0026
Epoch 461/1000, Train Loss: 0.0026, Val Loss: 0.0026
Epoch 471/1000, Train Loss: 0.0026, Val Loss: 0.0026
Epoch 481/1000, Train Loss: 0.0026, Val Loss: 0.0026
Epoch 491/1000, Train Loss: 0.0026, Val Loss: 0.0026
Epoch 501/1000, Train Loss: 0.0026, Val Loss: 0.0026
Epoch 511/1000, Train Loss: 0.0026, Val Loss: 0.0026
Epoch 521/1000, Train Loss: 0.0026, Val Loss: 0.0026
Epoch 531/1000, Train Loss: 0.0026, Val Loss: 0.0026
Epoch 541/1000, Train Loss: 0.0026, Val Loss: 0.0026
Epoch 551/1000, Train Loss: 0.0026, Val Loss: 0.0026
Epoch 561/1000, Train Loss: 0.0026, Val Loss: 0.0026
Epoch 571/1000, Train Loss: 0.0026, Val Loss: 0.0026
Epoch 581/1000, Train Loss: 0.0026, Val Loss: 0.0026
Epoch 591/1000, Train Loss: 0.0026, Val Loss: 0.0026
Epoch 601/1000, Train Loss: 0.0026, Val Loss: 0.0026
Epoch 611/1000, Train Loss: 0.0026, Val Loss: 0.0026
Epoch 621/1000, Train Loss: 0.0026, Val Loss: 0.0026
Epoch 631/1000, Train Loss: 0.0026, Val Loss: 0.0026
Epoch 641/1000, Train Loss: 0.0026, Val Loss: 0.0026
Epoch 651/1000, Train Loss: 0.0026, Val Loss: 0.0026
Epoch 661/1000, Train Loss: 0.0026, Val Loss: 0.0026
Epoch 671/1000, Train Loss: 0.0026, Val Loss: 0.0026
Epoch 681/1000, Train Loss: 0.0026, Val Loss: 0.0026
Epoch 691/1000, Train Loss: 0.0026, Val Loss: 0.0026
Epoch 701/1000, Train Loss: 0.0026, Val Loss: 0.0026
Epoch 711/1000, Train Loss: 0.0026, Val Loss: 0.0026
Epoch 721/1000, Train Loss: 0.0026, Val Loss: 0.0026
Epoch 731/1000, Train Loss: 0.0026, Val Loss: 0.0026
Epoch 741/1000, Train Loss: 0.0026, Val Loss: 0.0026
Epoch 751/1000, Train Loss: 0.0026, Val Loss: 0.0026
Epoch 761/1000, Train Loss: 0.0026, Val Loss: 0.0026
Epoch 771/1000, Train Loss: 0.0026, Val Loss: 0.0026
Epoch 781/1000, Train Loss: 0.0026, Val Loss: 0.0026
Epoch 791/1000, Train Loss: 0.0026, Val Loss: 0.0026
Epoch 801/1000, Train Loss: 0.0026, Val Loss: 0.0026
Epoch 811/1000, Train Loss: 0.0026, Val Loss: 0.0026
Epoch 821/1000, Train Loss: 0.0026, Val Loss: 0.0026
Epoch 831/1000, Train Loss: 0.0026, Val Loss: 0.0026
Epoch 841/1000, Train Loss: 0.0026, Val Loss: 0.0026
Epoch 851/1000, Train Loss: 0.0026, Val Loss: 0.0026
Epoch 861/1000, Train Loss: 0.0026, Val Loss: 0.0026
Epoch 871/1000, Train Loss: 0.0026, Val Loss: 0.0026
Epoch 881/1000, Train Loss: 0.0026, Val Loss: 0.0026
Epoch 891/1000, Train Loss: 0.0026, Val Loss: 0.0026
Epoch 901/1000, Train Loss: 0.0026, Val Loss: 0.0026
Epoch 911/1000, Train Loss: 0.0026, Val Loss: 0.0026
Epoch 921/1000, Train Loss: 0.0026, Val Loss: 0.0026
Epoch 931/1000, Train Loss: 0.0026, Val Loss: 0.0026
Epoch 941/1000, Train Loss: 0.0026, Val Loss: 0.0026
Epoch 951/1000, Train Loss: 0.0026, Val Loss: 0.0026
Epoch 961/1000, Train Loss: 0.0026, Val Loss: 0.0026
Epoch 971/1000, Train Loss: 0.0026, Val Loss: 0.0026
Epoch 981/1000, Train Loss: 0.0026, Val Loss: 0.0026
Epoch 991/1000, Train Loss: 0.0026, Val Loss: 0.0026
train_loss :  0.002641040802001953
Test Loss: 0.0000
GenAggModel
Epoch 1/1000, Train Loss: 49.4769, Val Loss: 48.9953
Epoch 11/1000, Train Loss: 1.4109, Val Loss: 0.9343
Epoch 21/1000, Train Loss: 0.5807, Val Loss: 0.5785
Epoch 31/1000, Train Loss: 0.5232, Val Loss: 0.5260
Epoch 41/1000, Train Loss: 0.4941, Val Loss: 0.5009
Epoch 51/1000, Train Loss: 0.4829, Val Loss: 0.4948
Epoch 61/1000, Train Loss: 0.4787, Val Loss: 0.4885
Epoch 71/1000, Train Loss: 0.4769, Val Loss: 0.4873
Epoch 81/1000, Train Loss: 0.4763, Val Loss: 0.4867
Epoch 91/1000, Train Loss: 0.4761, Val Loss: 0.4864
Epoch 101/1000, Train Loss: 0.4761, Val Loss: 0.4863
Epoch 111/1000, Train Loss: 0.4761, Val Loss: 0.4863
Epoch 121/1000, Train Loss: 0.4761, Val Loss: 0.4863
Epoch 131/1000, Train Loss: 0.4761, Val Loss: 0.4863
Epoch 141/1000, Train Loss: 0.4761, Val Loss: 0.4863
Epoch 151/1000, Train Loss: 0.4761, Val Loss: 0.4863
Epoch 161/1000, Train Loss: 0.4761, Val Loss: 0.4863
Epoch 171/1000, Train Loss: 0.4761, Val Loss: 0.4863
Epoch 181/1000, Train Loss: 0.4761, Val Loss: 0.4863
Epoch 191/1000, Train Loss: 0.4761, Val Loss: 0.4863
Epoch 201/1000, Train Loss: 0.4761, Val Loss: 0.4863
Epoch 211/1000, Train Loss: 0.4761, Val Loss: 0.4863
Epoch 221/1000, Train Loss: 0.4761, Val Loss: 0.4863
Epoch 231/1000, Train Loss: 0.4761, Val Loss: 0.4863
Epoch 241/1000, Train Loss: 0.4761, Val Loss: 0.4863
Epoch 251/1000, Train Loss: 0.4761, Val Loss: 0.4863
Epoch 261/1000, Train Loss: 0.4761, Val Loss: 0.4863
Epoch 271/1000, Train Loss: 0.4761, Val Loss: 0.4863
Epoch 281/1000, Train Loss: 0.4761, Val Loss: 0.4863
Epoch 291/1000, Train Loss: 0.4761, Val Loss: 0.4863
Epoch 301/1000, Train Loss: 0.4761, Val Loss: 0.4863
Epoch 311/1000, Train Loss: 0.4761, Val Loss: 0.4863
Epoch 321/1000, Train Loss: 0.4761, Val Loss: 0.4863
Epoch 331/1000, Train Loss: 0.4761, Val Loss: 0.4863
Epoch 341/1000, Train Loss: 0.4761, Val Loss: 0.4863
Epoch 351/1000, Train Loss: 0.4761, Val Loss: 0.4863
Epoch 361/1000, Train Loss: 0.4761, Val Loss: 0.4863
Epoch 371/1000, Train Loss: 0.4761, Val Loss: 0.4863
Epoch 381/1000, Train Loss: 0.4761, Val Loss: 0.4863
Epoch 391/1000, Train Loss: 0.4761, Val Loss: 0.4863
Epoch 401/1000, Train Loss: 0.4761, Val Loss: 0.4863
Epoch 411/1000, Train Loss: 0.4761, Val Loss: 0.4863
Epoch 421/1000, Train Loss: 0.4761, Val Loss: 0.4863
Epoch 431/1000, Train Loss: 0.4761, Val Loss: 0.4863
Epoch 441/1000, Train Loss: 0.4761, Val Loss: 0.4863
Epoch 451/1000, Train Loss: 0.4761, Val Loss: 0.4863
Epoch 461/1000, Train Loss: 0.4761, Val Loss: 0.4863
Epoch 471/1000, Train Loss: 0.4761, Val Loss: 0.4863
Epoch 481/1000, Train Loss: 0.4761, Val Loss: 0.4863
Epoch 491/1000, Train Loss: 0.4761, Val Loss: 0.4863
Epoch 501/1000, Train Loss: 0.4761, Val Loss: 0.4863
Epoch 511/1000, Train Loss: 0.4761, Val Loss: 0.4863
Epoch 521/1000, Train Loss: 0.4761, Val Loss: 0.4863
Epoch 531/1000, Train Loss: 0.4761, Val Loss: 0.4863
Epoch 541/1000, Train Loss: 0.4761, Val Loss: 0.4863
Epoch 551/1000, Train Loss: 0.4761, Val Loss: 0.4863
Epoch 561/1000, Train Loss: 0.4761, Val Loss: 0.4863
Epoch 571/1000, Train Loss: 0.4761, Val Loss: 0.4863
Epoch 581/1000, Train Loss: 0.4761, Val Loss: 0.4863
Epoch 591/1000, Train Loss: 0.4761, Val Loss: 0.4863
Epoch 601/1000, Train Loss: 0.4761, Val Loss: 0.4863
Epoch 611/1000, Train Loss: 0.4761, Val Loss: 0.4863
Epoch 621/1000, Train Loss: 0.4761, Val Loss: 0.4863
Epoch 631/1000, Train Loss: 0.4761, Val Loss: 0.4863
Epoch 641/1000, Train Loss: 0.4761, Val Loss: 0.4863
Epoch 651/1000, Train Loss: 0.4761, Val Loss: 0.4863
Epoch 661/1000, Train Loss: 0.4761, Val Loss: 0.4863
Epoch 671/1000, Train Loss: 0.4761, Val Loss: 0.4863
Epoch 681/1000, Train Loss: 0.4761, Val Loss: 0.4863
Epoch 691/1000, Train Loss: 0.4761, Val Loss: 0.4863
Epoch 701/1000, Train Loss: 0.4761, Val Loss: 0.4863
Epoch 711/1000, Train Loss: 0.4761, Val Loss: 0.4863
Epoch 721/1000, Train Loss: 0.4761, Val Loss: 0.4863
Epoch 731/1000, Train Loss: 0.4761, Val Loss: 0.4863
Epoch 741/1000, Train Loss: 0.4761, Val Loss: 0.4863
Epoch 751/1000, Train Loss: 0.4761, Val Loss: 0.4863
Epoch 761/1000, Train Loss: 0.4761, Val Loss: 0.4863
Epoch 771/1000, Train Loss: 0.4761, Val Loss: 0.4863
Epoch 781/1000, Train Loss: 0.4761, Val Loss: 0.4863
Epoch 791/1000, Train Loss: 0.4761, Val Loss: 0.4863
Epoch 801/1000, Train Loss: 0.4761, Val Loss: 0.4863
Epoch 811/1000, Train Loss: 0.4761, Val Loss: 0.4863
Epoch 821/1000, Train Loss: 0.4761, Val Loss: 0.4863
Epoch 831/1000, Train Loss: 0.4761, Val Loss: 0.4863
Epoch 841/1000, Train Loss: 0.4761, Val Loss: 0.4863
Epoch 851/1000, Train Loss: 0.4761, Val Loss: 0.4863
Epoch 861/1000, Train Loss: 0.4761, Val Loss: 0.4863
Epoch 871/1000, Train Loss: 0.4761, Val Loss: 0.4863
Epoch 881/1000, Train Loss: 0.4761, Val Loss: 0.4863
Epoch 891/1000, Train Loss: 0.4761, Val Loss: 0.4863
Epoch 901/1000, Train Loss: 0.4761, Val Loss: 0.4863
Epoch 911/1000, Train Loss: 0.4761, Val Loss: 0.4863
Epoch 921/1000, Train Loss: 0.4761, Val Loss: 0.4863
Epoch 931/1000, Train Loss: 0.4761, Val Loss: 0.4863
Epoch 941/1000, Train Loss: 0.4761, Val Loss: 0.4863
Epoch 951/1000, Train Loss: 0.4761, Val Loss: 0.4863
Epoch 961/1000, Train Loss: 0.4761, Val Loss: 0.4863
Epoch 971/1000, Train Loss: 0.4761, Val Loss: 0.4863
Epoch 981/1000, Train Loss: 0.4761, Val Loss: 0.4863
Epoch 991/1000, Train Loss: 0.4761, Val Loss: 0.4863
train_loss :  0.4760792112350464
Test Loss: 0.3448
GenAggModel
Epoch 1/1000, Train Loss: 49.8785, Val Loss: 49.3184
Epoch 11/1000, Train Loss: 6.2461, Val Loss: 5.8901
Epoch 21/1000, Train Loss: 4.4868, Val Loss: 4.2149
Epoch 31/1000, Train Loss: 3.2532, Val Loss: 3.0744
Epoch 41/1000, Train Loss: 2.6865, Val Loss: 2.5630
Epoch 51/1000, Train Loss: 2.4721, Val Loss: 2.3663
Epoch 61/1000, Train Loss: 2.3956, Val Loss: 2.2956
Epoch 71/1000, Train Loss: 2.3688, Val Loss: 2.2712
Epoch 81/1000, Train Loss: 2.3596, Val Loss: 2.2628
Epoch 91/1000, Train Loss: 2.3563, Val Loss: 2.2599
Epoch 101/1000, Train Loss: 2.3555, Val Loss: 2.2591
Epoch 111/1000, Train Loss: 2.3554, Val Loss: 2.2590
Epoch 121/1000, Train Loss: 2.3554, Val Loss: 2.2590
Epoch 131/1000, Train Loss: 2.3554, Val Loss: 2.2590
Epoch 141/1000, Train Loss: 2.3554, Val Loss: 2.2590
Epoch 151/1000, Train Loss: 2.3554, Val Loss: 2.2590
Epoch 161/1000, Train Loss: 2.3554, Val Loss: 2.2590
Epoch 171/1000, Train Loss: 2.3554, Val Loss: 2.2590
Epoch 181/1000, Train Loss: 2.3554, Val Loss: 2.2590
Epoch 191/1000, Train Loss: 2.3554, Val Loss: 2.2590
Epoch 201/1000, Train Loss: 2.3554, Val Loss: 2.2590
Epoch 211/1000, Train Loss: 2.3554, Val Loss: 2.2590
Epoch 221/1000, Train Loss: 2.3554, Val Loss: 2.2590
Epoch 231/1000, Train Loss: 2.3554, Val Loss: 2.2590
Epoch 241/1000, Train Loss: 2.3554, Val Loss: 2.2590
Epoch 251/1000, Train Loss: 2.3554, Val Loss: 2.2590
Epoch 261/1000, Train Loss: 2.3554, Val Loss: 2.2590
Epoch 271/1000, Train Loss: 2.3554, Val Loss: 2.2590
Epoch 281/1000, Train Loss: 2.3554, Val Loss: 2.2590
Epoch 291/1000, Train Loss: 2.3554, Val Loss: 2.2590
Epoch 301/1000, Train Loss: 2.3554, Val Loss: 2.2590
Epoch 311/1000, Train Loss: 2.3554, Val Loss: 2.2590
Epoch 321/1000, Train Loss: 2.3554, Val Loss: 2.2590
Epoch 331/1000, Train Loss: 2.3554, Val Loss: 2.2590
Epoch 341/1000, Train Loss: 2.3554, Val Loss: 2.2590
Epoch 351/1000, Train Loss: 2.3554, Val Loss: 2.2590
Epoch 361/1000, Train Loss: 2.3554, Val Loss: 2.2590
Epoch 371/1000, Train Loss: 2.3554, Val Loss: 2.2590
Epoch 381/1000, Train Loss: 2.3554, Val Loss: 2.2590
Epoch 391/1000, Train Loss: 2.3554, Val Loss: 2.2590
Epoch 401/1000, Train Loss: 2.3554, Val Loss: 2.2590
Epoch 411/1000, Train Loss: 2.3554, Val Loss: 2.2590
Epoch 421/1000, Train Loss: 2.3554, Val Loss: 2.2590
Epoch 431/1000, Train Loss: 2.3554, Val Loss: 2.2590
Epoch 441/1000, Train Loss: 2.3554, Val Loss: 2.2590
Epoch 451/1000, Train Loss: 2.3554, Val Loss: 2.2590
Epoch 461/1000, Train Loss: 2.3554, Val Loss: 2.2590
Epoch 471/1000, Train Loss: 2.3554, Val Loss: 2.2590
Epoch 481/1000, Train Loss: 2.3554, Val Loss: 2.2590
Epoch 491/1000, Train Loss: 2.3554, Val Loss: 2.2590
Epoch 501/1000, Train Loss: 2.3554, Val Loss: 2.2590
Epoch 511/1000, Train Loss: 2.3554, Val Loss: 2.2590
Epoch 521/1000, Train Loss: 2.3554, Val Loss: 2.2590
Epoch 531/1000, Train Loss: 2.3554, Val Loss: 2.2590
Epoch 541/1000, Train Loss: 2.3554, Val Loss: 2.2590
Epoch 551/1000, Train Loss: 2.3554, Val Loss: 2.2590
Epoch 561/1000, Train Loss: 2.3554, Val Loss: 2.2590
Epoch 571/1000, Train Loss: 2.3554, Val Loss: 2.2590
Epoch 581/1000, Train Loss: 2.3554, Val Loss: 2.2590
Epoch 591/1000, Train Loss: 2.3554, Val Loss: 2.2590
Epoch 601/1000, Train Loss: 2.3554, Val Loss: 2.2590
Epoch 611/1000, Train Loss: 2.3554, Val Loss: 2.2590
Epoch 621/1000, Train Loss: 2.3554, Val Loss: 2.2590
Epoch 631/1000, Train Loss: 2.3554, Val Loss: 2.2590
Epoch 641/1000, Train Loss: 2.3554, Val Loss: 2.2590
Epoch 651/1000, Train Loss: 2.3554, Val Loss: 2.2590
Epoch 661/1000, Train Loss: 2.3554, Val Loss: 2.2590
Epoch 671/1000, Train Loss: 2.3554, Val Loss: 2.2590
Epoch 681/1000, Train Loss: 2.3554, Val Loss: 2.2590
Epoch 691/1000, Train Loss: 2.3554, Val Loss: 2.2590
Epoch 701/1000, Train Loss: 2.3554, Val Loss: 2.2590
Epoch 711/1000, Train Loss: 2.3554, Val Loss: 2.2590
Epoch 721/1000, Train Loss: 2.3554, Val Loss: 2.2590
Epoch 731/1000, Train Loss: 2.3554, Val Loss: 2.2590
Epoch 741/1000, Train Loss: 2.3554, Val Loss: 2.2590
Epoch 751/1000, Train Loss: 2.3554, Val Loss: 2.2590
Epoch 761/1000, Train Loss: 2.3554, Val Loss: 2.2590
Epoch 771/1000, Train Loss: 2.3554, Val Loss: 2.2590
Epoch 781/1000, Train Loss: 2.3554, Val Loss: 2.2590
Epoch 791/1000, Train Loss: 2.3554, Val Loss: 2.2590
Epoch 801/1000, Train Loss: 2.3554, Val Loss: 2.2590
Epoch 811/1000, Train Loss: 2.3554, Val Loss: 2.2590
Epoch 821/1000, Train Loss: 2.3554, Val Loss: 2.2590
Epoch 831/1000, Train Loss: 2.3554, Val Loss: 2.2590
Epoch 841/1000, Train Loss: 2.3554, Val Loss: 2.2590
Epoch 851/1000, Train Loss: 2.3554, Val Loss: 2.2590
Epoch 861/1000, Train Loss: 2.3554, Val Loss: 2.2590
Epoch 871/1000, Train Loss: 2.3554, Val Loss: 2.2590
Epoch 881/1000, Train Loss: 2.3554, Val Loss: 2.2590
Epoch 891/1000, Train Loss: 2.3554, Val Loss: 2.2590
Epoch 901/1000, Train Loss: 2.3554, Val Loss: 2.2590
Epoch 911/1000, Train Loss: 2.3554, Val Loss: 2.2590
Epoch 921/1000, Train Loss: 2.3554, Val Loss: 2.2590
Epoch 931/1000, Train Loss: 2.3554, Val Loss: 2.2590
Epoch 941/1000, Train Loss: 2.3554, Val Loss: 2.2590
Epoch 951/1000, Train Loss: 2.3554, Val Loss: 2.2590
Epoch 961/1000, Train Loss: 2.3554, Val Loss: 2.2590
Epoch 971/1000, Train Loss: 2.3554, Val Loss: 2.2590
Epoch 981/1000, Train Loss: 2.3554, Val Loss: 2.2590
Epoch 991/1000, Train Loss: 2.3554, Val Loss: 2.2590
train_loss :  2.3553707504272463
Test Loss: 8.8988
GenAggModel
Epoch 1/1000, Train Loss: 49.4594, Val Loss: 48.7268
Epoch 11/1000, Train Loss: 11.0190, Val Loss: 10.6513
Epoch 21/1000, Train Loss: 8.5631, Val Loss: 8.3533
Epoch 31/1000, Train Loss: 7.7456, Val Loss: 7.5866
Epoch 41/1000, Train Loss: 7.4564, Val Loss: 7.3182
Epoch 51/1000, Train Loss: 7.3548, Val Loss: 7.2232
Epoch 61/1000, Train Loss: 7.3191, Val Loss: 7.1902
Epoch 71/1000, Train Loss: 7.3066, Val Loss: 7.1786
Epoch 81/1000, Train Loss: 7.3023, Val Loss: 7.1745
Epoch 91/1000, Train Loss: 7.3006, Val Loss: 7.1730
Epoch 101/1000, Train Loss: 7.3005, Val Loss: 7.1730
Epoch 111/1000, Train Loss: 7.3005, Val Loss: 7.1730
Epoch 121/1000, Train Loss: 7.3005, Val Loss: 7.1730
Epoch 131/1000, Train Loss: 7.3005, Val Loss: 7.1730
Epoch 141/1000, Train Loss: 7.3005, Val Loss: 7.1730
Epoch 151/1000, Train Loss: 7.3005, Val Loss: 7.1730
Epoch 161/1000, Train Loss: 7.3005, Val Loss: 7.1730
Epoch 171/1000, Train Loss: 7.3005, Val Loss: 7.1730
Epoch 181/1000, Train Loss: 7.3005, Val Loss: 7.1730
Epoch 191/1000, Train Loss: 7.3005, Val Loss: 7.1730
Epoch 201/1000, Train Loss: 7.3005, Val Loss: 7.1730
Epoch 211/1000, Train Loss: 7.3005, Val Loss: 7.1730
Epoch 221/1000, Train Loss: 7.3005, Val Loss: 7.1730
Epoch 231/1000, Train Loss: 7.3005, Val Loss: 7.1730
Epoch 241/1000, Train Loss: 7.3005, Val Loss: 7.1730
Epoch 251/1000, Train Loss: 7.3005, Val Loss: 7.1730
Epoch 261/1000, Train Loss: 7.3005, Val Loss: 7.1730
Epoch 271/1000, Train Loss: 7.3005, Val Loss: 7.1730
Epoch 281/1000, Train Loss: 7.3005, Val Loss: 7.1730
Epoch 291/1000, Train Loss: 7.3005, Val Loss: 7.1730
Epoch 301/1000, Train Loss: 7.3005, Val Loss: 7.1730
Epoch 311/1000, Train Loss: 7.3005, Val Loss: 7.1730
Epoch 321/1000, Train Loss: 7.3005, Val Loss: 7.1730
Epoch 331/1000, Train Loss: 7.3005, Val Loss: 7.1730
Epoch 341/1000, Train Loss: 7.3005, Val Loss: 7.1730
Epoch 351/1000, Train Loss: 7.3005, Val Loss: 7.1730
Epoch 361/1000, Train Loss: 7.3005, Val Loss: 7.1730
Epoch 371/1000, Train Loss: 7.3005, Val Loss: 7.1730
Epoch 381/1000, Train Loss: 7.3005, Val Loss: 7.1730
Epoch 391/1000, Train Loss: 7.3005, Val Loss: 7.1730
Epoch 401/1000, Train Loss: 7.3005, Val Loss: 7.1730
Epoch 411/1000, Train Loss: 7.3005, Val Loss: 7.1730
Epoch 421/1000, Train Loss: 7.3005, Val Loss: 7.1730
Epoch 431/1000, Train Loss: 7.3005, Val Loss: 7.1730
Epoch 441/1000, Train Loss: 7.3005, Val Loss: 7.1730
Epoch 451/1000, Train Loss: 7.3005, Val Loss: 7.1730
Epoch 461/1000, Train Loss: 7.3005, Val Loss: 7.1730
Epoch 471/1000, Train Loss: 7.3005, Val Loss: 7.1730
Epoch 481/1000, Train Loss: 7.3005, Val Loss: 7.1730
Epoch 491/1000, Train Loss: 7.3005, Val Loss: 7.1730
Epoch 501/1000, Train Loss: 7.3005, Val Loss: 7.1730
Epoch 511/1000, Train Loss: 7.3005, Val Loss: 7.1730
Epoch 521/1000, Train Loss: 7.3005, Val Loss: 7.1730
Epoch 531/1000, Train Loss: 7.3005, Val Loss: 7.1730
Epoch 541/1000, Train Loss: 7.3005, Val Loss: 7.1730
Epoch 551/1000, Train Loss: 7.3005, Val Loss: 7.1730
Epoch 561/1000, Train Loss: 7.3005, Val Loss: 7.1730
Epoch 571/1000, Train Loss: 7.3005, Val Loss: 7.1730
Epoch 581/1000, Train Loss: 7.3005, Val Loss: 7.1730
Epoch 591/1000, Train Loss: 7.3005, Val Loss: 7.1730
Epoch 601/1000, Train Loss: 7.3005, Val Loss: 7.1730
Epoch 611/1000, Train Loss: 7.3005, Val Loss: 7.1730
Epoch 621/1000, Train Loss: 7.3005, Val Loss: 7.1730
Epoch 631/1000, Train Loss: 7.3005, Val Loss: 7.1730
Epoch 641/1000, Train Loss: 7.3005, Val Loss: 7.1730
Epoch 651/1000, Train Loss: 7.3005, Val Loss: 7.1730
Epoch 661/1000, Train Loss: 7.3005, Val Loss: 7.1730
Epoch 671/1000, Train Loss: 7.3005, Val Loss: 7.1730
Epoch 681/1000, Train Loss: 7.3005, Val Loss: 7.1730
Epoch 691/1000, Train Loss: 7.3005, Val Loss: 7.1730
Epoch 701/1000, Train Loss: 7.3005, Val Loss: 7.1730
Epoch 711/1000, Train Loss: 7.3005, Val Loss: 7.1730
Epoch 721/1000, Train Loss: 7.3005, Val Loss: 7.1730
Epoch 731/1000, Train Loss: 7.3005, Val Loss: 7.1730
Epoch 741/1000, Train Loss: 7.3005, Val Loss: 7.1730
Epoch 751/1000, Train Loss: 7.3005, Val Loss: 7.1730
Epoch 761/1000, Train Loss: 7.3005, Val Loss: 7.1730
Epoch 771/1000, Train Loss: 7.3005, Val Loss: 7.1730
Epoch 781/1000, Train Loss: 7.3005, Val Loss: 7.1730
Epoch 791/1000, Train Loss: 7.3005, Val Loss: 7.1730
Epoch 801/1000, Train Loss: 7.3005, Val Loss: 7.1730
Epoch 811/1000, Train Loss: 7.3005, Val Loss: 7.1730
Epoch 821/1000, Train Loss: 7.3005, Val Loss: 7.1730
Epoch 831/1000, Train Loss: 7.3005, Val Loss: 7.1730
Epoch 841/1000, Train Loss: 7.3005, Val Loss: 7.1730
Epoch 851/1000, Train Loss: 7.3005, Val Loss: 7.1730
Epoch 861/1000, Train Loss: 7.3005, Val Loss: 7.1730
Epoch 871/1000, Train Loss: 7.3005, Val Loss: 7.1730
Epoch 881/1000, Train Loss: 7.3005, Val Loss: 7.1730
Epoch 891/1000, Train Loss: 7.3005, Val Loss: 7.1730
Epoch 901/1000, Train Loss: 7.3005, Val Loss: 7.1730
Epoch 911/1000, Train Loss: 7.3005, Val Loss: 7.1730
Epoch 921/1000, Train Loss: 7.3005, Val Loss: 7.1730
Epoch 931/1000, Train Loss: 7.3005, Val Loss: 7.1730
Epoch 941/1000, Train Loss: 7.3005, Val Loss: 7.1730
Epoch 951/1000, Train Loss: 7.3005, Val Loss: 7.1730
Epoch 961/1000, Train Loss: 7.3005, Val Loss: 7.1730
Epoch 971/1000, Train Loss: 7.3005, Val Loss: 7.1730
Epoch 981/1000, Train Loss: 7.3005, Val Loss: 7.1730
Epoch 991/1000, Train Loss: 7.3005, Val Loss: 7.1730
train_loss :  7.300545383453369
Test Loss: 89.4335
GenAggModel
Epoch 1/1000, Train Loss: 49.2769, Val Loss: 48.4112
Epoch 11/1000, Train Loss: 43.8093, Val Loss: 43.0943
Epoch 21/1000, Train Loss: 41.4213, Val Loss: 40.8244
Epoch 31/1000, Train Loss: 40.5683, Val Loss: 40.0167
Epoch 41/1000, Train Loss: 40.2733, Val Loss: 39.7374
Epoch 51/1000, Train Loss: 40.1714, Val Loss: 39.6410
Epoch 61/1000, Train Loss: 40.1359, Val Loss: 39.6074
Epoch 71/1000, Train Loss: 40.1236, Val Loss: 39.5957
Epoch 81/1000, Train Loss: 40.1193, Val Loss: 39.5917
Epoch 91/1000, Train Loss: 40.1178, Val Loss: 39.5903
Epoch 101/1000, Train Loss: 40.1176, Val Loss: 39.5901
Epoch 111/1000, Train Loss: 40.1176, Val Loss: 39.5901
Epoch 121/1000, Train Loss: 40.1176, Val Loss: 39.5901
Epoch 131/1000, Train Loss: 40.1176, Val Loss: 39.5901
Epoch 141/1000, Train Loss: 40.1176, Val Loss: 39.5901
Epoch 151/1000, Train Loss: 40.1176, Val Loss: 39.5901
Epoch 161/1000, Train Loss: 40.1176, Val Loss: 39.5901
Epoch 171/1000, Train Loss: 40.1176, Val Loss: 39.5901
Epoch 181/1000, Train Loss: 40.1176, Val Loss: 39.5901
Epoch 191/1000, Train Loss: 40.1176, Val Loss: 39.5901
Epoch 201/1000, Train Loss: 40.1176, Val Loss: 39.5901
Epoch 211/1000, Train Loss: 40.1176, Val Loss: 39.5901
Epoch 221/1000, Train Loss: 40.1176, Val Loss: 39.5901
Epoch 231/1000, Train Loss: 40.1176, Val Loss: 39.5901
Epoch 241/1000, Train Loss: 40.1176, Val Loss: 39.5901
Epoch 251/1000, Train Loss: 40.1176, Val Loss: 39.5901
Epoch 261/1000, Train Loss: 40.1176, Val Loss: 39.5901
Epoch 271/1000, Train Loss: 40.1176, Val Loss: 39.5901
Epoch 281/1000, Train Loss: 40.1176, Val Loss: 39.5901
Epoch 291/1000, Train Loss: 40.1176, Val Loss: 39.5901
Epoch 301/1000, Train Loss: 40.1176, Val Loss: 39.5901
Epoch 311/1000, Train Loss: 40.1176, Val Loss: 39.5901
Epoch 321/1000, Train Loss: 40.1176, Val Loss: 39.5901
Epoch 331/1000, Train Loss: 40.1176, Val Loss: 39.5901
Epoch 341/1000, Train Loss: 40.1176, Val Loss: 39.5901
Epoch 351/1000, Train Loss: 40.1176, Val Loss: 39.5901
Epoch 361/1000, Train Loss: 40.1176, Val Loss: 39.5901
Epoch 371/1000, Train Loss: 40.1176, Val Loss: 39.5901
Epoch 381/1000, Train Loss: 40.1176, Val Loss: 39.5901
Epoch 391/1000, Train Loss: 40.1176, Val Loss: 39.5901
Epoch 401/1000, Train Loss: 40.1176, Val Loss: 39.5901
Epoch 411/1000, Train Loss: 40.1176, Val Loss: 39.5901
Epoch 421/1000, Train Loss: 40.1176, Val Loss: 39.5901
Epoch 431/1000, Train Loss: 40.1176, Val Loss: 39.5901
Epoch 441/1000, Train Loss: 40.1176, Val Loss: 39.5901
Epoch 451/1000, Train Loss: 40.1176, Val Loss: 39.5901
Epoch 461/1000, Train Loss: 40.1176, Val Loss: 39.5901
Epoch 471/1000, Train Loss: 40.1176, Val Loss: 39.5901
Epoch 481/1000, Train Loss: 40.1176, Val Loss: 39.5901
Epoch 491/1000, Train Loss: 40.1176, Val Loss: 39.5901
Epoch 501/1000, Train Loss: 40.1176, Val Loss: 39.5901
Epoch 511/1000, Train Loss: 40.1176, Val Loss: 39.5901
Epoch 521/1000, Train Loss: 40.1176, Val Loss: 39.5901
Epoch 531/1000, Train Loss: 40.1176, Val Loss: 39.5901
Epoch 541/1000, Train Loss: 40.1176, Val Loss: 39.5901
Epoch 551/1000, Train Loss: 40.1176, Val Loss: 39.5901
Epoch 561/1000, Train Loss: 40.1176, Val Loss: 39.5901
Epoch 571/1000, Train Loss: 40.1176, Val Loss: 39.5901
Epoch 581/1000, Train Loss: 40.1176, Val Loss: 39.5901
Epoch 591/1000, Train Loss: 40.1176, Val Loss: 39.5901
Epoch 601/1000, Train Loss: 40.1176, Val Loss: 39.5901
Epoch 611/1000, Train Loss: 40.1176, Val Loss: 39.5901
Epoch 621/1000, Train Loss: 40.1176, Val Loss: 39.5901
Epoch 631/1000, Train Loss: 40.1176, Val Loss: 39.5901
Epoch 641/1000, Train Loss: 40.1176, Val Loss: 39.5901
Epoch 651/1000, Train Loss: 40.1176, Val Loss: 39.5901
Epoch 661/1000, Train Loss: 40.1176, Val Loss: 39.5901
Epoch 671/1000, Train Loss: 40.1176, Val Loss: 39.5901
Epoch 681/1000, Train Loss: 40.1176, Val Loss: 39.5901
Epoch 691/1000, Train Loss: 40.1176, Val Loss: 39.5901
Epoch 701/1000, Train Loss: 40.1176, Val Loss: 39.5901
Epoch 711/1000, Train Loss: 40.1176, Val Loss: 39.5901
Epoch 721/1000, Train Loss: 40.1176, Val Loss: 39.5901
Epoch 731/1000, Train Loss: 40.1176, Val Loss: 39.5901
Epoch 741/1000, Train Loss: 40.1176, Val Loss: 39.5901
Epoch 751/1000, Train Loss: 40.1176, Val Loss: 39.5901
Epoch 761/1000, Train Loss: 40.1176, Val Loss: 39.5901
Epoch 771/1000, Train Loss: 40.1176, Val Loss: 39.5901
Epoch 781/1000, Train Loss: 40.1176, Val Loss: 39.5901
Epoch 791/1000, Train Loss: 40.1176, Val Loss: 39.5901
Epoch 801/1000, Train Loss: 40.1176, Val Loss: 39.5901
Epoch 811/1000, Train Loss: 40.1176, Val Loss: 39.5901
Epoch 821/1000, Train Loss: 40.1176, Val Loss: 39.5901
Epoch 831/1000, Train Loss: 40.1176, Val Loss: 39.5901
Epoch 841/1000, Train Loss: 40.1176, Val Loss: 39.5901
Epoch 851/1000, Train Loss: 40.1176, Val Loss: 39.5901
Epoch 861/1000, Train Loss: 40.1176, Val Loss: 39.5901
Epoch 871/1000, Train Loss: 40.1176, Val Loss: 39.5901
Epoch 881/1000, Train Loss: 40.1176, Val Loss: 39.5901
Epoch 891/1000, Train Loss: 40.1176, Val Loss: 39.5901
Epoch 901/1000, Train Loss: 40.1176, Val Loss: 39.5901
Epoch 911/1000, Train Loss: 40.1176, Val Loss: 39.5901
Epoch 921/1000, Train Loss: 40.1176, Val Loss: 39.5901
Epoch 931/1000, Train Loss: 40.1176, Val Loss: 39.5901
Epoch 941/1000, Train Loss: 40.1176, Val Loss: 39.5901
Epoch 951/1000, Train Loss: 40.1176, Val Loss: 39.5901
Epoch 961/1000, Train Loss: 40.1176, Val Loss: 39.5901
Epoch 971/1000, Train Loss: 40.1176, Val Loss: 39.5901
Epoch 981/1000, Train Loss: 40.1176, Val Loss: 39.5901
Epoch 991/1000, Train Loss: 40.1176, Val Loss: 39.5901
train_loss :  40.11758392333984
Test Loss: 1707.8197
GenAggModel
Epoch 1/1000, Train Loss: 49.4412, Val Loss: 48.9175
Epoch 11/1000, Train Loss: 37.6096, Val Loss: 36.8001
Epoch 21/1000, Train Loss: 29.4720, Val Loss: 29.0250
Epoch 31/1000, Train Loss: 26.4428, Val Loss: 26.1601
Epoch 41/1000, Train Loss: 25.4020, Val Loss: 25.1761
Epoch 51/1000, Train Loss: 25.0444, Val Loss: 24.8375
Epoch 61/1000, Train Loss: 24.9208, Val Loss: 24.7204
Epoch 71/1000, Train Loss: 24.8774, Val Loss: 24.6793
Epoch 81/1000, Train Loss: 24.8627, Val Loss: 24.6655
Epoch 91/1000, Train Loss: 24.8576, Val Loss: 24.6608
Epoch 101/1000, Train Loss: 24.8575, Val Loss: 24.6607
Epoch 111/1000, Train Loss: 24.8575, Val Loss: 24.6607
Epoch 121/1000, Train Loss: 24.8575, Val Loss: 24.6607
Epoch 131/1000, Train Loss: 24.8575, Val Loss: 24.6607
Epoch 141/1000, Train Loss: 24.8575, Val Loss: 24.6607
Epoch 151/1000, Train Loss: 24.8575, Val Loss: 24.6607
Epoch 161/1000, Train Loss: 24.8575, Val Loss: 24.6607
Epoch 171/1000, Train Loss: 24.8575, Val Loss: 24.6607
Epoch 181/1000, Train Loss: 24.8575, Val Loss: 24.6607
Epoch 191/1000, Train Loss: 24.8575, Val Loss: 24.6607
Epoch 201/1000, Train Loss: 24.8575, Val Loss: 24.6607
Epoch 211/1000, Train Loss: 24.8575, Val Loss: 24.6607
Epoch 221/1000, Train Loss: 24.8575, Val Loss: 24.6607
Epoch 231/1000, Train Loss: 24.8575, Val Loss: 24.6607
Epoch 241/1000, Train Loss: 24.8575, Val Loss: 24.6607
Epoch 251/1000, Train Loss: 24.8575, Val Loss: 24.6607
Epoch 261/1000, Train Loss: 24.8575, Val Loss: 24.6607
Epoch 271/1000, Train Loss: 24.8575, Val Loss: 24.6607
Epoch 281/1000, Train Loss: 24.8575, Val Loss: 24.6607
Epoch 291/1000, Train Loss: 24.8575, Val Loss: 24.6607
Epoch 301/1000, Train Loss: 24.8575, Val Loss: 24.6607
Epoch 311/1000, Train Loss: 24.8575, Val Loss: 24.6607
Epoch 321/1000, Train Loss: 24.8575, Val Loss: 24.6607
Epoch 331/1000, Train Loss: 24.8575, Val Loss: 24.6607
Epoch 341/1000, Train Loss: 24.8575, Val Loss: 24.6607
Epoch 351/1000, Train Loss: 24.8575, Val Loss: 24.6607
Epoch 361/1000, Train Loss: 24.8575, Val Loss: 24.6607
Epoch 371/1000, Train Loss: 24.8575, Val Loss: 24.6607
Epoch 381/1000, Train Loss: 24.8575, Val Loss: 24.6607
Epoch 391/1000, Train Loss: 24.8575, Val Loss: 24.6607
Epoch 401/1000, Train Loss: 24.8575, Val Loss: 24.6607
Epoch 411/1000, Train Loss: 24.8575, Val Loss: 24.6607
Epoch 421/1000, Train Loss: 24.8575, Val Loss: 24.6607
Epoch 431/1000, Train Loss: 24.8575, Val Loss: 24.6607
Epoch 441/1000, Train Loss: 24.8575, Val Loss: 24.6607
Epoch 451/1000, Train Loss: 24.8575, Val Loss: 24.6607
Epoch 461/1000, Train Loss: 24.8575, Val Loss: 24.6607
Epoch 471/1000, Train Loss: 24.8575, Val Loss: 24.6607
Epoch 481/1000, Train Loss: 24.8575, Val Loss: 24.6607
Epoch 491/1000, Train Loss: 24.8575, Val Loss: 24.6607
Epoch 501/1000, Train Loss: 24.8575, Val Loss: 24.6607
Epoch 511/1000, Train Loss: 24.8575, Val Loss: 24.6607
Epoch 521/1000, Train Loss: 24.8575, Val Loss: 24.6607
Epoch 531/1000, Train Loss: 24.8575, Val Loss: 24.6607
Epoch 541/1000, Train Loss: 24.8575, Val Loss: 24.6607
Epoch 551/1000, Train Loss: 24.8575, Val Loss: 24.6607
Epoch 561/1000, Train Loss: 24.8575, Val Loss: 24.6607
Epoch 571/1000, Train Loss: 24.8575, Val Loss: 24.6607
Epoch 581/1000, Train Loss: 24.8575, Val Loss: 24.6607
Epoch 591/1000, Train Loss: 24.8575, Val Loss: 24.6607
Epoch 601/1000, Train Loss: 24.8575, Val Loss: 24.6607
Epoch 611/1000, Train Loss: 24.8575, Val Loss: 24.6607
Epoch 621/1000, Train Loss: 24.8575, Val Loss: 24.6607
Epoch 631/1000, Train Loss: 24.8575, Val Loss: 24.6607
Epoch 641/1000, Train Loss: 24.8575, Val Loss: 24.6607
Epoch 651/1000, Train Loss: 24.8575, Val Loss: 24.6607
Epoch 661/1000, Train Loss: 24.8575, Val Loss: 24.6607
Epoch 671/1000, Train Loss: 24.8575, Val Loss: 24.6607
Epoch 681/1000, Train Loss: 24.8575, Val Loss: 24.6607
Epoch 691/1000, Train Loss: 24.8575, Val Loss: 24.6607
Epoch 701/1000, Train Loss: 24.8575, Val Loss: 24.6607
Epoch 711/1000, Train Loss: 24.8575, Val Loss: 24.6607
Epoch 721/1000, Train Loss: 24.8575, Val Loss: 24.6607
Epoch 731/1000, Train Loss: 24.8575, Val Loss: 24.6607
Epoch 741/1000, Train Loss: 24.8575, Val Loss: 24.6607
Epoch 751/1000, Train Loss: 24.8575, Val Loss: 24.6607
Epoch 761/1000, Train Loss: 24.8575, Val Loss: 24.6607
Epoch 771/1000, Train Loss: 24.8575, Val Loss: 24.6607
Epoch 781/1000, Train Loss: 24.8575, Val Loss: 24.6607
Epoch 791/1000, Train Loss: 24.8575, Val Loss: 24.6607
Epoch 801/1000, Train Loss: 24.8575, Val Loss: 24.6607
Epoch 811/1000, Train Loss: 24.8575, Val Loss: 24.6607
Epoch 821/1000, Train Loss: 24.8575, Val Loss: 24.6607
Epoch 831/1000, Train Loss: 24.8575, Val Loss: 24.6607
Epoch 841/1000, Train Loss: 24.8575, Val Loss: 24.6607
Epoch 851/1000, Train Loss: 24.8575, Val Loss: 24.6607
Epoch 861/1000, Train Loss: 24.8575, Val Loss: 24.6607
Epoch 871/1000, Train Loss: 24.8575, Val Loss: 24.6607
Epoch 881/1000, Train Loss: 24.8575, Val Loss: 24.6607
Epoch 891/1000, Train Loss: 24.8575, Val Loss: 24.6607
Epoch 901/1000, Train Loss: 24.8575, Val Loss: 24.6607
Epoch 911/1000, Train Loss: 24.8575, Val Loss: 24.6607
Epoch 921/1000, Train Loss: 24.8575, Val Loss: 24.6607
Epoch 931/1000, Train Loss: 24.8575, Val Loss: 24.6607
Epoch 941/1000, Train Loss: 24.8575, Val Loss: 24.6607
Epoch 951/1000, Train Loss: 24.8575, Val Loss: 24.6607
Epoch 961/1000, Train Loss: 24.8575, Val Loss: 24.6607
Epoch 971/1000, Train Loss: 24.8575, Val Loss: 24.6607
Epoch 981/1000, Train Loss: 24.8575, Val Loss: 24.6607
Epoch 991/1000, Train Loss: 24.8575, Val Loss: 24.6607
train_loss :  24.857451080322267
Test Loss: 692.7280
GenAggModel
Epoch 1/1000, Train Loss: 49.8459, Val Loss: 49.6126
Epoch 11/1000, Train Loss: 0.0958, Val Loss: 0.0932
Epoch 21/1000, Train Loss: 0.0153, Val Loss: 0.0131
Epoch 31/1000, Train Loss: 0.0018, Val Loss: 0.0033
Epoch 41/1000, Train Loss: 0.0009, Val Loss: 0.0002
Epoch 51/1000, Train Loss: 0.0004, Val Loss: 0.0003
Epoch 61/1000, Train Loss: 0.0002, Val Loss: 0.0002
Epoch 71/1000, Train Loss: 0.0001, Val Loss: 0.0000
Epoch 81/1000, Train Loss: 0.0000, Val Loss: 0.0000
Epoch 91/1000, Train Loss: 0.0000, Val Loss: 0.0000
Epoch 101/1000, Train Loss: 0.0000, Val Loss: 0.0000
Epoch 111/1000, Train Loss: 0.0000, Val Loss: 0.0000
Epoch 121/1000, Train Loss: 0.0000, Val Loss: 0.0000
Epoch 131/1000, Train Loss: 0.0000, Val Loss: 0.0000
Epoch 141/1000, Train Loss: 0.0000, Val Loss: 0.0000
Epoch 151/1000, Train Loss: 0.0000, Val Loss: 0.0000
Epoch 161/1000, Train Loss: 0.0000, Val Loss: 0.0000
Epoch 171/1000, Train Loss: 0.0000, Val Loss: 0.0000
Epoch 181/1000, Train Loss: 0.0000, Val Loss: 0.0000
Epoch 191/1000, Train Loss: 0.0000, Val Loss: 0.0000
Epoch 201/1000, Train Loss: 0.0000, Val Loss: 0.0000
Epoch 211/1000, Train Loss: 0.0000, Val Loss: 0.0000
Epoch 221/1000, Train Loss: 0.0000, Val Loss: 0.0000
Epoch 231/1000, Train Loss: 0.0000, Val Loss: 0.0000
Epoch 241/1000, Train Loss: 0.0000, Val Loss: 0.0000
Epoch 251/1000, Train Loss: 0.0000, Val Loss: 0.0000
Epoch 261/1000, Train Loss: 0.0000, Val Loss: 0.0000
Epoch 271/1000, Train Loss: 0.0000, Val Loss: 0.0000
Epoch 281/1000, Train Loss: 0.0000, Val Loss: 0.0000
Epoch 291/1000, Train Loss: 0.0000, Val Loss: 0.0000
Epoch 301/1000, Train Loss: 0.0000, Val Loss: 0.0000
Epoch 311/1000, Train Loss: 0.0000, Val Loss: 0.0000
Epoch 321/1000, Train Loss: 0.0000, Val Loss: 0.0000
Epoch 331/1000, Train Loss: 0.0000, Val Loss: 0.0000
Epoch 341/1000, Train Loss: 0.0000, Val Loss: 0.0000
Epoch 351/1000, Train Loss: 0.0000, Val Loss: 0.0000
Epoch 361/1000, Train Loss: 0.0000, Val Loss: 0.0000
Epoch 371/1000, Train Loss: 0.0000, Val Loss: 0.0000
Epoch 381/1000, Train Loss: 0.0000, Val Loss: 0.0000
Epoch 391/1000, Train Loss: 0.0000, Val Loss: 0.0000
Epoch 401/1000, Train Loss: 0.0000, Val Loss: 0.0000
Epoch 411/1000, Train Loss: 0.0000, Val Loss: 0.0000
Epoch 421/1000, Train Loss: 0.0000, Val Loss: 0.0000
Epoch 431/1000, Train Loss: 0.0000, Val Loss: 0.0000
Epoch 441/1000, Train Loss: 0.0000, Val Loss: 0.0000
Epoch 451/1000, Train Loss: 0.0000, Val Loss: 0.0000
Epoch 461/1000, Train Loss: 0.0000, Val Loss: 0.0000
Epoch 471/1000, Train Loss: 0.0000, Val Loss: 0.0000
Epoch 481/1000, Train Loss: 0.0000, Val Loss: 0.0000
Epoch 491/1000, Train Loss: 0.0000, Val Loss: 0.0000
Epoch 501/1000, Train Loss: 0.0000, Val Loss: 0.0000
Epoch 511/1000, Train Loss: 0.0000, Val Loss: 0.0000
Epoch 521/1000, Train Loss: 0.0000, Val Loss: 0.0000
Epoch 531/1000, Train Loss: 0.0000, Val Loss: 0.0000
Epoch 541/1000, Train Loss: 0.0000, Val Loss: 0.0000
Epoch 551/1000, Train Loss: 0.0000, Val Loss: 0.0000
Epoch 561/1000, Train Loss: 0.0000, Val Loss: 0.0000
Epoch 571/1000, Train Loss: 0.0000, Val Loss: 0.0000
Epoch 581/1000, Train Loss: 0.0000, Val Loss: 0.0000
Epoch 591/1000, Train Loss: 0.0000, Val Loss: 0.0000
Epoch 601/1000, Train Loss: 0.0000, Val Loss: 0.0000
Epoch 611/1000, Train Loss: 0.0000, Val Loss: 0.0000
Epoch 621/1000, Train Loss: 0.0000, Val Loss: 0.0000
Epoch 631/1000, Train Loss: 0.0000, Val Loss: 0.0000
Epoch 641/1000, Train Loss: 0.0000, Val Loss: 0.0000
Epoch 651/1000, Train Loss: 0.0000, Val Loss: 0.0000
Epoch 661/1000, Train Loss: 0.0000, Val Loss: 0.0000
Epoch 671/1000, Train Loss: 0.0000, Val Loss: 0.0000
Epoch 681/1000, Train Loss: 0.0000, Val Loss: 0.0000
Epoch 691/1000, Train Loss: 0.0000, Val Loss: 0.0000
Epoch 701/1000, Train Loss: 0.0000, Val Loss: 0.0000
Epoch 711/1000, Train Loss: 0.0000, Val Loss: 0.0000
Epoch 721/1000, Train Loss: 0.0000, Val Loss: 0.0000
Epoch 731/1000, Train Loss: 0.0000, Val Loss: 0.0000
Epoch 741/1000, Train Loss: 0.0000, Val Loss: 0.0000
Epoch 751/1000, Train Loss: 0.0000, Val Loss: 0.0000
Epoch 761/1000, Train Loss: 0.0000, Val Loss: 0.0000
Epoch 771/1000, Train Loss: 0.0000, Val Loss: 0.0000
Epoch 781/1000, Train Loss: 0.0000, Val Loss: 0.0000
Epoch 791/1000, Train Loss: 0.0000, Val Loss: 0.0000
Epoch 801/1000, Train Loss: 0.0000, Val Loss: 0.0000
Epoch 811/1000, Train Loss: 0.0000, Val Loss: 0.0000
Epoch 821/1000, Train Loss: 0.0000, Val Loss: 0.0000
Epoch 831/1000, Train Loss: 0.0000, Val Loss: 0.0000
Epoch 841/1000, Train Loss: 0.0000, Val Loss: 0.0000
Epoch 851/1000, Train Loss: 0.0000, Val Loss: 0.0000
Epoch 861/1000, Train Loss: 0.0000, Val Loss: 0.0000
Epoch 871/1000, Train Loss: 0.0000, Val Loss: 0.0000
Epoch 881/1000, Train Loss: 0.0000, Val Loss: 0.0000
Epoch 891/1000, Train Loss: 0.0000, Val Loss: 0.0000
Epoch 901/1000, Train Loss: 0.0000, Val Loss: 0.0000
Epoch 911/1000, Train Loss: 0.0000, Val Loss: 0.0000
Epoch 921/1000, Train Loss: 0.0000, Val Loss: 0.0000
Epoch 931/1000, Train Loss: 0.0000, Val Loss: 0.0000
Epoch 941/1000, Train Loss: 0.0000, Val Loss: 0.0000
Epoch 951/1000, Train Loss: 0.0000, Val Loss: 0.0000
Epoch 961/1000, Train Loss: 0.0000, Val Loss: 0.0000
Epoch 971/1000, Train Loss: 0.0000, Val Loss: 0.0000
Epoch 981/1000, Train Loss: 0.0000, Val Loss: 0.0000
Epoch 991/1000, Train Loss: 0.0000, Val Loss: 0.0000
train_loss :  3.292083740234375e-06
Test Loss: 0.0000
GenAggModel
Epoch 1/1000, Train Loss: 44.5586, Val Loss: 25.7052
Epoch 11/1000, Train Loss: 0.0294, Val Loss: 0.0040
Epoch 21/1000, Train Loss: 0.0071, Val Loss: 0.0033
Epoch 31/1000, Train Loss: 0.0033, Val Loss: 0.0037
Epoch 41/1000, Train Loss: 0.0031, Val Loss: 0.0030
Epoch 51/1000, Train Loss: 0.0030, Val Loss: 0.0029
Epoch 61/1000, Train Loss: 0.0029, Val Loss: 0.0029
Epoch 71/1000, Train Loss: 0.0029, Val Loss: 0.0029
Epoch 81/1000, Train Loss: 0.0029, Val Loss: 0.0029
Epoch 91/1000, Train Loss: 0.0029, Val Loss: 0.0029
Epoch 101/1000, Train Loss: 0.0029, Val Loss: 0.0029
Epoch 111/1000, Train Loss: 0.0029, Val Loss: 0.0029
Epoch 121/1000, Train Loss: 0.0029, Val Loss: 0.0029
Epoch 131/1000, Train Loss: 0.0029, Val Loss: 0.0029
Epoch 141/1000, Train Loss: 0.0029, Val Loss: 0.0029
Epoch 151/1000, Train Loss: 0.0029, Val Loss: 0.0029
Epoch 161/1000, Train Loss: 0.0029, Val Loss: 0.0029
Epoch 171/1000, Train Loss: 0.0029, Val Loss: 0.0029
Epoch 181/1000, Train Loss: 0.0029, Val Loss: 0.0029
Epoch 191/1000, Train Loss: 0.0029, Val Loss: 0.0029
Epoch 201/1000, Train Loss: 0.0029, Val Loss: 0.0029
Epoch 211/1000, Train Loss: 0.0029, Val Loss: 0.0029
Epoch 221/1000, Train Loss: 0.0029, Val Loss: 0.0029
Epoch 231/1000, Train Loss: 0.0029, Val Loss: 0.0029
Epoch 241/1000, Train Loss: 0.0029, Val Loss: 0.0029
Epoch 251/1000, Train Loss: 0.0029, Val Loss: 0.0029
Epoch 261/1000, Train Loss: 0.0029, Val Loss: 0.0029
Epoch 271/1000, Train Loss: 0.0029, Val Loss: 0.0029
Epoch 281/1000, Train Loss: 0.0029, Val Loss: 0.0029
Epoch 291/1000, Train Loss: 0.0029, Val Loss: 0.0029
Epoch 301/1000, Train Loss: 0.0029, Val Loss: 0.0029
Epoch 311/1000, Train Loss: 0.0029, Val Loss: 0.0029
Epoch 321/1000, Train Loss: 0.0029, Val Loss: 0.0029
Epoch 331/1000, Train Loss: 0.0029, Val Loss: 0.0029
Epoch 341/1000, Train Loss: 0.0029, Val Loss: 0.0029
Epoch 351/1000, Train Loss: 0.0029, Val Loss: 0.0029
Epoch 361/1000, Train Loss: 0.0029, Val Loss: 0.0029
Epoch 371/1000, Train Loss: 0.0029, Val Loss: 0.0029
Epoch 381/1000, Train Loss: 0.0029, Val Loss: 0.0029
Epoch 391/1000, Train Loss: 0.0029, Val Loss: 0.0029
Epoch 401/1000, Train Loss: 0.0029, Val Loss: 0.0029
Epoch 411/1000, Train Loss: 0.0029, Val Loss: 0.0029
Epoch 421/1000, Train Loss: 0.0029, Val Loss: 0.0029
Epoch 431/1000, Train Loss: 0.0029, Val Loss: 0.0029
Epoch 441/1000, Train Loss: 0.0029, Val Loss: 0.0029
Epoch 451/1000, Train Loss: 0.0029, Val Loss: 0.0029
Epoch 461/1000, Train Loss: 0.0029, Val Loss: 0.0029
Epoch 471/1000, Train Loss: 0.0029, Val Loss: 0.0029
Epoch 481/1000, Train Loss: 0.0029, Val Loss: 0.0029
Epoch 491/1000, Train Loss: 0.0029, Val Loss: 0.0029
Epoch 501/1000, Train Loss: 0.0029, Val Loss: 0.0029
Epoch 511/1000, Train Loss: 0.0029, Val Loss: 0.0029
Epoch 521/1000, Train Loss: 0.0029, Val Loss: 0.0029
Epoch 531/1000, Train Loss: 0.0029, Val Loss: 0.0029
Epoch 541/1000, Train Loss: 0.0029, Val Loss: 0.0029
Epoch 551/1000, Train Loss: 0.0029, Val Loss: 0.0029
Epoch 561/1000, Train Loss: 0.0029, Val Loss: 0.0029
Epoch 571/1000, Train Loss: 0.0029, Val Loss: 0.0029
Epoch 581/1000, Train Loss: 0.0029, Val Loss: 0.0029
Epoch 591/1000, Train Loss: 0.0029, Val Loss: 0.0029
Epoch 601/1000, Train Loss: 0.0029, Val Loss: 0.0029
Epoch 611/1000, Train Loss: 0.0029, Val Loss: 0.0029
Epoch 621/1000, Train Loss: 0.0029, Val Loss: 0.0029
Epoch 631/1000, Train Loss: 0.0029, Val Loss: 0.0029
Epoch 641/1000, Train Loss: 0.0029, Val Loss: 0.0029
Epoch 651/1000, Train Loss: 0.0029, Val Loss: 0.0029
Epoch 661/1000, Train Loss: 0.0029, Val Loss: 0.0029
Epoch 671/1000, Train Loss: 0.0029, Val Loss: 0.0029
Epoch 681/1000, Train Loss: 0.0029, Val Loss: 0.0029
Epoch 691/1000, Train Loss: 0.0029, Val Loss: 0.0029
Epoch 701/1000, Train Loss: 0.0029, Val Loss: 0.0029
Epoch 711/1000, Train Loss: 0.0029, Val Loss: 0.0029
Epoch 721/1000, Train Loss: 0.0029, Val Loss: 0.0029
Epoch 731/1000, Train Loss: 0.0029, Val Loss: 0.0029
Epoch 741/1000, Train Loss: 0.0029, Val Loss: 0.0029
Epoch 751/1000, Train Loss: 0.0029, Val Loss: 0.0029
Epoch 761/1000, Train Loss: 0.0029, Val Loss: 0.0029
Epoch 771/1000, Train Loss: 0.0029, Val Loss: 0.0029
Epoch 781/1000, Train Loss: 0.0029, Val Loss: 0.0029
Epoch 791/1000, Train Loss: 0.0029, Val Loss: 0.0029
Epoch 801/1000, Train Loss: 0.0029, Val Loss: 0.0029
Epoch 811/1000, Train Loss: 0.0029, Val Loss: 0.0029
Epoch 821/1000, Train Loss: 0.0029, Val Loss: 0.0029
Epoch 831/1000, Train Loss: 0.0029, Val Loss: 0.0029
Epoch 841/1000, Train Loss: 0.0029, Val Loss: 0.0029
Epoch 851/1000, Train Loss: 0.0029, Val Loss: 0.0029
Epoch 861/1000, Train Loss: 0.0029, Val Loss: 0.0029
Epoch 871/1000, Train Loss: 0.0029, Val Loss: 0.0029
Epoch 881/1000, Train Loss: 0.0029, Val Loss: 0.0029
Epoch 891/1000, Train Loss: 0.0029, Val Loss: 0.0029
Epoch 901/1000, Train Loss: 0.0029, Val Loss: 0.0029
Epoch 911/1000, Train Loss: 0.0029, Val Loss: 0.0029
Epoch 921/1000, Train Loss: 0.0029, Val Loss: 0.0029
Epoch 931/1000, Train Loss: 0.0029, Val Loss: 0.0029
Epoch 941/1000, Train Loss: 0.0029, Val Loss: 0.0029
Epoch 951/1000, Train Loss: 0.0029, Val Loss: 0.0029
Epoch 961/1000, Train Loss: 0.0029, Val Loss: 0.0029
Epoch 971/1000, Train Loss: 0.0029, Val Loss: 0.0029
Epoch 981/1000, Train Loss: 0.0029, Val Loss: 0.0029
Epoch 991/1000, Train Loss: 0.0029, Val Loss: 0.0029
train_loss :  0.0028959001302719116
Test Loss: 0.0000
GenAggModel
Epoch 1/1000, Train Loss: 49.8562, Val Loss: 49.4205
Epoch 11/1000, Train Loss: 0.0513, Val Loss: 0.0035
Epoch 21/1000, Train Loss: 0.0092, Val Loss: 0.0051
Epoch 31/1000, Train Loss: 0.0030, Val Loss: 0.0017
Epoch 41/1000, Train Loss: 0.0007, Val Loss: 0.0009
Epoch 51/1000, Train Loss: 0.0005, Val Loss: 0.0005
Epoch 61/1000, Train Loss: 0.0005, Val Loss: 0.0005
Epoch 71/1000, Train Loss: 0.0005, Val Loss: 0.0005
Epoch 81/1000, Train Loss: 0.0005, Val Loss: 0.0005
Epoch 91/1000, Train Loss: 0.0005, Val Loss: 0.0005
Epoch 101/1000, Train Loss: 0.0005, Val Loss: 0.0005
Epoch 111/1000, Train Loss: 0.0005, Val Loss: 0.0005
Epoch 121/1000, Train Loss: 0.0005, Val Loss: 0.0005
Epoch 131/1000, Train Loss: 0.0005, Val Loss: 0.0005
Epoch 141/1000, Train Loss: 0.0005, Val Loss: 0.0005
Epoch 151/1000, Train Loss: 0.0005, Val Loss: 0.0005
Epoch 161/1000, Train Loss: 0.0005, Val Loss: 0.0005
Epoch 171/1000, Train Loss: 0.0005, Val Loss: 0.0005
Epoch 181/1000, Train Loss: 0.0005, Val Loss: 0.0005
Epoch 191/1000, Train Loss: 0.0005, Val Loss: 0.0005
Epoch 201/1000, Train Loss: 0.0005, Val Loss: 0.0005
Epoch 211/1000, Train Loss: 0.0005, Val Loss: 0.0005
Epoch 221/1000, Train Loss: 0.0005, Val Loss: 0.0005
Epoch 231/1000, Train Loss: 0.0005, Val Loss: 0.0005
Epoch 241/1000, Train Loss: 0.0005, Val Loss: 0.0005
Epoch 251/1000, Train Loss: 0.0005, Val Loss: 0.0005
Epoch 261/1000, Train Loss: 0.0005, Val Loss: 0.0005
Epoch 271/1000, Train Loss: 0.0005, Val Loss: 0.0005
Epoch 281/1000, Train Loss: 0.0005, Val Loss: 0.0005
Epoch 291/1000, Train Loss: 0.0005, Val Loss: 0.0005
Epoch 301/1000, Train Loss: 0.0005, Val Loss: 0.0005
Epoch 311/1000, Train Loss: 0.0005, Val Loss: 0.0005
Epoch 321/1000, Train Loss: 0.0005, Val Loss: 0.0005
Epoch 331/1000, Train Loss: 0.0005, Val Loss: 0.0005
Epoch 341/1000, Train Loss: 0.0005, Val Loss: 0.0005
Epoch 351/1000, Train Loss: 0.0005, Val Loss: 0.0005
Epoch 361/1000, Train Loss: 0.0005, Val Loss: 0.0005
Epoch 371/1000, Train Loss: 0.0005, Val Loss: 0.0005
Epoch 381/1000, Train Loss: 0.0005, Val Loss: 0.0005
Epoch 391/1000, Train Loss: 0.0005, Val Loss: 0.0005
Epoch 401/1000, Train Loss: 0.0005, Val Loss: 0.0005
Epoch 411/1000, Train Loss: 0.0005, Val Loss: 0.0005
Epoch 421/1000, Train Loss: 0.0005, Val Loss: 0.0005
Epoch 431/1000, Train Loss: 0.0005, Val Loss: 0.0005
Epoch 441/1000, Train Loss: 0.0005, Val Loss: 0.0005
Epoch 451/1000, Train Loss: 0.0005, Val Loss: 0.0005
Epoch 461/1000, Train Loss: 0.0005, Val Loss: 0.0005
Epoch 471/1000, Train Loss: 0.0005, Val Loss: 0.0005
Epoch 481/1000, Train Loss: 0.0005, Val Loss: 0.0005
Epoch 491/1000, Train Loss: 0.0005, Val Loss: 0.0005
Epoch 501/1000, Train Loss: 0.0005, Val Loss: 0.0005
Epoch 511/1000, Train Loss: 0.0005, Val Loss: 0.0005
Epoch 521/1000, Train Loss: 0.0005, Val Loss: 0.0005
Epoch 531/1000, Train Loss: 0.0005, Val Loss: 0.0005
Epoch 541/1000, Train Loss: 0.0005, Val Loss: 0.0005
Epoch 551/1000, Train Loss: 0.0005, Val Loss: 0.0005
Epoch 561/1000, Train Loss: 0.0005, Val Loss: 0.0005
Epoch 571/1000, Train Loss: 0.0005, Val Loss: 0.0005
Epoch 581/1000, Train Loss: 0.0005, Val Loss: 0.0005
Epoch 591/1000, Train Loss: 0.0005, Val Loss: 0.0005
Epoch 601/1000, Train Loss: 0.0005, Val Loss: 0.0005
Epoch 611/1000, Train Loss: 0.0005, Val Loss: 0.0005
Epoch 621/1000, Train Loss: 0.0005, Val Loss: 0.0005
Epoch 631/1000, Train Loss: 0.0005, Val Loss: 0.0005
Epoch 641/1000, Train Loss: 0.0005, Val Loss: 0.0005
Epoch 651/1000, Train Loss: 0.0005, Val Loss: 0.0005
Epoch 661/1000, Train Loss: 0.0005, Val Loss: 0.0005
Epoch 671/1000, Train Loss: 0.0005, Val Loss: 0.0005
Epoch 681/1000, Train Loss: 0.0005, Val Loss: 0.0005
Epoch 691/1000, Train Loss: 0.0005, Val Loss: 0.0005
Epoch 701/1000, Train Loss: 0.0005, Val Loss: 0.0005
Epoch 711/1000, Train Loss: 0.0005, Val Loss: 0.0005
Epoch 721/1000, Train Loss: 0.0005, Val Loss: 0.0005
Epoch 731/1000, Train Loss: 0.0005, Val Loss: 0.0005
Epoch 741/1000, Train Loss: 0.0005, Val Loss: 0.0005
Epoch 751/1000, Train Loss: 0.0005, Val Loss: 0.0005
Epoch 761/1000, Train Loss: 0.0005, Val Loss: 0.0005
Epoch 771/1000, Train Loss: 0.0005, Val Loss: 0.0005
Epoch 781/1000, Train Loss: 0.0005, Val Loss: 0.0005
Epoch 791/1000, Train Loss: 0.0005, Val Loss: 0.0005
Epoch 801/1000, Train Loss: 0.0005, Val Loss: 0.0005
Epoch 811/1000, Train Loss: 0.0005, Val Loss: 0.0005
Epoch 821/1000, Train Loss: 0.0005, Val Loss: 0.0005
Epoch 831/1000, Train Loss: 0.0005, Val Loss: 0.0005
Epoch 841/1000, Train Loss: 0.0005, Val Loss: 0.0005
Epoch 851/1000, Train Loss: 0.0005, Val Loss: 0.0005
Epoch 861/1000, Train Loss: 0.0005, Val Loss: 0.0005
Epoch 871/1000, Train Loss: 0.0005, Val Loss: 0.0005
Epoch 881/1000, Train Loss: 0.0005, Val Loss: 0.0005
Epoch 891/1000, Train Loss: 0.0005, Val Loss: 0.0005
Epoch 901/1000, Train Loss: 0.0005, Val Loss: 0.0005
Epoch 911/1000, Train Loss: 0.0005, Val Loss: 0.0005
Epoch 921/1000, Train Loss: 0.0005, Val Loss: 0.0005
Epoch 931/1000, Train Loss: 0.0005, Val Loss: 0.0005
Epoch 941/1000, Train Loss: 0.0005, Val Loss: 0.0005
Epoch 951/1000, Train Loss: 0.0005, Val Loss: 0.0005
Epoch 961/1000, Train Loss: 0.0005, Val Loss: 0.0005
Epoch 971/1000, Train Loss: 0.0005, Val Loss: 0.0005
Epoch 981/1000, Train Loss: 0.0005, Val Loss: 0.0005
Epoch 991/1000, Train Loss: 0.0005, Val Loss: 0.0005
train_loss :  0.00045720720291137694
Test Loss: 0.0000
Train loss average: 7.512991, Valid loss average: 7.419235, Test loss average: 249.922537
