
field : Social networks

None
 identity_feat : loss : 1.0000 
[tensor([1.], device='cuda:0')]

None
 identity_feat : loss : 1.0000 
[tensor([1.], device='cuda:0')]


field : Networks with ground-truth communities

None
 identity_feat : loss : 1.0000 
[tensor([1.], device='cuda:0')]


field : Internet peer-to-peer networks

None
 identity_feat : loss : 1.0000 
[tensor([1.], device='cuda:0')]

None
 identity_feat : loss : 1.0000 
[tensor([1.], device='cuda:0')]


field : Collaboration networks

None
 identity_feat : loss : 1.0000 
[tensor([1.], device='cuda:0')]

None
 identity_feat : loss : 1.0000 
[tensor([1.], device='cuda:0')]
None
 identity_feat : loss : 1.0000 
[tensor([1.], device='cuda:0')]
None
 identity_feat : loss : 1.0000 
[tensor([1.], device='cuda:0')]
None
 identity_feat : loss : 1.0000 
[tensor([1.], device='cuda:0')]
None
 identity_feat : loss : 1.0000 
[tensor([1.], device='cuda:0')]
None
 identity_feat : loss : 1.0000 
[tensor([1.], device='cuda:0')]
None
 identity_feat : loss : 1.0000 
[tensor([1.], device='cuda:0')]
None
 identity_feat : loss : 1.0000 
[tensor([1.], device='cuda:0')]
None
 identity_feat : loss : 1.0000 
[tensor([1.], device='cuda:0')]
None
 identity_feat : loss : 1.0000 
[tensor([1.], device='cuda:0')]
None
 identity_feat : loss : 1.0000 
[tensor([1.], device='cuda:0')]
None
 identity_feat : loss : 1.0000 
[tensor([1.], device='cuda:0')]
None
 identity_feat : loss : 1.0000 
[tensor([1.], device='cuda:0')]
None
 identity_feat : loss : 1.0000 
[tensor([1.], device='cuda:0')]
None
 identity_feat : loss : 1.0000 
[tensor([1.], device='cuda:0')]
Done loading data from cached files.
None
 identity_feat : loss : 1.0000 
[tensor([1.], device='cuda:0')]
Done loading data from cached files.
None
 identity_feat : loss : 1.0000 
[tensor([1.], device='cuda:0')]
[[tensor([1.], device='cuda:0')], [tensor([1.], device='cuda:0')], [tensor([1.], device='cuda:0')], [tensor([1.], device='cuda:0')], [tensor([1.], device='cuda:0')], [tensor([1.], device='cuda:0')], [1.0], [1.0], [1.0], [1.0], [1.0], [1.0], [1.0], [1.0], [1.0], [1.0], [1.0], [1.0], [1.0], [1.0], [1.0], [1.0], [1.0]]

field : Social networks

None
 identity_feat : loss : 1.0000 
[tensor([1.], device='cuda:0')]

None
 identity_feat : loss : 1.0000 
[tensor([1.], device='cuda:0')]


field : Networks with ground-truth communities

None
 identity_feat : loss : 1.0000 
[tensor([1.], device='cuda:0')]


field : Internet peer-to-peer networks

None
 identity_feat : loss : 1.0000 
[tensor([1.], device='cuda:0')]

None
 identity_feat : loss : 1.0000 
[tensor([1.], device='cuda:0')]


field : Collaboration networks

None
 identity_feat : loss : 1.0000 
[tensor([1.], device='cuda:0')]

None
 identity_feat : loss : 1.0000 
[tensor([1.], device='cuda:0')]
None
 identity_feat : loss : 1.0000 
[tensor([1.], device='cuda:0')]
None
 identity_feat : loss : 1.0000 
[tensor([1.], device='cuda:0')]
None
 identity_feat : loss : 1.0000 
[tensor([1.], device='cuda:0')]
None
 identity_feat : loss : 1.0000 
[tensor([1.], device='cuda:0')]
None
 identity_feat : loss : 1.0000 
[tensor([1.], device='cuda:0')]
None
 identity_feat : loss : 1.0000 
[tensor([1.], device='cuda:0')]
None
 identity_feat : loss : 1.0000 
[tensor([1.], device='cuda:0')]
None
 identity_feat : loss : 1.0000 
[tensor([1.], device='cuda:0')]
None
 identity_feat : loss : 1.0000 
[tensor([1.], device='cuda:0')]
None
 identity_feat : loss : 1.0000 
[tensor([1.], device='cuda:0')]
None
 identity_feat : loss : 1.0000 
[tensor([1.], device='cuda:0')]
None
 identity_feat : loss : 1.0000 
[tensor([1.], device='cuda:0')]
None
 identity_feat : loss : 1.0000 
[tensor([1.], device='cuda:0')]
None
 identity_feat : loss : 1.0000 
[tensor([1.], device='cuda:0')]
Done loading data from cached files.
None
 identity_feat : loss : 1.0000 
[tensor([1.], device='cuda:0')]
Done loading data from cached files.
None
 identity_feat : loss : 1.0000 
[tensor([1.], device='cuda:0')]
[[tensor([1.], device='cuda:0')], [tensor([1.], device='cuda:0')], [tensor([1.], device='cuda:0')], [tensor([1.], device='cuda:0')], [tensor([1.], device='cuda:0')], [tensor([1.], device='cuda:0')], [1.0], [1.0], [1.0], [1.0], [1.0], [1.0], [1.0], [1.0], [1.0], [1.0], [1.0], [1.0], [1.0], [1.0], [1.0], [1.0], [1.0]]

field : Social networks

None
 identity_feat : loss : 1.0000 
[tensor([1.], device='cuda:0')]

None
 identity_feat : loss : 1.0000 
[tensor([1.], device='cuda:0')]


field : Networks with ground-truth communities

None
 identity_feat : loss : 1.0000 
[tensor([1.], device='cuda:0')]


field : Internet peer-to-peer networks

None
 identity_feat : loss : 1.0000 
[tensor([1.], device='cuda:0')]

None
 identity_feat : loss : 1.0000 
[tensor([1.], device='cuda:0')]


field : Collaboration networks

None
 identity_feat : loss : 1.0000 
[tensor([1.], device='cuda:0')]

None
 identity_feat : loss : 1.0000 
[tensor([1.], device='cuda:0')]
None
 identity_feat : loss : 1.0000 
[tensor([1.], device='cuda:0')]
None
 identity_feat : loss : 1.0000 
[tensor([1.], device='cuda:0')]
None
 identity_feat : loss : 1.0000 
[tensor([1.], device='cuda:0')]
None
 identity_feat : loss : 1.0000 
[tensor([1.], device='cuda:0')]
None
 identity_feat : loss : 1.0000 
[tensor([1.], device='cuda:0')]
None
 identity_feat : loss : 1.0000 
[tensor([1.], device='cuda:0')]
None
 identity_feat : loss : 1.0000 
[tensor([1.], device='cuda:0')]
None
 identity_feat : loss : 1.0000 
[tensor([1.], device='cuda:0')]
None
 identity_feat : loss : 1.0000 
[tensor([1.], device='cuda:0')]
None
 identity_feat : loss : 1.0000 
[tensor([1.], device='cuda:0')]
None
 identity_feat : loss : 1.0000 
[tensor([1.], device='cuda:0')]
None
 identity_feat : loss : 1.0000 
[tensor([1.], device='cuda:0')]
None
 identity_feat : loss : 1.0000 
[tensor([1.], device='cuda:0')]
None
 identity_feat : loss : 1.0000 
[tensor([1.], device='cuda:0')]
Done loading data from cached files.
None
 identity_feat : loss : 1.0000 
[tensor([1.], device='cuda:0')]
Done loading data from cached files.
None
 identity_feat : loss : 1.0000 
[tensor([1.], device='cuda:0')]
[[tensor([1.], device='cuda:0')], [tensor([1.], device='cuda:0')], [tensor([1.], device='cuda:0')], [tensor([1.], device='cuda:0')], [tensor([1.], device='cuda:0')], [tensor([1.], device='cuda:0')], [1.0], [1.0], [1.0], [1.0], [1.0], [1.0], [1.0], [1.0], [1.0], [1.0], [1.0], [1.0], [1.0], [1.0], [1.0], [1.0], [1.0]]

field : Social networks

None
 identity_feat : loss : 1.0000 
[tensor([1.], device='cuda:0')]

None
 identity_feat : loss : 1.0000 
[tensor([1.], device='cuda:0')]


field : Networks with ground-truth communities

None
 identity_feat : loss : 1.0000 
[tensor([1.], device='cuda:0')]


field : Internet peer-to-peer networks

None
 identity_feat : loss : 1.0000 
[tensor([1.], device='cuda:0')]

None
 identity_feat : loss : 1.0000 
[tensor([1.], device='cuda:0')]


field : Collaboration networks

None
 identity_feat : loss : 1.0000 
[tensor([1.], device='cuda:0')]

None
 identity_feat : loss : 1.0000 
[tensor([1.], device='cuda:0')]
None
 identity_feat : loss : 1.0000 
[tensor([1.], device='cuda:0')]
None
 identity_feat : loss : 1.0000 
[tensor([1.], device='cuda:0')]
None
 identity_feat : loss : 1.0000 
[tensor([1.], device='cuda:0')]
None
 identity_feat : loss : 1.0000 
[tensor([1.], device='cuda:0')]
None
 identity_feat : loss : 1.0000 
[tensor([1.], device='cuda:0')]
None
 identity_feat : loss : 1.0000 
[tensor([1.], device='cuda:0')]
None
 identity_feat : loss : 1.0000 
[tensor([1.], device='cuda:0')]
None
 identity_feat : loss : 1.0000 
[tensor([1.], device='cuda:0')]
None
 identity_feat : loss : 1.0000 
[tensor([1.], device='cuda:0')]
None
 identity_feat : loss : 1.0000 
[tensor([1.], device='cuda:0')]
None
 identity_feat : loss : 1.0000 
[tensor([1.], device='cuda:0')]
None
 identity_feat : loss : 1.0000 
[tensor([1.], device='cuda:0')]
None
 identity_feat : loss : 1.0000 
[tensor([1.], device='cuda:0')]
None
 identity_feat : loss : 1.0000 
[tensor([1.], device='cuda:0')]
Done loading data from cached files.
None
 identity_feat : loss : 1.0000 
[tensor([1.], device='cuda:0')]
Done loading data from cached files.
None
 identity_feat : loss : 1.0000 
[tensor([1.], device='cuda:0')]
[[tensor([1.], device='cuda:0')], [tensor([1.], device='cuda:0')], [tensor([1.], device='cuda:0')], [tensor([1.], device='cuda:0')], [tensor([1.], device='cuda:0')], [tensor([1.], device='cuda:0')], [1.0], [1.0], [1.0], [1.0], [1.0], [1.0], [1.0], [1.0], [1.0], [1.0], [1.0], [1.0], [1.0], [1.0], [1.0], [1.0], [1.0]]
