Epoch 10: loss=0.003018
Epoch 20: loss=0.000697
Epoch 30: loss=0.000461
Epoch 40: loss=0.000411
Epoch 50: loss=0.000392
Epoch 60: loss=0.000384
Epoch 70: loss=0.000381
Epoch 80: loss=0.000379
Epoch 90: loss=0.000378
Epoch 100: loss=0.000378
Epoch 110: loss=0.000377
Epoch 120: loss=0.000377
Epoch 130: loss=0.000377
Epoch 140: loss=0.000378
Epoch 150: loss=0.000377
Epoch 160: loss=0.000377
Epoch 170: loss=0.000377
Epoch 180: loss=0.000377
Epoch 190: loss=0.000377
Epoch 200: loss=0.000377
Epoch 210: loss=0.000377
Epoch 220: loss=0.000377
Epoch 230: loss=0.000377
Epoch 240: loss=0.000377
Epoch 250: loss=0.000377
Epoch 260: loss=0.000377
Epoch 270: loss=0.000377
Epoch 280: loss=0.000377
Epoch 290: loss=0.000377
Epoch 300: loss=0.000377
Epoch 310: loss=0.000377
Epoch 320: loss=0.000377
Epoch 330: loss=0.000377
Epoch 340: loss=0.000377
Epoch 350: loss=0.000377
Epoch 360: loss=0.000377
Epoch 370: loss=0.000377
Epoch 380: loss=0.000377
Epoch 390: loss=0.000377
Epoch 400: loss=0.000377
Epoch 410: loss=0.000377
Epoch 420: loss=0.000377
Epoch 430: loss=0.000377
Epoch 440: loss=0.000377
Epoch 450: loss=0.000377
Epoch 460: loss=0.000377
Epoch 470: loss=0.000377
Epoch 480: loss=0.000377
Epoch 490: loss=0.000377
Epoch 500: loss=0.000377
validation : 0.00037991020828485487, MUTAG 0.00154586061835289, Muedim test 0.00037862908095121384
Done loading data from cached files.
Done loading data from cached files.
loss of real network :  0.011777356165014375
Traceback (most recent call last):
  File "/project/p_gnn001/code/gnn_clean_code/simple_code.py", line 545, in <module>
    train_loss, test_acc, test_acc2, test_acc3, test_acc4 = main(i)
                                                            ^^^^^^^
  File "/project/p_gnn001/code/gnn_clean_code/simple_code.py", line 511, in main
    print_epsilon(model)
  File "/project/p_gnn001/code/gnn_clean_code/simple_code.py", line 62, in print_epsilon
    for i, layer in enumerate(model.layers):
                              ^^^^^^^^^^^^
  File "/home/p_gnngw/miniconda3/envs/cuda118/lib/python3.12/site-packages/torch/nn/modules/module.py", line 1688, in __getattr__
    raise AttributeError(f"'{type(self).__name__}' object has no attribute '{name}'")
AttributeError: 'GNN' object has no attribute 'layers'
