-------------------------------label_type : density---------------------

2-------------------------------feat_type : ones_feat---------------------


2.1--------------------------------------------model name  : ['gin']---------------------


2.1.1--------------------------------------------Grid_Search  : ['gin']---------------------
small_test : 0.9257487487792969, medium_test 45.00546417236328
/project/p_gnn001/code/gnn_clean_code/utils.py:153: UserWarning: std_mean(): degrees of freedom is <= 0. Correction should be strictly less than the reduction factor (input numel divided by output numel). (Triggered internally at /opt/conda/conda-bld/pytorch_1708025824022/work/aten/src/ATen/native/ReduceOps.cpp:1760.)
  std, mean = torch.std_mean(array)
Trial 1/1
Epoch 10: loss=2.3232
Epoch 20: loss=1.2006
Epoch 30: loss=0.8045
Epoch 40: loss=0.6688
Epoch 50: loss=0.5818
Epoch 60: loss=0.5583
Epoch 70: loss=0.5315
Epoch 80: loss=0.4913
Epoch 90: loss=0.5219
Epoch 100: loss=0.5281
small_test : 0.06106743812561035, medium_test 63712.8813359375
best trail model is : model_weights_trail0_dataset_ones_feat.pth
test mean acc: 0.0611, error bound: nan


2.1.2--------------------------------------------Train and Test  : ['gin']---------------------


3-------------------------------feat_type : noise_feat---------------------


3.1--------------------------------------------model name  : ['gin']---------------------


3.1.1--------------------------------------------Grid_Search  : ['gin']---------------------
small_test : 0.9138253784179687, medium_test 43.14711291503906
/project/p_gnn001/code/gnn_clean_code/utils.py:153: UserWarning: std_mean(): degrees of freedom is <= 0. Correction should be strictly less than the reduction factor (input numel divided by output numel). (Triggered internally at /opt/conda/conda-bld/pytorch_1708025824022/work/aten/src/ATen/native/ReduceOps.cpp:1760.)
  std, mean = torch.std_mean(array)
Trial 1/1
Epoch 10: loss=2.3556
Epoch 20: loss=1.2462
Epoch 30: loss=0.7499
Epoch 40: loss=0.6277
Epoch 50: loss=0.5331
Epoch 60: loss=0.4610
Epoch 70: loss=0.4872
Epoch 80: loss=0.4397
Epoch 90: loss=0.4821
Epoch 100: loss=0.4543
small_test : 0.11572011947631836, medium_test 642.937972084999
best trail model is : model_weights_trail0_dataset_noise_feat.pth
test mean acc: 0.1157, error bound: nan


3.1.2--------------------------------------------Train and Test  : ['gin']---------------------


4-------------------------------feat_type : degree_feat---------------------


4.1--------------------------------------------model name  : ['gin']---------------------


4.1.1--------------------------------------------Grid_Search  : ['gin']---------------------
small_test : 0.9680819702148438, medium_test 97.6826884765625
/project/p_gnn001/code/gnn_clean_code/utils.py:153: UserWarning: std_mean(): degrees of freedom is <= 0. Correction should be strictly less than the reduction factor (input numel divided by output numel). (Triggered internally at /opt/conda/conda-bld/pytorch_1708025824022/work/aten/src/ATen/native/ReduceOps.cpp:1760.)
  std, mean = torch.std_mean(array)
Trial 1/1
Epoch 10: loss=2.3177
Epoch 20: loss=1.2072
Epoch 30: loss=0.7641
Epoch 40: loss=0.6069
Epoch 50: loss=0.4699
Epoch 60: loss=0.4925
Epoch 70: loss=0.4675
Epoch 80: loss=0.4464
Epoch 90: loss=0.4554
Epoch 100: loss=0.4399
small_test : 0.026988046169281008, medium_test 148646.07675585937
best trail model is : model_weights_trail0_dataset_degree_feat.pth
test mean acc: 0.0270, error bound: nan


4.1.2--------------------------------------------Train and Test  : ['gin']---------------------


5-------------------------------feat_type : norm_degree_feat---------------------


5.1--------------------------------------------model name  : ['gin']---------------------


5.1.1--------------------------------------------Grid_Search  : ['gin']---------------------
small_test : 0.88927001953125, medium_test 39.797817810058596
/project/p_gnn001/code/gnn_clean_code/utils.py:153: UserWarning: std_mean(): degrees of freedom is <= 0. Correction should be strictly less than the reduction factor (input numel divided by output numel). (Triggered internally at /opt/conda/conda-bld/pytorch_1708025824022/work/aten/src/ATen/native/ReduceOps.cpp:1760.)
  std, mean = torch.std_mean(array)
Trial 1/1
Epoch 10: loss=2.3952
Epoch 20: loss=1.1041
Epoch 30: loss=0.6017
Epoch 40: loss=0.4306
Epoch 50: loss=0.3405
Epoch 60: loss=0.2971
Epoch 70: loss=0.3142
Epoch 80: loss=0.3055
Epoch 90: loss=0.2988
Epoch 100: loss=0.2772
small_test : 0.055341148376464845, medium_test 18.55280123901367
best trail model is : model_weights_trail0_dataset_norm_degree_feat.pth
test mean acc: 0.0553, error bound: nan


5.1.2--------------------------------------------Train and Test  : ['gin']---------------------


6-------------------------------feat_type : identity_feat---------------------


6.1--------------------------------------------model name  : ['gin']---------------------


6.1.1--------------------------------------------Grid_Search  : ['gin']---------------------
small_test : 0.8929974365234375, medium_test 40.00739440917969
/project/p_gnn001/code/gnn_clean_code/utils.py:153: UserWarning: std_mean(): degrees of freedom is <= 0. Correction should be strictly less than the reduction factor (input numel divided by output numel). (Triggered internally at /opt/conda/conda-bld/pytorch_1708025824022/work/aten/src/ATen/native/ReduceOps.cpp:1760.)
  std, mean = torch.std_mean(array)
Trial 1/1
Epoch 10: loss=2.3263
Epoch 20: loss=1.1779
Epoch 30: loss=0.6890
Epoch 40: loss=0.5052
Epoch 50: loss=0.3949
Epoch 60: loss=0.4163
Epoch 70: loss=0.3843
Epoch 80: loss=0.3549
Epoch 90: loss=0.3378
Epoch 100: loss=0.3908
small_test : 0.04762836933135986, medium_test 2396.6337395858764
best trail model is : model_weights_trail0_dataset_identity_feat.pth
test mean acc: 0.0476, error bound: nan


6.1.2--------------------------------------------Train and Test  : ['gin']---------------------

