simple_code_mlp code
batch :  torch.Size([32, 100])
Epoch 1/100, Train Loss: 113.9509, Val Loss: 2.9354
Epoch 11/100, Train Loss: 0.0070, Val Loss: 0.0093
Epoch 21/100, Train Loss: 0.0026, Val Loss: 0.0022
Epoch 31/100, Train Loss: 0.0026, Val Loss: 0.0013
Epoch 41/100, Train Loss: 0.0605, Val Loss: 0.0300
Epoch 51/100, Train Loss: 0.0090, Val Loss: 0.0158
Epoch 61/100, Train Loss: 0.0217, Val Loss: 0.0049
Epoch 71/100, Train Loss: 0.1026, Val Loss: 0.4363
Epoch 81/100, Train Loss: 0.0785, Val Loss: 0.0021
Epoch 91/100, Train Loss: 0.0388, Val Loss: 0.0063
train_loss :  0.024473200970329345
Test Loss: 0.0070
batch :  torch.Size([32, 100])
Epoch 1/100, Train Loss: 165.9724, Val Loss: 1.9164
Epoch 11/100, Train Loss: 0.0077, Val Loss: 0.0085
Epoch 21/100, Train Loss: 0.0023, Val Loss: 0.0019
Epoch 31/100, Train Loss: 0.0014, Val Loss: 0.0007
Epoch 41/100, Train Loss: 0.0262, Val Loss: 0.0121
Epoch 51/100, Train Loss: 0.0239, Val Loss: 0.0342
Epoch 61/100, Train Loss: 0.0408, Val Loss: 0.0375
Epoch 71/100, Train Loss: 0.0117, Val Loss: 0.0163
Epoch 81/100, Train Loss: 0.0587, Val Loss: 0.0021
Epoch 91/100, Train Loss: 0.0190, Val Loss: 0.0131
train_loss :  0.09631523786718026
Test Loss: 0.0086
batch :  torch.Size([32, 100])
Epoch 1/100, Train Loss: 136.3318, Val Loss: 1.7492
Epoch 11/100, Train Loss: 0.0093, Val Loss: 0.0097
Epoch 21/100, Train Loss: 0.0023, Val Loss: 0.0056
Epoch 31/100, Train Loss: 0.0042, Val Loss: 0.0069
Epoch 41/100, Train Loss: 0.0159, Val Loss: 0.1510
Epoch 51/100, Train Loss: 0.0781, Val Loss: 0.0144
Epoch 61/100, Train Loss: 0.0156, Val Loss: 0.1565
Epoch 71/100, Train Loss: 0.0084, Val Loss: 0.0058
Epoch 81/100, Train Loss: 0.0593, Val Loss: 0.0544
Epoch 91/100, Train Loss: 0.0894, Val Loss: 0.0441
train_loss :  0.06418002649443225
Test Loss: 0.0142
batch :  torch.Size([32, 100])
Epoch 1/100, Train Loss: 85.5839, Val Loss: 2.7329
Epoch 11/100, Train Loss: 0.0122, Val Loss: 0.0137
Epoch 21/100, Train Loss: 0.0032, Val Loss: 0.0036
Epoch 31/100, Train Loss: 0.0019, Val Loss: 0.0023
Epoch 41/100, Train Loss: 0.0726, Val Loss: 0.0061
Epoch 51/100, Train Loss: 0.0059, Val Loss: 0.0375
Epoch 61/100, Train Loss: 0.1434, Val Loss: 0.0437
Epoch 71/100, Train Loss: 0.0088, Val Loss: 0.0210
Epoch 81/100, Train Loss: 0.0275, Val Loss: 0.0055
Epoch 91/100, Train Loss: 0.0083, Val Loss: 0.0019
train_loss :  0.0350364586384967
Test Loss: 0.0046
batch :  torch.Size([32, 100])
Epoch 1/100, Train Loss: 86.1535, Val Loss: 2.5336
Epoch 11/100, Train Loss: 0.0086, Val Loss: 0.0115
Epoch 21/100, Train Loss: 0.0030, Val Loss: 0.0049
Epoch 31/100, Train Loss: 0.0087, Val Loss: 0.0043
Epoch 41/100, Train Loss: 0.0399, Val Loss: 0.0061
Epoch 51/100, Train Loss: 0.0088, Val Loss: 0.0012
Epoch 61/100, Train Loss: 0.0159, Val Loss: 0.0017
Epoch 71/100, Train Loss: 0.0297, Val Loss: 0.0067
Epoch 81/100, Train Loss: 0.0614, Val Loss: 0.0040
Epoch 91/100, Train Loss: 0.0503, Val Loss: 0.0182
train_loss :  0.04377203774359077
Test Loss: 0.0047
batch :  torch.Size([32, 100])
Epoch 1/100, Train Loss: 89.8564, Val Loss: 3.1698
Epoch 11/100, Train Loss: 0.0084, Val Loss: 0.0066
Epoch 21/100, Train Loss: 0.0046, Val Loss: 0.0065
Epoch 31/100, Train Loss: 0.0053, Val Loss: 0.0056
Epoch 41/100, Train Loss: 0.0552, Val Loss: 0.0343
Epoch 51/100, Train Loss: 0.0556, Val Loss: 0.1350
Epoch 61/100, Train Loss: 0.0260, Val Loss: 0.0101
Epoch 71/100, Train Loss: 0.0379, Val Loss: 0.0048
Epoch 81/100, Train Loss: 0.0073, Val Loss: 0.0030
Epoch 91/100, Train Loss: 0.0215, Val Loss: 0.0034
train_loss :  0.0028394072897499427
Test Loss: 0.0031
batch :  torch.Size([32, 100])
Epoch 1/100, Train Loss: 126.2621, Val Loss: 2.6008
Epoch 11/100, Train Loss: 0.0129, Val Loss: 0.0104
Epoch 21/100, Train Loss: 0.0030, Val Loss: 0.0025
Epoch 31/100, Train Loss: 0.0013, Val Loss: 0.0010
Epoch 41/100, Train Loss: 0.0461, Val Loss: 0.0084
Epoch 51/100, Train Loss: 0.0205, Val Loss: 0.0051
Epoch 61/100, Train Loss: 0.0232, Val Loss: 0.0038
Epoch 71/100, Train Loss: 0.0786, Val Loss: 0.0505
Epoch 81/100, Train Loss: 0.0502, Val Loss: 0.0081
Epoch 91/100, Train Loss: 0.0522, Val Loss: 0.0255
train_loss :  0.0021926024926360696
Test Loss: 0.0004
batch :  torch.Size([32, 100])
Epoch 1/100, Train Loss: 123.1524, Val Loss: 2.3745
Epoch 11/100, Train Loss: 0.0045, Val Loss: 0.0037
Epoch 21/100, Train Loss: 0.0018, Val Loss: 0.0016
Epoch 31/100, Train Loss: 0.0102, Val Loss: 0.0262
Epoch 41/100, Train Loss: 0.0273, Val Loss: 0.0034
Epoch 51/100, Train Loss: 0.0078, Val Loss: 0.0018
Epoch 61/100, Train Loss: 0.0630, Val Loss: 0.0082
Epoch 71/100, Train Loss: 0.0735, Val Loss: 0.2571
Epoch 81/100, Train Loss: 0.0623, Val Loss: 0.0521
Epoch 91/100, Train Loss: 0.0137, Val Loss: 0.0418
train_loss :  0.023743526783771812
Test Loss: 0.0236
batch :  torch.Size([32, 100])
Epoch 1/100, Train Loss: 111.8839, Val Loss: 2.6807
Epoch 11/100, Train Loss: 0.0082, Val Loss: 0.0076
Epoch 21/100, Train Loss: 0.0031, Val Loss: 0.0103
Epoch 31/100, Train Loss: 0.0062, Val Loss: 0.0028
Epoch 41/100, Train Loss: 0.0094, Val Loss: 0.0097
Epoch 51/100, Train Loss: 0.0088, Val Loss: 0.0360
Epoch 61/100, Train Loss: 0.0173, Val Loss: 0.0328
Epoch 71/100, Train Loss: 0.0048, Val Loss: 0.0038
Epoch 81/100, Train Loss: 0.0171, Val Loss: 0.0433
Epoch 91/100, Train Loss: 0.0141, Val Loss: 0.0011
train_loss :  0.0009655326629290357
Test Loss: 0.0009
batch :  torch.Size([32, 100])
Epoch 1/100, Train Loss: 95.4532, Val Loss: 2.7236
Epoch 11/100, Train Loss: 0.0056, Val Loss: 0.0035
Epoch 21/100, Train Loss: 0.0024, Val Loss: 0.0012
Epoch 31/100, Train Loss: 0.0048, Val Loss: 0.0010
Epoch 41/100, Train Loss: 0.0298, Val Loss: 0.0558
Epoch 51/100, Train Loss: 0.0057, Val Loss: 0.0011
Epoch 61/100, Train Loss: 0.0663, Val Loss: 0.0174
Epoch 71/100, Train Loss: 0.0194, Val Loss: 0.0208
Epoch 81/100, Train Loss: 0.0546, Val Loss: 0.0066
Epoch 91/100, Train Loss: 0.0176, Val Loss: 0.0127
train_loss :  0.04032442397903651
Test Loss: 0.0047
Train loss average: 0.03338424549221527, Valid loss average: 0.00716269989698194, Test loss average: 0.007182844140031374
