-------------------------------label_type : density---------------------

2-------------------------------feat_type : ones_feat---------------------


2.1--------------------------------------------model name  : ['gin']---------------------


2.1.1--------------------------------------------Grid_Search  : ['gin']---------------------
small_test : 0.8783168029785157, medium_test 39.63237274169922
/project/p_gnn001/code/gnn_clean_code/utils.py:153: UserWarning: std_mean(): degrees of freedom is <= 0. Correction should be strictly less than the reduction factor (input numel divided by output numel). (Triggered internally at /opt/conda/conda-bld/pytorch_1708025824022/work/aten/src/ATen/native/ReduceOps.cpp:1760.)
  std, mean = torch.std_mean(array)
Trial 1/1
Epoch 10: loss=3.4296
Epoch 20: loss=3.0878
Epoch 30: loss=2.9265
Epoch 40: loss=2.8479
Epoch 50: loss=2.8091
Epoch 60: loss=2.7897
Epoch 70: loss=2.7799
Epoch 80: loss=2.7751
Epoch 90: loss=2.7726
Epoch 100: loss=2.7714
small_test : 0.6063848114013672, medium_test 35.412626281738284
best trail model is : model_weights_trail0_dataset_ones_feat.pth
test mean acc: 0.6064, error bound: nan


2.1.2--------------------------------------------Train and Test  : ['gin']---------------------


3-------------------------------feat_type : noise_feat---------------------


3.1--------------------------------------------model name  : ['gin']---------------------


3.1.1--------------------------------------------Grid_Search  : ['gin']---------------------
small_test : 0.8775476837158203, medium_test 39.6248369140625
/project/p_gnn001/code/gnn_clean_code/utils.py:153: UserWarning: std_mean(): degrees of freedom is <= 0. Correction should be strictly less than the reduction factor (input numel divided by output numel). (Triggered internally at /opt/conda/conda-bld/pytorch_1708025824022/work/aten/src/ATen/native/ReduceOps.cpp:1760.)
  std, mean = torch.std_mean(array)
Trial 1/1
Epoch 10: loss=3.4290
Epoch 20: loss=3.0871
Epoch 30: loss=2.9257
Epoch 40: loss=2.8471
Epoch 50: loss=2.8083
Epoch 60: loss=2.7888
Epoch 70: loss=2.7791
Epoch 80: loss=2.7742
Epoch 90: loss=2.7718
Epoch 100: loss=2.7706
small_test : 0.6062062072753907, medium_test 35.40757733154297
best trail model is : model_weights_trail0_dataset_noise_feat.pth
test mean acc: 0.6062, error bound: nan


3.1.2--------------------------------------------Train and Test  : ['gin']---------------------


4-------------------------------feat_type : degree_feat---------------------


4.1--------------------------------------------model name  : ['gin']---------------------


4.1.1--------------------------------------------Grid_Search  : ['gin']---------------------
small_test : 0.8788751220703125, medium_test 39.64054919433594
/project/p_gnn001/code/gnn_clean_code/utils.py:153: UserWarning: std_mean(): degrees of freedom is <= 0. Correction should be strictly less than the reduction factor (input numel divided by output numel). (Triggered internally at /opt/conda/conda-bld/pytorch_1708025824022/work/aten/src/ATen/native/ReduceOps.cpp:1760.)
  std, mean = torch.std_mean(array)
Trial 1/1
Epoch 10: loss=3.4300
Epoch 20: loss=3.0884
Epoch 30: loss=2.9259
Epoch 40: loss=2.8387
Epoch 50: loss=2.7990
Epoch 60: loss=2.7796
Epoch 70: loss=2.7700
Epoch 80: loss=2.7651
Epoch 90: loss=2.7627
Epoch 100: loss=2.7614
small_test : 0.6037917709350586, medium_test 35.94472760009766
best trail model is : model_weights_trail0_dataset_degree_feat.pth
test mean acc: 0.6038, error bound: nan


4.1.2--------------------------------------------Train and Test  : ['gin']---------------------


5-------------------------------feat_type : norm_degree_feat---------------------


5.1--------------------------------------------model name  : ['gin']---------------------


5.1.1--------------------------------------------Grid_Search  : ['gin']---------------------
small_test : 0.8788261413574219, medium_test 39.62235375976562
/project/p_gnn001/code/gnn_clean_code/utils.py:153: UserWarning: std_mean(): degrees of freedom is <= 0. Correction should be strictly less than the reduction factor (input numel divided by output numel). (Triggered internally at /opt/conda/conda-bld/pytorch_1708025824022/work/aten/src/ATen/native/ReduceOps.cpp:1760.)
  std, mean = torch.std_mean(array)
Trial 1/1
Epoch 10: loss=3.4259
Epoch 20: loss=3.0827
Epoch 30: loss=2.9209
Epoch 40: loss=2.8422
Epoch 50: loss=2.8033
Epoch 60: loss=2.7839
Epoch 70: loss=2.7741
Epoch 80: loss=2.7693
Epoch 90: loss=2.7668
Epoch 100: loss=2.7656
small_test : 0.6051010131835938, medium_test 35.39131329345703
best trail model is : model_weights_trail0_dataset_norm_degree_feat.pth
test mean acc: 0.6051, error bound: nan


5.1.2--------------------------------------------Train and Test  : ['gin']---------------------


6-------------------------------feat_type : identity_feat---------------------


6.1--------------------------------------------model name  : ['gin']---------------------


6.1.1--------------------------------------------Grid_Search  : ['gin']---------------------
small_test : 0.8786647033691406, medium_test 39.637468994140626
/project/p_gnn001/code/gnn_clean_code/utils.py:153: UserWarning: std_mean(): degrees of freedom is <= 0. Correction should be strictly less than the reduction factor (input numel divided by output numel). (Triggered internally at /opt/conda/conda-bld/pytorch_1708025824022/work/aten/src/ATen/native/ReduceOps.cpp:1760.)
  std, mean = torch.std_mean(array)
Trial 1/1
Epoch 10: loss=3.4289
Epoch 20: loss=3.0868
Epoch 30: loss=2.9254
Epoch 40: loss=2.8469
Epoch 50: loss=2.8080
Epoch 60: loss=2.7886
Epoch 70: loss=2.7789
Epoch 80: loss=2.7740
Epoch 90: loss=2.7716
Epoch 100: loss=2.7703
small_test : 0.6061550140380859, medium_test 35.40878436279297
best trail model is : model_weights_trail0_dataset_identity_feat.pth
test mean acc: 0.6062, error bound: nan


6.1.2--------------------------------------------Train and Test  : ['gin']---------------------

