-------------------------------label_type : density---------------------

2-------------------------------feat_type : ones_feat---------------------


2.1--------------------------------------------model name  : ['gin']---------------------


2.1.1--------------------------------------------Grid_Search  : ['gin']---------------------
small_test : 0.8613491821289062, medium_test 26.040983276367186
/project/p_gnn001/code/gnn_clean_code/utils.py:153: UserWarning: std_mean(): degrees of freedom is <= 0. Correction should be strictly less than the reduction factor (input numel divided by output numel). (Triggered internally at /opt/conda/conda-bld/pytorch_1708025824022/work/aten/src/ATen/native/ReduceOps.cpp:1760.)
  std, mean = torch.std_mean(array)
Trial 1/1
Epoch 10: loss=1.3702
Epoch 20: loss=0.3940
Epoch 30: loss=0.1638
Epoch 40: loss=0.1056
Epoch 50: loss=0.0876
Epoch 60: loss=0.0809
Epoch 70: loss=0.0779
Epoch 80: loss=0.0765
Epoch 90: loss=0.0757
Epoch 100: loss=0.0753
small_test : 0.03528777599334717, medium_test 396098.69956640626
best trail model is : model_weights_trail0_dataset_ones_feat.pth
test mean acc: 0.0353, error bound: nan


2.1.2--------------------------------------------Train and Test  : ['gin']---------------------


3-------------------------------feat_type : noise_feat---------------------


3.1--------------------------------------------model name  : ['gin']---------------------


3.1.1--------------------------------------------Grid_Search  : ['gin']---------------------
small_test : 0.8849305725097656, medium_test 34.90876129150391
/project/p_gnn001/code/gnn_clean_code/utils.py:153: UserWarning: std_mean(): degrees of freedom is <= 0. Correction should be strictly less than the reduction factor (input numel divided by output numel). (Triggered internally at /opt/conda/conda-bld/pytorch_1708025824022/work/aten/src/ATen/native/ReduceOps.cpp:1760.)
  std, mean = torch.std_mean(array)
Trial 1/1
Epoch 10: loss=1.4011
Epoch 20: loss=0.3997
Epoch 30: loss=0.1560
Epoch 40: loss=0.1004
Epoch 50: loss=0.0824
Epoch 60: loss=0.0750
Epoch 70: loss=0.0716
Epoch 80: loss=0.0698
Epoch 90: loss=0.0689
Epoch 100: loss=0.0685
small_test : 0.1496076202392578, medium_test 75714.45824511719
best trail model is : model_weights_trail0_dataset_noise_feat.pth
test mean acc: 0.1496, error bound: nan


3.1.2--------------------------------------------Train and Test  : ['gin']---------------------


4-------------------------------feat_type : degree_feat---------------------


4.1--------------------------------------------model name  : ['gin']---------------------


4.1.1--------------------------------------------Grid_Search  : ['gin']---------------------
small_test : 0.7941681671142579, medium_test 442.5605225524902
/project/p_gnn001/code/gnn_clean_code/utils.py:153: UserWarning: std_mean(): degrees of freedom is <= 0. Correction should be strictly less than the reduction factor (input numel divided by output numel). (Triggered internally at /opt/conda/conda-bld/pytorch_1708025824022/work/aten/src/ATen/native/ReduceOps.cpp:1760.)
  std, mean = torch.std_mean(array)
Trial 1/1
Epoch 10: loss=1.3742
Epoch 20: loss=0.3883
Epoch 30: loss=0.1429
Epoch 40: loss=0.0850
Epoch 50: loss=0.0684
Epoch 60: loss=0.0618
Epoch 70: loss=0.0589
Epoch 80: loss=0.0574
Epoch 90: loss=0.0567
Epoch 100: loss=0.0564
small_test : 0.014408829212188721, medium_test 28598063.4655625
best trail model is : model_weights_trail0_dataset_degree_feat.pth
test mean acc: 0.0144, error bound: nan


4.1.2--------------------------------------------Train and Test  : ['gin']---------------------


5-------------------------------feat_type : norm_degree_feat---------------------


5.1--------------------------------------------model name  : ['gin']---------------------


5.1.1--------------------------------------------Grid_Search  : ['gin']---------------------
small_test : 0.8859452819824218, medium_test 39.67493640136719
/project/p_gnn001/code/gnn_clean_code/utils.py:153: UserWarning: std_mean(): degrees of freedom is <= 0. Correction should be strictly less than the reduction factor (input numel divided by output numel). (Triggered internally at /opt/conda/conda-bld/pytorch_1708025824022/work/aten/src/ATen/native/ReduceOps.cpp:1760.)
  std, mean = torch.std_mean(array)
Trial 1/1
Epoch 10: loss=1.3620
Epoch 20: loss=0.2745
Epoch 30: loss=0.0765
Epoch 40: loss=0.0412
Epoch 50: loss=0.0324
Epoch 60: loss=0.0291
Epoch 70: loss=0.0277
Epoch 80: loss=0.0270
Epoch 90: loss=0.0267
Epoch 100: loss=0.0265
small_test : 0.008008524179458618, medium_test 174.8020570678711
best trail model is : model_weights_trail0_dataset_norm_degree_feat.pth
test mean acc: 0.0080, error bound: nan


5.1.2--------------------------------------------Train and Test  : ['gin']---------------------


6-------------------------------feat_type : identity_feat---------------------


6.1--------------------------------------------model name  : ['gin']---------------------


6.1.1--------------------------------------------Grid_Search  : ['gin']---------------------
small_test : 0.8839321899414062, medium_test 38.891750244140624
/project/p_gnn001/code/gnn_clean_code/utils.py:153: UserWarning: std_mean(): degrees of freedom is <= 0. Correction should be strictly less than the reduction factor (input numel divided by output numel). (Triggered internally at /opt/conda/conda-bld/pytorch_1708025824022/work/aten/src/ATen/native/ReduceOps.cpp:1760.)
  std, mean = torch.std_mean(array)
Trial 1/1
Epoch 10: loss=1.3333
Epoch 20: loss=0.2971
Epoch 30: loss=0.0866
Epoch 40: loss=0.0445
Epoch 50: loss=0.0327
Epoch 60: loss=0.0284
Epoch 70: loss=0.0264
Epoch 80: loss=0.0254
Epoch 90: loss=0.0249
Epoch 100: loss=0.0247
small_test : 0.008326703906059265, medium_test 570608.7108175964
best trail model is : model_weights_trail0_dataset_identity_feat.pth
test mean acc: 0.0083, error bound: nan


6.1.2--------------------------------------------Train and Test  : ['gin']---------------------

