job1
Traceback (most recent call last):
  File "/project/p_gnn001/code/gnn_clean_code/simple_code.py", line 570, in <module>
    train_loss, test_acc, test_acc2, test_acc3, test_acc4 = main(i)
                                                            ^^^^^^^
  File "/project/p_gnn001/code/gnn_clean_code/simple_code.py", line 521, in main
    train_loss = train(model, optimizer, train_loader)
                 ^^^^^^^^^^^^^^^^^^^^^^^^^^^^^^^^^^^^^
  File "/project/p_gnn001/code/gnn_clean_code/simple_code.py", line 335, in train
    out = model(batch_graphs)
          ^^^^^^^^^^^^^^^^^^^
  File "/home/p_gnngw/miniconda3/envs/cuda118/lib/python3.12/site-packages/torch/nn/modules/module.py", line 1511, in _wrapped_call_impl
    return self._call_impl(*args, **kwargs)
           ^^^^^^^^^^^^^^^^^^^^^^^^^^^^^^^^
  File "/home/p_gnngw/miniconda3/envs/cuda118/lib/python3.12/site-packages/torch/nn/modules/module.py", line 1520, in _call_impl
    return forward_call(*args, **kwargs)
           ^^^^^^^^^^^^^^^^^^^^^^^^^^^^^
  File "/project/p_gnn001/code/gnn_clean_code/simple_code.py", line 311, in forward
    h = self.gnn_layers[i](g, h)
        ~~~~~~~~~~~~~~~^^^
  File "/home/p_gnngw/miniconda3/envs/cuda118/lib/python3.12/site-packages/torch/nn/modules/container.py", line 295, in __getitem__
    return self._modules[self._get_abs_string_index(idx)]
                         ^^^^^^^^^^^^^^^^^^^^^^^^^^^^^^^
  File "/home/p_gnngw/miniconda3/envs/cuda118/lib/python3.12/site-packages/torch/nn/modules/container.py", line 285, in _get_abs_string_index
    raise IndexError(f'index {idx} is out of range')
IndexError: index 1 is out of range
