/home/p_gnngw/miniconda3/envs/cuda118/lib/python3.12/site-packages/torch/nn/modules/loss.py:535: UserWarning: Using a target size (torch.Size([100, 1])) that is different to the input size (torch.Size([100, 8])). This will likely lead to incorrect results due to broadcasting. Please ensure they have the same size.
  return F.mse_loss(input, target, reduction=self.reduction)
/home/p_gnngw/miniconda3/envs/cuda118/lib/python3.12/site-packages/torch/nn/modules/loss.py:535: UserWarning: Using a target size (torch.Size([88, 1])) that is different to the input size (torch.Size([88, 8])). This will likely lead to incorrect results due to broadcasting. Please ensure they have the same size.
  return F.mse_loss(input, target, reduction=self.reduction)
/home/p_gnngw/miniconda3/envs/cuda118/lib/python3.12/site-packages/torch/nn/modules/loss.py:535: UserWarning: Using a target size (torch.Size([1, 1])) that is different to the input size (torch.Size([1, 8])). This will likely lead to incorrect results due to broadcasting. Please ensure they have the same size.
  return F.mse_loss(input, target, reduction=self.reduction)
Epoch 10: loss=0.0000
Epoch 20: loss=0.0000
Epoch 30: loss=0.0000
Epoch 40: loss=0.0000
Epoch 50: loss=0.0000
Epoch 60: loss=0.0000
Epoch 70: loss=0.0000
Epoch 80: loss=0.0000
Epoch 90: loss=0.0000
Epoch 100: loss=0.0000
Epoch 110: loss=0.0000
Epoch 120: loss=0.0000
Epoch 130: loss=0.0000
Epoch 140: loss=0.0000
Epoch 150: loss=0.0000
Epoch 160: loss=0.0000
Epoch 170: loss=0.0000
Epoch 180: loss=0.0000
Epoch 190: loss=0.0000
Epoch 200: loss=0.0000
small_test : 9.54219103732612e-07, medium_test 1.023999629978789e-07
value out tensor([[3.9886, 3.9884, 3.9884, 3.9883, 3.9884, 3.9887, 3.9885, 3.9885]],
       device='cuda:0')
value hidden tensor([[4.9999, 4.9997, 4.9997,  ..., 5.0001, 4.9998, 4.9998],
        [6.9999, 6.9996, 6.9995,  ..., 7.0001, 6.9997, 6.9997],
        [3.9999, 3.9998, 3.9997,  ..., 4.0001, 3.9998, 3.9998],
        ...,
        [2.9999, 2.9998, 2.9998,  ..., 3.0001, 2.9999, 2.9999],
        [2.9999, 2.9998, 2.9998,  ..., 3.0001, 2.9999, 2.9999],
        [2.0000, 1.9999, 1.9999,  ..., 2.0000, 1.9999, 1.9999]],
       device='cuda:0')
graph loss : 3.656895728454401e-07
label tensor([3.9886], device='cuda:0')
Number of edges: 1404
Number of nodes: 352
Degrees: [5, 7, 4, 5, 6, 2, 6, 3, 3, 3, 1, 6, 2, 4, 3, 3, 6, 5, 8, 3, 6, 5, 5, 8, 0, 5, 2, 5, 3, 6, 5, 7, 1, 4, 5, 3, 0, 3, 1, 4, 4, 5, 5, 6, 5, 2, 4, 3, 4, 3, 7, 2, 3, 4, 5, 3, 1, 1, 3, 8, 4, 3, 1, 3, 4, 7, 3, 2, 1, 2, 6, 8, 4, 7, 4, 4, 6, 1, 5, 2, 5, 8, 1, 4, 1, 3, 5, 1, 3, 3, 3, 4, 4, 3, 4, 1, 7, 4, 4, 3, 4, 4, 5, 4, 3, 7, 3, 4, 7, 2, 5, 3, 2, 3, 3, 2, 7, 7, 5, 6, 2, 4, 3, 4, 3, 4, 1, 2, 3, 8, 8, 3, 3, 0, 6, 7, 4, 7, 0, 4, 1, 5, 5, 2, 5, 2, 3, 2, 6, 6, 3, 6, 0, 6, 1, 6, 3, 6, 3, 6, 6, 3, 1, 1, 4, 6, 7, 1, 1, 7, 3, 2, 3, 4, 2, 2, 2, 1, 5, 1, 2, 3, 1, 5, 5, 3, 4, 3, 4, 5, 3, 6, 7, 3, 2, 2, 3, 3, 5, 2, 1, 1, 4, 5, 6, 6, 3, 5, 6, 4, 4, 4, 2, 6, 8, 8, 3, 7, 6, 3, 2, 2, 6, 3, 3, 4, 12, 0, 3, 4, 6, 2, 1, 3, 6, 4, 3, 7, 4, 1, 3, 6, 4, 3, 5, 4, 3, 3, 2, 0, 2, 7, 4, 5, 3, 4, 7, 5, 2, 3, 4, 5, 5, 8, 3, 6, 7, 4, 4, 4, 7, 3, 4, 1, 5, 5, 3, 2, 5, 5, 7, 3, 5, 2, 5, 5, 6, 3, 4, 1, 6, 1, 6, 4, 4, 6, 3, 4, 8, 7, 2, 0, 5, 2, 3, 4, 5, 8, 2, 4, 6, 7, 4, 4, 5, 3, 3, 4, 3, 6, 7, 4, 2, 5, 2, 3, 2, 4, 3, 6, 3, 8, 1, 5, 4, 5, 3, 6, 2, 7, 6, 9, 4, 3, 3, 5, 6, 7, 7, 3, 3, 2]
Weight shape for gnn_layers.0.linear1.weight: torch.Size([8, 1])
Weights for gnn_layers.0.linear1.weight: Parameter containing:
tensor([[-0.6215],
        [ 0.1429],
        [ 0.0830],
        [ 0.2463],
        [-0.3082],
        [ 0.4529],
        [-0.5855],
        [ 1.0065]], device='cuda:0', requires_grad=True)
Weight shape for gnn_layers.0.linear2.weight: torch.Size([8, 8])
Weights for gnn_layers.0.linear2.weight: Parameter containing:
tensor([[ 0.0992,  0.7798, -0.0512, -0.0483,  0.0290,  0.3537, -0.0614,  0.7397],
        [-0.4153,  0.3685,  0.1498,  0.2751,  0.5672,  0.4895, -0.4626,  0.6413],
        [-0.2860,  0.3608,  0.0805,  0.4151,  0.3676,  0.1793, -0.4059,  0.7534],
        [-0.3904,  0.1820,  0.2111,  0.4223,  0.2834,  0.5185, -0.3541,  0.6136],
        [-0.1348,  0.3821,  0.0535,  0.1738,  0.0290,  0.2326, -0.1155,  0.7877],
        [ 0.1982,  0.8105, -0.1476, -0.3202, -0.0262,  0.7537,  0.2077,  0.6298],
        [-0.1225,  0.2909,  0.0737,  0.0873,  0.0052,  0.5254, -0.2652,  0.6883],
        [-0.0170,  0.5574,  0.0131,  0.0704,  0.0674,  0.7937, -0.2695,  0.5389]],
       device='cuda:0', requires_grad=True)
Weight shape for gnn_layers.1.linear1.weight: torch.Size([8, 8])
Weights for gnn_layers.1.linear1.weight: Parameter containing:
tensor([[ 0.1389,  0.2929,  0.3077,  0.3120,  0.0704, -0.3074,  0.0325, -0.2212],
        [-0.3295,  0.3141,  0.2688, -0.3527,  0.0662, -0.0596, -0.0582, -0.1618],
        [ 0.1360, -0.2094,  0.1296,  0.1788,  0.2531,  0.1322, -0.3499, -0.2293],
        [ 0.1765,  0.0740, -0.2758, -0.2036,  0.3326,  0.2382, -0.1542, -0.0890],
        [-0.3368, -0.0064, -0.2662, -0.2727, -0.0195,  0.0531, -0.1448,  0.2098],
        [-0.2152,  0.3208,  0.2423, -0.2981, -0.0880,  0.0160,  0.0516,  0.0839],
        [ 0.1387,  0.0212, -0.1725,  0.1673, -0.3391, -0.2096, -0.0885, -0.1722],
        [-0.1237, -0.2898, -0.0752,  0.0756, -0.2303, -0.0181,  0.2531, -0.0363]],
       device='cuda:0', requires_grad=True)
Weight shape for gnn_layers.1.linear2.weight: torch.Size([8, 8])
Weights for gnn_layers.1.linear2.weight: Parameter containing:
tensor([[ 0.0098, -0.0305,  0.0716,  0.2248,  0.3349,  0.2245,  0.3357, -0.0256],
        [-0.3176, -0.1676,  0.2407, -0.0023, -0.1757, -0.2709, -0.3309, -0.2984],
        [-0.0717,  0.1939,  0.1911, -0.3410,  0.2205, -0.2767, -0.0747, -0.1434],
        [-0.0681, -0.0694, -0.3173, -0.3053, -0.0553,  0.0046, -0.1606,  0.1332],
        [-0.3182, -0.0239,  0.3109, -0.1442,  0.3193,  0.1280, -0.3191,  0.2237],
        [-0.0408, -0.1578,  0.2827, -0.2857,  0.0379, -0.0740,  0.2525,  0.0987],
        [ 0.1699,  0.1249, -0.0850, -0.0744, -0.2914,  0.1916,  0.2807,  0.2419],
        [-0.2494,  0.0158, -0.2492, -0.1946, -0.2060,  0.1208, -0.2107, -0.0077]],
       device='cuda:0', requires_grad=True)
Weight shape for gnn_layers.2.linear1.weight: torch.Size([8, 8])
Weights for gnn_layers.2.linear1.weight: Parameter containing:
tensor([[ 0.0149,  0.2279, -0.2673, -0.2427, -0.2053,  0.2475, -0.1271,  0.2982],
        [ 0.1278,  0.0448, -0.0026, -0.0699,  0.0444, -0.0807, -0.0025,  0.0451],
        [-0.2766, -0.1853,  0.2855, -0.2869, -0.0254,  0.3497,  0.1277,  0.0100],
        [-0.3064,  0.1751, -0.2518, -0.1004, -0.1186, -0.0524,  0.0039,  0.2916],
        [ 0.0441,  0.3167,  0.2163, -0.2235,  0.1586, -0.2499, -0.1498,  0.1040],
        [ 0.1167,  0.2652, -0.1138,  0.0006,  0.1820, -0.3419,  0.2556, -0.2924],
        [ 0.0049, -0.0601, -0.1862,  0.0467,  0.2924, -0.1034, -0.2099, -0.1308],
        [-0.3504,  0.1596, -0.1698, -0.2359, -0.2037,  0.2033,  0.1872,  0.2714]],
       device='cuda:0', requires_grad=True)
Weight shape for gnn_layers.2.linear2.weight: torch.Size([1, 8])
Weights for gnn_layers.2.linear2.weight: Parameter containing:
tensor([[ 0.1282, -0.1181, -0.0988,  0.1045,  0.2906,  0.0961, -0.1673, -0.1662]],
       device='cuda:0', requires_grad=True)
Epoch 10: loss=0.0000
Epoch 20: loss=0.0000
Epoch 30: loss=0.0000
Epoch 40: loss=0.0000
Epoch 50: loss=0.0000
Epoch 60: loss=0.0000
Epoch 70: loss=0.0000
Epoch 80: loss=0.0000
Epoch 90: loss=0.0000
Epoch 100: loss=0.0000
Epoch 110: loss=0.0000
Epoch 120: loss=0.0000
Epoch 130: loss=0.0000
Epoch 140: loss=0.0000
Epoch 150: loss=0.0000
Epoch 160: loss=0.0000
Epoch 170: loss=0.0000
Epoch 180: loss=0.0000
Epoch 190: loss=0.0000
Epoch 200: loss=0.0000
small_test : 4.789827289641834e-07, medium_test 5.6683313687244664e-08
value out tensor([[3.9885, 3.9885, 3.9885, 3.9885, 3.9885, 3.9885, 3.9884, 3.9885]],
       device='cuda:0')
value hidden tensor([[4.9998, 4.9998, 4.9998,  ..., 4.9998, 4.9998, 4.9999],
        [6.9997, 6.9998, 6.9997,  ..., 6.9997, 6.9997, 6.9998],
        [3.9998, 3.9999, 3.9998,  ..., 3.9998, 3.9998, 3.9999],
        ...,
        [2.9999, 2.9999, 2.9999,  ..., 2.9999, 2.9999, 2.9999],
        [2.9999, 2.9999, 2.9999,  ..., 2.9999, 2.9999, 2.9999],
        [1.9999, 1.9999, 1.9999,  ..., 1.9999, 1.9999, 1.9999]],
       device='cuda:0')
graph loss : 2.0051066940141027e-07
label tensor([3.9886], device='cuda:0')
Number of edges: 1404
Number of nodes: 352
Degrees: [5, 7, 4, 5, 6, 2, 6, 3, 3, 3, 1, 6, 2, 4, 3, 3, 6, 5, 8, 3, 6, 5, 5, 8, 0, 5, 2, 5, 3, 6, 5, 7, 1, 4, 5, 3, 0, 3, 1, 4, 4, 5, 5, 6, 5, 2, 4, 3, 4, 3, 7, 2, 3, 4, 5, 3, 1, 1, 3, 8, 4, 3, 1, 3, 4, 7, 3, 2, 1, 2, 6, 8, 4, 7, 4, 4, 6, 1, 5, 2, 5, 8, 1, 4, 1, 3, 5, 1, 3, 3, 3, 4, 4, 3, 4, 1, 7, 4, 4, 3, 4, 4, 5, 4, 3, 7, 3, 4, 7, 2, 5, 3, 2, 3, 3, 2, 7, 7, 5, 6, 2, 4, 3, 4, 3, 4, 1, 2, 3, 8, 8, 3, 3, 0, 6, 7, 4, 7, 0, 4, 1, 5, 5, 2, 5, 2, 3, 2, 6, 6, 3, 6, 0, 6, 1, 6, 3, 6, 3, 6, 6, 3, 1, 1, 4, 6, 7, 1, 1, 7, 3, 2, 3, 4, 2, 2, 2, 1, 5, 1, 2, 3, 1, 5, 5, 3, 4, 3, 4, 5, 3, 6, 7, 3, 2, 2, 3, 3, 5, 2, 1, 1, 4, 5, 6, 6, 3, 5, 6, 4, 4, 4, 2, 6, 8, 8, 3, 7, 6, 3, 2, 2, 6, 3, 3, 4, 12, 0, 3, 4, 6, 2, 1, 3, 6, 4, 3, 7, 4, 1, 3, 6, 4, 3, 5, 4, 3, 3, 2, 0, 2, 7, 4, 5, 3, 4, 7, 5, 2, 3, 4, 5, 5, 8, 3, 6, 7, 4, 4, 4, 7, 3, 4, 1, 5, 5, 3, 2, 5, 5, 7, 3, 5, 2, 5, 5, 6, 3, 4, 1, 6, 1, 6, 4, 4, 6, 3, 4, 8, 7, 2, 0, 5, 2, 3, 4, 5, 8, 2, 4, 6, 7, 4, 4, 5, 3, 3, 4, 3, 6, 7, 4, 2, 5, 2, 3, 2, 4, 3, 6, 3, 8, 1, 5, 4, 5, 3, 6, 2, 7, 6, 9, 4, 3, 3, 5, 6, 7, 7, 3, 3, 2]
Weight shape for gnn_layers.0.linear1.weight: torch.Size([8, 1])
Weights for gnn_layers.0.linear1.weight: Parameter containing:
tensor([[ 0.5957],
        [-0.1985],
        [-0.8402],
        [ 0.4903],
        [-0.2691],
        [-0.0661],
        [-0.5031],
        [ 0.6488]], device='cuda:0', requires_grad=True)
Weight shape for gnn_layers.0.linear2.weight: torch.Size([8, 8])
Weights for gnn_layers.0.linear2.weight: Parameter containing:
tensor([[ 6.1005e-01, -1.2818e-05, -3.9834e-01,  5.6166e-01,  1.6131e-01,
          5.3359e-01, -9.8473e-02,  5.5669e-01],
        [ 6.2782e-01, -4.0137e-06, -4.2222e-01,  6.6556e-01,  1.9439e-01,
          5.0122e-01, -9.3523e-02,  4.6187e-01],
        [ 3.5572e-01, -5.9317e-05,  1.9153e-01,  6.1579e-01, -2.2246e-01,
          5.0214e-01, -4.2686e-02,  7.4929e-01],
        [ 8.1890e-01, -1.3088e-06, -3.8998e-01,  4.2666e-01,  7.1103e-02,
          6.6494e-01, -9.4487e-02,  4.6695e-01],
        [ 7.6634e-01, -6.6383e-05,  2.0731e-01,  4.2648e-01, -2.2633e-01,
          4.2811e-01, -4.5672e-02,  5.1534e-01],
        [ 4.5692e-01, -1.4252e-05, -3.5241e-01,  3.7728e-01,  1.0818e-01,
          5.6952e-01, -8.2899e-02,  8.3659e-01],
        [ 4.4440e-01, -4.9416e-05,  2.0031e-01,  5.4017e-01, -2.8593e-01,
          5.0745e-01, -4.1865e-02,  7.2500e-01],
        [ 4.6339e-01,  8.8482e-14, -4.5597e-01,  6.9676e-01, -2.0234e-02,
          6.4425e-01, -5.3497e-02,  5.8928e-01]], device='cuda:0',
       requires_grad=True)
Weight shape for gnn_layers.1.linear1.weight: torch.Size([8, 8])
Weights for gnn_layers.1.linear1.weight: Parameter containing:
tensor([[ 0.1727,  0.0202,  0.1161,  0.0777,  0.1286,  0.1753, -0.3274,  0.1780],
        [-0.2486, -0.2668,  0.0215, -0.0602,  0.2077, -0.2048, -0.3143,  0.2573],
        [-0.0524,  0.1989,  0.1137, -0.2651,  0.0710,  0.0849, -0.2367, -0.1678],
        [ 0.1206,  0.0633, -0.1504, -0.1070,  0.3238, -0.0654,  0.1993,  0.1531],
        [-0.2285, -0.3007,  0.3394,  0.0185,  0.2423,  0.0733,  0.1137,  0.2641],
        [ 0.3352, -0.2346,  0.0442,  0.2638,  0.2561,  0.2196, -0.2559, -0.2546],
        [-0.2138,  0.0444,  0.3524, -0.2233,  0.1884, -0.1957, -0.3324, -0.0751],
        [ 0.2037,  0.3282, -0.2196,  0.0767,  0.3051,  0.2343,  0.2203,  0.2512]],
       device='cuda:0', requires_grad=True)
Weight shape for gnn_layers.1.linear2.weight: torch.Size([8, 8])
Weights for gnn_layers.1.linear2.weight: Parameter containing:
tensor([[ 0.2236,  0.0913, -0.2418, -0.2969, -0.1620, -0.0412, -0.2167,  0.1293],
        [ 0.1094, -0.0801,  0.1359,  0.1143,  0.2159,  0.2381, -0.1197,  0.3454],
        [-0.0409, -0.0121, -0.3337, -0.2276, -0.2065, -0.1512,  0.2514, -0.1155],
        [-0.2642,  0.1360,  0.1132,  0.2290, -0.1830,  0.0767, -0.1287, -0.0794],
        [-0.2818, -0.1611, -0.1083,  0.1512,  0.0646,  0.0873,  0.3529,  0.3446],
        [ 0.2411,  0.0113, -0.2446,  0.2763, -0.0884, -0.0286, -0.3046, -0.0698],
        [-0.2280,  0.3249, -0.3057, -0.2756, -0.0120, -0.1912,  0.1265, -0.1361],
        [-0.1661,  0.0200,  0.2559, -0.2487,  0.1660,  0.2271,  0.3458, -0.2475]],
       device='cuda:0', requires_grad=True)
Weight shape for gnn_layers.2.linear1.weight: torch.Size([8, 8])
Weights for gnn_layers.2.linear1.weight: Parameter containing:
tensor([[ 0.0856, -0.2614,  0.3018, -0.1371,  0.2130,  0.0105, -0.0275, -0.0113],
        [ 0.0601,  0.1667,  0.0567,  0.1079, -0.3180,  0.2576,  0.3083,  0.2922],
        [ 0.2614, -0.2551, -0.1311,  0.3117, -0.2693,  0.3208, -0.2781, -0.2490],
        [ 0.1728, -0.2540, -0.0810,  0.2572,  0.2800,  0.3344, -0.0717, -0.2748],
        [ 0.3481, -0.0753, -0.1455,  0.0862, -0.2472,  0.2324,  0.2216, -0.2805],
        [-0.2904, -0.0310,  0.1485, -0.0102, -0.1793,  0.0081, -0.3323, -0.2499],
        [-0.2354,  0.2912,  0.3117, -0.1201,  0.0159,  0.1577,  0.0424, -0.1770],
        [ 0.2039,  0.2173, -0.0205, -0.0435,  0.3213,  0.3091, -0.2005,  0.3459]],
       device='cuda:0', requires_grad=True)
Weight shape for gnn_layers.2.linear2.weight: torch.Size([1, 8])
Weights for gnn_layers.2.linear2.weight: Parameter containing:
tensor([[ 0.0875, -0.2349,  0.1935, -0.2640,  0.3267, -0.2273,  0.1000,  0.1077]],
       device='cuda:0', requires_grad=True)
Epoch 10: loss=0.0000
Epoch 20: loss=0.0000
Epoch 30: loss=0.0000
Epoch 40: loss=0.0000
Epoch 50: loss=0.0000
Epoch 60: loss=0.0000
Epoch 70: loss=0.0000
Epoch 80: loss=0.0000
Epoch 90: loss=0.0000
Epoch 100: loss=0.0000
Epoch 110: loss=0.0000
Epoch 120: loss=0.0000
Epoch 130: loss=0.0000
Epoch 140: loss=0.0000
Epoch 150: loss=0.0000
Epoch 160: loss=0.0000
Epoch 170: loss=0.0000
Epoch 180: loss=0.0000
Epoch 190: loss=0.0000
Epoch 200: loss=0.0000
small_test : 9.737569052958861e-07, medium_test 1.1299546258669579e-07
value out tensor([[3.9884, 3.9884, 3.9885, 3.9884, 3.9884, 3.9884, 3.9884, 3.9884]],
       device='cuda:0')
value hidden tensor([[4.9997, 4.9997, 4.9998,  ..., 4.9997, 4.9997, 4.9997],
        [6.9996, 6.9996, 6.9998,  ..., 6.9996, 6.9996, 6.9995],
        [3.9997, 3.9998, 3.9999,  ..., 3.9998, 3.9998, 3.9997],
        ...,
        [2.9998, 2.9998, 2.9999,  ..., 2.9998, 2.9998, 2.9998],
        [2.9998, 2.9998, 2.9999,  ..., 2.9998, 2.9998, 2.9998],
        [1.9999, 1.9999, 1.9999,  ..., 1.9999, 1.9999, 1.9999]],
       device='cuda:0')
graph loss : 3.9565594533996773e-07
label tensor([3.9886], device='cuda:0')
Number of edges: 1404
Number of nodes: 352
Degrees: [5, 7, 4, 5, 6, 2, 6, 3, 3, 3, 1, 6, 2, 4, 3, 3, 6, 5, 8, 3, 6, 5, 5, 8, 0, 5, 2, 5, 3, 6, 5, 7, 1, 4, 5, 3, 0, 3, 1, 4, 4, 5, 5, 6, 5, 2, 4, 3, 4, 3, 7, 2, 3, 4, 5, 3, 1, 1, 3, 8, 4, 3, 1, 3, 4, 7, 3, 2, 1, 2, 6, 8, 4, 7, 4, 4, 6, 1, 5, 2, 5, 8, 1, 4, 1, 3, 5, 1, 3, 3, 3, 4, 4, 3, 4, 1, 7, 4, 4, 3, 4, 4, 5, 4, 3, 7, 3, 4, 7, 2, 5, 3, 2, 3, 3, 2, 7, 7, 5, 6, 2, 4, 3, 4, 3, 4, 1, 2, 3, 8, 8, 3, 3, 0, 6, 7, 4, 7, 0, 4, 1, 5, 5, 2, 5, 2, 3, 2, 6, 6, 3, 6, 0, 6, 1, 6, 3, 6, 3, 6, 6, 3, 1, 1, 4, 6, 7, 1, 1, 7, 3, 2, 3, 4, 2, 2, 2, 1, 5, 1, 2, 3, 1, 5, 5, 3, 4, 3, 4, 5, 3, 6, 7, 3, 2, 2, 3, 3, 5, 2, 1, 1, 4, 5, 6, 6, 3, 5, 6, 4, 4, 4, 2, 6, 8, 8, 3, 7, 6, 3, 2, 2, 6, 3, 3, 4, 12, 0, 3, 4, 6, 2, 1, 3, 6, 4, 3, 7, 4, 1, 3, 6, 4, 3, 5, 4, 3, 3, 2, 0, 2, 7, 4, 5, 3, 4, 7, 5, 2, 3, 4, 5, 5, 8, 3, 6, 7, 4, 4, 4, 7, 3, 4, 1, 5, 5, 3, 2, 5, 5, 7, 3, 5, 2, 5, 5, 6, 3, 4, 1, 6, 1, 6, 4, 4, 6, 3, 4, 8, 7, 2, 0, 5, 2, 3, 4, 5, 8, 2, 4, 6, 7, 4, 4, 5, 3, 3, 4, 3, 6, 7, 4, 2, 5, 2, 3, 2, 4, 3, 6, 3, 8, 1, 5, 4, 5, 3, 6, 2, 7, 6, 9, 4, 3, 3, 5, 6, 7, 7, 3, 3, 2]
Weight shape for gnn_layers.0.linear1.weight: torch.Size([8, 1])
Weights for gnn_layers.0.linear1.weight: Parameter containing:
tensor([[ 0.5346],
        [-0.1864],
        [ 0.5663],
        [-0.3615],
        [ 0.3534],
        [ 0.4277],
        [-0.3068],
        [ 0.2266]], device='cuda:0', requires_grad=True)
Weight shape for gnn_layers.0.linear2.weight: torch.Size([8, 8])
Weights for gnn_layers.0.linear2.weight: Parameter containing:
tensor([[ 4.7725e-01,  3.6437e-05,  4.7340e-01, -3.6700e-01,  3.3493e-01,
          6.2824e-01,  5.6323e-02,  3.9572e-01],
        [ 6.9849e-01,  1.4416e-02,  4.7163e-01,  1.2594e-01,  3.0228e-01,
          5.5252e-01,  1.2701e-01,  7.2034e-02],
        [ 5.5978e-01,  2.3664e-02,  6.1664e-01,  4.7247e-02,  5.1139e-01,
          4.7928e-01,  1.0815e-01, -1.5093e-01],
        [ 5.4897e-01,  1.9066e-03,  5.1980e-01, -2.4901e-01,  6.3646e-01,
          3.3341e-01,  9.4675e-02,  1.9681e-01],
        [ 3.3780e-01,  6.6495e-05,  6.0288e-01, -2.4700e-01,  4.9291e-01,
          5.5759e-01,  5.8161e-02,  2.8812e-01],
        [ 3.9229e-01,  4.3766e-38,  5.4481e-01, -2.5631e-01,  5.2523e-01,
          4.7180e-01,  2.2344e-02,  4.1623e-01],
        [ 4.8796e-01,  6.1506e-03,  6.2006e-01,  7.2302e-02,  7.4329e-01,
          2.7295e-01,  9.4011e-02,  3.7709e-02],
        [ 6.5347e-01,  3.9367e-07,  4.9818e-01, -5.3672e-01,  2.5757e-01,
          4.7857e-01,  3.6897e-02,  3.2115e-01]], device='cuda:0',
       requires_grad=True)
Weight shape for gnn_layers.1.linear1.weight: torch.Size([8, 8])
Weights for gnn_layers.1.linear1.weight: Parameter containing:
tensor([[-0.2325,  0.1118, -0.0134,  0.0623,  0.0343, -0.3305, -0.0759, -0.2235],
        [ 0.3006, -0.0434, -0.3520,  0.0856,  0.1535, -0.1583, -0.0332,  0.1528],
        [-0.2200, -0.1869, -0.0341, -0.2483,  0.2173,  0.0289,  0.2115,  0.1893],
        [-0.2725, -0.2204, -0.2418, -0.1136, -0.1292, -0.0570, -0.3420,  0.1493],
        [ 0.2006,  0.1121,  0.2247,  0.2656, -0.3490,  0.0534,  0.3280, -0.2562],
        [-0.1574, -0.0186, -0.2199, -0.0666, -0.0522,  0.3150, -0.0222,  0.1917],
        [ 0.2589,  0.1575, -0.3075,  0.2650,  0.2332, -0.2534, -0.1261,  0.2406],
        [-0.3437, -0.3099, -0.2396,  0.1102, -0.1444, -0.3153,  0.1370,  0.1788]],
       device='cuda:0', requires_grad=True)
Weight shape for gnn_layers.1.linear2.weight: torch.Size([8, 8])
Weights for gnn_layers.1.linear2.weight: Parameter containing:
tensor([[ 0.1324, -0.3029,  0.3443, -0.0267, -0.3365, -0.0532,  0.2309,  0.1628],
        [-0.0038,  0.2492, -0.3226,  0.2453,  0.3510, -0.2150,  0.0758, -0.0570],
        [-0.2985, -0.0031, -0.1185, -0.3020, -0.2576,  0.0077,  0.3278,  0.1266],
        [-0.2352,  0.2439,  0.0290, -0.3455,  0.0168,  0.2270, -0.2079, -0.0163],
        [-0.1761, -0.2788, -0.2009,  0.0355,  0.2285, -0.0657, -0.3180, -0.0030],
        [-0.3075,  0.0208,  0.2621,  0.1509, -0.2162, -0.0780,  0.1416,  0.0959],
        [-0.3321, -0.2061, -0.1250,  0.1299,  0.3159,  0.1575,  0.1336, -0.3000],
        [ 0.2288,  0.1266, -0.1137, -0.1696,  0.1005, -0.1916,  0.1435,  0.2704]],
       device='cuda:0', requires_grad=True)
Weight shape for gnn_layers.2.linear1.weight: torch.Size([8, 8])
Weights for gnn_layers.2.linear1.weight: Parameter containing:
tensor([[-0.2333, -0.2205, -0.1469, -0.3027, -0.0405,  0.2202,  0.1323, -0.1139],
        [-0.0439, -0.1537, -0.2854, -0.0965,  0.0244, -0.1793, -0.2649,  0.1033],
        [ 0.0521, -0.1100,  0.0968,  0.3268,  0.0193, -0.2423,  0.3269,  0.2544],
        [-0.0337, -0.1597, -0.1492,  0.3083,  0.1847, -0.1818,  0.0141,  0.0725],
        [ 0.0935, -0.0200, -0.1850, -0.0109, -0.0977, -0.1187, -0.1753, -0.1714],
        [-0.1666,  0.1393, -0.2989, -0.3363,  0.3024,  0.1269,  0.1955,  0.1542],
        [-0.1349, -0.2221, -0.2410, -0.0223,  0.0877, -0.3312, -0.2715,  0.1990],
        [ 0.0453,  0.2332,  0.3149,  0.2149, -0.0751, -0.1573,  0.1000,  0.2876]],
       device='cuda:0', requires_grad=True)
Weight shape for gnn_layers.2.linear2.weight: torch.Size([1, 8])
Weights for gnn_layers.2.linear2.weight: Parameter containing:
tensor([[-0.3390,  0.0949, -0.2726, -0.2811,  0.1279,  0.1798,  0.1210,  0.1028]],
       device='cuda:0', requires_grad=True)
Epoch 10: loss=0.0000
Epoch 20: loss=0.0000
Epoch 30: loss=0.0000
Epoch 40: loss=0.0000
Epoch 50: loss=0.0000
Epoch 60: loss=0.0000
Epoch 70: loss=0.0000
Epoch 80: loss=0.0000
Epoch 90: loss=0.0000
Epoch 100: loss=0.0000
Epoch 110: loss=0.0000
Epoch 120: loss=0.0000
Epoch 130: loss=0.0000
Epoch 140: loss=0.0000
Epoch 150: loss=0.0000
Epoch 160: loss=0.0000
Epoch 170: loss=0.0000
Epoch 180: loss=0.0000
Epoch 190: loss=0.0000
Epoch 200: loss=0.0000
small_test : 8.3699167589657e-07, medium_test 8.864929895935347e-08
value out tensor([[3.9884, 3.9885, 3.9884, 3.9884, 3.9884, 3.9884, 3.9884, 3.9884]],
       device='cuda:0')
value hidden tensor([[4.9997, 4.9998, 4.9997,  ..., 4.9998, 4.9998, 4.9997],
        [6.9996, 6.9997, 6.9996,  ..., 6.9997, 6.9997, 6.9996],
        [3.9998, 3.9998, 3.9998,  ..., 3.9998, 3.9998, 3.9998],
        ...,
        [2.9998, 2.9999, 2.9998,  ..., 2.9999, 2.9999, 2.9998],
        [2.9998, 2.9999, 2.9998,  ..., 2.9999, 2.9999, 2.9998],
        [1.9999, 1.9999, 1.9999,  ..., 1.9999, 1.9999, 1.9999]],
       device='cuda:0')
graph loss : 3.1669031841374817e-07
label tensor([3.9886], device='cuda:0')
Number of edges: 1404
Number of nodes: 352
Degrees: [5, 7, 4, 5, 6, 2, 6, 3, 3, 3, 1, 6, 2, 4, 3, 3, 6, 5, 8, 3, 6, 5, 5, 8, 0, 5, 2, 5, 3, 6, 5, 7, 1, 4, 5, 3, 0, 3, 1, 4, 4, 5, 5, 6, 5, 2, 4, 3, 4, 3, 7, 2, 3, 4, 5, 3, 1, 1, 3, 8, 4, 3, 1, 3, 4, 7, 3, 2, 1, 2, 6, 8, 4, 7, 4, 4, 6, 1, 5, 2, 5, 8, 1, 4, 1, 3, 5, 1, 3, 3, 3, 4, 4, 3, 4, 1, 7, 4, 4, 3, 4, 4, 5, 4, 3, 7, 3, 4, 7, 2, 5, 3, 2, 3, 3, 2, 7, 7, 5, 6, 2, 4, 3, 4, 3, 4, 1, 2, 3, 8, 8, 3, 3, 0, 6, 7, 4, 7, 0, 4, 1, 5, 5, 2, 5, 2, 3, 2, 6, 6, 3, 6, 0, 6, 1, 6, 3, 6, 3, 6, 6, 3, 1, 1, 4, 6, 7, 1, 1, 7, 3, 2, 3, 4, 2, 2, 2, 1, 5, 1, 2, 3, 1, 5, 5, 3, 4, 3, 4, 5, 3, 6, 7, 3, 2, 2, 3, 3, 5, 2, 1, 1, 4, 5, 6, 6, 3, 5, 6, 4, 4, 4, 2, 6, 8, 8, 3, 7, 6, 3, 2, 2, 6, 3, 3, 4, 12, 0, 3, 4, 6, 2, 1, 3, 6, 4, 3, 7, 4, 1, 3, 6, 4, 3, 5, 4, 3, 3, 2, 0, 2, 7, 4, 5, 3, 4, 7, 5, 2, 3, 4, 5, 5, 8, 3, 6, 7, 4, 4, 4, 7, 3, 4, 1, 5, 5, 3, 2, 5, 5, 7, 3, 5, 2, 5, 5, 6, 3, 4, 1, 6, 1, 6, 4, 4, 6, 3, 4, 8, 7, 2, 0, 5, 2, 3, 4, 5, 8, 2, 4, 6, 7, 4, 4, 5, 3, 3, 4, 3, 6, 7, 4, 2, 5, 2, 3, 2, 4, 3, 6, 3, 8, 1, 5, 4, 5, 3, 6, 2, 7, 6, 9, 4, 3, 3, 5, 6, 7, 7, 3, 3, 2]
Weight shape for gnn_layers.0.linear1.weight: torch.Size([8, 1])
Weights for gnn_layers.0.linear1.weight: Parameter containing:
tensor([[-0.3891],
        [-0.5055],
        [-0.1859],
        [-0.5597],
        [ 0.1247],
        [-0.1488],
        [ 0.4529],
        [ 0.7578]], device='cuda:0', requires_grad=True)
Weight shape for gnn_layers.0.linear2.weight: torch.Size([8, 8])
Weights for gnn_layers.0.linear2.weight: Parameter containing:
tensor([[ 3.2515e-02, -1.0396e-02,  8.3644e-03,  5.3670e-02,  2.1078e-01,
         -4.1089e-05,  6.4226e-01,  9.0101e-01],
        [ 1.9113e-01,  3.7162e-01,  1.3806e-03,  2.5624e-01,  3.1148e-01,
         -1.2177e-04,  1.1638e+00,  5.7275e-01],
        [ 1.2385e-01,  3.6315e-01,  2.9464e-04,  1.6124e-01,  1.1682e-03,
         -2.3843e-04,  5.9238e-01,  9.6531e-01],
        [ 7.8783e-02,  3.1716e-01,  1.8239e-03,  8.9864e-02,  2.4899e-01,
         -2.0367e-04,  6.8751e-01,  8.6767e-01],
        [ 6.4039e-02,  1.9531e-01,  4.1625e-03,  8.0614e-02,  3.8804e-01,
         -1.4331e-04,  6.8350e-01,  8.4719e-01],
        [ 3.1522e-01,  5.6913e-01, -7.1129e-11,  3.7533e-01,  1.6757e-01,
         -2.4991e-04,  8.5793e-01,  7.7921e-01],
        [ 8.7406e-02,  1.5152e-01,  5.5191e-03,  1.0785e-01,  5.0056e-01,
         -8.8651e-05,  7.0076e-01,  8.1836e-01],
        [ 2.5745e-01,  7.0081e-01,  1.5672e-20,  3.2345e-01,  1.3164e-01,
         -3.3005e-04,  6.5359e-01,  9.0726e-01]], device='cuda:0',
       requires_grad=True)
Weight shape for gnn_layers.1.linear1.weight: torch.Size([8, 8])
Weights for gnn_layers.1.linear1.weight: Parameter containing:
tensor([[-0.1604,  0.0053,  0.2172,  0.1222,  0.0428,  0.2956,  0.0806,  0.2379],
        [-0.3047, -0.3047, -0.3191,  0.0200,  0.3000, -0.3085,  0.1407, -0.3120],
        [-0.2350, -0.1206, -0.1438,  0.1044, -0.2965,  0.3496,  0.0515,  0.1233],
        [-0.2388,  0.1951, -0.0826, -0.1759,  0.0601,  0.1471,  0.0374, -0.1237],
        [ 0.0657, -0.1368, -0.1197, -0.1314,  0.2106, -0.2471,  0.1535,  0.1833],
        [-0.2349, -0.2685, -0.2354, -0.2991,  0.2968,  0.3116, -0.0494,  0.3315],
        [ 0.1001, -0.3468, -0.3235, -0.1707, -0.3527, -0.1622,  0.0956, -0.0079],
        [-0.0660,  0.0217,  0.3232,  0.0038,  0.1778, -0.0852, -0.2652,  0.0692]],
       device='cuda:0', requires_grad=True)
Weight shape for gnn_layers.1.linear2.weight: torch.Size([8, 8])
Weights for gnn_layers.1.linear2.weight: Parameter containing:
tensor([[ 0.1628,  0.2056, -0.3327, -0.0468, -0.3407,  0.0043,  0.0156,  0.1151],
        [-0.1213, -0.0516,  0.0868, -0.3425,  0.1739,  0.3418, -0.2516,  0.3448],
        [ 0.0537,  0.3498,  0.3096, -0.3027,  0.2662,  0.0121,  0.0896, -0.1283],
        [-0.2834,  0.0338,  0.0984,  0.1778, -0.2966, -0.3421,  0.1682, -0.0708],
        [-0.0052, -0.0917,  0.0007,  0.0584, -0.3265,  0.1304,  0.0389,  0.1632],
        [-0.1826,  0.2573,  0.2358, -0.1776,  0.3096,  0.0455,  0.3121,  0.3214],
        [ 0.0554,  0.0572,  0.1107,  0.2271, -0.3228,  0.0022,  0.3378, -0.2496],
        [-0.1991,  0.0370,  0.1278,  0.1899,  0.0199,  0.0834, -0.1602,  0.3349]],
       device='cuda:0', requires_grad=True)
Weight shape for gnn_layers.2.linear1.weight: torch.Size([8, 8])
Weights for gnn_layers.2.linear1.weight: Parameter containing:
tensor([[-0.2330,  0.2299,  0.1919,  0.3088,  0.3138, -0.1173,  0.2526, -0.2580],
        [ 0.2466, -0.2176, -0.2403, -0.2393,  0.3440,  0.1045, -0.2464, -0.2652],
        [ 0.0366, -0.0763,  0.0921,  0.2225, -0.2234, -0.3211,  0.0364,  0.2357],
        [ 0.2152, -0.0051, -0.0943,  0.1127,  0.2458, -0.3045, -0.0335,  0.2673],
        [ 0.2724,  0.3274,  0.1365,  0.3491, -0.3419,  0.0669,  0.0508,  0.2438],
        [ 0.0704,  0.2264, -0.3102, -0.0383,  0.1325,  0.2268,  0.0838,  0.2284],
        [-0.1104, -0.0304,  0.3317,  0.2358,  0.2482, -0.3064, -0.0048, -0.3073],
        [ 0.3210,  0.2862,  0.1975, -0.2174, -0.2015, -0.2307,  0.1308,  0.2898]],
       device='cuda:0', requires_grad=True)
Weight shape for gnn_layers.2.linear2.weight: torch.Size([1, 8])
Weights for gnn_layers.2.linear2.weight: Parameter containing:
tensor([[-0.0461, -0.3332, -0.0775,  0.0428,  0.0202,  0.1921,  0.1049, -0.0966]],
       device='cuda:0', requires_grad=True)
Epoch 10: loss=0.0000
Epoch 20: loss=0.0000
Epoch 30: loss=0.0000
Epoch 40: loss=0.0000
Epoch 50: loss=0.0000
Epoch 60: loss=0.0000
Epoch 70: loss=0.0000
Epoch 80: loss=0.0000
Epoch 90: loss=0.0000
Epoch 100: loss=0.0000
Epoch 110: loss=0.0000
Epoch 120: loss=0.0000
Epoch 130: loss=0.0000
Epoch 140: loss=0.0000
Epoch 150: loss=0.0000
Epoch 160: loss=0.0000
Epoch 170: loss=0.0000
Epoch 180: loss=0.0000
Epoch 190: loss=0.0000
Epoch 200: loss=0.0000
small_test : 7.460118285962381e-07, medium_test 8.01215674073319e-08
value out tensor([[3.9884, 3.9885, 3.9884, 3.9884, 3.9884, 3.9884, 3.9884, 3.9885]],
       device='cuda:0')
value hidden tensor([[4.9998, 4.9998, 4.9998,  ..., 4.9997, 4.9998, 4.9998],
        [6.9997, 6.9997, 6.9997,  ..., 6.9996, 6.9997, 6.9997],
        [3.9998, 3.9999, 3.9998,  ..., 3.9998, 3.9998, 3.9998],
        ...,
        [2.9999, 2.9999, 2.9999,  ..., 2.9998, 2.9999, 2.9999],
        [2.9999, 2.9999, 2.9999,  ..., 2.9998, 2.9999, 2.9999],
        [1.9999, 1.9999, 1.9999,  ..., 1.9999, 1.9999, 1.9999]],
       device='cuda:0')
graph loss : 2.863888539650361e-07
label tensor([3.9886], device='cuda:0')
Number of edges: 1404
Number of nodes: 352
Degrees: [5, 7, 4, 5, 6, 2, 6, 3, 3, 3, 1, 6, 2, 4, 3, 3, 6, 5, 8, 3, 6, 5, 5, 8, 0, 5, 2, 5, 3, 6, 5, 7, 1, 4, 5, 3, 0, 3, 1, 4, 4, 5, 5, 6, 5, 2, 4, 3, 4, 3, 7, 2, 3, 4, 5, 3, 1, 1, 3, 8, 4, 3, 1, 3, 4, 7, 3, 2, 1, 2, 6, 8, 4, 7, 4, 4, 6, 1, 5, 2, 5, 8, 1, 4, 1, 3, 5, 1, 3, 3, 3, 4, 4, 3, 4, 1, 7, 4, 4, 3, 4, 4, 5, 4, 3, 7, 3, 4, 7, 2, 5, 3, 2, 3, 3, 2, 7, 7, 5, 6, 2, 4, 3, 4, 3, 4, 1, 2, 3, 8, 8, 3, 3, 0, 6, 7, 4, 7, 0, 4, 1, 5, 5, 2, 5, 2, 3, 2, 6, 6, 3, 6, 0, 6, 1, 6, 3, 6, 3, 6, 6, 3, 1, 1, 4, 6, 7, 1, 1, 7, 3, 2, 3, 4, 2, 2, 2, 1, 5, 1, 2, 3, 1, 5, 5, 3, 4, 3, 4, 5, 3, 6, 7, 3, 2, 2, 3, 3, 5, 2, 1, 1, 4, 5, 6, 6, 3, 5, 6, 4, 4, 4, 2, 6, 8, 8, 3, 7, 6, 3, 2, 2, 6, 3, 3, 4, 12, 0, 3, 4, 6, 2, 1, 3, 6, 4, 3, 7, 4, 1, 3, 6, 4, 3, 5, 4, 3, 3, 2, 0, 2, 7, 4, 5, 3, 4, 7, 5, 2, 3, 4, 5, 5, 8, 3, 6, 7, 4, 4, 4, 7, 3, 4, 1, 5, 5, 3, 2, 5, 5, 7, 3, 5, 2, 5, 5, 6, 3, 4, 1, 6, 1, 6, 4, 4, 6, 3, 4, 8, 7, 2, 0, 5, 2, 3, 4, 5, 8, 2, 4, 6, 7, 4, 4, 5, 3, 3, 4, 3, 6, 7, 4, 2, 5, 2, 3, 2, 4, 3, 6, 3, 8, 1, 5, 4, 5, 3, 6, 2, 7, 6, 9, 4, 3, 3, 5, 6, 7, 7, 3, 3, 2]
Weight shape for gnn_layers.0.linear1.weight: torch.Size([8, 1])
Weights for gnn_layers.0.linear1.weight: Parameter containing:
tensor([[ 0.0958],
        [ 0.3385],
        [-0.1829],
        [ 0.0405],
        [-0.2297],
        [-0.2889],
        [ 0.6822],
        [ 0.8509]], device='cuda:0', requires_grad=True)
Weight shape for gnn_layers.0.linear2.weight: torch.Size([8, 8])
Weights for gnn_layers.0.linear2.weight: Parameter containing:
tensor([[ 9.0504e-02,  4.8190e-01,  6.9498e-22,  2.4463e-01,  4.1092e-15,
         -1.8982e-01,  4.5716e-01,  5.9509e-01],
        [ 2.9710e-01,  6.5559e-02, -1.5309e-33,  2.2133e-01, -1.3304e-20,
         -1.0906e-01,  6.5872e-01,  5.7697e-01],
        [ 3.5833e-01,  2.5943e-01, -1.6915e-19,  1.2998e-03,  1.0134e-15,
         -5.3169e-01,  5.8032e-01,  5.6628e-01],
        [-7.1350e-02,  3.7959e-01,  4.8778e-22,  9.5935e-02,  5.6678e-17,
         -3.0936e-01,  6.6909e-01,  4.9117e-01],
        [ 1.9311e-01,  4.5465e-01, -5.7734e-30,  2.7494e-01,  7.1229e-18,
         -8.5674e-02,  7.3204e-01,  3.7253e-01],
        [ 1.3303e-01,  5.3414e-01, -1.8354e-28,  4.9698e-03,  7.5428e-29,
          1.7488e-02,  3.0601e-01,  7.0212e-01],
        [ 2.5173e-01,  4.8718e-01,  3.2860e-42,  2.9572e-01, -1.4989e-19,
          9.0190e-02,  2.3529e-01,  7.5030e-01],
        [ 3.5069e-01,  4.8337e-01, -5.4144e-29, -2.9724e-02,  6.1553e-31,
          1.6912e-03,  7.4511e-01,  3.4741e-01]], device='cuda:0',
       requires_grad=True)
Weight shape for gnn_layers.1.linear1.weight: torch.Size([8, 8])
Weights for gnn_layers.1.linear1.weight: Parameter containing:
tensor([[-0.1786, -0.1665, -0.1922,  0.3011,  0.2000,  0.1456, -0.1060, -0.2869],
        [ 0.0752,  0.3267,  0.1573, -0.2854, -0.0313,  0.0144,  0.2244,  0.1494],
        [-0.2493, -0.3334,  0.1050,  0.1726,  0.2028,  0.2434,  0.3125, -0.1476],
        [-0.3439,  0.1731,  0.3410, -0.2575, -0.1780,  0.3027,  0.2761, -0.0338],
        [-0.2018,  0.0648, -0.3463, -0.1396, -0.0458, -0.0843,  0.1457,  0.0075],
        [-0.2786, -0.0347,  0.0328,  0.2209,  0.0199, -0.1233,  0.1377,  0.1629],
        [ 0.0671, -0.1899,  0.0956,  0.0505,  0.1985, -0.0966, -0.0230,  0.1845],
        [-0.0470,  0.1845, -0.0568,  0.3105, -0.0027, -0.0746,  0.1226, -0.0179]],
       device='cuda:0', requires_grad=True)
Weight shape for gnn_layers.1.linear2.weight: torch.Size([8, 8])
Weights for gnn_layers.1.linear2.weight: Parameter containing:
tensor([[ 0.2830, -0.0496,  0.2377, -0.0914,  0.0311,  0.1147, -0.3318,  0.0680],
        [ 0.1923,  0.1396,  0.0087, -0.0365,  0.1113,  0.1070, -0.1703,  0.1380],
        [-0.3028,  0.0139, -0.1216, -0.1479, -0.2867,  0.2779,  0.0326,  0.0243],
        [-0.0532, -0.1466, -0.2733,  0.0673, -0.2758, -0.1513,  0.1777,  0.2958],
        [-0.1130, -0.3483,  0.3458,  0.1914,  0.2551, -0.0645, -0.0729,  0.0346],
        [ 0.0865,  0.0091, -0.1835,  0.3158,  0.1651, -0.0319, -0.3012, -0.1741],
        [-0.1233, -0.0590,  0.0978, -0.0591,  0.1223, -0.2296, -0.0774,  0.1598],
        [ 0.3472, -0.2987,  0.0368,  0.1867, -0.0381,  0.0824,  0.2207, -0.3513]],
       device='cuda:0', requires_grad=True)
Weight shape for gnn_layers.2.linear1.weight: torch.Size([8, 8])
Weights for gnn_layers.2.linear1.weight: Parameter containing:
tensor([[ 0.2094, -0.3161,  0.0657,  0.2140, -0.1607,  0.0032, -0.3394, -0.0218],
        [ 0.1992,  0.1762,  0.0945, -0.0290, -0.1449,  0.2874,  0.1044,  0.1258],
        [ 0.1722, -0.0999, -0.0270,  0.3336,  0.3165, -0.3509, -0.3017, -0.1016],
        [ 0.0894, -0.1850,  0.1752, -0.3172, -0.0427,  0.2279, -0.0902, -0.0905],
        [ 0.0767,  0.2708,  0.0793,  0.0088, -0.0087, -0.2996, -0.1400,  0.3521],
        [-0.2366,  0.1668, -0.1228,  0.1197,  0.1570,  0.2500, -0.2194, -0.0449],
        [-0.2410,  0.0721, -0.1674,  0.0349, -0.2909, -0.0798, -0.2953, -0.2992],
        [ 0.1221,  0.0144, -0.1301, -0.1558,  0.3076,  0.0376,  0.0983,  0.3526]],
       device='cuda:0', requires_grad=True)
Weight shape for gnn_layers.2.linear2.weight: torch.Size([1, 8])
Weights for gnn_layers.2.linear2.weight: Parameter containing:
tensor([[ 0.3417, -0.0751,  0.1787, -0.0036, -0.2721,  0.2290, -0.0446, -0.0355]],
       device='cuda:0', requires_grad=True)
Epoch 10: loss=0.0000
Epoch 20: loss=0.0000
Epoch 30: loss=0.0000
Epoch 40: loss=0.0000
Epoch 50: loss=0.0000
Epoch 60: loss=0.0000
Epoch 70: loss=0.0000
Epoch 80: loss=0.0000
Epoch 90: loss=0.0000
Epoch 100: loss=0.0000
Epoch 110: loss=0.0000
Epoch 120: loss=0.0000
Epoch 130: loss=0.0000
Epoch 140: loss=0.0000
Epoch 150: loss=0.0000
Epoch 160: loss=0.0000
Epoch 170: loss=0.0000
Epoch 180: loss=0.0000
Epoch 190: loss=0.0000
Epoch 200: loss=0.0000
small_test : 7.635572910658084e-07, medium_test 9.195248367177555e-08
value out tensor([[3.9888, 3.9884, 3.9884, 3.9884, 3.9885, 3.9885, 3.9884, 3.9885]],
       device='cuda:0')
value hidden tensor([[5.0002, 4.9998, 4.9997,  ..., 4.9998, 4.9997, 4.9998],
        [7.0003, 6.9997, 6.9996,  ..., 6.9997, 6.9995, 6.9997],
        [4.0002, 3.9998, 3.9998,  ..., 3.9998, 3.9997, 3.9998],
        ...,
        [3.0001, 2.9999, 2.9998,  ..., 2.9999, 2.9998, 2.9999],
        [3.0001, 2.9999, 2.9998,  ..., 2.9999, 2.9998, 2.9999],
        [2.0001, 1.9999, 1.9999,  ..., 1.9999, 1.9999, 1.9999]],
       device='cuda:0')
graph loss : 3.1872394856691244e-07
label tensor([3.9886], device='cuda:0')
Number of edges: 1404
Number of nodes: 352
Degrees: [5, 7, 4, 5, 6, 2, 6, 3, 3, 3, 1, 6, 2, 4, 3, 3, 6, 5, 8, 3, 6, 5, 5, 8, 0, 5, 2, 5, 3, 6, 5, 7, 1, 4, 5, 3, 0, 3, 1, 4, 4, 5, 5, 6, 5, 2, 4, 3, 4, 3, 7, 2, 3, 4, 5, 3, 1, 1, 3, 8, 4, 3, 1, 3, 4, 7, 3, 2, 1, 2, 6, 8, 4, 7, 4, 4, 6, 1, 5, 2, 5, 8, 1, 4, 1, 3, 5, 1, 3, 3, 3, 4, 4, 3, 4, 1, 7, 4, 4, 3, 4, 4, 5, 4, 3, 7, 3, 4, 7, 2, 5, 3, 2, 3, 3, 2, 7, 7, 5, 6, 2, 4, 3, 4, 3, 4, 1, 2, 3, 8, 8, 3, 3, 0, 6, 7, 4, 7, 0, 4, 1, 5, 5, 2, 5, 2, 3, 2, 6, 6, 3, 6, 0, 6, 1, 6, 3, 6, 3, 6, 6, 3, 1, 1, 4, 6, 7, 1, 1, 7, 3, 2, 3, 4, 2, 2, 2, 1, 5, 1, 2, 3, 1, 5, 5, 3, 4, 3, 4, 5, 3, 6, 7, 3, 2, 2, 3, 3, 5, 2, 1, 1, 4, 5, 6, 6, 3, 5, 6, 4, 4, 4, 2, 6, 8, 8, 3, 7, 6, 3, 2, 2, 6, 3, 3, 4, 12, 0, 3, 4, 6, 2, 1, 3, 6, 4, 3, 7, 4, 1, 3, 6, 4, 3, 5, 4, 3, 3, 2, 0, 2, 7, 4, 5, 3, 4, 7, 5, 2, 3, 4, 5, 5, 8, 3, 6, 7, 4, 4, 4, 7, 3, 4, 1, 5, 5, 3, 2, 5, 5, 7, 3, 5, 2, 5, 5, 6, 3, 4, 1, 6, 1, 6, 4, 4, 6, 3, 4, 8, 7, 2, 0, 5, 2, 3, 4, 5, 8, 2, 4, 6, 7, 4, 4, 5, 3, 3, 4, 3, 6, 7, 4, 2, 5, 2, 3, 2, 4, 3, 6, 3, 8, 1, 5, 4, 5, 3, 6, 2, 7, 6, 9, 4, 3, 3, 5, 6, 7, 7, 3, 3, 2]
Weight shape for gnn_layers.0.linear1.weight: torch.Size([8, 1])
Weights for gnn_layers.0.linear1.weight: Parameter containing:
tensor([[ 4.4795e-01],
        [ 5.6480e-02],
        [ 2.6949e-01],
        [ 7.5997e-01],
        [ 3.9913e-01],
        [-1.8558e-08],
        [ 1.9050e-01],
        [ 2.5067e-01]], device='cuda:0', requires_grad=True)
Weight shape for gnn_layers.0.linear2.weight: torch.Size([8, 8])
Weights for gnn_layers.0.linear2.weight: Parameter containing:
tensor([[ 2.9561e-01, -1.3866e-01,  7.2604e-01,  5.3101e-01,  3.9921e-01,
         -5.3540e-07, -2.4389e-01,  6.5175e-01],
        [ 5.4869e-01,  5.1502e-03, -1.0603e-02,  6.3069e-01,  3.6565e-01,
          5.3332e-03,  2.4411e-01,  3.3900e-01],
        [ 6.3785e-01,  2.4436e-01,  3.9143e-01,  4.9812e-01,  2.5444e-01,
          1.8471e-05,  4.4944e-01,  1.1645e-01],
        [ 4.3170e-02, -1.1849e-01,  5.4651e-01,  5.9884e-01,  6.1856e-01,
          9.9682e-03, -5.1327e-03,  5.5458e-01],
        [ 3.9045e-01,  8.9115e-02,  8.9943e-02,  5.4262e-01,  6.5205e-01,
          3.8746e-04,  2.0271e-01,  3.3724e-01],
        [ 5.8677e-01, -5.5869e-02,  6.4348e-01,  4.3552e-01,  2.8968e-01,
          8.1983e-03,  9.9773e-02,  4.0391e-01],
        [ 5.1954e-01,  2.5734e-01,  1.9312e-01,  6.4614e-01,  2.3048e-01,
          1.5605e-09,  4.1332e-01,  1.5495e-01],
        [ 1.6713e-01,  7.6028e-02,  4.7165e-01,  5.5124e-01,  7.1534e-01,
          1.2957e-06,  2.3461e-01,  1.7775e-01]], device='cuda:0',
       requires_grad=True)
Weight shape for gnn_layers.1.linear1.weight: torch.Size([8, 8])
Weights for gnn_layers.1.linear1.weight: Parameter containing:
tensor([[-0.0563,  0.2676,  0.3260,  0.3104,  0.2033,  0.3286, -0.1274, -0.0225],
        [-0.1209, -0.0260, -0.0430,  0.1889,  0.2430, -0.2546, -0.1952, -0.1087],
        [ 0.0473, -0.1372, -0.2199, -0.0646, -0.1725,  0.0097, -0.2617, -0.0884],
        [-0.1305, -0.0488,  0.2778,  0.2318, -0.1141, -0.3241, -0.2529, -0.2712],
        [-0.0335, -0.1570, -0.2471,  0.0784,  0.0228, -0.0530, -0.1282,  0.3013],
        [-0.3406, -0.0084,  0.1641,  0.2496, -0.3076, -0.0554,  0.2949,  0.0582],
        [ 0.1069, -0.1562,  0.2454, -0.1326, -0.1904,  0.3207,  0.0937, -0.0024],
        [-0.2464, -0.0783, -0.2716, -0.2379, -0.0506,  0.0684, -0.2897,  0.3436]],
       device='cuda:0', requires_grad=True)
Weight shape for gnn_layers.1.linear2.weight: torch.Size([8, 8])
Weights for gnn_layers.1.linear2.weight: Parameter containing:
tensor([[ 0.2600, -0.3290,  0.2210, -0.2122, -0.2881,  0.3312, -0.1422, -0.1173],
        [ 0.0441,  0.1998,  0.0272, -0.0950,  0.0300, -0.1832, -0.2572,  0.0921],
        [ 0.0373,  0.1757, -0.1313, -0.3494, -0.0877, -0.3421, -0.0278,  0.1727],
        [ 0.0327,  0.2029,  0.0659,  0.1516,  0.3182,  0.0526,  0.0588, -0.1435],
        [ 0.2205,  0.2966, -0.2456,  0.3432,  0.1067, -0.0493, -0.3236, -0.3533],
        [-0.2777, -0.2957, -0.2358, -0.1030, -0.2935, -0.2956, -0.0393, -0.2975],
        [-0.0320,  0.0602,  0.0671,  0.2219,  0.1930, -0.1983, -0.1191,  0.0081],
        [ 0.2984,  0.1716, -0.1979, -0.0415,  0.0639,  0.1228, -0.1314, -0.3103]],
       device='cuda:0', requires_grad=True)
Weight shape for gnn_layers.2.linear1.weight: torch.Size([8, 8])
Weights for gnn_layers.2.linear1.weight: Parameter containing:
tensor([[-0.2157,  0.0122, -0.2413,  0.0984,  0.2222, -0.0039,  0.1855,  0.2477],
        [ 0.2257, -0.3367,  0.3204,  0.0935, -0.3505,  0.0880, -0.2435,  0.3273],
        [ 0.2803, -0.2332, -0.2620,  0.0249, -0.0937,  0.1514, -0.3294,  0.2621],
        [ 0.0317,  0.0069, -0.2255,  0.0220,  0.2402,  0.3444, -0.2290, -0.1482],
        [ 0.0735,  0.1988, -0.2967, -0.1319, -0.2809,  0.3249, -0.1207,  0.2126],
        [ 0.1927,  0.0326,  0.0690,  0.2300, -0.0447,  0.1861, -0.0470,  0.0056],
        [ 0.1209, -0.3190, -0.1683, -0.2822, -0.1075, -0.0222,  0.1411, -0.2830],
        [-0.2959,  0.2454, -0.0421, -0.1787, -0.0816,  0.0189, -0.2586, -0.3400]],
       device='cuda:0', requires_grad=True)
Weight shape for gnn_layers.2.linear2.weight: torch.Size([1, 8])
Weights for gnn_layers.2.linear2.weight: Parameter containing:
tensor([[-0.2322,  0.2802,  0.1025, -0.3519, -0.1905,  0.2682,  0.3391,  0.0703]],
       device='cuda:0', requires_grad=True)
Epoch 10: loss=0.0000
Epoch 20: loss=0.0000
Epoch 30: loss=0.0000
Epoch 40: loss=0.0000
Epoch 50: loss=0.0000
Epoch 60: loss=0.0000
Epoch 70: loss=0.0000
Epoch 80: loss=0.0000
Epoch 90: loss=0.0000
Epoch 100: loss=0.0000
Epoch 110: loss=0.0000
Epoch 120: loss=0.0000
Epoch 130: loss=0.0000
Epoch 140: loss=0.0000
Epoch 150: loss=0.0000
Epoch 160: loss=0.0000
Epoch 170: loss=0.0000
Epoch 180: loss=0.0000
Epoch 190: loss=0.0000
Epoch 200: loss=0.0000
small_test : 7.084967000992037e-07, medium_test 8.059843821683898e-08
value out tensor([[3.9885, 3.9884, 3.9885, 3.9884, 3.9884, 3.9885, 3.9885, 3.9885]],
       device='cuda:0')
value hidden tensor([[4.9998, 4.9997, 4.9998,  ..., 4.9998, 4.9998, 4.9998],
        [6.9997, 6.9996, 6.9997,  ..., 6.9997, 6.9997, 6.9997],
        [3.9998, 3.9998, 3.9998,  ..., 3.9998, 3.9998, 3.9998],
        ...,
        [2.9999, 2.9998, 2.9999,  ..., 2.9999, 2.9999, 2.9999],
        [2.9999, 2.9998, 2.9999,  ..., 2.9999, 2.9999, 2.9999],
        [1.9999, 1.9999, 1.9999,  ..., 1.9999, 1.9999, 1.9999]],
       device='cuda:0')
graph loss : 2.7744630415327265e-07
label tensor([3.9886], device='cuda:0')
Number of edges: 1404
Number of nodes: 352
Degrees: [5, 7, 4, 5, 6, 2, 6, 3, 3, 3, 1, 6, 2, 4, 3, 3, 6, 5, 8, 3, 6, 5, 5, 8, 0, 5, 2, 5, 3, 6, 5, 7, 1, 4, 5, 3, 0, 3, 1, 4, 4, 5, 5, 6, 5, 2, 4, 3, 4, 3, 7, 2, 3, 4, 5, 3, 1, 1, 3, 8, 4, 3, 1, 3, 4, 7, 3, 2, 1, 2, 6, 8, 4, 7, 4, 4, 6, 1, 5, 2, 5, 8, 1, 4, 1, 3, 5, 1, 3, 3, 3, 4, 4, 3, 4, 1, 7, 4, 4, 3, 4, 4, 5, 4, 3, 7, 3, 4, 7, 2, 5, 3, 2, 3, 3, 2, 7, 7, 5, 6, 2, 4, 3, 4, 3, 4, 1, 2, 3, 8, 8, 3, 3, 0, 6, 7, 4, 7, 0, 4, 1, 5, 5, 2, 5, 2, 3, 2, 6, 6, 3, 6, 0, 6, 1, 6, 3, 6, 3, 6, 6, 3, 1, 1, 4, 6, 7, 1, 1, 7, 3, 2, 3, 4, 2, 2, 2, 1, 5, 1, 2, 3, 1, 5, 5, 3, 4, 3, 4, 5, 3, 6, 7, 3, 2, 2, 3, 3, 5, 2, 1, 1, 4, 5, 6, 6, 3, 5, 6, 4, 4, 4, 2, 6, 8, 8, 3, 7, 6, 3, 2, 2, 6, 3, 3, 4, 12, 0, 3, 4, 6, 2, 1, 3, 6, 4, 3, 7, 4, 1, 3, 6, 4, 3, 5, 4, 3, 3, 2, 0, 2, 7, 4, 5, 3, 4, 7, 5, 2, 3, 4, 5, 5, 8, 3, 6, 7, 4, 4, 4, 7, 3, 4, 1, 5, 5, 3, 2, 5, 5, 7, 3, 5, 2, 5, 5, 6, 3, 4, 1, 6, 1, 6, 4, 4, 6, 3, 4, 8, 7, 2, 0, 5, 2, 3, 4, 5, 8, 2, 4, 6, 7, 4, 4, 5, 3, 3, 4, 3, 6, 7, 4, 2, 5, 2, 3, 2, 4, 3, 6, 3, 8, 1, 5, 4, 5, 3, 6, 2, 7, 6, 9, 4, 3, 3, 5, 6, 7, 7, 3, 3, 2]
Weight shape for gnn_layers.0.linear1.weight: torch.Size([8, 1])
Weights for gnn_layers.0.linear1.weight: Parameter containing:
tensor([[ 0.3338],
        [-0.0890],
        [ 0.9055],
        [ 0.2816],
        [-0.1607],
        [-0.6621],
        [-0.0962],
        [ 0.2687]], device='cuda:0', requires_grad=True)
Weight shape for gnn_layers.0.linear2.weight: torch.Size([8, 8])
Weights for gnn_layers.0.linear2.weight: Parameter containing:
tensor([[ 4.2476e-01,  2.2085e-01,  5.9945e-01,  4.0866e-01, -1.1070e-04,
         -2.5589e-01,  3.7474e-01,  7.4543e-01],
        [ 5.9187e-01,  3.6679e-01,  5.9590e-01,  2.4836e-01, -1.3342e-04,
         -3.4535e-01,  3.6855e-01,  7.1777e-01],
        [ 5.5168e-01,  3.3939e-01,  5.6314e-01,  7.3922e-01, -5.3031e-05,
         -6.8780e-02,  6.8466e-01,  3.6375e-01],
        [ 5.1464e-01,  1.4261e-01,  7.3153e-01,  4.2681e-01, -3.1399e-05,
         -5.9573e-01,  3.0463e-01,  1.6969e-01],
        [ 4.7327e-01,  1.4910e-01,  7.0493e-01,  4.2273e-01, -5.3331e-14,
         -6.1433e-01, -1.0368e-01,  3.1495e-01],
        [ 4.1375e-01,  2.8265e-01,  7.0320e-01,  4.0718e-01, -5.7154e-05,
         -1.0582e-01,  4.6101e-01,  4.1102e-01],
        [ 2.1236e-01,  4.1115e-01,  7.2833e-01,  3.2954e-01, -6.9579e-05,
         -2.7490e-01,  5.0910e-01,  6.5782e-01],
        [ 2.5736e-01,  3.2623e-01,  8.4978e-01,  2.7612e-01, -7.7451e-05,
         -4.1731e-01,  3.7080e-01,  2.4866e-01]], device='cuda:0',
       requires_grad=True)
Weight shape for gnn_layers.1.linear1.weight: torch.Size([8, 8])
Weights for gnn_layers.1.linear1.weight: Parameter containing:
tensor([[ 0.3263,  0.1877, -0.3088, -0.1196,  0.3043, -0.1266, -0.3302,  0.2235],
        [-0.2781, -0.0819, -0.0975, -0.1874,  0.3278,  0.1919, -0.1547, -0.0195],
        [-0.1218, -0.0876,  0.1379, -0.0425,  0.1166, -0.0549, -0.2762,  0.3494],
        [ 0.3419, -0.1752, -0.1092, -0.2052,  0.1953,  0.1745,  0.1188, -0.1101],
        [ 0.0161,  0.2290,  0.0992,  0.3345,  0.1487, -0.2580, -0.2884,  0.2136],
        [-0.0626, -0.1378,  0.1857, -0.0852, -0.2670, -0.1462, -0.0381, -0.1070],
        [ 0.0902, -0.0959,  0.3518,  0.1329, -0.1778, -0.1967, -0.1477,  0.2152],
        [-0.1322,  0.0152,  0.2714, -0.1023, -0.0254, -0.1831,  0.2986,  0.1209]],
       device='cuda:0', requires_grad=True)
Weight shape for gnn_layers.1.linear2.weight: torch.Size([8, 8])
Weights for gnn_layers.1.linear2.weight: Parameter containing:
tensor([[-0.0432, -0.1592,  0.2877,  0.1898,  0.1086,  0.1846,  0.2993,  0.1301],
        [-0.3095, -0.1259, -0.1256,  0.3523,  0.1748, -0.1992,  0.1458, -0.1693],
        [ 0.3271, -0.1003,  0.1170,  0.2349,  0.2497, -0.0824,  0.3151,  0.0559],
        [-0.0614, -0.3351,  0.0651,  0.0310, -0.0474, -0.1093,  0.3199, -0.1042],
        [-0.1324, -0.1161, -0.0906, -0.2074,  0.3270,  0.3302, -0.2309, -0.2202],
        [ 0.0635,  0.0998, -0.1225, -0.3296,  0.3256, -0.0826,  0.2654, -0.1615],
        [-0.1004,  0.1625,  0.0242, -0.0640, -0.0907,  0.2251,  0.1720,  0.0438],
        [ 0.3081,  0.0438,  0.3305, -0.0395,  0.3233,  0.0693, -0.2382, -0.1591]],
       device='cuda:0', requires_grad=True)
Weight shape for gnn_layers.2.linear1.weight: torch.Size([8, 8])
Weights for gnn_layers.2.linear1.weight: Parameter containing:
tensor([[-0.3478,  0.1485,  0.1737,  0.3409, -0.2344, -0.0552, -0.3027,  0.2326],
        [-0.0433, -0.2050, -0.0644,  0.1189,  0.3027, -0.1431,  0.0097, -0.2497],
        [ 0.1040,  0.0515,  0.1327,  0.2080,  0.1318,  0.0481, -0.3230, -0.0411],
        [-0.1920,  0.0208, -0.1998, -0.0041, -0.2756,  0.2339, -0.1803, -0.1878],
        [ 0.3108,  0.0728, -0.2701, -0.2129, -0.0087, -0.3365,  0.2196,  0.2090],
        [-0.2829,  0.0395,  0.2879, -0.1863, -0.3035, -0.1209, -0.2621,  0.0838],
        [-0.1526, -0.2920, -0.2375,  0.2809, -0.2209,  0.1349, -0.1578, -0.1698],
        [ 0.2333,  0.0546,  0.3331,  0.1078,  0.2310, -0.2394, -0.2152,  0.1221]],
       device='cuda:0', requires_grad=True)
Weight shape for gnn_layers.2.linear2.weight: torch.Size([1, 8])
Weights for gnn_layers.2.linear2.weight: Parameter containing:
tensor([[-0.2395,  0.0653, -0.2501,  0.2834, -0.0114,  0.0824,  0.0648,  0.2547]],
       device='cuda:0', requires_grad=True)
Epoch 10: loss=0.0000
Epoch 20: loss=0.0000
Epoch 30: loss=0.0000
Epoch 40: loss=0.0000
Epoch 50: loss=0.0000
Epoch 60: loss=0.0000
Epoch 70: loss=0.0000
Epoch 80: loss=0.0000
Epoch 90: loss=0.0000
Epoch 100: loss=0.0000
Epoch 110: loss=0.0000
Epoch 120: loss=0.0000
Epoch 130: loss=0.0000
Epoch 140: loss=0.0000
Epoch 150: loss=0.0000
Epoch 160: loss=0.0000
Epoch 170: loss=0.0000
Epoch 180: loss=0.0000
Epoch 190: loss=0.0000
Epoch 200: loss=0.0000
small_test : 9.765884897205978e-07, medium_test 1.1062008070439333e-07
value out tensor([[3.9884, 3.9884, 3.9884, 3.9884, 3.9884, 3.9884, 3.9884, 3.9884]],
       device='cuda:0')
value hidden tensor([[4.9997, 4.9997, 4.9998,  ..., 4.9997, 4.9997, 4.9998],
        [6.9996, 6.9996, 6.9997,  ..., 6.9996, 6.9996, 6.9997],
        [3.9998, 3.9998, 3.9998,  ..., 3.9998, 3.9998, 3.9998],
        ...,
        [2.9998, 2.9998, 2.9999,  ..., 2.9998, 2.9998, 2.9999],
        [2.9998, 2.9998, 2.9999,  ..., 2.9998, 2.9998, 2.9999],
        [1.9999, 1.9999, 1.9999,  ..., 1.9999, 1.9999, 1.9999]],
       device='cuda:0')
graph loss : 3.902538878719497e-07
label tensor([3.9886], device='cuda:0')
Number of edges: 1404
Number of nodes: 352
Degrees: [5, 7, 4, 5, 6, 2, 6, 3, 3, 3, 1, 6, 2, 4, 3, 3, 6, 5, 8, 3, 6, 5, 5, 8, 0, 5, 2, 5, 3, 6, 5, 7, 1, 4, 5, 3, 0, 3, 1, 4, 4, 5, 5, 6, 5, 2, 4, 3, 4, 3, 7, 2, 3, 4, 5, 3, 1, 1, 3, 8, 4, 3, 1, 3, 4, 7, 3, 2, 1, 2, 6, 8, 4, 7, 4, 4, 6, 1, 5, 2, 5, 8, 1, 4, 1, 3, 5, 1, 3, 3, 3, 4, 4, 3, 4, 1, 7, 4, 4, 3, 4, 4, 5, 4, 3, 7, 3, 4, 7, 2, 5, 3, 2, 3, 3, 2, 7, 7, 5, 6, 2, 4, 3, 4, 3, 4, 1, 2, 3, 8, 8, 3, 3, 0, 6, 7, 4, 7, 0, 4, 1, 5, 5, 2, 5, 2, 3, 2, 6, 6, 3, 6, 0, 6, 1, 6, 3, 6, 3, 6, 6, 3, 1, 1, 4, 6, 7, 1, 1, 7, 3, 2, 3, 4, 2, 2, 2, 1, 5, 1, 2, 3, 1, 5, 5, 3, 4, 3, 4, 5, 3, 6, 7, 3, 2, 2, 3, 3, 5, 2, 1, 1, 4, 5, 6, 6, 3, 5, 6, 4, 4, 4, 2, 6, 8, 8, 3, 7, 6, 3, 2, 2, 6, 3, 3, 4, 12, 0, 3, 4, 6, 2, 1, 3, 6, 4, 3, 7, 4, 1, 3, 6, 4, 3, 5, 4, 3, 3, 2, 0, 2, 7, 4, 5, 3, 4, 7, 5, 2, 3, 4, 5, 5, 8, 3, 6, 7, 4, 4, 4, 7, 3, 4, 1, 5, 5, 3, 2, 5, 5, 7, 3, 5, 2, 5, 5, 6, 3, 4, 1, 6, 1, 6, 4, 4, 6, 3, 4, 8, 7, 2, 0, 5, 2, 3, 4, 5, 8, 2, 4, 6, 7, 4, 4, 5, 3, 3, 4, 3, 6, 7, 4, 2, 5, 2, 3, 2, 4, 3, 6, 3, 8, 1, 5, 4, 5, 3, 6, 2, 7, 6, 9, 4, 3, 3, 5, 6, 7, 7, 3, 3, 2]
Weight shape for gnn_layers.0.linear1.weight: torch.Size([8, 1])
Weights for gnn_layers.0.linear1.weight: Parameter containing:
tensor([[ 0.2700],
        [-0.2607],
        [ 0.6483],
        [ 0.7046],
        [-0.1492],
        [-0.0660],
        [-0.6611],
        [-0.2221]], device='cuda:0', requires_grad=True)
Weight shape for gnn_layers.0.linear2.weight: torch.Size([8, 8])
Weights for gnn_layers.0.linear2.weight: Parameter containing:
tensor([[ 2.2208e-01, -7.2923e-03,  7.9551e-01,  6.0213e-01,  3.4844e-01,
          2.6355e-02,  1.7939e-01,  2.3262e-01],
        [ 5.0548e-01, -4.1483e-03,  9.2985e-01,  3.6990e-01,  3.2867e-01,
          3.2894e-02,  3.1038e-01,  4.5087e-01],
        [ 2.9117e-01, -6.0060e-03,  7.6047e-01,  6.0790e-01,  5.0194e-01,
          1.3440e-02,  3.4704e-01,  2.9656e-01],
        [ 2.8730e-01, -7.4730e-03,  6.0063e-01,  7.5647e-01,  5.2016e-01,
          1.0584e-02,  3.1767e-01, -3.2353e-02],
        [ 4.7037e-01, -5.9957e-03,  4.0220e-01,  8.6890e-01,  2.7853e-01,
          2.6983e-02,  2.5797e-01,  2.8038e-01],
        [ 5.1371e-01, -4.3885e-03,  3.5744e-01,  8.9348e-01,  1.9373e-01,
          3.8317e-02,  2.4721e-01,  3.9169e-01],
        [ 1.4747e-01, -5.7055e-03,  7.1619e-01,  7.0370e-01,  1.8909e-01,
          2.7927e-02,  1.1763e-01,  1.2042e-01],
        [ 4.9164e-01, -2.3905e-05,  6.2701e-01,  6.5389e-01, -7.5874e-01,
          8.1836e-02, -1.7716e-01,  7.1567e-01]], device='cuda:0',
       requires_grad=True)
Weight shape for gnn_layers.1.linear1.weight: torch.Size([8, 8])
Weights for gnn_layers.1.linear1.weight: Parameter containing:
tensor([[ 0.1936, -0.1938, -0.0830,  0.3335,  0.0651,  0.0249,  0.1192, -0.0862],
        [ 0.3025, -0.2884, -0.0973, -0.0611, -0.1455, -0.0875,  0.2191,  0.1940],
        [ 0.0197,  0.3080, -0.2496, -0.2108,  0.1597, -0.0190, -0.3222, -0.2447],
        [-0.2152,  0.2730,  0.1601,  0.2735, -0.2632, -0.3447, -0.2319,  0.0378],
        [-0.0698, -0.2228,  0.2574, -0.1140, -0.2045,  0.1633, -0.0953,  0.2254],
        [ 0.0843,  0.0087,  0.0742, -0.2657, -0.1892, -0.1662, -0.2001,  0.0627],
        [ 0.0706, -0.1469,  0.2305, -0.1967,  0.0714, -0.1010, -0.3067, -0.2302],
        [ 0.1444,  0.1399, -0.2186, -0.1102, -0.3305,  0.1901,  0.3057,  0.1156]],
       device='cuda:0', requires_grad=True)
Weight shape for gnn_layers.1.linear2.weight: torch.Size([8, 8])
Weights for gnn_layers.1.linear2.weight: Parameter containing:
tensor([[-0.2188,  0.1865,  0.2934, -0.0723, -0.0580,  0.1224,  0.0455, -0.1169],
        [-0.3282, -0.2479,  0.0191, -0.0190,  0.2920,  0.0121, -0.0910, -0.3455],
        [-0.3251,  0.1469,  0.3149, -0.0054, -0.3160,  0.1255,  0.2880, -0.2340],
        [-0.0931,  0.0297, -0.2016, -0.3278,  0.1548, -0.2901, -0.0887, -0.1877],
        [ 0.2659,  0.0683,  0.1640, -0.2394,  0.2979,  0.0315, -0.1961, -0.0231],
        [-0.2503, -0.0163,  0.1974, -0.1589,  0.2988,  0.1079, -0.0619,  0.1104],
        [-0.0651, -0.0822, -0.2320,  0.2060,  0.2122,  0.1211,  0.2091,  0.3532],
        [ 0.3329, -0.3412,  0.0806, -0.0303,  0.1201, -0.0686,  0.0987, -0.3253]],
       device='cuda:0', requires_grad=True)
Weight shape for gnn_layers.2.linear1.weight: torch.Size([8, 8])
Weights for gnn_layers.2.linear1.weight: Parameter containing:
tensor([[ 0.1616,  0.3397, -0.0636, -0.2812, -0.2939, -0.0678, -0.0053,  0.0394],
        [ 0.0444,  0.2663, -0.0641,  0.1009, -0.1879,  0.3477,  0.1357, -0.0490],
        [ 0.2324,  0.1252,  0.0606, -0.1044,  0.0445,  0.0253, -0.2066,  0.0051],
        [ 0.0772, -0.2094,  0.0632, -0.1174, -0.2941, -0.2117, -0.2806,  0.0818],
        [ 0.2163,  0.3214,  0.3467,  0.1393,  0.1729, -0.0603,  0.2923, -0.1352],
        [-0.0961, -0.1177, -0.2370, -0.2725, -0.0721,  0.2857, -0.1761, -0.3210],
        [-0.0808,  0.3204,  0.0853, -0.0223, -0.1011,  0.3104, -0.3397,  0.2003],
        [ 0.0960,  0.2216, -0.2049, -0.1159, -0.1486,  0.3431, -0.0457, -0.3371]],
       device='cuda:0', requires_grad=True)
Weight shape for gnn_layers.2.linear2.weight: torch.Size([1, 8])
Weights for gnn_layers.2.linear2.weight: Parameter containing:
tensor([[ 0.1773,  0.0682,  0.0484, -0.2358, -0.3312,  0.3204, -0.2663, -0.0672]],
       device='cuda:0', requires_grad=True)
Epoch 10: loss=0.0000
Epoch 20: loss=0.0000
Epoch 30: loss=0.0000
Epoch 40: loss=0.0000
Epoch 50: loss=0.0000
Epoch 60: loss=0.0000
Epoch 70: loss=0.0000
Epoch 80: loss=0.0000
Epoch 90: loss=0.0000
Epoch 100: loss=0.0000
Epoch 110: loss=0.0000
Epoch 120: loss=0.0000
Epoch 130: loss=0.0000
Epoch 140: loss=0.0000
Epoch 150: loss=0.0000
Epoch 160: loss=0.0000
Epoch 170: loss=0.0000
Epoch 180: loss=0.0000
Epoch 190: loss=0.0000
Epoch 200: loss=0.0000
small_test : 5.62495697522536e-07, medium_test 6.560756901308196e-08
value out tensor([[3.9885, 3.9885, 3.9885, 3.9886, 3.9884, 3.9885, 3.9887, 3.9884]],
       device='cuda:0')
value hidden tensor([[4.9998, 4.9998, 4.9998,  ..., 4.9998, 5.0001, 4.9997],
        [6.9997, 6.9997, 6.9997,  ..., 6.9997, 7.0001, 6.9996],
        [3.9998, 3.9998, 3.9998,  ..., 3.9998, 4.0001, 3.9998],
        ...,
        [2.9999, 2.9999, 2.9999,  ..., 2.9999, 3.0000, 2.9998],
        [2.9999, 2.9999, 2.9999,  ..., 2.9999, 3.0000, 2.9998],
        [1.9999, 1.9999, 1.9999,  ..., 1.9999, 2.0000, 1.9999]],
       device='cuda:0')
graph loss : 2.2421835410568747e-07
label tensor([3.9886], device='cuda:0')
Number of edges: 1404
Number of nodes: 352
Degrees: [5, 7, 4, 5, 6, 2, 6, 3, 3, 3, 1, 6, 2, 4, 3, 3, 6, 5, 8, 3, 6, 5, 5, 8, 0, 5, 2, 5, 3, 6, 5, 7, 1, 4, 5, 3, 0, 3, 1, 4, 4, 5, 5, 6, 5, 2, 4, 3, 4, 3, 7, 2, 3, 4, 5, 3, 1, 1, 3, 8, 4, 3, 1, 3, 4, 7, 3, 2, 1, 2, 6, 8, 4, 7, 4, 4, 6, 1, 5, 2, 5, 8, 1, 4, 1, 3, 5, 1, 3, 3, 3, 4, 4, 3, 4, 1, 7, 4, 4, 3, 4, 4, 5, 4, 3, 7, 3, 4, 7, 2, 5, 3, 2, 3, 3, 2, 7, 7, 5, 6, 2, 4, 3, 4, 3, 4, 1, 2, 3, 8, 8, 3, 3, 0, 6, 7, 4, 7, 0, 4, 1, 5, 5, 2, 5, 2, 3, 2, 6, 6, 3, 6, 0, 6, 1, 6, 3, 6, 3, 6, 6, 3, 1, 1, 4, 6, 7, 1, 1, 7, 3, 2, 3, 4, 2, 2, 2, 1, 5, 1, 2, 3, 1, 5, 5, 3, 4, 3, 4, 5, 3, 6, 7, 3, 2, 2, 3, 3, 5, 2, 1, 1, 4, 5, 6, 6, 3, 5, 6, 4, 4, 4, 2, 6, 8, 8, 3, 7, 6, 3, 2, 2, 6, 3, 3, 4, 12, 0, 3, 4, 6, 2, 1, 3, 6, 4, 3, 7, 4, 1, 3, 6, 4, 3, 5, 4, 3, 3, 2, 0, 2, 7, 4, 5, 3, 4, 7, 5, 2, 3, 4, 5, 5, 8, 3, 6, 7, 4, 4, 4, 7, 3, 4, 1, 5, 5, 3, 2, 5, 5, 7, 3, 5, 2, 5, 5, 6, 3, 4, 1, 6, 1, 6, 4, 4, 6, 3, 4, 8, 7, 2, 0, 5, 2, 3, 4, 5, 8, 2, 4, 6, 7, 4, 4, 5, 3, 3, 4, 3, 6, 7, 4, 2, 5, 2, 3, 2, 4, 3, 6, 3, 8, 1, 5, 4, 5, 3, 6, 2, 7, 6, 9, 4, 3, 3, 5, 6, 7, 7, 3, 3, 2]
Weight shape for gnn_layers.0.linear1.weight: torch.Size([8, 1])
Weights for gnn_layers.0.linear1.weight: Parameter containing:
tensor([[ 0.3694],
        [ 0.1033],
        [ 0.7864],
        [-0.2399],
        [-0.5007],
        [ 0.2333],
        [-0.2506],
        [-0.1577]], device='cuda:0', requires_grad=True)
Weight shape for gnn_layers.0.linear2.weight: torch.Size([8, 8])
Weights for gnn_layers.0.linear2.weight: Parameter containing:
tensor([[ 0.4547,  0.4621,  0.9532, -0.1295,  0.0554,  0.1484,  0.4409,  0.1274],
        [ 0.7001,  0.5780,  0.7252,  0.0412,  0.0565,  0.4771,  0.5275,  0.3077],
        [ 0.7538,  0.5544,  0.6925, -0.2826,  0.1314,  0.5129,  0.6093, -0.1246],
        [ 0.3770,  0.8814,  0.7291, -0.3999,  0.1009,  0.8413,  0.6713, -0.4458],
        [ 0.6529,  0.5504,  0.7070,  0.7854,  0.0158,  0.6254,  0.3321,  0.5265],
        [ 0.3365,  0.7780,  0.7903,  0.3355,  0.0434,  0.7449,  0.6434,  0.0065],
        [ 0.7473,  0.9446,  0.6349, -0.4331,  0.1092,  0.5446,  0.7301, -0.4290],
        [ 0.5816,  0.3883,  0.8560,  0.2118,  0.0422,  0.3079,  0.9882, -0.0557]],
       device='cuda:0', requires_grad=True)
Weight shape for gnn_layers.1.linear1.weight: torch.Size([8, 8])
Weights for gnn_layers.1.linear1.weight: Parameter containing:
tensor([[ 1.5121e-01, -2.5778e-01, -2.4232e-01, -1.3288e-01, -3.0384e-01,
         -1.2638e-01, -7.8393e-02,  1.3797e-01],
        [ 5.9873e-02, -2.9325e-01,  2.3324e-02, -1.1949e-01,  1.1815e-01,
          2.5227e-01, -2.1631e-01, -4.7802e-02],
        [ 6.6922e-02,  2.3707e-01, -1.5261e-01,  3.2609e-01, -2.9648e-01,
          2.8533e-01, -3.5899e-03,  2.6995e-01],
        [ 3.2636e-01, -1.4996e-01, -1.5255e-01,  2.1001e-01, -2.3182e-01,
          1.8921e-02,  1.8559e-02, -2.6634e-01],
        [-2.6774e-01,  2.5247e-01,  1.0490e-01,  2.6367e-04, -1.7470e-01,
         -3.5148e-01,  1.4073e-01, -2.4199e-01],
        [-2.2871e-01, -6.1730e-02,  3.5826e-02, -5.7972e-02, -7.4559e-03,
          3.0574e-01,  3.0622e-01,  2.3069e-01],
        [ 8.5302e-03,  2.8510e-01, -2.2928e-02,  2.7558e-01,  1.4750e-01,
         -1.2961e-01,  3.4296e-02,  1.5185e-01],
        [-1.6171e-01, -4.8110e-02, -8.3806e-02,  9.4915e-02, -1.3226e-01,
         -5.6109e-02, -2.6609e-02,  5.3468e-03]], device='cuda:0',
       requires_grad=True)
Weight shape for gnn_layers.1.linear2.weight: torch.Size([8, 8])
Weights for gnn_layers.1.linear2.weight: Parameter containing:
tensor([[ 0.0610, -0.1139,  0.0739, -0.3422, -0.0947,  0.2748,  0.0401, -0.0175],
        [-0.0443, -0.2381,  0.0178,  0.2593,  0.0935, -0.2936, -0.1376, -0.1013],
        [ 0.2602, -0.1154,  0.1478, -0.1093, -0.0030, -0.3316, -0.0045, -0.3414],
        [ 0.1860, -0.3275, -0.3020,  0.0968, -0.0531,  0.2370,  0.2163,  0.0377],
        [-0.0970,  0.2472,  0.0460,  0.3124,  0.1043, -0.2922, -0.2848,  0.1166],
        [-0.0451,  0.2996, -0.2219,  0.1507,  0.1851,  0.2068,  0.1059, -0.1872],
        [ 0.3143,  0.0675, -0.0484,  0.2519,  0.0010, -0.0478, -0.0367,  0.2158],
        [-0.0520,  0.2809,  0.1145,  0.1829, -0.2638,  0.1884,  0.2668,  0.0218]],
       device='cuda:0', requires_grad=True)
Weight shape for gnn_layers.2.linear1.weight: torch.Size([8, 8])
Weights for gnn_layers.2.linear1.weight: Parameter containing:
tensor([[ 0.0225, -0.0403, -0.1680, -0.1801,  0.2930, -0.1908, -0.2601, -0.0947],
        [ 0.0630,  0.2779, -0.2961, -0.0353, -0.0351,  0.0422, -0.2443, -0.3094],
        [-0.2434,  0.3498, -0.1545,  0.2667, -0.0135,  0.2539, -0.2438,  0.1202],
        [-0.0960, -0.0889, -0.2189,  0.1062, -0.2345, -0.2494,  0.1207, -0.1302],
        [ 0.0750,  0.2212,  0.3370,  0.3359,  0.2263,  0.0535,  0.3054,  0.2924],
        [-0.0008, -0.0203,  0.0670, -0.1463, -0.0788,  0.2333, -0.2968,  0.0771],
        [-0.1910,  0.1956,  0.3004,  0.3199, -0.3278, -0.1991, -0.1881, -0.3521],
        [-0.1504, -0.0134, -0.3366, -0.1309, -0.0611, -0.2985,  0.0520, -0.1991]],
       device='cuda:0', requires_grad=True)
Weight shape for gnn_layers.2.linear2.weight: torch.Size([1, 8])
Weights for gnn_layers.2.linear2.weight: Parameter containing:
tensor([[ 0.1701, -0.1100,  0.3435,  0.0819, -0.2842,  0.3337,  0.0753, -0.3032]],
       device='cuda:0', requires_grad=True)
Epoch 10: loss=0.0000
Epoch 20: loss=0.0000
Epoch 30: loss=0.0000
Epoch 40: loss=0.0000
Epoch 50: loss=0.0000
Epoch 60: loss=0.0000
Epoch 70: loss=0.0000
Epoch 80: loss=0.0000
Epoch 90: loss=0.0000
Epoch 100: loss=0.0000
Epoch 110: loss=0.0000
Epoch 120: loss=0.0000
Epoch 130: loss=0.0000
Epoch 140: loss=0.0000
Epoch 150: loss=0.0000
Epoch 160: loss=0.0000
Epoch 170: loss=0.0000
Epoch 180: loss=0.0000
Epoch 190: loss=0.0000
Epoch 200: loss=0.0000
small_test : 7.030326742096804e-07, medium_test 6.737634294040617e-08
value out tensor([[3.9887, 3.9885, 3.9884, 3.9885, 3.9884, 3.9885, 3.9884, 3.9884]],
       device='cuda:0')
value hidden tensor([[5.0001, 4.9998, 4.9998,  ..., 4.9998, 4.9998, 4.9997],
        [7.0002, 6.9997, 6.9997,  ..., 6.9997, 6.9997, 6.9996],
        [4.0001, 3.9998, 3.9998,  ..., 3.9998, 3.9998, 3.9998],
        ...,
        [3.0001, 2.9999, 2.9999,  ..., 2.9999, 2.9999, 2.9998],
        [3.0001, 2.9999, 2.9999,  ..., 2.9999, 2.9999, 2.9998],
        [2.0001, 1.9999, 1.9999,  ..., 1.9999, 1.9999, 1.9999]],
       device='cuda:0')
graph loss : 2.419543534415425e-07
label tensor([3.9886], device='cuda:0')
Number of edges: 1404
Number of nodes: 352
Degrees: [5, 7, 4, 5, 6, 2, 6, 3, 3, 3, 1, 6, 2, 4, 3, 3, 6, 5, 8, 3, 6, 5, 5, 8, 0, 5, 2, 5, 3, 6, 5, 7, 1, 4, 5, 3, 0, 3, 1, 4, 4, 5, 5, 6, 5, 2, 4, 3, 4, 3, 7, 2, 3, 4, 5, 3, 1, 1, 3, 8, 4, 3, 1, 3, 4, 7, 3, 2, 1, 2, 6, 8, 4, 7, 4, 4, 6, 1, 5, 2, 5, 8, 1, 4, 1, 3, 5, 1, 3, 3, 3, 4, 4, 3, 4, 1, 7, 4, 4, 3, 4, 4, 5, 4, 3, 7, 3, 4, 7, 2, 5, 3, 2, 3, 3, 2, 7, 7, 5, 6, 2, 4, 3, 4, 3, 4, 1, 2, 3, 8, 8, 3, 3, 0, 6, 7, 4, 7, 0, 4, 1, 5, 5, 2, 5, 2, 3, 2, 6, 6, 3, 6, 0, 6, 1, 6, 3, 6, 3, 6, 6, 3, 1, 1, 4, 6, 7, 1, 1, 7, 3, 2, 3, 4, 2, 2, 2, 1, 5, 1, 2, 3, 1, 5, 5, 3, 4, 3, 4, 5, 3, 6, 7, 3, 2, 2, 3, 3, 5, 2, 1, 1, 4, 5, 6, 6, 3, 5, 6, 4, 4, 4, 2, 6, 8, 8, 3, 7, 6, 3, 2, 2, 6, 3, 3, 4, 12, 0, 3, 4, 6, 2, 1, 3, 6, 4, 3, 7, 4, 1, 3, 6, 4, 3, 5, 4, 3, 3, 2, 0, 2, 7, 4, 5, 3, 4, 7, 5, 2, 3, 4, 5, 5, 8, 3, 6, 7, 4, 4, 4, 7, 3, 4, 1, 5, 5, 3, 2, 5, 5, 7, 3, 5, 2, 5, 5, 6, 3, 4, 1, 6, 1, 6, 4, 4, 6, 3, 4, 8, 7, 2, 0, 5, 2, 3, 4, 5, 8, 2, 4, 6, 7, 4, 4, 5, 3, 3, 4, 3, 6, 7, 4, 2, 5, 2, 3, 2, 4, 3, 6, 3, 8, 1, 5, 4, 5, 3, 6, 2, 7, 6, 9, 4, 3, 3, 5, 6, 7, 7, 3, 3, 2]
Weight shape for gnn_layers.0.linear1.weight: torch.Size([8, 1])
Weights for gnn_layers.0.linear1.weight: Parameter containing:
tensor([[ 0.1888],
        [ 0.1291],
        [-0.6001],
        [ 0.3634],
        [ 0.1271],
        [ 0.8183],
        [-0.3517],
        [ 0.7309]], device='cuda:0', requires_grad=True)
Weight shape for gnn_layers.0.linear2.weight: torch.Size([8, 8])
Weights for gnn_layers.0.linear2.weight: Parameter containing:
tensor([[ 0.3892, -0.2138,  0.1876,  0.5792,  0.5089,  0.3415, -0.0812,  0.5466],
        [ 0.2175,  0.0412, -0.2151,  0.3404,  0.3138,  0.5421, -0.2039,  0.4739],
        [ 0.2399,  0.0237, -0.0809,  0.4866,  0.5125,  0.4390, -0.1614,  0.4794],
        [ 0.4851,  0.3090, -0.3146,  0.3059,  0.3733,  0.4869,  0.3030,  0.4261],
        [ 0.3691,  0.4455, -0.4336,  0.2762, -0.0038,  0.4686,  0.4074,  0.5327],
        [ 0.3898,  0.2424, -0.3405,  0.3818,  0.5372,  0.5837,  0.1832,  0.2878],
        [ 0.0640,  0.3950, -0.5720,  0.3752,  0.2117,  0.4287,  0.2758,  0.5784],
        [ 0.2115,  0.4185, -0.3185,  0.2642,  0.3258,  0.6807,  0.3150,  0.2894]],
       device='cuda:0', requires_grad=True)
Weight shape for gnn_layers.1.linear1.weight: torch.Size([8, 8])
Weights for gnn_layers.1.linear1.weight: Parameter containing:
tensor([[-0.3486,  0.3219, -0.2693,  0.0330,  0.2170, -0.3006,  0.1166,  0.3379],
        [-0.1431, -0.1191, -0.3195, -0.3510, -0.0980,  0.2690,  0.0016, -0.2657],
        [ 0.2295,  0.0369,  0.3280, -0.3444, -0.3220,  0.0367, -0.2804, -0.3034],
        [ 0.2484, -0.2909, -0.2825,  0.1025,  0.1145,  0.3324, -0.1118,  0.0348],
        [-0.2159,  0.0780,  0.0588, -0.1593,  0.2646, -0.0206, -0.0707, -0.1134],
        [-0.0677, -0.0496,  0.0899,  0.2540,  0.0121,  0.3125, -0.1084,  0.1461],
        [-0.3312,  0.1771,  0.0852,  0.1323, -0.2856,  0.2858, -0.1455, -0.0155],
        [ 0.2305, -0.3296,  0.2503, -0.1893, -0.3313, -0.1865, -0.2785,  0.2729]],
       device='cuda:0', requires_grad=True)
Weight shape for gnn_layers.1.linear2.weight: torch.Size([8, 8])
Weights for gnn_layers.1.linear2.weight: Parameter containing:
tensor([[ 0.1825, -0.2345,  0.1363,  0.1594,  0.0168,  0.1900, -0.3022,  0.2527],
        [ 0.2472,  0.0073, -0.0284, -0.0610, -0.0208, -0.2041,  0.1032,  0.0668],
        [-0.0176,  0.3504, -0.0156, -0.2786,  0.0355, -0.2934, -0.2885, -0.1497],
        [-0.2828, -0.2740, -0.0768,  0.0293, -0.0188,  0.0550,  0.0172,  0.2949],
        [ 0.0422,  0.0244,  0.0176,  0.0074, -0.0547, -0.0478,  0.3067, -0.0201],
        [ 0.2737,  0.1475,  0.3419,  0.3043, -0.2607, -0.2509, -0.3107, -0.3196],
        [-0.0836, -0.2156,  0.0665, -0.2084,  0.2231,  0.3504,  0.1556,  0.1045],
        [-0.3340, -0.2521, -0.0798,  0.1705,  0.0548,  0.1021, -0.3131,  0.2582]],
       device='cuda:0', requires_grad=True)
Weight shape for gnn_layers.2.linear1.weight: torch.Size([8, 8])
Weights for gnn_layers.2.linear1.weight: Parameter containing:
tensor([[-0.2532,  0.1571,  0.2261, -0.0149,  0.2131,  0.1488, -0.0213, -0.3401],
        [-0.2219, -0.0165,  0.2199,  0.1059, -0.0282, -0.1762,  0.2087,  0.0423],
        [ 0.2264,  0.1120, -0.0627,  0.2890, -0.1087, -0.3506,  0.1100, -0.2246],
        [-0.1901, -0.3431, -0.2966, -0.0556, -0.2122,  0.1185, -0.2309,  0.3112],
        [ 0.3182, -0.0503,  0.0005,  0.0948, -0.0206, -0.3352, -0.2501, -0.1375],
        [ 0.1681,  0.0289, -0.3048, -0.2974,  0.2718,  0.2396, -0.3407,  0.2578],
        [-0.1191,  0.0259, -0.0587,  0.1160,  0.2160,  0.1511, -0.1797, -0.1259],
        [-0.0654,  0.2220,  0.1669,  0.3037,  0.3156,  0.1739,  0.1809, -0.1670]],
       device='cuda:0', requires_grad=True)
Weight shape for gnn_layers.2.linear2.weight: torch.Size([1, 8])
Weights for gnn_layers.2.linear2.weight: Parameter containing:
tensor([[-0.2788, -0.1784,  0.0358, -0.2887,  0.1339,  0.2371,  0.2470, -0.2756]],
       device='cuda:0', requires_grad=True)
