-------------------------------label_type : density---------------------

2-------------------------------feat_type : ones_feat---------------------


2.1--------------------------------------------model name  : ['gin']---------------------


2.1.1--------------------------------------------Grid_Search  : ['gin']---------------------
small_test : 39.324609375, medium_test 39.31279052734375
/project/p_gnn001/code/gnn_clean_code/utils.py:153: UserWarning: std_mean(): degrees of freedom is <= 0. Correction should be strictly less than the reduction factor (input numel divided by output numel). (Triggered internally at /opt/conda/conda-bld/pytorch_1708025824022/work/aten/src/ATen/native/ReduceOps.cpp:1760.)
  std, mean = torch.std_mean(array)
Trial 1/1
Epoch 10: loss=19.2692
Epoch 20: loss=12.9971
Epoch 30: loss=10.4193
Epoch 40: loss=9.2422
Epoch 50: loss=8.6721
Epoch 60: loss=8.3867
Epoch 70: loss=8.2420
Epoch 80: loss=8.1682
Epoch 90: loss=8.1305
Epoch 100: loss=8.1114
small_test : 7.935914916992187, medium_test 8.3492724609375
best trail model is : model_weights_trail0_dataset_ones_feat.pth
test mean acc: 7.9359, error bound: nan


2.1.2--------------------------------------------Train and Test  : ['gin']---------------------


3-------------------------------feat_type : noise_feat---------------------


3.1--------------------------------------------model name  : ['gin']---------------------


3.1.1--------------------------------------------Grid_Search  : ['gin']---------------------
small_test : 36.45992797851562, medium_test 36.35095764160156
/project/p_gnn001/code/gnn_clean_code/utils.py:153: UserWarning: std_mean(): degrees of freedom is <= 0. Correction should be strictly less than the reduction factor (input numel divided by output numel). (Triggered internally at /opt/conda/conda-bld/pytorch_1708025824022/work/aten/src/ATen/native/ReduceOps.cpp:1760.)
  std, mean = torch.std_mean(array)
Trial 1/1
Epoch 10: loss=19.3455
Epoch 20: loss=12.9918
Epoch 30: loss=10.4151
Epoch 40: loss=9.2398
Epoch 50: loss=8.6684
Epoch 60: loss=8.3823
Epoch 70: loss=8.2370
Epoch 80: loss=8.1630
Epoch 90: loss=8.1253
Epoch 100: loss=8.1061
small_test : 8.117713623046875, medium_test 8.650936126708984
best trail model is : model_weights_trail0_dataset_noise_feat.pth
test mean acc: 8.1177, error bound: nan


3.1.2--------------------------------------------Train and Test  : ['gin']---------------------


4-------------------------------feat_type : degree_feat---------------------


4.1--------------------------------------------model name  : ['gin']---------------------


4.1.1--------------------------------------------Grid_Search  : ['gin']---------------------
small_test : 39.26762084960937, medium_test 39.27334838867188
/project/p_gnn001/code/gnn_clean_code/utils.py:153: UserWarning: std_mean(): degrees of freedom is <= 0. Correction should be strictly less than the reduction factor (input numel divided by output numel). (Triggered internally at /opt/conda/conda-bld/pytorch_1708025824022/work/aten/src/ATen/native/ReduceOps.cpp:1760.)
  std, mean = torch.std_mean(array)
Trial 1/1
Epoch 10: loss=19.3130
Epoch 20: loss=12.9916
Epoch 30: loss=10.4199
Epoch 40: loss=9.2460
Epoch 50: loss=8.6758
Epoch 60: loss=8.3903
Epoch 70: loss=8.2453
Epoch 80: loss=8.1715
Epoch 90: loss=8.1338
Epoch 100: loss=8.1147
small_test : 8.158294067382812, medium_test 8.768743591308594
best trail model is : model_weights_trail0_dataset_degree_feat.pth
test mean acc: 8.1583, error bound: nan


4.1.2--------------------------------------------Train and Test  : ['gin']---------------------


5-------------------------------feat_type : norm_degree_feat---------------------


5.1--------------------------------------------model name  : ['gin']---------------------


5.1.1--------------------------------------------Grid_Search  : ['gin']---------------------
small_test : 37.83008544921875, medium_test 38.9806201171875
/project/p_gnn001/code/gnn_clean_code/utils.py:153: UserWarning: std_mean(): degrees of freedom is <= 0. Correction should be strictly less than the reduction factor (input numel divided by output numel). (Triggered internally at /opt/conda/conda-bld/pytorch_1708025824022/work/aten/src/ATen/native/ReduceOps.cpp:1760.)
  std, mean = torch.std_mean(array)
Trial 1/1
Epoch 10: loss=17.7323
Epoch 20: loss=12.0462
Epoch 30: loss=9.7353
Epoch 40: loss=8.6722
Epoch 50: loss=8.1513
Epoch 60: loss=7.8903
Epoch 70: loss=7.7577
Epoch 80: loss=7.6900
Epoch 90: loss=7.6555
Epoch 100: loss=7.6379
small_test : 7.761790161132812, medium_test 26.99495849609375
best trail model is : model_weights_trail0_dataset_norm_degree_feat.pth
test mean acc: 7.7618, error bound: nan


5.1.2--------------------------------------------Train and Test  : ['gin']---------------------


6-------------------------------feat_type : identity_feat---------------------


6.1--------------------------------------------model name  : ['gin']---------------------


6.1.1--------------------------------------------Grid_Search  : ['gin']---------------------
small_test : 37.867354736328124, medium_test 37.85517578125
/project/p_gnn001/code/gnn_clean_code/utils.py:153: UserWarning: std_mean(): degrees of freedom is <= 0. Correction should be strictly less than the reduction factor (input numel divided by output numel). (Triggered internally at /opt/conda/conda-bld/pytorch_1708025824022/work/aten/src/ATen/native/ReduceOps.cpp:1760.)
  std, mean = torch.std_mean(array)
Trial 1/1
Epoch 10: loss=23.2500
Epoch 20: loss=16.9480
Epoch 30: loss=14.3827
Epoch 40: loss=13.2098
Epoch 50: loss=12.6396
Epoch 60: loss=12.3539
Epoch 70: loss=12.2090
Epoch 80: loss=12.1351
Epoch 90: loss=12.0974
Epoch 100: loss=12.0782
small_test : 12.160540161132813, medium_test 12.14454833984375
best trail model is : model_weights_trail0_dataset_identity_feat.pth
test mean acc: 12.1605, error bound: nan


6.1.2--------------------------------------------Train and Test  : ['gin']---------------------

