Epoch 10: loss=4.865776
Epoch 20: loss=4.523692
Epoch 30: loss=4.322237
Epoch 40: loss=4.220026
Epoch 50: loss=4.162985
Epoch 60: loss=4.110983
Epoch 70: loss=4.074930
Epoch 80: loss=4.055667
Epoch 90: loss=4.045874
Epoch 100: loss=4.039538
validation : 4.125375908613205, MUTAG 0.7385680526631211, Muedim test 4.105839464068413
An error occurred: 'LSTMModel' object has no attribute 'gnn_layers'
Traceback (most recent call last):
  File "/project/p_gnn001/code/gnn_clean_code/simple_code_lstm.py", line 592, in <module>
    train_loss, test_acc, test_acc2, test_acc3, test_acc4 = main(i)
                                                            ^^^^^^^
  File "/project/p_gnn001/code/gnn_clean_code/simple_code_lstm.py", line 557, in main
    real_loss = run_real_networks(model)
                ^^^^^^^^^^^^^^^^^^^^^^^^
  File "/project/p_gnn001/code/gnn_clean_code/test_stanford_networks.py", line 847, in run_real_networks
    loss = test_networks_simple(model, result, real_network_folder)
           ^^^^^^^^^^^^^^^^^^^^^^^^^^^^^^^^^^^^^^^^^^^^^^^^^^^^^^^^
  File "/project/p_gnn001/code/gnn_clean_code/test_stanford_networks.py", line 808, in test_networks_simple
    value = test_network_diff_nfeat_simple(model, graph, name)
            ^^^^^^^^^^^^^^^^^^^^^^^^^^^^^^^^^^^^^^^^^^^^^^^^^^
  File "/home/p_gnngw/miniconda3/envs/cuda118/lib/python3.12/site-packages/torch/utils/_contextlib.py", line 115, in decorate_context
    return func(*args, **kwargs)
           ^^^^^^^^^^^^^^^^^^^^^
  File "/project/p_gnn001/code/gnn_clean_code/test_stanford_networks.py", line 783, in test_network_diff_nfeat_simple
    loss = (logits[0][0].cpu().item()-label)**2
            ^^^^^^
UnboundLocalError: cannot access local variable 'logits' where it is not associated with a value
