simple_code_mlp code
Epoch 1/100, Train Loss: 568.6165, Val Loss: 265.1479
Epoch 11/100, Train Loss: 14.8953, Val Loss: 27.4027
Epoch 21/100, Train Loss: 3.4105, Val Loss: 7.5822
Epoch 31/100, Train Loss: 1.4061, Val Loss: 3.7826
Epoch 41/100, Train Loss: 0.8089, Val Loss: 2.4128
Epoch 51/100, Train Loss: 0.6037, Val Loss: 1.8168
Epoch 61/100, Train Loss: 0.5123, Val Loss: 1.5446
Epoch 71/100, Train Loss: 0.4696, Val Loss: 1.4255
Epoch 81/100, Train Loss: 0.4512, Val Loss: 1.3760
Epoch 91/100, Train Loss: 0.4438, Val Loss: 1.3573
train_loss :  0.4410461679697037
Test Loss: 1.1926
Epoch 1/100, Train Loss: 364.7949, Val Loss: 210.1037
Epoch 11/100, Train Loss: 10.2911, Val Loss: 9.3027
Epoch 21/100, Train Loss: 1.5735, Val Loss: 2.4184
Epoch 31/100, Train Loss: 0.5589, Val Loss: 1.0158
Epoch 41/100, Train Loss: 0.3078, Val Loss: 0.6909
Epoch 51/100, Train Loss: 0.2048, Val Loss: 0.4926
Epoch 61/100, Train Loss: 0.1702, Val Loss: 0.4188
Epoch 71/100, Train Loss: 0.1532, Val Loss: 0.3814
Epoch 81/100, Train Loss: 0.1447, Val Loss: 0.3653
Epoch 91/100, Train Loss: 0.1411, Val Loss: 0.3588
train_loss :  0.13984105196595192
Test Loss: 0.4109
Epoch 1/100, Train Loss: 341.5458, Val Loss: 232.7768
Epoch 11/100, Train Loss: 10.1890, Val Loss: 10.8807
Epoch 21/100, Train Loss: 1.0754, Val Loss: 2.4182
Epoch 31/100, Train Loss: 0.4432, Val Loss: 0.9976
Epoch 41/100, Train Loss: 0.2185, Val Loss: 0.5847
Epoch 51/100, Train Loss: 0.1448, Val Loss: 0.4268
Epoch 61/100, Train Loss: 0.1164, Val Loss: 0.3529
Epoch 71/100, Train Loss: 0.1024, Val Loss: 0.3147
Epoch 81/100, Train Loss: 0.0962, Val Loss: 0.2970
Epoch 91/100, Train Loss: 0.0934, Val Loss: 0.2889
train_loss :  0.09234344762563705
Test Loss: 0.2763
Epoch 1/100, Train Loss: 349.6138, Val Loss: 216.5144
Epoch 11/100, Train Loss: 7.8784, Val Loss: 10.1318
Epoch 21/100, Train Loss: 1.4308, Val Loss: 2.3910
Epoch 31/100, Train Loss: 0.4567, Val Loss: 1.1058
Epoch 41/100, Train Loss: 0.2802, Val Loss: 0.6335
Epoch 51/100, Train Loss: 0.1806, Val Loss: 0.4709
Epoch 61/100, Train Loss: 0.1482, Val Loss: 0.3961
Epoch 71/100, Train Loss: 0.1325, Val Loss: 0.3595
Epoch 81/100, Train Loss: 0.1254, Val Loss: 0.3428
Epoch 91/100, Train Loss: 0.1222, Val Loss: 0.3354
train_loss :  0.12089517319202422
Test Loss: 0.3722
Epoch 1/100, Train Loss: 324.6370, Val Loss: 236.5547
Epoch 11/100, Train Loss: 11.3138, Val Loss: 11.3493
Epoch 21/100, Train Loss: 1.6682, Val Loss: 3.3688
Epoch 31/100, Train Loss: 0.8500, Val Loss: 1.6832
Epoch 41/100, Train Loss: 0.3917, Val Loss: 0.9298
Epoch 51/100, Train Loss: 0.2768, Val Loss: 0.7187
Epoch 61/100, Train Loss: 0.2285, Val Loss: 0.6150
Epoch 71/100, Train Loss: 0.2075, Val Loss: 0.5658
Epoch 81/100, Train Loss: 0.1983, Val Loss: 0.5434
Epoch 91/100, Train Loss: 0.1938, Val Loss: 0.5358
train_loss :  0.19208361703157426
Test Loss: 0.5640
Train loss average: 0.1972, Valid loss average: 0.5721, Test loss average: 0.5632
