-------------------------------label_type : transitivity---------------------

2-------------------------------feat_type : identity_feat---------------------


2.1--------------------------------------------model name  : ['gin']---------------------


2.1.1--------------------------------------------Grid_Search  : ['gin']---------------------
4
/project/p_gnn001/code/gnn_clean_code/utils.py:153: UserWarning: std_mean(): degrees of freedom is <= 0. Correction should be strictly less than the reduction factor (input numel divided by output numel). (Triggered internally at /opt/conda/conda-bld/pytorch_1708025824022/work/aten/src/ATen/native/ReduceOps.cpp:1760.)
  std, mean = torch.std_mean(array)
Trial 1/1
Epoch 10: loss=0.0013
Epoch 20: loss=0.0005
Epoch 30: loss=0.0001
Epoch 40: loss=0.0001
Epoch 50: loss=0.0001
Epoch 60: loss=0.0001
Epoch 70: loss=0.0001
Epoch 80: loss=0.0001
Epoch 90: loss=0.0001
Epoch 100: loss=0.0001
best trail model is : model_weights_trail0_dataset_identity_feat.pth
test mean acc: 0.0000, error bound: nan


2.1.2--------------------------------------------Train and Test  : ['gin']---------------------

-------------------------------label_type : density---------------------

2-------------------------------feat_type : identity_feat---------------------


2.1--------------------------------------------model name  : ['gin']---------------------


2.1.1--------------------------------------------Grid_Search  : ['gin']---------------------
4
/project/p_gnn001/code/gnn_clean_code/utils.py:153: UserWarning: std_mean(): degrees of freedom is <= 0. Correction should be strictly less than the reduction factor (input numel divided by output numel). (Triggered internally at /opt/conda/conda-bld/pytorch_1708025824022/work/aten/src/ATen/native/ReduceOps.cpp:1760.)
  std, mean = torch.std_mean(array)
Trial 1/1
Epoch 10: loss=0.1795
Epoch 20: loss=0.0125
Epoch 30: loss=0.0044
Epoch 40: loss=0.0030
Epoch 50: loss=0.0026
Epoch 60: loss=0.0024
Epoch 70: loss=0.0023
Epoch 80: loss=0.0022
Epoch 90: loss=0.0022
Epoch 100: loss=0.0022
best trail model is : model_weights_trail0_dataset_identity_feat.pth
test mean acc: 0.0012, error bound: nan


2.1.2--------------------------------------------Train and Test  : ['gin']---------------------

-------------------------------label_type : kurtosis---------------------

2-------------------------------feat_type : identity_feat---------------------


2.1--------------------------------------------model name  : ['gin']---------------------


2.1.1--------------------------------------------Grid_Search  : ['gin']---------------------
4
/project/p_gnn001/code/gnn_clean_code/utils.py:153: UserWarning: std_mean(): degrees of freedom is <= 0. Correction should be strictly less than the reduction factor (input numel divided by output numel). (Triggered internally at /opt/conda/conda-bld/pytorch_1708025824022/work/aten/src/ATen/native/ReduceOps.cpp:1760.)
  std, mean = torch.std_mean(array)
Trial 1/1
Epoch 10: loss=0.0479
Epoch 20: loss=0.0125
Epoch 30: loss=0.0080
Epoch 40: loss=0.0059
Epoch 50: loss=0.0049
Epoch 60: loss=0.0044
Epoch 70: loss=0.0042
Epoch 80: loss=0.0040
Epoch 90: loss=0.0040
Epoch 100: loss=0.0039
best trail model is : model_weights_trail0_dataset_identity_feat.pth
test mean acc: 0.0338, error bound: nan


2.1.2--------------------------------------------Train and Test  : ['gin']---------------------

-------------------------------label_type : average_path---------------------

2-------------------------------feat_type : identity_feat---------------------


2.1--------------------------------------------model name  : ['gin']---------------------


2.1.1--------------------------------------------Grid_Search  : ['gin']---------------------
4
/project/p_gnn001/code/gnn_clean_code/utils.py:153: UserWarning: std_mean(): degrees of freedom is <= 0. Correction should be strictly less than the reduction factor (input numel divided by output numel). (Triggered internally at /opt/conda/conda-bld/pytorch_1708025824022/work/aten/src/ATen/native/ReduceOps.cpp:1760.)
  std, mean = torch.std_mean(array)
Trial 1/1
Epoch 10: loss=0.4252
Epoch 20: loss=0.0300
Epoch 30: loss=0.0093
Epoch 40: loss=0.0056
Epoch 50: loss=0.0046
Epoch 60: loss=0.0043
Epoch 70: loss=0.0041
Epoch 80: loss=0.0040
Epoch 90: loss=0.0040
Epoch 100: loss=0.0039
best trail model is : model_weights_trail0_dataset_identity_feat.pth
test mean acc: 0.0028, error bound: nan


2.1.2--------------------------------------------Train and Test  : ['gin']---------------------


field : Social networks

../data_folder/facebook_combined.txt.gz number of nodes is :  4039
../data_folder/facebook_combined.txt.gz number of edges is :  88234
../data_folder/facebook_combined.txt.gz identity_feat : loss : 9925960.0000 

../data_folder/wiki-Vote.txt.gz number of nodes is :  7115
../data_folder/wiki-Vote.txt.gz number of edges is :  103689
../data_folder/wiki-Vote.txt.gz identity_feat : loss : 51651052.0000 


field : Networks with ground-truth communities

../data_folder/email-Eu-core.txt.gz number of nodes is :  1005
../data_folder/email-Eu-core.txt.gz number of edges is :  25571
../data_folder/email-Eu-core.txt.gz identity_feat : loss : 17616200.0000 


field : Internet peer-to-peer networks

../data_folder/p2p-Gnutella04.txt.gz number of nodes is :  10876
../data_folder/p2p-Gnutella04.txt.gz number of edges is :  39994
../data_folder/p2p-Gnutella04.txt.gz identity_feat : loss : 111478.1719 

../data_folder/p2p-Gnutella08.txt.gz number of nodes is :  6301
../data_folder/p2p-Gnutella08.txt.gz number of edges is :  20777
../data_folder/p2p-Gnutella08.txt.gz identity_feat : loss : 76406.3438 


field : Collaboration networks

../data_folder/ca-GrQc.txt.gz number of nodes is :  5242
../data_folder/ca-GrQc.txt.gz number of edges is :  28980
../data_folder/ca-GrQc.txt.gz identity_feat : loss : 647950.6875 

CSphd number of nodes is :  1882
CSphd number of edges is :  3480
CSphd identity_feat : loss : 9709.0742 
YeastS number of nodes is :  2361
YeastS number of edges is :  13828
YeastS identity_feat : loss : 795928.8750 
geom number of nodes is :  7343
geom number of edges is :  23796
geom identity_feat : loss : 1758459.5000 
netsience number of nodes is :  1589
netsience number of edges is :  5484
netsience identity_feat : loss : 8555.4424 
Erdos02 number of nodes is :  6927
Erdos02 number of edges is :  23700
Erdos02 identity_feat : loss : 19178856.0000 
karate number of nodes is :  34
karate number of edges is :  156
karate identity_feat : loss : 877.7682 
lesmis number of nodes is :  77
lesmis number of edges is :  508
lesmis identity_feat : loss : 3696.1167 
adjnoun number of nodes is :  112
adjnoun number of edges is :  850
adjnoun identity_feat : loss : 21982.7363 
football number of nodes is :  115
football number of edges is :  1226
football identity_feat : loss : 4450.9204 
dolphins number of nodes is :  62
dolphins number of edges is :  318
dolphins identity_feat : loss : 642.2172 
polbooks number of nodes is :  105
polbooks number of edges is :  882
polbooks identity_feat : loss : 11678.7773 
hep-th number of nodes is :  8361
hep-th number of edges is :  31502
hep-th identity_feat : loss : 209982.2188 
power number of nodes is :  4941
power number of edges is :  13188
power identity_feat : loss : 7628.4443 
CLUSTERDataset number of nodes is :  117
CLUSTERDataset number of edges is :  4104
CLUSTERDataset identity_feat : loss : 386501.1875 
PATTERNDataset number of nodes is :  108
PATTERNDataset number of edges is :  4884
PATTERNDataset identity_feat : loss : 542649.3750 
Done loading data from cached files.
TreeGridDataset number of nodes is :  1231
TreeGridDataset number of edges is :  1705
TreeGridDataset identity_feat : loss : 622.8270 
Done loading data from cached files.
TreeCycleDataset number of nodes is :  871
TreeCycleDataset number of edges is :  966
TreeCycleDataset identity_feat : loss : 304.0223 

field : Social networks

../data_folder/facebook_combined.txt.gz number of nodes is :  4039
../data_folder/facebook_combined.txt.gz number of edges is :  88234
../data_folder/facebook_combined.txt.gz identity_feat : loss : 2788.1313 

../data_folder/wiki-Vote.txt.gz number of nodes is :  7115
../data_folder/wiki-Vote.txt.gz number of edges is :  103689
../data_folder/wiki-Vote.txt.gz identity_feat : loss : 15377.0781 


field : Networks with ground-truth communities

../data_folder/email-Eu-core.txt.gz number of nodes is :  1005
../data_folder/email-Eu-core.txt.gz number of edges is :  25571
../data_folder/email-Eu-core.txt.gz identity_feat : loss : 3474.2012 


field : Internet peer-to-peer networks

../data_folder/p2p-Gnutella04.txt.gz number of nodes is :  10876
../data_folder/p2p-Gnutella04.txt.gz number of edges is :  39994
../data_folder/p2p-Gnutella04.txt.gz identity_feat : loss : 556.4271 

../data_folder/p2p-Gnutella08.txt.gz number of nodes is :  6301
../data_folder/p2p-Gnutella08.txt.gz number of edges is :  20777
../data_folder/p2p-Gnutella08.txt.gz identity_feat : loss : 337.3146 


field : Collaboration networks

../data_folder/ca-GrQc.txt.gz number of nodes is :  5242
../data_folder/ca-GrQc.txt.gz number of edges is :  28980
../data_folder/ca-GrQc.txt.gz identity_feat : loss : 1029.7874 

CSphd number of nodes is :  1882
CSphd number of edges is :  3480
CSphd identity_feat : loss : 87.9268 
YeastS number of nodes is :  2361
YeastS number of edges is :  13828
YeastS identity_feat : loss : 1107.1420 
geom number of nodes is :  7343
geom number of edges is :  23796
geom identity_feat : loss : 2003.2917 
netsience number of nodes is :  1589
netsience number of edges is :  5484
netsience identity_feat : loss : 46.9690 
Erdos02 number of nodes is :  6927
Erdos02 number of edges is :  23700
Erdos02 identity_feat : loss : 16062.1699 
karate number of nodes is :  34
karate number of edges is :  156
karate identity_feat : loss : 4.3905 
lesmis number of nodes is :  77
lesmis number of edges is :  508
lesmis identity_feat : loss : 15.2705 
adjnoun number of nodes is :  112
adjnoun number of edges is :  850
adjnoun identity_feat : loss : 38.7083 
football number of nodes is :  115
football number of edges is :  1226
football identity_feat : loss : 9.4778 
dolphins number of nodes is :  62
dolphins number of edges is :  318
dolphins identity_feat : loss : 3.4099 
polbooks number of nodes is :  105
polbooks number of edges is :  882
polbooks identity_feat : loss : 22.1278 
hep-th number of nodes is :  8361
hep-th number of edges is :  31502
hep-th identity_feat : loss : 671.3083 
power number of nodes is :  4941
power number of edges is :  13188
power identity_feat : loss : 91.7176 
CLUSTERDataset number of nodes is :  117
CLUSTERDataset number of edges is :  4104
CLUSTERDataset identity_feat : loss : 75.2248 
PATTERNDataset number of nodes is :  108
PATTERNDataset number of edges is :  4884
PATTERNDataset identity_feat : loss : 84.9512 
Done loading data from cached files.
TreeGridDataset number of nodes is :  1231
TreeGridDataset number of edges is :  1705
TreeGridDataset identity_feat : loss : 13.5285 
Done loading data from cached files.
TreeCycleDataset number of nodes is :  871
TreeCycleDataset number of edges is :  966
TreeCycleDataset identity_feat : loss : 4.1799 

field : Social networks

../data_folder/facebook_combined.txt.gz number of nodes is :  4039
../data_folder/facebook_combined.txt.gz number of edges is :  88234
../data_folder/facebook_combined.txt.gz identity_feat : loss : -1253764.6250 

../data_folder/wiki-Vote.txt.gz number of nodes is :  7115
../data_folder/wiki-Vote.txt.gz number of edges is :  103689
../data_folder/wiki-Vote.txt.gz identity_feat : loss : -2665133.5000 


field : Networks with ground-truth communities

../data_folder/email-Eu-core.txt.gz number of nodes is :  1005
../data_folder/email-Eu-core.txt.gz number of edges is :  25571
../data_folder/email-Eu-core.txt.gz identity_feat : loss : -750173.5625 


field : Internet peer-to-peer networks

../data_folder/p2p-Gnutella04.txt.gz number of nodes is :  10876
../data_folder/p2p-Gnutella04.txt.gz number of edges is :  39994
../data_folder/p2p-Gnutella04.txt.gz identity_feat : loss : -6817.2231 

../data_folder/p2p-Gnutella08.txt.gz number of nodes is :  6301
../data_folder/p2p-Gnutella08.txt.gz number of edges is :  20777
../data_folder/p2p-Gnutella08.txt.gz identity_feat : loss : -3865.9258 


field : Collaboration networks

../data_folder/ca-GrQc.txt.gz number of nodes is :  5242
../data_folder/ca-GrQc.txt.gz number of edges is :  28980
../data_folder/ca-GrQc.txt.gz identity_feat : loss : -619084.6250 

CSphd number of nodes is :  1882
CSphd number of edges is :  3480
CSphd identity_feat : loss : -2163.8176 
YeastS number of nodes is :  2361
YeastS number of edges is :  13828
YeastS identity_feat : loss : -83431.1406 
geom number of nodes is :  7343
geom number of edges is :  23796
geom identity_feat : loss : -628038.2500 
netsience number of nodes is :  1589
netsience number of edges is :  5484
netsience identity_feat : loss : -9324.3047 
Erdos02 number of nodes is :  6927
Erdos02 number of edges is :  23700
Erdos02 identity_feat : loss : -8189117.0000 
karate number of nodes is :  34
karate number of edges is :  156
karate identity_feat : loss : -51.6862 
lesmis number of nodes is :  77
lesmis number of edges is :  508
lesmis identity_feat : loss : -1854.0074 
adjnoun number of nodes is :  112
adjnoun number of edges is :  850
adjnoun identity_feat : loss : -1472.9390 
football number of nodes is :  115
football number of edges is :  1226
football identity_feat : loss : -621.2406 
dolphins number of nodes is :  62
dolphins number of edges is :  318
dolphins identity_feat : loss : -39.4984 
polbooks number of nodes is :  105
polbooks number of edges is :  882
polbooks identity_feat : loss : -705.9940 
hep-th number of nodes is :  8361
hep-th number of edges is :  31502
hep-th identity_feat : loss : -54085.4727 
power number of nodes is :  4941
power number of edges is :  13188
power identity_feat : loss : -971.2783 
CLUSTERDataset number of nodes is :  117
CLUSTERDataset number of edges is :  4104
CLUSTERDataset identity_feat : loss : -38501.9141 
PATTERNDataset number of nodes is :  108
PATTERNDataset number of edges is :  4884
PATTERNDataset identity_feat : loss : -53680.0938 
Done loading data from cached files.
TreeGridDataset number of nodes is :  1231
TreeGridDataset number of edges is :  1705
TreeGridDataset identity_feat : loss : -208.1879 
Done loading data from cached files.
TreeCycleDataset number of nodes is :  871
TreeCycleDataset number of edges is :  966
TreeCycleDataset identity_feat : loss : -144.1513 

field : Social networks

../data_folder/facebook_combined.txt.gz number of nodes is :  4039
../data_folder/facebook_combined.txt.gz number of edges is :  88234
../data_folder/facebook_combined.txt.gz identity_feat : loss : 98438.8203 

../data_folder/wiki-Vote.txt.gz number of nodes is :  7115
../data_folder/wiki-Vote.txt.gz number of edges is :  103689
../data_folder/wiki-Vote.txt.gz identity_feat : loss : 458449.5625 


field : Networks with ground-truth communities

../data_folder/email-Eu-core.txt.gz number of nodes is :  1005
../data_folder/email-Eu-core.txt.gz number of edges is :  25571
../data_folder/email-Eu-core.txt.gz identity_feat : loss : 122516.7891 


field : Internet peer-to-peer networks

../data_folder/p2p-Gnutella04.txt.gz number of nodes is :  10876
../data_folder/p2p-Gnutella04.txt.gz number of edges is :  39994
../data_folder/p2p-Gnutella04.txt.gz identity_feat : loss : 15936.0557 

../data_folder/p2p-Gnutella08.txt.gz number of nodes is :  6301
../data_folder/p2p-Gnutella08.txt.gz number of edges is :  20777
../data_folder/p2p-Gnutella08.txt.gz identity_feat : loss : 8673.4531 


field : Collaboration networks

../data_folder/ca-GrQc.txt.gz number of nodes is :  5242
../data_folder/ca-GrQc.txt.gz number of edges is :  28980
../data_folder/ca-GrQc.txt.gz identity_feat : loss : 9710.7500 

CSphd number of nodes is :  1882
CSphd number of edges is :  3480
CSphd identity_feat : loss : 1821.7847 
YeastS number of nodes is :  2361
YeastS number of edges is :  13828
YeastS identity_feat : loss : 23546.1094 
geom number of nodes is :  7343
geom number of edges is :  23796
geom identity_feat : loss : 17071.9609 
netsience number of nodes is :  1589
netsience number of edges is :  5484
netsience identity_feat : loss : 1138.3623 
Erdos02 number of nodes is :  6927
Erdos02 number of edges is :  23700
Erdos02 identity_feat : loss : 176274.7969 
karate number of nodes is :  34
karate number of edges is :  156
karate identity_feat : loss : 97.0071 
lesmis number of nodes is :  77
lesmis number of edges is :  508
lesmis identity_feat : loss : 163.4103 
adjnoun number of nodes is :  112
adjnoun number of edges is :  850
adjnoun identity_feat : loss : 975.7935 
football number of nodes is :  115
football number of edges is :  1226
football identity_feat : loss : 494.5367 
dolphins number of nodes is :  62
dolphins number of edges is :  318
dolphins identity_feat : loss : 93.1827 
polbooks number of nodes is :  105
polbooks number of edges is :  882
polbooks identity_feat : loss : 535.1888 
hep-th number of nodes is :  8361
hep-th number of edges is :  31502
hep-th identity_feat : loss : 8697.1367 
power number of nodes is :  4941
power number of edges is :  13188
power identity_feat : loss : 2770.3918 
CLUSTERDataset number of nodes is :  117
CLUSTERDataset number of edges is :  4104
CLUSTERDataset identity_feat : loss : 5716.8594 
PATTERNDataset number of nodes is :  108
PATTERNDataset number of edges is :  4884
PATTERNDataset identity_feat : loss : 6120.1191 
Done loading data from cached files.
TreeGridDataset number of nodes is :  1231
TreeGridDataset number of edges is :  1705
TreeGridDataset identity_feat : loss : 1086.7479 
Done loading data from cached files.
TreeCycleDataset number of nodes is :  871
TreeCycleDataset number of edges is :  966
TreeCycleDataset identity_feat : loss : 643.2696 
