
field : Social networks

label :  [43.69101263]
loss : 5212.7056 
[5212.70556640625, array([43.69101263])]

label :  [28.32382291]
loss : 7535.2720 
[7535.27197265625, array([28.32382291])]


field : Networks with ground-truth communities

label :  None
loss : 769.9376 
[769.9375610351562, None]


field : Internet peer-to-peer networks

label :  [7.35454211]
loss : 5320.6650 
[5320.6650390625, array([7.35454211])]

label :  [6.59482622]
loss : 2486.9170 
[2486.9169921875, array([6.59482622])]


field : Collaboration networks

label :  None
loss : 500.4831 
[500.4831237792969, None]

label :  [1.84909671]
loss : 261.3594 
[261.3594055175781, array([1.84909671])]
label :  None
loss : 1168.6335 
[1168.633544921875, None]
label :  [3.24063734]
loss : 1060.4978 
[1060.497802734375, array([3.24063734])]
label :  [3.45122719]
loss : 281.3045 
[281.3045349121094, array([3.45122719])]
label :  None
loss : 3683.4761 
[3683.47607421875, None]
label :  None
loss : 10.9342 
[10.93415641784668, None]
label :  None
loss : 6.7099 
[6.709863185882568, None]
label :  [7.58928571]
loss : 73.6786 
[73.6785888671875, array([7.58928571])]
label :  [10.66086957]
loss : 29.6245 
[29.624530792236328, array([10.66086957])]
label :  None
loss : 17.3496 
[17.349624633789062, None]
label :  None
loss : 42.3460 
[42.346038818359375, None]
label :  [3.76773113]
loss : 797.4991 
[797.4990844726562, array([3.76773113])]
label :  None
loss : 627.7594 
[627.7593994140625, None]
label :  [35.07692308]
loss : 91.4150 
[91.41497802734375, array([35.07692308])]
label :  None
loss : 66.7322 
[66.73223114013672, None]
Done loading data from cached files.
label :  [2.77010561]
loss : 1062.9098 
[1062.9097900390625, array([2.77010561])]
Done loading data from cached files.
label :  None
loss : 654.8431 
[654.8430786132812, None]
                                            pred_y  ... num_edges
model feat_type     network_name                    ...          
gin   identity_feat facebook_combined  5212.705566  ...     88234
                    wiki-Vote          7535.271973  ...    103689
                    email-Eu-core       769.937561  ...     25571
                    p2p-Gnutella04     5320.665039  ...     39994
                    p2p-Gnutella08     2486.916992  ...     20777
                    ca-GrQc             500.483124  ...     28980
                    CSphd               261.359406  ...      3480
                    YeastS             1168.633545  ...     13828
                    geom               1060.497803  ...     23796
                    netsience           281.304535  ...      5484
                    Erdos02            3683.476074  ...     23700
                    karate               10.934156  ...       156
                    lesmis                6.709863  ...       508
                    adjnoun              73.678589  ...       850
                    football             29.624531  ...      1226
                    dolphins             17.349625  ...       318
                    polbooks             42.346039  ...       882
                    hep-th              797.499084  ...     31502
                    power               627.759399  ...     13188
                    CLUSTERDataset       91.414978  ...      4104
                    PATTERNDataset       66.732231  ...      4884
                    TreeGridDataset    1062.909790  ...      1705
                    TreeCycleDataset    654.843079  ...       966

[23 rows x 4 columns]

field : Social networks

label :  [0.51917428]
loss : 91.5494 
[91.54939270019531, array([0.51917428])]

label :  [0.12547915]
loss : -33.2036 
[-33.20361328125, array([0.12547915])]


field : Networks with ground-truth communities

label :  None
loss : 16.9228 
[16.92279052734375, None]


field : Internet peer-to-peer networks

label :  [0.00540203]
loss : -141.6978 
[-141.69781494140625, array([0.00540203])]

label :  [0.02065988]
loss : -120.0005 
[-120.00048828125, array([0.02065988])]


field : Collaboration networks

label :  None
loss : -117.7071 
[-117.70709228515625, None]

label :  [0.00362264]
loss : 0.7789 
[0.7788543701171875, array([0.00362264])]
label :  None
loss : -68.1901 
[-68.1900634765625, None]
label :  [0.24042958]
loss : -139.5183 
[-139.518310546875, array([0.24042958])]
label :  [0.69344141]
loss : -22.4033 
[-22.40326690673828, array([0.69344141])]
label :  None
loss : 1058.1411 
[1058.14111328125, None]
label :  None
loss : 0.2992 
[0.2991781234741211, None]
label :  None
loss : -1.1469 
[-1.1469087600708008, None]
label :  [0.15693498]
loss : -1.3566 
[-1.3566322326660156, array([0.15693498])]
label :  [0.40723982]
loss : -4.7294 
[-4.729414939880371, array([0.40723982])]
label :  None
loss : -1.7355 
[-1.7355387210845947, None]
label :  None
loss : -1.8317 
[-1.8317279815673828, None]
label :  [0.32957558]
loss : -231.2903 
[-231.29034423828125, array([0.32957558])]
label :  None
loss : -43.3121 
[-43.31205749511719, None]
label :  [0.3155692]
loss : 6.8559 
[6.855904579162598, array([0.3155692])]
label :  None
loss : 4.5290 
[4.528987884521484, None]
Done loading data from cached files.
label :  [0.]
loss : -35.4273 
[-35.42729949951172, array([0.])]
Done loading data from cached files.
label :  None
loss : -37.5019 
[-37.501888275146484, None]
                                            pred_y  ... num_edges
model feat_type     network_name                    ...          
gin   identity_feat facebook_combined    91.549393  ...     88234
                    wiki-Vote           -33.203613  ...    103689
                    email-Eu-core        16.922791  ...     25571
                    p2p-Gnutella04     -141.697815  ...     39994
                    p2p-Gnutella08     -120.000488  ...     20777
                    ca-GrQc            -117.707092  ...     28980
                    CSphd                 0.778854  ...      3480
                    YeastS              -68.190063  ...     13828
                    geom               -139.518311  ...     23796
                    netsience           -22.403267  ...      5484
                    Erdos02            1058.141113  ...     23700
                    karate                0.299178  ...       156
                    lesmis               -1.146909  ...       508
                    adjnoun              -1.356632  ...       850
                    football             -4.729415  ...      1226
                    dolphins             -1.735539  ...       318
                    polbooks             -1.831728  ...       882
                    hep-th             -231.290344  ...     31502
                    power               -43.312057  ...     13188
                    CLUSTERDataset        6.855905  ...      4104
                    PATTERNDataset        4.528988  ...      4884
                    TreeGridDataset     -35.427299  ...      1705
                    TreeCycleDataset    -37.501888  ...       966

[23 rows x 4 columns]

field : Social networks

label :  [3.40257568]
loss : -205.0517 
[-205.05172729492188, array([3.40257568])]

label :  [228.31866051]
loss : -634.1780 
[-634.177978515625, array([228.31866051])]


field : Networks with ground-truth communities

label :  None
loss : -270.7429 
[-270.7428894042969, None]


field : Internet peer-to-peer networks

label :  [17.98016351]
loss : -1019.7176 
[-1019.7175903320312, array([17.98016351])]

label :  [27.74055506]
loss : -644.6412 
[-644.6411743164062, array([27.74055506])]


field : Collaboration networks

label :  None
loss : -2119.0034 
[-2119.00341796875, None]

label :  [13.98430534]
loss : -273.0064 
[-273.0063781738281, array([13.98430534])]
label :  None
loss : -926.1399 
[-926.139892578125, None]
label :  [16.87922057]
loss : -2472.7046 
[-2472.70458984375, array([16.87922057])]
label :  [1.42862943]
loss : -219.8066 
[-219.80661010742188, array([1.42862943])]
label :  None
loss : -2260.9229 
[-2260.9228515625, None]
label :  None
loss : -2.1825 
[-2.182478666305542, None]
label :  None
loss : -24.3094 
[-24.309356689453125, None]
label :  [-1.29309994]
loss : -40.6522 
[-40.65218734741211, array([-1.29309994])]
label :  [0.11500839]
loss : -26.6025 
[-26.60250473022461, array([0.11500839])]
label :  None
loss : -13.6012 
[-13.601175308227539, None]
label :  None
loss : -27.9225 
[-27.922473907470703, None]
label :  [6.03926905]
loss : -3046.1348 
[-3046.134765625, array([6.03926905])]
label :  None
loss : -963.0077 
[-963.0076904296875, None]
label :  [-0.84516855]
loss : -10.4721 
[-10.47206974029541, array([-0.84516855])]
label :  None
loss : -4.6206 
[-4.62064266204834, None]
Done loading data from cached files.
label :  [-0.435806]
loss : -101.3925 
[-101.39254760742188, array([-0.435806])]
Done loading data from cached files.
label :  None
loss : -85.2981 
[-85.29811096191406, None]
                                            pred_y  ... num_edges
model feat_type     network_name                    ...          
gin   identity_feat facebook_combined  -205.051727  ...     88234
                    wiki-Vote          -634.177979  ...    103689
                    email-Eu-core      -270.742889  ...     25571
                    p2p-Gnutella04    -1019.717590  ...     39994
                    p2p-Gnutella08     -644.641174  ...     20777
                    ca-GrQc           -2119.003418  ...     28980
                    CSphd              -273.006378  ...      3480
                    YeastS             -926.139893  ...     13828
                    geom              -2472.704590  ...     23796
                    netsience          -219.806610  ...      5484
                    Erdos02           -2260.922852  ...     23700
                    karate               -2.182479  ...       156
                    lesmis              -24.309357  ...       508
                    adjnoun             -40.652187  ...       850
                    football            -26.602505  ...      1226
                    dolphins            -13.601175  ...       318
                    polbooks            -27.922474  ...       882
                    hep-th            -3046.134766  ...     31502
                    power              -963.007690  ...     13188
                    CLUSTERDataset      -10.472070  ...      4104
                    PATTERNDataset       -4.620643  ...      4884
                    TreeGridDataset    -101.392548  ...      1705
                    TreeCycleDataset    -85.298111  ...       966

[23 rows x 4 columns]

field : Social networks

label :  [0.64169616]
loss : 155.6155 
[155.61553955078125, array([0.64169616])]

label :  [-0.02671031]
loss : 209.4826 
[209.48263549804688, array([-0.02671031])]


field : Networks with ground-truth communities

label :  None
loss : 34.2169 
[34.216949462890625, None]


field : Internet peer-to-peer networks

label :  [2.44098353]
loss : 43.1050 
[43.10499954223633, array([2.44098353])]

label :  [1.9390254]
loss : 213.2851 
[213.2850799560547, array([1.9390254])]


field : Collaboration networks

label :  None
loss : 1013.7792 
[1013.7792358398438, None]

label :  [2.79581213]
loss : 619.9650 
[619.9650268554688, array([2.79581213])]
label :  None
loss : 750.0283 
[750.0282592773438, None]
label :  [0.53589648]
loss : 1498.2909 
[1498.2908935546875, array([0.53589648])]
label :  [-0.58824205]
loss : 301.5327 
[301.53271484375, array([-0.58824205])]
label :  None
loss : 2362.8633 
[2362.86328125, None]
label :  None
loss : 5.0747 
[5.074726581573486, None]
label :  None
loss : 8.4481 
[8.448111534118652, None]
label :  [2.53555346]
loss : 14.6231 
[14.623050689697266, array([2.53555346])]
label :  [2.50816178]
loss : 4.2784 
[4.27839469909668, array([2.50816178])]
label :  None
loss : 8.0825 
[8.082452774047852, None]
label :  None
loss : 18.8246 
[18.824626922607422, None]
label :  [2.9091835]
loss : 1745.2902 
[1745.2901611328125, array([2.9091835])]
label :  None
loss : 1146.9136 
[1146.91357421875, None]
label :  [1.69761276]
loss : 8.4629 
[8.462916374206543, array([1.69761276])]
label :  None
loss : 5.6994 
[5.699358940124512, None]
Done loading data from cached files.
label :  [-0.9643333]
loss : 33.2649 
[33.26492691040039, array([-0.9643333])]
Done loading data from cached files.
label :  None
loss : 20.2705 
[20.27052116394043, None]
                                            pred_y  ... num_edges
model feat_type     network_name                    ...          
gin   identity_feat facebook_combined   155.615540  ...     88234
                    wiki-Vote           209.482635  ...    103689
                    email-Eu-core        34.216949  ...     25571
                    p2p-Gnutella04       43.105000  ...     39994
                    p2p-Gnutella08      213.285080  ...     20777
                    ca-GrQc            1013.779236  ...     28980
                    CSphd               619.965027  ...      3480
                    YeastS              750.028259  ...     13828
                    geom               1498.290894  ...     23796
                    netsience           301.532715  ...      5484
                    Erdos02            2362.863281  ...     23700
                    karate                5.074727  ...       156
                    lesmis                8.448112  ...       508
                    adjnoun              14.623051  ...       850
                    football              4.278395  ...      1226
                    dolphins              8.082453  ...       318
                    polbooks             18.824627  ...       882
                    hep-th             1745.290161  ...     31502
                    power              1146.913574  ...     13188
                    CLUSTERDataset        8.462916  ...      4104
                    PATTERNDataset        5.699359  ...      4884
                    TreeGridDataset      33.264927  ...      1705
                    TreeCycleDataset     20.270521  ...       966

[23 rows x 4 columns]
