-------------------------------label_type : density---------------------

2-------------------------------feat_type : ones_feat---------------------


2.1--------------------------------------------model name  : ['gin']---------------------


2.1.1--------------------------------------------Grid_Search  : ['gin']---------------------
/project/p_gnn001/code/gnn_clean_code/utils.py:153: UserWarning: std_mean(): degrees of freedom is <= 0. Correction should be strictly less than the reduction factor (input numel divided by output numel). (Triggered internally at /opt/conda/conda-bld/pytorch_1708025824022/work/aten/src/ATen/native/ReduceOps.cpp:1760.)
  std, mean = torch.std_mean(array)
Trial 1/1
Epoch 10: loss=2.9828
Epoch 20: loss=1.8057
Epoch 30: loss=1.2671
Epoch 40: loss=1.0292
Epoch 50: loss=0.9255
Epoch 60: loss=0.8684
Epoch 70: loss=0.8445
Epoch 80: loss=0.8324
Epoch 90: loss=0.8266
Epoch 100: loss=0.8236
best trail model is : model_weights_trail0_dataset_ones_feat.pth
test mean acc: 0.1815, error bound: nan


2.1.2--------------------------------------------Train and Test  : ['gin']---------------------


3-------------------------------feat_type : degree_feat---------------------


3.1--------------------------------------------model name  : ['gin']---------------------


3.1.1--------------------------------------------Grid_Search  : ['gin']---------------------
/project/p_gnn001/code/gnn_clean_code/utils.py:153: UserWarning: std_mean(): degrees of freedom is <= 0. Correction should be strictly less than the reduction factor (input numel divided by output numel). (Triggered internally at /opt/conda/conda-bld/pytorch_1708025824022/work/aten/src/ATen/native/ReduceOps.cpp:1760.)
  std, mean = torch.std_mean(array)
Trial 1/1
Epoch 10: loss=2.9571
Epoch 20: loss=1.7496
Epoch 30: loss=1.1707
Epoch 40: loss=0.9280
Epoch 50: loss=0.8176
Epoch 60: loss=0.7685
Epoch 70: loss=0.7447
Epoch 80: loss=0.7330
Epoch 90: loss=0.7271
Epoch 100: loss=0.7242
best trail model is : model_weights_trail0_dataset_degree_feat.pth
test mean acc: 0.1343, error bound: nan


3.1.2--------------------------------------------Train and Test  : ['gin']---------------------

