simple_code_mlp code
batch :  torch.Size([32, 100])
count :  4000
number of samples 4000
Epoch 1/100, Train Loss: 150.9173, Val Loss: 5.0549
count :  44000
number of samples 4000
Epoch 11/100, Train Loss: 0.0069, Val Loss: 0.0074
count :  84000
number of samples 4000
Epoch 21/100, Train Loss: 0.0018, Val Loss: 0.0023
count :  124000
number of samples 4000
Epoch 31/100, Train Loss: 0.0010, Val Loss: 0.0034
count :  164000
number of samples 4000
Epoch 41/100, Train Loss: 0.0080, Val Loss: 0.0060
count :  204000
number of samples 4000
Epoch 51/100, Train Loss: 0.0084, Val Loss: 0.0078
count :  244000
number of samples 4000
Epoch 61/100, Train Loss: 0.0108, Val Loss: 0.0017
count :  284000
number of samples 4000
Epoch 71/100, Train Loss: 0.0535, Val Loss: 0.0052
count :  324000
number of samples 4000
Epoch 81/100, Train Loss: 0.0258, Val Loss: 0.0019
count :  364000
number of samples 4000
Epoch 91/100, Train Loss: 0.0283, Val Loss: 0.1266
Test Loss: 0.0018
Train loss average: 0.0018283742398780304, Valid loss average: 0.0019524760004132986, Test loss average: 0.0017562204971909522
