/home/p_gnngw/miniconda3/envs/cuda118/lib/python3.12/site-packages/torch/nn/modules/loss.py:535: UserWarning: Using a target size (torch.Size([100, 1])) that is different to the input size (torch.Size([100, 8])). This will likely lead to incorrect results due to broadcasting. Please ensure they have the same size.
  return F.mse_loss(input, target, reduction=self.reduction)
/home/p_gnngw/miniconda3/envs/cuda118/lib/python3.12/site-packages/torch/nn/modules/loss.py:535: UserWarning: Using a target size (torch.Size([88, 1])) that is different to the input size (torch.Size([88, 8])). This will likely lead to incorrect results due to broadcasting. Please ensure they have the same size.
  return F.mse_loss(input, target, reduction=self.reduction)
/home/p_gnngw/miniconda3/envs/cuda118/lib/python3.12/site-packages/torch/nn/modules/loss.py:535: UserWarning: Using a target size (torch.Size([100, 1])) that is different to the input size (torch.Size([100, 8])). This will likely lead to incorrect results due to broadcasting. Please ensure they have the same size.
  return F.mse_loss(input, target, reduction=self.reduction)
/home/p_gnngw/miniconda3/envs/cuda118/lib/python3.12/site-packages/torch/nn/modules/loss.py:535: UserWarning: Using a target size (torch.Size([88, 1])) that is different to the input size (torch.Size([88, 8])). This will likely lead to incorrect results due to broadcasting. Please ensure they have the same size.
  return F.mse_loss(input, target, reduction=self.reduction)
/home/p_gnngw/miniconda3/envs/cuda118/lib/python3.12/site-packages/torch/nn/modules/loss.py:535: UserWarning: Using a target size (torch.Size([100, 1])) that is different to the input size (torch.Size([100, 8])). This will likely lead to incorrect results due to broadcasting. Please ensure they have the same size.
  return F.mse_loss(input, target, reduction=self.reduction)
/home/p_gnngw/miniconda3/envs/cuda118/lib/python3.12/site-packages/torch/nn/modules/loss.py:535: UserWarning: Using a target size (torch.Size([88, 1])) that is different to the input size (torch.Size([88, 8])). This will likely lead to incorrect results due to broadcasting. Please ensure they have the same size.
  return F.mse_loss(input, target, reduction=self.reduction)
/home/p_gnngw/miniconda3/envs/cuda118/lib/python3.12/site-packages/torch/nn/modules/loss.py:535: UserWarning: Using a target size (torch.Size([100, 1])) that is different to the input size (torch.Size([100, 8])). This will likely lead to incorrect results due to broadcasting. Please ensure they have the same size.
  return F.mse_loss(input, target, reduction=self.reduction)
/home/p_gnngw/miniconda3/envs/cuda118/lib/python3.12/site-packages/torch/nn/modules/loss.py:535: UserWarning: Using a target size (torch.Size([88, 1])) that is different to the input size (torch.Size([88, 8])). This will likely lead to incorrect results due to broadcasting. Please ensure they have the same size.
  return F.mse_loss(input, target, reduction=self.reduction)
/home/p_gnngw/miniconda3/envs/cuda118/lib/python3.12/site-packages/torch/nn/modules/loss.py:535: UserWarning: Using a target size (torch.Size([100, 1])) that is different to the input size (torch.Size([100, 8])). This will likely lead to incorrect results due to broadcasting. Please ensure they have the same size.
  return F.mse_loss(input, target, reduction=self.reduction)
/home/p_gnngw/miniconda3/envs/cuda118/lib/python3.12/site-packages/torch/nn/modules/loss.py:535: UserWarning: Using a target size (torch.Size([88, 1])) that is different to the input size (torch.Size([88, 8])). This will likely lead to incorrect results due to broadcasting. Please ensure they have the same size.
  return F.mse_loss(input, target, reduction=self.reduction)
/home/p_gnngw/miniconda3/envs/cuda118/lib/python3.12/site-packages/torch/nn/modules/loss.py:535: UserWarning: Using a target size (torch.Size([100, 1])) that is different to the input size (torch.Size([100, 8])). This will likely lead to incorrect results due to broadcasting. Please ensure they have the same size.
  return F.mse_loss(input, target, reduction=self.reduction)
/home/p_gnngw/miniconda3/envs/cuda118/lib/python3.12/site-packages/torch/nn/modules/loss.py:535: UserWarning: Using a target size (torch.Size([88, 1])) that is different to the input size (torch.Size([88, 8])). This will likely lead to incorrect results due to broadcasting. Please ensure they have the same size.
  return F.mse_loss(input, target, reduction=self.reduction)
/home/p_gnngw/miniconda3/envs/cuda118/lib/python3.12/site-packages/torch/nn/modules/loss.py:535: UserWarning: Using a target size (torch.Size([100, 1])) that is different to the input size (torch.Size([100, 8])). This will likely lead to incorrect results due to broadcasting. Please ensure they have the same size.
  return F.mse_loss(input, target, reduction=self.reduction)
/home/p_gnngw/miniconda3/envs/cuda118/lib/python3.12/site-packages/torch/nn/modules/loss.py:535: UserWarning: Using a target size (torch.Size([88, 1])) that is different to the input size (torch.Size([88, 8])). This will likely lead to incorrect results due to broadcasting. Please ensure they have the same size.
  return F.mse_loss(input, target, reduction=self.reduction)
/home/p_gnngw/miniconda3/envs/cuda118/lib/python3.12/site-packages/torch/nn/modules/loss.py:535: UserWarning: Using a target size (torch.Size([100, 1])) that is different to the input size (torch.Size([100, 8])). This will likely lead to incorrect results due to broadcasting. Please ensure they have the same size.
  return F.mse_loss(input, target, reduction=self.reduction)
/home/p_gnngw/miniconda3/envs/cuda118/lib/python3.12/site-packages/torch/nn/modules/loss.py:535: UserWarning: Using a target size (torch.Size([88, 1])) that is different to the input size (torch.Size([88, 8])). This will likely lead to incorrect results due to broadcasting. Please ensure they have the same size.
  return F.mse_loss(input, target, reduction=self.reduction)
/home/p_gnngw/miniconda3/envs/cuda118/lib/python3.12/site-packages/torch/nn/modules/loss.py:535: UserWarning: Using a target size (torch.Size([100, 1])) that is different to the input size (torch.Size([100, 8])). This will likely lead to incorrect results due to broadcasting. Please ensure they have the same size.
  return F.mse_loss(input, target, reduction=self.reduction)
/home/p_gnngw/miniconda3/envs/cuda118/lib/python3.12/site-packages/torch/nn/modules/loss.py:535: UserWarning: Using a target size (torch.Size([88, 1])) that is different to the input size (torch.Size([88, 8])). This will likely lead to incorrect results due to broadcasting. Please ensure they have the same size.
  return F.mse_loss(input, target, reduction=self.reduction)
/home/p_gnngw/miniconda3/envs/cuda118/lib/python3.12/site-packages/torch/nn/modules/loss.py:535: UserWarning: Using a target size (torch.Size([100, 1])) that is different to the input size (torch.Size([100, 8])). This will likely lead to incorrect results due to broadcasting. Please ensure they have the same size.
  return F.mse_loss(input, target, reduction=self.reduction)
/home/p_gnngw/miniconda3/envs/cuda118/lib/python3.12/site-packages/torch/nn/modules/loss.py:535: UserWarning: Using a target size (torch.Size([88, 1])) that is different to the input size (torch.Size([88, 8])). This will likely lead to incorrect results due to broadcasting. Please ensure they have the same size.
  return F.mse_loss(input, target, reduction=self.reduction)
Epoch 10: loss=0.474775
Epoch 20: loss=0.481528
Epoch 30: loss=0.472880
Epoch 40: loss=0.470894
Epoch 50: loss=0.472147
Epoch 60: loss=0.470347
Epoch 70: loss=0.469876
Epoch 80: loss=0.469710
Epoch 90: loss=0.469638
Epoch 100: loss=0.469593
validation : 0.47248741149902346, MUTAG 1.9289128112792968, Muedim test 0.4702122211456299
An error occurred: a Tensor with 8 elements cannot be converted to Scalar
An error occurred: a Tensor with 8 elements cannot be converted to Scalar
An error occurred: a Tensor with 8 elements cannot be converted to Scalar
An error occurred: a Tensor with 8 elements cannot be converted to Scalar
An error occurred: a Tensor with 8 elements cannot be converted to Scalar
An error occurred: a Tensor with 8 elements cannot be converted to Scalar
An error occurred: a Tensor with 8 elements cannot be converted to Scalar
An error occurred: a Tensor with 8 elements cannot be converted to Scalar
An error occurred: a Tensor with 8 elements cannot be converted to Scalar
An error occurred: a Tensor with 8 elements cannot be converted to Scalar
An error occurred: a Tensor with 8 elements cannot be converted to Scalar
An error occurred: a Tensor with 8 elements cannot be converted to Scalar
An error occurred: a Tensor with 8 elements cannot be converted to Scalar
An error occurred: a Tensor with 8 elements cannot be converted to Scalar
An error occurred: a Tensor with 8 elements cannot be converted to Scalar
An error occurred: a Tensor with 8 elements cannot be converted to Scalar
An error occurred: a Tensor with 8 elements cannot be converted to Scalar
An error occurred: a Tensor with 8 elements cannot be converted to Scalar
An error occurred: a Tensor with 8 elements cannot be converted to Scalar
An error occurred: a Tensor with 8 elements cannot be converted to Scalar
An error occurred: a Tensor with 8 elements cannot be converted to Scalar
Done loading data from cached files.
An error occurred: a Tensor with 8 elements cannot be converted to Scalar
Done loading data from cached files.
An error occurred: a Tensor with 8 elements cannot be converted to Scalar
loss of real network :  1.8271968129444465
Epoch 10: loss=0.476508
Epoch 20: loss=0.492120
Epoch 30: loss=0.470729
Epoch 40: loss=0.468083
Epoch 50: loss=0.468250
Epoch 60: loss=0.466995
Epoch 70: loss=0.466640
Epoch 80: loss=0.466508
Epoch 90: loss=0.466422
Epoch 100: loss=0.466392
validation : 0.5020488548278809, MUTAG 1.9421446990966797, Muedim test 0.4702873516082764
An error occurred: a Tensor with 8 elements cannot be converted to Scalar
An error occurred: a Tensor with 8 elements cannot be converted to Scalar
An error occurred: a Tensor with 8 elements cannot be converted to Scalar
An error occurred: a Tensor with 8 elements cannot be converted to Scalar
An error occurred: a Tensor with 8 elements cannot be converted to Scalar
An error occurred: a Tensor with 8 elements cannot be converted to Scalar
An error occurred: a Tensor with 8 elements cannot be converted to Scalar
An error occurred: a Tensor with 8 elements cannot be converted to Scalar
An error occurred: a Tensor with 8 elements cannot be converted to Scalar
An error occurred: a Tensor with 8 elements cannot be converted to Scalar
An error occurred: a Tensor with 8 elements cannot be converted to Scalar
An error occurred: a Tensor with 8 elements cannot be converted to Scalar
An error occurred: a Tensor with 8 elements cannot be converted to Scalar
An error occurred: a Tensor with 8 elements cannot be converted to Scalar
An error occurred: a Tensor with 8 elements cannot be converted to Scalar
An error occurred: a Tensor with 8 elements cannot be converted to Scalar
An error occurred: a Tensor with 8 elements cannot be converted to Scalar
An error occurred: a Tensor with 8 elements cannot be converted to Scalar
An error occurred: a Tensor with 8 elements cannot be converted to Scalar
An error occurred: a Tensor with 8 elements cannot be converted to Scalar
An error occurred: a Tensor with 8 elements cannot be converted to Scalar
Done loading data from cached files.
An error occurred: a Tensor with 8 elements cannot be converted to Scalar
Done loading data from cached files.
An error occurred: a Tensor with 8 elements cannot be converted to Scalar
loss of real network :  1.8130024485903558
Epoch 10: loss=0.472046
Epoch 20: loss=0.470437
Epoch 30: loss=0.469581
Epoch 40: loss=0.469772
Epoch 50: loss=0.469252
Epoch 60: loss=0.468943
Epoch 70: loss=0.468825
Epoch 80: loss=0.468771
Epoch 90: loss=0.468749
Epoch 100: loss=0.468724
validation : 0.48016742706298826, MUTAG 1.9352870178222656, Muedim test 0.47010858535766603
An error occurred: a Tensor with 8 elements cannot be converted to Scalar
An error occurred: a Tensor with 8 elements cannot be converted to Scalar
An error occurred: a Tensor with 8 elements cannot be converted to Scalar
An error occurred: a Tensor with 8 elements cannot be converted to Scalar
An error occurred: a Tensor with 8 elements cannot be converted to Scalar
An error occurred: a Tensor with 8 elements cannot be converted to Scalar
An error occurred: a Tensor with 8 elements cannot be converted to Scalar
An error occurred: a Tensor with 8 elements cannot be converted to Scalar
An error occurred: a Tensor with 8 elements cannot be converted to Scalar
An error occurred: a Tensor with 8 elements cannot be converted to Scalar
An error occurred: a Tensor with 8 elements cannot be converted to Scalar
An error occurred: a Tensor with 8 elements cannot be converted to Scalar
An error occurred: a Tensor with 8 elements cannot be converted to Scalar
An error occurred: a Tensor with 8 elements cannot be converted to Scalar
An error occurred: a Tensor with 8 elements cannot be converted to Scalar
An error occurred: a Tensor with 8 elements cannot be converted to Scalar
An error occurred: a Tensor with 8 elements cannot be converted to Scalar
An error occurred: a Tensor with 8 elements cannot be converted to Scalar
An error occurred: a Tensor with 8 elements cannot be converted to Scalar
An error occurred: a Tensor with 8 elements cannot be converted to Scalar
An error occurred: a Tensor with 8 elements cannot be converted to Scalar
Done loading data from cached files.
An error occurred: a Tensor with 8 elements cannot be converted to Scalar
Done loading data from cached files.
An error occurred: a Tensor with 8 elements cannot be converted to Scalar
loss of real network :  1.8206792533074605
Epoch 10: loss=0.471424
Epoch 20: loss=0.469787
Epoch 30: loss=0.473499
Epoch 40: loss=0.481702
Epoch 50: loss=0.472250
Epoch 60: loss=0.470021
Epoch 70: loss=0.469285
Epoch 80: loss=0.468968
Epoch 90: loss=0.468806
Epoch 100: loss=0.468727
validation : 0.48064308166503905, MUTAG 1.9315393829345704, Muedim test 0.47019840240478517
An error occurred: a Tensor with 8 elements cannot be converted to Scalar
An error occurred: a Tensor with 8 elements cannot be converted to Scalar
An error occurred: a Tensor with 8 elements cannot be converted to Scalar
An error occurred: a Tensor with 8 elements cannot be converted to Scalar
An error occurred: a Tensor with 8 elements cannot be converted to Scalar
An error occurred: a Tensor with 8 elements cannot be converted to Scalar
An error occurred: a Tensor with 8 elements cannot be converted to Scalar
An error occurred: a Tensor with 8 elements cannot be converted to Scalar
An error occurred: a Tensor with 8 elements cannot be converted to Scalar
An error occurred: a Tensor with 8 elements cannot be converted to Scalar
An error occurred: a Tensor with 8 elements cannot be converted to Scalar
An error occurred: a Tensor with 8 elements cannot be converted to Scalar
An error occurred: a Tensor with 8 elements cannot be converted to Scalar
An error occurred: a Tensor with 8 elements cannot be converted to Scalar
An error occurred: a Tensor with 8 elements cannot be converted to Scalar
An error occurred: a Tensor with 8 elements cannot be converted to Scalar
An error occurred: a Tensor with 8 elements cannot be converted to Scalar
An error occurred: a Tensor with 8 elements cannot be converted to Scalar
An error occurred: a Tensor with 8 elements cannot be converted to Scalar
An error occurred: a Tensor with 8 elements cannot be converted to Scalar
An error occurred: a Tensor with 8 elements cannot be converted to Scalar
Done loading data from cached files.
An error occurred: a Tensor with 8 elements cannot be converted to Scalar
Done loading data from cached files.
An error occurred: a Tensor with 8 elements cannot be converted to Scalar
loss of real network :  1.8246386429867116
Epoch 10: loss=0.488536
Epoch 20: loss=0.519220
Epoch 30: loss=0.474867
Epoch 40: loss=0.470123
Epoch 50: loss=0.468854
Epoch 60: loss=0.468156
Epoch 70: loss=0.467856
Epoch 80: loss=0.467696
Epoch 90: loss=0.467617
Epoch 100: loss=0.467573
validation : 0.4911704635620117, MUTAG 1.9392707824707032, Muedim test 0.47027275085449216
An error occurred: a Tensor with 8 elements cannot be converted to Scalar
An error occurred: a Tensor with 8 elements cannot be converted to Scalar
An error occurred: a Tensor with 8 elements cannot be converted to Scalar
An error occurred: a Tensor with 8 elements cannot be converted to Scalar
An error occurred: a Tensor with 8 elements cannot be converted to Scalar
An error occurred: a Tensor with 8 elements cannot be converted to Scalar
An error occurred: a Tensor with 8 elements cannot be converted to Scalar
An error occurred: a Tensor with 8 elements cannot be converted to Scalar
An error occurred: a Tensor with 8 elements cannot be converted to Scalar
An error occurred: a Tensor with 8 elements cannot be converted to Scalar
An error occurred: a Tensor with 8 elements cannot be converted to Scalar
An error occurred: a Tensor with 8 elements cannot be converted to Scalar
An error occurred: a Tensor with 8 elements cannot be converted to Scalar
An error occurred: a Tensor with 8 elements cannot be converted to Scalar
An error occurred: a Tensor with 8 elements cannot be converted to Scalar
An error occurred: a Tensor with 8 elements cannot be converted to Scalar
An error occurred: a Tensor with 8 elements cannot be converted to Scalar
An error occurred: a Tensor with 8 elements cannot be converted to Scalar
An error occurred: a Tensor with 8 elements cannot be converted to Scalar
An error occurred: a Tensor with 8 elements cannot be converted to Scalar
An error occurred: a Tensor with 8 elements cannot be converted to Scalar
Done loading data from cached files.
An error occurred: a Tensor with 8 elements cannot be converted to Scalar
Done loading data from cached files.
An error occurred: a Tensor with 8 elements cannot be converted to Scalar
loss of real network :  1.8164010186599184
Epoch 10: loss=0.482985
Epoch 20: loss=0.471137
Epoch 30: loss=0.470907
Epoch 40: loss=0.467934
Epoch 50: loss=0.471523
Epoch 60: loss=0.469179
Epoch 70: loss=0.467605
Epoch 80: loss=0.467180
Epoch 90: loss=0.467018
Epoch 100: loss=0.466946
validation : 0.49754940032958983, MUTAG 1.942665786743164, Muedim test 0.47028804779052735
An error occurred: a Tensor with 8 elements cannot be converted to Scalar
An error occurred: a Tensor with 8 elements cannot be converted to Scalar
An error occurred: a Tensor with 8 elements cannot be converted to Scalar
An error occurred: a Tensor with 8 elements cannot be converted to Scalar
An error occurred: a Tensor with 8 elements cannot be converted to Scalar
An error occurred: a Tensor with 8 elements cannot be converted to Scalar
An error occurred: a Tensor with 8 elements cannot be converted to Scalar
An error occurred: a Tensor with 8 elements cannot be converted to Scalar
An error occurred: a Tensor with 8 elements cannot be converted to Scalar
An error occurred: a Tensor with 8 elements cannot be converted to Scalar
An error occurred: a Tensor with 8 elements cannot be converted to Scalar
An error occurred: a Tensor with 8 elements cannot be converted to Scalar
An error occurred: a Tensor with 8 elements cannot be converted to Scalar
An error occurred: a Tensor with 8 elements cannot be converted to Scalar
An error occurred: a Tensor with 8 elements cannot be converted to Scalar
An error occurred: a Tensor with 8 elements cannot be converted to Scalar
An error occurred: a Tensor with 8 elements cannot be converted to Scalar
An error occurred: a Tensor with 8 elements cannot be converted to Scalar
An error occurred: a Tensor with 8 elements cannot be converted to Scalar
An error occurred: a Tensor with 8 elements cannot be converted to Scalar
An error occurred: a Tensor with 8 elements cannot be converted to Scalar
Done loading data from cached files.
An error occurred: a Tensor with 8 elements cannot be converted to Scalar
Done loading data from cached files.
An error occurred: a Tensor with 8 elements cannot be converted to Scalar
loss of real network :  1.810684757489979
Epoch 10: loss=0.472638
Epoch 20: loss=0.472387
Epoch 30: loss=0.470398
Epoch 40: loss=0.472190
Epoch 50: loss=0.473345
Epoch 60: loss=0.470743
Epoch 70: loss=0.470156
Epoch 80: loss=0.469943
Epoch 90: loss=0.469858
Epoch 100: loss=0.469816
validation : 0.4706207084655762, MUTAG 1.9326303100585938, Muedim test 0.4701263523101807
An error occurred: a Tensor with 8 elements cannot be converted to Scalar
An error occurred: a Tensor with 8 elements cannot be converted to Scalar
An error occurred: a Tensor with 8 elements cannot be converted to Scalar
An error occurred: a Tensor with 8 elements cannot be converted to Scalar
An error occurred: a Tensor with 8 elements cannot be converted to Scalar
An error occurred: a Tensor with 8 elements cannot be converted to Scalar
An error occurred: a Tensor with 8 elements cannot be converted to Scalar
An error occurred: a Tensor with 8 elements cannot be converted to Scalar
An error occurred: a Tensor with 8 elements cannot be converted to Scalar
An error occurred: a Tensor with 8 elements cannot be converted to Scalar
An error occurred: a Tensor with 8 elements cannot be converted to Scalar
An error occurred: a Tensor with 8 elements cannot be converted to Scalar
An error occurred: a Tensor with 8 elements cannot be converted to Scalar
An error occurred: a Tensor with 8 elements cannot be converted to Scalar
An error occurred: a Tensor with 8 elements cannot be converted to Scalar
An error occurred: a Tensor with 8 elements cannot be converted to Scalar
An error occurred: a Tensor with 8 elements cannot be converted to Scalar
An error occurred: a Tensor with 8 elements cannot be converted to Scalar
An error occurred: a Tensor with 8 elements cannot be converted to Scalar
An error occurred: a Tensor with 8 elements cannot be converted to Scalar
An error occurred: a Tensor with 8 elements cannot be converted to Scalar
Done loading data from cached files.
An error occurred: a Tensor with 8 elements cannot be converted to Scalar
Done loading data from cached files.
An error occurred: a Tensor with 8 elements cannot be converted to Scalar
loss of real network :  1.8232840032243545
Epoch 10: loss=0.485143
Epoch 20: loss=0.473054
Epoch 30: loss=0.470292
Epoch 40: loss=0.473833
Epoch 50: loss=0.470158
Epoch 60: loss=0.469094
Epoch 70: loss=0.468763
Epoch 80: loss=0.468620
Epoch 90: loss=0.468545
Epoch 100: loss=0.468515
validation : 0.4822850227355957, MUTAG 1.934399871826172, Muedim test 0.47026299476623534
An error occurred: a Tensor with 8 elements cannot be converted to Scalar
An error occurred: a Tensor with 8 elements cannot be converted to Scalar
An error occurred: a Tensor with 8 elements cannot be converted to Scalar
An error occurred: a Tensor with 8 elements cannot be converted to Scalar
An error occurred: a Tensor with 8 elements cannot be converted to Scalar
An error occurred: a Tensor with 8 elements cannot be converted to Scalar
An error occurred: a Tensor with 8 elements cannot be converted to Scalar
An error occurred: a Tensor with 8 elements cannot be converted to Scalar
An error occurred: a Tensor with 8 elements cannot be converted to Scalar
An error occurred: a Tensor with 8 elements cannot be converted to Scalar
An error occurred: a Tensor with 8 elements cannot be converted to Scalar
An error occurred: a Tensor with 8 elements cannot be converted to Scalar
An error occurred: a Tensor with 8 elements cannot be converted to Scalar
An error occurred: a Tensor with 8 elements cannot be converted to Scalar
An error occurred: a Tensor with 8 elements cannot be converted to Scalar
An error occurred: a Tensor with 8 elements cannot be converted to Scalar
An error occurred: a Tensor with 8 elements cannot be converted to Scalar
An error occurred: a Tensor with 8 elements cannot be converted to Scalar
An error occurred: a Tensor with 8 elements cannot be converted to Scalar
An error occurred: a Tensor with 8 elements cannot be converted to Scalar
An error occurred: a Tensor with 8 elements cannot be converted to Scalar
Done loading data from cached files.
An error occurred: a Tensor with 8 elements cannot be converted to Scalar
Done loading data from cached files.
An error occurred: a Tensor with 8 elements cannot be converted to Scalar
loss of real network :  1.8216093026017512
Epoch 10: loss=0.472297
Epoch 20: loss=0.477507
Epoch 30: loss=0.472584
Epoch 40: loss=0.471594
Epoch 50: loss=0.475895
Epoch 60: loss=0.471913
Epoch 70: loss=0.470989
Epoch 80: loss=0.470711
Epoch 90: loss=0.470591
Epoch 100: loss=0.470536
validation : 0.46425514221191405, MUTAG 1.92928466796875, Muedim test 0.470231294631958
An error occurred: a Tensor with 8 elements cannot be converted to Scalar
An error occurred: a Tensor with 8 elements cannot be converted to Scalar
An error occurred: a Tensor with 8 elements cannot be converted to Scalar
An error occurred: a Tensor with 8 elements cannot be converted to Scalar
An error occurred: a Tensor with 8 elements cannot be converted to Scalar
An error occurred: a Tensor with 8 elements cannot be converted to Scalar
An error occurred: a Tensor with 8 elements cannot be converted to Scalar
An error occurred: a Tensor with 8 elements cannot be converted to Scalar
An error occurred: a Tensor with 8 elements cannot be converted to Scalar
An error occurred: a Tensor with 8 elements cannot be converted to Scalar
An error occurred: a Tensor with 8 elements cannot be converted to Scalar
An error occurred: a Tensor with 8 elements cannot be converted to Scalar
An error occurred: a Tensor with 8 elements cannot be converted to Scalar
An error occurred: a Tensor with 8 elements cannot be converted to Scalar
An error occurred: a Tensor with 8 elements cannot be converted to Scalar
An error occurred: a Tensor with 8 elements cannot be converted to Scalar
An error occurred: a Tensor with 8 elements cannot be converted to Scalar
An error occurred: a Tensor with 8 elements cannot be converted to Scalar
An error occurred: a Tensor with 8 elements cannot be converted to Scalar
An error occurred: a Tensor with 8 elements cannot be converted to Scalar
An error occurred: a Tensor with 8 elements cannot be converted to Scalar
Done loading data from cached files.
An error occurred: a Tensor with 8 elements cannot be converted to Scalar
Done loading data from cached files.
An error occurred: a Tensor with 8 elements cannot be converted to Scalar
loss of real network :  1.8275268445550708
Epoch 10: loss=0.506017
Epoch 20: loss=0.480752
Epoch 30: loss=0.486297
Epoch 40: loss=0.475615
Epoch 50: loss=0.477422
Epoch 60: loss=0.476871
Epoch 70: loss=0.474606
Epoch 80: loss=0.474049
Epoch 90: loss=0.473828
Epoch 100: loss=0.473722
validation : 0.437111873626709, MUTAG 1.9156008911132814, Muedim test 0.4703469753265381
An error occurred: a Tensor with 8 elements cannot be converted to Scalar
An error occurred: a Tensor with 8 elements cannot be converted to Scalar
An error occurred: a Tensor with 8 elements cannot be converted to Scalar
An error occurred: a Tensor with 8 elements cannot be converted to Scalar
An error occurred: a Tensor with 8 elements cannot be converted to Scalar
An error occurred: a Tensor with 8 elements cannot be converted to Scalar
An error occurred: a Tensor with 8 elements cannot be converted to Scalar
An error occurred: a Tensor with 8 elements cannot be converted to Scalar
An error occurred: a Tensor with 8 elements cannot be converted to Scalar
An error occurred: a Tensor with 8 elements cannot be converted to Scalar
An error occurred: a Tensor with 8 elements cannot be converted to Scalar
An error occurred: a Tensor with 8 elements cannot be converted to Scalar
An error occurred: a Tensor with 8 elements cannot be converted to Scalar
An error occurred: a Tensor with 8 elements cannot be converted to Scalar
An error occurred: a Tensor with 8 elements cannot be converted to Scalar
An error occurred: a Tensor with 8 elements cannot be converted to Scalar
An error occurred: a Tensor with 8 elements cannot be converted to Scalar
An error occurred: a Tensor with 8 elements cannot be converted to Scalar
An error occurred: a Tensor with 8 elements cannot be converted to Scalar
An error occurred: a Tensor with 8 elements cannot be converted to Scalar
An error occurred: a Tensor with 8 elements cannot be converted to Scalar
Done loading data from cached files.
An error occurred: a Tensor with 8 elements cannot be converted to Scalar
Done loading data from cached files.
An error occurred: a Tensor with 8 elements cannot be converted to Scalar
loss of real network :  1.841260085550799
0.46905432489183213      0.4778339385986328      1.9331736221313478      0.47023349761962885      1.8226283169910846
