simple_code_mlp code
Traceback (most recent call last):
  File "/project/p_gnn001/code/gnn_clean_code/simple_code_mlp2.py", line 287, in <module>
    main()
  File "/project/p_gnn001/code/gnn_clean_code/simple_code_mlp2.py", line 279, in main
    train_loss, valid_loss = train_model(model, train_loader, val_loader, num_epochs)
                             ^^^^^^^^^^^^^^^^^^^^^^^^^^^^^^^^^^^^^^^^^^^^^^^^^^^^^^^^
  File "/project/p_gnn001/code/gnn_clean_code/simple_code_mlp2.py", line 227, in train_model
    outputs = model(inputs)
              ^^^^^^^^^^^^^
  File "/home/p_gnngw/miniconda3/envs/cuda118/lib/python3.12/site-packages/torch/nn/modules/module.py", line 1511, in _wrapped_call_impl
    return self._call_impl(*args, **kwargs)
           ^^^^^^^^^^^^^^^^^^^^^^^^^^^^^^^^
  File "/home/p_gnngw/miniconda3/envs/cuda118/lib/python3.12/site-packages/torch/nn/modules/module.py", line 1520, in _call_impl
    return forward_call(*args, **kwargs)
           ^^^^^^^^^^^^^^^^^^^^^^^^^^^^^
  File "/project/p_gnn001/code/gnn_clean_code/simple_code_mlp2.py", line 202, in forward
    out, _ = self.lstm(x, (h0, c0))
             ^^^^^^^^^^^^^^^^^^^^^^
  File "/home/p_gnngw/miniconda3/envs/cuda118/lib/python3.12/site-packages/torch/nn/modules/module.py", line 1511, in _wrapped_call_impl
    return self._call_impl(*args, **kwargs)
           ^^^^^^^^^^^^^^^^^^^^^^^^^^^^^^^^
  File "/home/p_gnngw/miniconda3/envs/cuda118/lib/python3.12/site-packages/torch/nn/modules/module.py", line 1520, in _call_impl
    return forward_call(*args, **kwargs)
           ^^^^^^^^^^^^^^^^^^^^^^^^^^^^^
  File "/home/p_gnngw/miniconda3/envs/cuda118/lib/python3.12/site-packages/torch/nn/modules/rnn.py", line 874, in forward
    self.check_forward_args(input, hx, batch_sizes)
  File "/home/p_gnngw/miniconda3/envs/cuda118/lib/python3.12/site-packages/torch/nn/modules/rnn.py", line 789, in check_forward_args
    self.check_input(input, batch_sizes)
  File "/home/p_gnngw/miniconda3/envs/cuda118/lib/python3.12/site-packages/torch/nn/modules/rnn.py", line 239, in check_input
    raise RuntimeError(
RuntimeError: input.size(-1) must be equal to input_size. Expected 1, got 2
