Epoch 10: loss=0.058800
Epoch 20: loss=0.058769
Epoch 30: loss=0.058732
Epoch 40: loss=0.058716
Epoch 50: loss=0.058706
Epoch 60: loss=0.058700
Epoch 70: loss=0.058698
Epoch 80: loss=0.058695
Epoch 90: loss=0.058696
Epoch 100: loss=0.058697
validation : 0.05906022310256958, MUTAG 0.24100546836853026, Muedim test 0.0587546181678772
Done loading data from cached files.
Done loading data from cached files.
loss of real network :  1.8286389005522643
Epoch 10: loss=0.058542
Epoch 20: loss=0.058532
Epoch 30: loss=0.058498
Epoch 40: loss=0.058372
Epoch 50: loss=0.058331
Epoch 60: loss=0.058314
Epoch 70: loss=0.058304
Epoch 80: loss=0.058300
Epoch 90: loss=0.058296
Epoch 100: loss=0.058296
validation : 0.06272943496704102, MUTAG 0.24253507614135741, Muedim test 0.05876915574073791
Done loading data from cached files.
Done loading data from cached files.
loss of real network :  1.8150530683028214
Epoch 10: loss=0.058710
Epoch 20: loss=0.058659
Epoch 30: loss=0.058623
Epoch 40: loss=0.058607
Epoch 50: loss=0.058597
Epoch 60: loss=0.058593
Epoch 70: loss=0.058593
Epoch 80: loss=0.058590
Epoch 90: loss=0.058591
Epoch 100: loss=0.058589
validation : 0.06001760959625244, MUTAG 0.2417910575866699, Muedim test 0.05878292441368103
Done loading data from cached files.
Done loading data from cached files.
loss of real network :  1.8216205811487511
Epoch 10: loss=0.058720
Epoch 20: loss=0.058665
Epoch 30: loss=0.058630
Epoch 40: loss=0.058609
Epoch 50: loss=0.058596
Epoch 60: loss=0.058591
Epoch 70: loss=0.058584
Epoch 80: loss=0.058583
Epoch 90: loss=0.058583
Epoch 100: loss=0.058584
validation : 0.060086586475372315, MUTAG 0.2414915943145752, Muedim test 0.0587814199924469
Done loading data from cached files.
Done loading data from cached files.
loss of real network :  1.8242921218690058
Epoch 10: loss=0.058594
Epoch 20: loss=0.058542
Epoch 30: loss=0.058500
Epoch 40: loss=0.058477
Epoch 50: loss=0.058460
Epoch 60: loss=0.058450
Epoch 70: loss=0.058447
Epoch 80: loss=0.058443
Epoch 90: loss=0.058440
Epoch 100: loss=0.058438
validation : 0.06137471675872803, MUTAG 0.24222125053405763, Muedim test 0.05876248002052307
Done loading data from cached files.
Done loading data from cached files.
loss of real network :  1.8178441719931182
0.05852073049545288      0.06065371417999268      0.24180888938903813      0.05877011966705322      1.821489768773192
