-------------------------------label_type : density---------------------

2-------------------------------feat_type : ones_feat---------------------


2.1--------------------------------------------model name  : ['gin']---------------------


2.1.1--------------------------------------------Grid_Search  : ['gin']---------------------
small_test : 1.5012753295898438, medium_test 53732.269140625
/project/p_gnn001/code/gnn_clean_code/utils.py:153: UserWarning: std_mean(): degrees of freedom is <= 0. Correction should be strictly less than the reduction factor (input numel divided by output numel). (Triggered internally at /opt/conda/conda-bld/pytorch_1708025824022/work/aten/src/ATen/native/ReduceOps.cpp:1760.)
  std, mean = torch.std_mean(array)
Trial 1/1
Epoch 10: loss=2.2698
Epoch 20: loss=1.1466
Epoch 30: loss=0.7234
Epoch 40: loss=0.5636
Epoch 50: loss=0.4926
Epoch 60: loss=0.4588
Epoch 70: loss=0.4426
Epoch 80: loss=0.4344
Epoch 90: loss=0.4303
Epoch 100: loss=0.4283
small_test : 0.060732426643371584, medium_test 38360768.652
best trail model is : model_weights_trail0_dataset_ones_feat.pth
test mean acc: 0.0607, error bound: nan


2.1.2--------------------------------------------Train and Test  : ['gin']---------------------


3-------------------------------feat_type : degree_feat---------------------


3.1--------------------------------------------model name  : ['gin']---------------------


3.1.1--------------------------------------------Grid_Search  : ['gin']---------------------
small_test : 1.6396347045898438, medium_test 1787092.365625
/project/p_gnn001/code/gnn_clean_code/utils.py:153: UserWarning: std_mean(): degrees of freedom is <= 0. Correction should be strictly less than the reduction factor (input numel divided by output numel). (Triggered internally at /opt/conda/conda-bld/pytorch_1708025824022/work/aten/src/ATen/native/ReduceOps.cpp:1760.)
  std, mean = torch.std_mean(array)
Trial 1/1
Epoch 10: loss=2.2287
Epoch 20: loss=1.0425
Epoch 30: loss=0.5874
Epoch 40: loss=0.4123
Epoch 50: loss=0.3403
Epoch 60: loss=0.3084
Epoch 70: loss=0.2932
Epoch 80: loss=0.2857
Epoch 90: loss=0.2818
Epoch 100: loss=0.2799
small_test : 0.08204259872436523, medium_test 531015039.176
best trail model is : model_weights_trail0_dataset_degree_feat.pth
test mean acc: 0.0820, error bound: nan


3.1.2--------------------------------------------Train and Test  : ['gin']---------------------

