Epoch 10: loss=226.717930
Epoch 20: loss=173.134984
Epoch 30: loss=147.760155
Epoch 40: loss=135.199461
Epoch 50: loss=128.862791
Epoch 60: loss=125.615571
Epoch 70: loss=123.942984
Epoch 80: loss=123.081917
Epoch 90: loss=122.639678
Epoch 100: loss=122.413328
validation : 125.9741162109375, MUTAG 445.27650390625, Muedim test 128.6450244140625
logits: tensor([[6.9403]], device='cuda:0'),     label:  50.80806505978181
logits: tensor([[5.9473]], device='cuda:0'),     label:  43.53585460016782
logits: tensor([[7.4319]], device='cuda:0'),     label:  54.40633984086526
logits: tensor([[4.4589]], device='cuda:0'),     label:  32.63982980187301
logits: tensor([[4.4068]], device='cuda:0'),     label:  32.25997185536821
logits: tensor([[4.7114]], device='cuda:0'),     label:  34.49098301188539
logits: tensor([[4.2088]], device='cuda:0'),     label:  30.811655451970196
logits: tensor([[4.7563]], device='cuda:0'),     label:  34.81939906823539
logits: tensor([[4.3989]], device='cuda:0'),     label:  32.20319608802385
logits: tensor([[4.4277]], device='cuda:0'),     label:  32.413785933247894
logits: tensor([[4.4238]], device='cuda:0'),     label:  32.38395328943014
logits: tensor([[4.5830]], device='cuda:0'),     label:  33.550794040455536
logits: tensor([[4.8575]], device='cuda:0'),     label:  35.55996134374049
logits: tensor([[4.9930]], device='cuda:0'),     label:  36.551844460623606
logits: tensor([[5.4125]], device='cuda:0'),     label:  39.62342831155528
logits: tensor([[4.6569]], device='cuda:0'),     label:  34.0915910044024
logits: tensor([[5.1037]], device='cuda:0'),     label:  37.36255874633789
logits: tensor([[4.4710]], device='cuda:0'),     label:  32.73028987897753
logits: tensor([[4.3208]], device='cuda:0'),     label:  31.63165407117092
logits: tensor([[8.7478]], device='cuda:0'),     label:  64.03948182326097
logits: tensor([[10.1336]], device='cuda:0'),     label:  74.18478096856012
Done loading data from cached files.
logits: tensor([[4.1454]], device='cuda:0'),     label:  30.347611548937405
Done loading data from cached files.
logits: tensor([[4.1077]], device='cuda:0'),     label:  30.071628780781058
loss of real network :  1211.750739485535
eps that is learned :  Parameter containing:
tensor([27.9626], device='cuda:0', requires_grad=True)
Epoch 10: loss=280.885632
Epoch 20: loss=260.545377
Epoch 30: loss=246.611087
Epoch 40: loss=238.633920
Epoch 50: loss=234.167987
Epoch 60: loss=231.680911
Epoch 70: loss=230.309299
Epoch 80: loss=229.559797
Epoch 90: loss=229.153911
Epoch 100: loss=228.935518
validation : 248.79078125, MUTAG 886.578671875, Muedim test 237.5824560546875
logits: tensor([[8.9418]], device='cuda:0'),     label:  64.00056612789705
logits: tensor([[7.9263]], device='cuda:0'),     label:  56.72835566828306
logits: tensor([[9.4445]], device='cuda:0'),     label:  67.59884090898049
logits: tensor([[6.4039]], device='cuda:0'),     label:  45.83233086998825
logits: tensor([[6.3506]], device='cuda:0'),     label:  45.45247292348344
logits: tensor([[6.6621]], device='cuda:0'),     label:  47.683484080000625
logits: tensor([[6.1480]], device='cuda:0'),     label:  44.00415652008543
logits: tensor([[6.7079]], device='cuda:0'),     label:  48.011900136350626
logits: tensor([[6.3427]], device='cuda:0'),     label:  45.395697156139086
logits: tensor([[6.3718]], device='cuda:0'),     label:  45.60628700136313
logits: tensor([[6.3680]], device='cuda:0'),     label:  45.57645435754537
logits: tensor([[6.5307]], device='cuda:0'),     label:  46.74329510857077
logits: tensor([[6.8114]], device='cuda:0'),     label:  48.752462411855724
logits: tensor([[6.9500]], device='cuda:0'),     label:  49.74434552873884
logits: tensor([[7.3792]], device='cuda:0'),     label:  52.815929379670514
logits: tensor([[6.6063]], device='cuda:0'),     label:  47.28409207251764
logits: tensor([[7.0633]], device='cuda:0'),     label:  50.555059814453124
logits: tensor([[6.4163]], device='cuda:0'),     label:  45.922790947092764
logits: tensor([[6.2626]], device='cuda:0'),     label:  44.824155139286155
logits: tensor([[10.7905]], device='cuda:0'),     label:  77.2319828913762
logits: tensor([[12.2079]], device='cuda:0'),     label:  87.37728203667535
Done loading data from cached files.
logits: tensor([[6.0831]], device='cuda:0'),     label:  43.540112617052635
Done loading data from cached files.
logits: tensor([[6.0446]], device='cuda:0'),     label:  43.264129848896296
loss of real network :  2087.8863220667604
eps that is learned :  Parameter containing:
tensor([41.1551], device='cuda:0', requires_grad=True)
Epoch 10: loss=192.369894
Epoch 20: loss=132.785161
Epoch 30: loss=108.427232
Epoch 40: loss=96.912798
Epoch 50: loss=91.273970
Epoch 60: loss=88.446695
Epoch 70: loss=87.007605
Epoch 80: loss=86.271905
Epoch 90: loss=85.895807
Epoch 100: loss=85.704010
validation : 87.5288623046875, MUTAG 298.6016015625, Muedim test 91.17706787109375
logits: tensor([[6.0129]], device='cuda:0'),     label:  44.95883333981111
logits: tensor([[5.0403]], device='cuda:0'),     label:  37.68662288019712
logits: tensor([[6.4941]], device='cuda:0'),     label:  48.557108120894554
logits: tensor([[3.5832]], device='cuda:0'),     label:  26.79059808190231
logits: tensor([[3.5321]], device='cuda:0'),     label:  26.4107401353975
logits: tensor([[3.8305]], device='cuda:0'),     label:  28.641751291914687
logits: tensor([[3.3385]], device='cuda:0'),     label:  24.962423731999493
logits: tensor([[3.8745]], device='cuda:0'),     label:  28.970167348264688
logits: tensor([[3.5246]], device='cuda:0'),     label:  26.35396436805315
logits: tensor([[3.5528]], device='cuda:0'),     label:  26.564554213277194
logits: tensor([[3.5486]], device='cuda:0'),     label:  26.534721569459435
logits: tensor([[3.7048]], device='cuda:0'),     label:  27.701562320484832
logits: tensor([[3.9736]], device='cuda:0'),     label:  29.710729623769787
logits: tensor([[4.1062]], device='cuda:0'),     label:  30.702612740652903
logits: tensor([[4.5170]], device='cuda:0'),     label:  33.77419659158458
logits: tensor([[3.7772]], device='cuda:0'),     label:  28.242359284431704
logits: tensor([[4.2146]], device='cuda:0'),     label:  31.513327026367186
logits: tensor([[3.5951]], device='cuda:0'),     label:  26.881058159006823
logits: tensor([[3.4481]], device='cuda:0'),     label:  25.782422351200218
logits: tensor([[7.7825]], device='cuda:0'),     label:  58.19025010329027
logits: tensor([[9.1393]], device='cuda:0'),     label:  68.33554924858942
Done loading data from cached files.
logits: tensor([[3.2764]], device='cuda:0'),     label:  24.4983798289667
Done loading data from cached files.
logits: tensor([[3.2395]], device='cuda:0'),     label:  24.222397060810355
loss of real network :  905.5715380817487
eps that is learned :  Parameter containing:
tensor([22.1133], device='cuda:0', requires_grad=True)
Epoch 10: loss=302.888913
Epoch 20: loss=300.601355
Epoch 30: loss=299.006363
Epoch 40: loss=298.049733
Epoch 50: loss=297.492906
Epoch 60: loss=297.173490
Epoch 70: loss=296.991560
Epoch 80: loss=296.888618
Epoch 90: loss=296.831223
Epoch 100: loss=296.799851
validation : 303.354755859375, MUTAG 1158.15140625, Muedim test 304.6599267578125
logits: tensor([[9.9567]], device='cuda:0'),     label:  70.55038988888337
logits: tensor([[8.9308]], device='cuda:0'),     label:  63.278179429269386
logits: tensor([[10.4645]], device='cuda:0'),     label:  74.14866466996682
logits: tensor([[7.3929]], device='cuda:0'),     label:  52.382154630974576
logits: tensor([[7.3393]], device='cuda:0'),     label:  52.00229668446977
logits: tensor([[7.6540]], device='cuda:0'),     label:  54.23330784098695
logits: tensor([[7.1346]], device='cuda:0'),     label:  50.55398028107176
logits: tensor([[7.7003]], device='cuda:0'),     label:  54.561723897336954
logits: tensor([[7.3312]], device='cuda:0'),     label:  51.945520917125414
logits: tensor([[7.3607]], device='cuda:0'),     label:  52.156110762349456
logits: tensor([[7.3569]], device='cuda:0'),     label:  52.1262781185317
logits: tensor([[7.5212]], device='cuda:0'),     label:  53.2931188695571
logits: tensor([[7.8047]], device='cuda:0'),     label:  55.30228617284205
logits: tensor([[7.9447]], device='cuda:0'),     label:  56.29416928972517
logits: tensor([[8.3782]], device='cuda:0'),     label:  59.36575314065684
logits: tensor([[7.5975]], device='cuda:0'),     label:  53.833915833503966
logits: tensor([[8.0591]], device='cuda:0'),     label:  57.10488357543945
logits: tensor([[7.4056]], device='cuda:0'),     label:  52.47261470807909
logits: tensor([[7.2505]], device='cuda:0'),     label:  51.37397890027248
logits: tensor([[11.8240]], device='cuda:0'),     label:  83.78180665236253
logits: tensor([[13.2558]], device='cuda:0'),     label:  93.92710579766168
Done loading data from cached files.
logits: tensor([[7.0691]], device='cuda:0'),     label:  50.08993637803896
Done loading data from cached files.
logits: tensor([[7.0302]], device='cuda:0'),     label:  49.813953609882624
loss of real network :  2614.291278413335
eps that is learned :  Parameter containing:
tensor([47.7049], device='cuda:0', requires_grad=True)
Epoch 10: loss=197.908433
Epoch 20: loss=128.707155
Epoch 30: loss=104.885251
Epoch 40: loss=93.701082
Epoch 50: loss=88.253559
Epoch 60: loss=85.510081
Epoch 70: loss=84.110793
Epoch 80: loss=83.394531
Epoch 90: loss=83.028065
Epoch 100: loss=82.840856
validation : 85.00015869140626, MUTAG 288.162333984375, Muedim test 88.1798583984375
logits: tensor([[5.9131]], device='cuda:0'),     label:  44.457528713346264
logits: tensor([[4.9460]], device='cuda:0'),     label:  37.18531825373228
logits: tensor([[6.3917]], device='cuda:0'),     label:  48.05580349442971
logits: tensor([[3.4966]], device='cuda:0'),     label:  26.289293455437466
logits: tensor([[3.4461]], device='cuda:0'),     label:  25.909435508932656
logits: tensor([[3.7428]], device='cuda:0'),     label:  28.140446665449844
logits: tensor([[3.2535]], device='cuda:0'),     label:  24.46111910553465
logits: tensor([[3.7865]], device='cuda:0'),     label:  28.468862721799844
logits: tensor([[3.4386]], device='cuda:0'),     label:  25.852659741588305
logits: tensor([[3.4666]], device='cuda:0'),     label:  26.06324958681235
logits: tensor([[3.4626]], device='cuda:0'),     label:  26.03341694299459
logits: tensor([[3.6178]], device='cuda:0'),     label:  27.20025769401999
logits: tensor([[3.8850]], device='cuda:0'),     label:  29.209424997304943
logits: tensor([[4.0170]], device='cuda:0'),     label:  30.20130811418806
logits: tensor([[4.4255]], device='cuda:0'),     label:  33.27289196511973
logits: tensor([[3.6897]], device='cuda:0'),     label:  27.74105465796686
logits: tensor([[4.1248]], device='cuda:0'),     label:  31.012022399902342
logits: tensor([[3.5086]], device='cuda:0'),     label:  26.37975353254198
logits: tensor([[3.3625]], device='cuda:0'),     label:  25.281117724735374
logits: tensor([[7.6730]], device='cuda:0'),     label:  57.688945476825424
logits: tensor([[9.0224]], device='cuda:0'),     label:  67.83424462212457
Done loading data from cached files.
logits: tensor([[3.1918]], device='cuda:0'),     label:  23.997075202501858
Done loading data from cached files.
logits: tensor([[3.1551]], device='cuda:0'),     label:  23.72109243434551
loss of real network :  882.5274933054493
eps that is learned :  Parameter containing:
tensor([21.6120], device='cuda:0', requires_grad=True)
163.33871240234376      170.12973486328127      615.3541035156251      170.04886669921876      1540.405474270566
