-------------------------------label_type : transitivity---------------------

2-------------------------------feat_type : identity_feat---------------------


2.1--------------------------------------------model name  : ['gin']---------------------


2.1.1--------------------------------------------Grid_Search  : ['gin']---------------------
/project/p_gnn001/code/gnn_clean_code/utils.py:153: UserWarning: std_mean(): degrees of freedom is <= 0. Correction should be strictly less than the reduction factor (input numel divided by output numel). (Triggered internally at /opt/conda/conda-bld/pytorch_1708025824022/work/aten/src/ATen/native/ReduceOps.cpp:1760.)
  std, mean = torch.std_mean(array)
Trial 1/1
Epoch 10: loss=0.0038
Epoch 20: loss=0.0024
Epoch 30: loss=0.0020
Epoch 40: loss=0.0017
Epoch 50: loss=0.0016
Epoch 60: loss=0.0015
Epoch 70: loss=0.0015
Epoch 80: loss=0.0014
Epoch 90: loss=0.0014
Epoch 100: loss=0.0014
best trail model is : model_weights_trail0_dataset_identity_feat.pth
test mean acc: 0.0008, error bound: nan


2.1.2--------------------------------------------Train and Test  : ['gin']---------------------

-------------------------------label_type : density---------------------

2-------------------------------feat_type : identity_feat---------------------


2.1--------------------------------------------model name  : ['gin']---------------------


2.1.1--------------------------------------------Grid_Search  : ['gin']---------------------
/project/p_gnn001/code/gnn_clean_code/utils.py:153: UserWarning: std_mean(): degrees of freedom is <= 0. Correction should be strictly less than the reduction factor (input numel divided by output numel). (Triggered internally at /opt/conda/conda-bld/pytorch_1708025824022/work/aten/src/ATen/native/ReduceOps.cpp:1760.)
  std, mean = torch.std_mean(array)
Trial 1/1
Epoch 10: loss=111.7016
Epoch 20: loss=81.5681
Epoch 30: loss=64.8832
Epoch 40: loss=58.0606
Epoch 50: loss=56.1742
Epoch 60: loss=54.6469
Epoch 70: loss=53.8791
Epoch 80: loss=53.5261
Epoch 90: loss=53.3675
Epoch 100: loss=53.2915
best trail model is : model_weights_trail0_dataset_identity_feat.pth
test mean acc: 26.6175, error bound: nan


2.1.2--------------------------------------------Train and Test  : ['gin']---------------------

-------------------------------label_type : kurtosis---------------------

2-------------------------------feat_type : identity_feat---------------------


2.1--------------------------------------------model name  : ['gin']---------------------


2.1.1--------------------------------------------Grid_Search  : ['gin']---------------------
/project/p_gnn001/code/gnn_clean_code/utils.py:153: UserWarning: std_mean(): degrees of freedom is <= 0. Correction should be strictly less than the reduction factor (input numel divided by output numel). (Triggered internally at /opt/conda/conda-bld/pytorch_1708025824022/work/aten/src/ATen/native/ReduceOps.cpp:1760.)
  std, mean = torch.std_mean(array)
Trial 1/1
Epoch 10: loss=15.9354
Epoch 20: loss=13.7496
Epoch 30: loss=12.7609
Epoch 40: loss=12.1763
Epoch 50: loss=11.8430
Epoch 60: loss=11.6754
Epoch 70: loss=11.5994
Epoch 80: loss=11.5621
Epoch 90: loss=11.5431
Epoch 100: loss=11.5339
best trail model is : model_weights_trail0_dataset_identity_feat.pth
test mean acc: 11.9642, error bound: nan


2.1.2--------------------------------------------Train and Test  : ['gin']---------------------

-------------------------------label_type : average_path---------------------

2-------------------------------feat_type : identity_feat---------------------


2.1--------------------------------------------model name  : ['gin']---------------------


2.1.1--------------------------------------------Grid_Search  : ['gin']---------------------
/project/p_gnn001/code/gnn_clean_code/utils.py:153: UserWarning: std_mean(): degrees of freedom is <= 0. Correction should be strictly less than the reduction factor (input numel divided by output numel). (Triggered internally at /opt/conda/conda-bld/pytorch_1708025824022/work/aten/src/ATen/native/ReduceOps.cpp:1760.)
  std, mean = torch.std_mean(array)
Trial 1/1
Epoch 10: loss=0.0114
Epoch 20: loss=0.0081
Epoch 30: loss=0.0068
Epoch 40: loss=0.0061
Epoch 50: loss=0.0056
Epoch 60: loss=0.0053
Epoch 70: loss=0.0051
Epoch 80: loss=0.0048
Epoch 90: loss=0.0046
Epoch 100: loss=0.0046
best trail model is : model_weights_trail0_dataset_identity_feat.pth
test mean acc: 0.0028, error bound: nan


2.1.2--------------------------------------------Train and Test  : ['gin']---------------------


field : Social networks

../data_folder/facebook_combined.txt.gz number of nodes is :  4039
../data_folder/facebook_combined.txt.gz number of edges is :  88234
../data_folder/facebook_combined.txt.gz identity_feat : loss : 38.2735 

../data_folder/wiki-Vote.txt.gz number of nodes is :  7115
../data_folder/wiki-Vote.txt.gz number of edges is :  103689
../data_folder/wiki-Vote.txt.gz identity_feat : loss : 126.3645 


field : Networks with ground-truth communities

../data_folder/email-Eu-core.txt.gz number of nodes is :  1005
../data_folder/email-Eu-core.txt.gz number of edges is :  25571
../data_folder/email-Eu-core.txt.gz identity_feat : loss : 32.7885 


field : Internet peer-to-peer networks

../data_folder/p2p-Gnutella04.txt.gz number of nodes is :  10876
../data_folder/p2p-Gnutella04.txt.gz number of edges is :  39994
../data_folder/p2p-Gnutella04.txt.gz identity_feat : loss : 447.9326 

../data_folder/p2p-Gnutella08.txt.gz number of nodes is :  6301
../data_folder/p2p-Gnutella08.txt.gz number of edges is :  20777
../data_folder/p2p-Gnutella08.txt.gz identity_feat : loss : 286.3844 


field : Collaboration networks

../data_folder/ca-GrQc.txt.gz number of nodes is :  5242
../data_folder/ca-GrQc.txt.gz number of edges is :  28980
../data_folder/ca-GrQc.txt.gz identity_feat : loss : 91.8748 

CSphd number of nodes is :  1882
CSphd number of edges is :  3480
CSphd identity_feat : loss : 45.3924 
YeastS number of nodes is :  2361
YeastS number of edges is :  13828
YeastS identity_feat : loss : 32.6010 
geom number of nodes is :  7343
geom number of edges is :  23796
geom identity_feat : loss : 216.7165 
netsience number of nodes is :  1589
netsience number of edges is :  5484
netsience identity_feat : loss : 42.8133 
Erdos02 number of nodes is :  6927
Erdos02 number of edges is :  23700
Erdos02 identity_feat : loss : 113.9966 
karate number of nodes is :  34
karate number of edges is :  156
karate identity_feat : loss : 0.6384 
lesmis number of nodes is :  77
lesmis number of edges is :  508
lesmis identity_feat : loss : 1.1215 
adjnoun number of nodes is :  112
adjnoun number of edges is :  850
adjnoun identity_feat : loss : 1.1149 
football number of nodes is :  115
football number of edges is :  1226
football identity_feat : loss : 6.5125 
dolphins number of nodes is :  62
dolphins number of edges is :  318
dolphins identity_feat : loss : 1.0390 
polbooks number of nodes is :  105
polbooks number of edges is :  882
polbooks identity_feat : loss : 1.0619 
hep-th number of nodes is :  8361
hep-th number of edges is :  31502
hep-th identity_feat : loss : 198.6746 
power number of nodes is :  4941
power number of edges is :  13188
power identity_feat : loss : 103.2882 
CLUSTERDataset number of nodes is :  117
CLUSTERDataset number of edges is :  4104
CLUSTERDataset identity_feat : loss : 9.5332 
PATTERNDataset number of nodes is :  108
PATTERNDataset number of edges is :  4884
PATTERNDataset identity_feat : loss : 10.7880 
Done loading data from cached files.
TreeGridDataset number of nodes is :  1231
TreeGridDataset number of edges is :  1705
TreeGridDataset identity_feat : loss : 33.3612 
Done loading data from cached files.
TreeCycleDataset number of nodes is :  871
TreeCycleDataset number of edges is :  966
TreeCycleDataset identity_feat : loss : 27.0911 

field : Social networks

../data_folder/facebook_combined.txt.gz number of nodes is :  4039
../data_folder/facebook_combined.txt.gz number of edges is :  88234
../data_folder/facebook_combined.txt.gz identity_feat : loss : -3.9207 

../data_folder/wiki-Vote.txt.gz number of nodes is :  7115
../data_folder/wiki-Vote.txt.gz number of edges is :  103689
../data_folder/wiki-Vote.txt.gz identity_feat : loss : -31.4346 


field : Networks with ground-truth communities

../data_folder/email-Eu-core.txt.gz number of nodes is :  1005
../data_folder/email-Eu-core.txt.gz number of edges is :  25571
../data_folder/email-Eu-core.txt.gz identity_feat : loss : -5.4535 


field : Internet peer-to-peer networks

../data_folder/p2p-Gnutella04.txt.gz number of nodes is :  10876
../data_folder/p2p-Gnutella04.txt.gz number of edges is :  39994
../data_folder/p2p-Gnutella04.txt.gz identity_feat : loss : -224.2753 

../data_folder/p2p-Gnutella08.txt.gz number of nodes is :  6301
../data_folder/p2p-Gnutella08.txt.gz number of edges is :  20777
../data_folder/p2p-Gnutella08.txt.gz identity_feat : loss : -145.2985 


field : Collaboration networks

../data_folder/ca-GrQc.txt.gz number of nodes is :  5242
../data_folder/ca-GrQc.txt.gz number of edges is :  28980
../data_folder/ca-GrQc.txt.gz identity_feat : loss : -31.1328 

CSphd number of nodes is :  1882
CSphd number of edges is :  3480
CSphd identity_feat : loss : -20.7390 
YeastS number of nodes is :  2361
YeastS number of edges is :  13828
YeastS identity_feat : loss : -12.9782 
geom number of nodes is :  7343
geom number of edges is :  23796
geom identity_feat : loss : -102.7838 
netsience number of nodes is :  1589
netsience number of edges is :  5484
netsience identity_feat : loss : -18.7666 
Erdos02 number of nodes is :  6927
Erdos02 number of edges is :  23700
Erdos02 identity_feat : loss : -44.7893 
karate number of nodes is :  34
karate number of edges is :  156
karate identity_feat : loss : 0.5089 
lesmis number of nodes is :  77
lesmis number of edges is :  508
lesmis identity_feat : loss : 0.2509 
adjnoun number of nodes is :  112
adjnoun number of edges is :  850
adjnoun identity_feat : loss : 0.3329 
football number of nodes is :  115
football number of edges is :  1226
football identity_feat : loss : 0.5006 
dolphins number of nodes is :  62
dolphins number of edges is :  318
dolphins identity_feat : loss : 0.3640 
polbooks number of nodes is :  105
polbooks number of edges is :  882
polbooks identity_feat : loss : 0.3679 
hep-th number of nodes is :  8361
hep-th number of edges is :  31502
hep-th identity_feat : loss : -81.5439 
power number of nodes is :  4941
power number of edges is :  13188
power identity_feat : loss : -35.7702 
CLUSTERDataset number of nodes is :  117
CLUSTERDataset number of edges is :  4104
CLUSTERDataset identity_feat : loss : 0.4838 
PATTERNDataset number of nodes is :  108
PATTERNDataset number of edges is :  4884
PATTERNDataset identity_feat : loss : 0.5221 
Done loading data from cached files.
TreeGridDataset number of nodes is :  1231
TreeGridDataset number of edges is :  1705
TreeGridDataset identity_feat : loss : -12.0827 
Done loading data from cached files.
TreeCycleDataset number of nodes is :  871
TreeCycleDataset number of edges is :  966
TreeCycleDataset identity_feat : loss : -10.7606 

field : Social networks

../data_folder/facebook_combined.txt.gz number of nodes is :  4039
../data_folder/facebook_combined.txt.gz number of edges is :  88234
../data_folder/facebook_combined.txt.gz identity_feat : loss : 1776.9305 

../data_folder/wiki-Vote.txt.gz number of nodes is :  7115
../data_folder/wiki-Vote.txt.gz number of edges is :  103689
../data_folder/wiki-Vote.txt.gz identity_feat : loss : 1696.3860 


field : Networks with ground-truth communities

../data_folder/email-Eu-core.txt.gz number of nodes is :  1005
../data_folder/email-Eu-core.txt.gz number of edges is :  25571
../data_folder/email-Eu-core.txt.gz identity_feat : loss : 345.5894 


field : Internet peer-to-peer networks

../data_folder/p2p-Gnutella04.txt.gz number of nodes is :  10876
../data_folder/p2p-Gnutella04.txt.gz number of edges is :  39994
../data_folder/p2p-Gnutella04.txt.gz identity_feat : loss : -279.9884 

../data_folder/p2p-Gnutella08.txt.gz number of nodes is :  6301
../data_folder/p2p-Gnutella08.txt.gz number of edges is :  20777
../data_folder/p2p-Gnutella08.txt.gz identity_feat : loss : -318.3349 


field : Collaboration networks

../data_folder/ca-GrQc.txt.gz number of nodes is :  5242
../data_folder/ca-GrQc.txt.gz number of edges is :  28980
../data_folder/ca-GrQc.txt.gz identity_feat : loss : 358.0498 

CSphd number of nodes is :  1882
CSphd number of edges is :  3480
CSphd identity_feat : loss : 32.4215 
YeastS number of nodes is :  2361
YeastS number of edges is :  13828
YeastS identity_feat : loss : 202.8531 
geom number of nodes is :  7343
geom number of edges is :  23796
geom identity_feat : loss : -153.6458 
netsience number of nodes is :  1589
netsience number of edges is :  5484
netsience identity_feat : loss : 2.1210 
Erdos02 number of nodes is :  6927
Erdos02 number of edges is :  23700
Erdos02 identity_feat : loss : 1067.3044 
karate number of nodes is :  34
karate number of edges is :  156
karate identity_feat : loss : 2.8584 
lesmis number of nodes is :  77
lesmis number of edges is :  508
lesmis identity_feat : loss : 7.2526 
adjnoun number of nodes is :  112
adjnoun number of edges is :  850
adjnoun identity_feat : loss : 18.3883 
football number of nodes is :  115
football number of edges is :  1226
football identity_feat : loss : 33.3163 
dolphins number of nodes is :  62
dolphins number of edges is :  318
dolphins identity_feat : loss : 4.1976 
polbooks number of nodes is :  105
polbooks number of edges is :  882
polbooks identity_feat : loss : 22.2650 
hep-th number of nodes is :  8361
hep-th number of edges is :  31502
hep-th identity_feat : loss : 119.2789 
power number of nodes is :  4941
power number of edges is :  13188
power identity_feat : loss : 118.9069 
CLUSTERDataset number of nodes is :  117
CLUSTERDataset number of edges is :  4104
CLUSTERDataset identity_feat : loss : 72.8060 
PATTERNDataset number of nodes is :  108
PATTERNDataset number of edges is :  4884
PATTERNDataset identity_feat : loss : 71.6477 
Done loading data from cached files.
TreeGridDataset number of nodes is :  1231
TreeGridDataset number of edges is :  1705
TreeGridDataset identity_feat : loss : 134.1921 
Done loading data from cached files.
TreeCycleDataset number of nodes is :  871
TreeCycleDataset number of edges is :  966
TreeCycleDataset identity_feat : loss : 55.8030 

field : Social networks

../data_folder/facebook_combined.txt.gz number of nodes is :  4039
../data_folder/facebook_combined.txt.gz number of edges is :  88234
../data_folder/facebook_combined.txt.gz identity_feat : loss : 7.0922 

../data_folder/wiki-Vote.txt.gz number of nodes is :  7115
../data_folder/wiki-Vote.txt.gz number of edges is :  103689
../data_folder/wiki-Vote.txt.gz identity_feat : loss : 41.5621 


field : Networks with ground-truth communities

../data_folder/email-Eu-core.txt.gz number of nodes is :  1005
../data_folder/email-Eu-core.txt.gz number of edges is :  25571
../data_folder/email-Eu-core.txt.gz identity_feat : loss : 7.5547 


field : Internet peer-to-peer networks

../data_folder/p2p-Gnutella04.txt.gz number of nodes is :  10876
../data_folder/p2p-Gnutella04.txt.gz number of edges is :  39994
../data_folder/p2p-Gnutella04.txt.gz identity_feat : loss : 319.0810 

../data_folder/p2p-Gnutella08.txt.gz number of nodes is :  6301
../data_folder/p2p-Gnutella08.txt.gz number of edges is :  20777
../data_folder/p2p-Gnutella08.txt.gz identity_feat : loss : 211.4859 


field : Collaboration networks

../data_folder/ca-GrQc.txt.gz number of nodes is :  5242
../data_folder/ca-GrQc.txt.gz number of edges is :  28980
../data_folder/ca-GrQc.txt.gz identity_feat : loss : 24.4727 

CSphd number of nodes is :  1882
CSphd number of edges is :  3480
CSphd identity_feat : loss : 18.1255 
YeastS number of nodes is :  2361
YeastS number of edges is :  13828
YeastS identity_feat : loss : 7.8648 
geom number of nodes is :  7343
geom number of edges is :  23796
geom identity_feat : loss : 111.8434 
netsience number of nodes is :  1589
netsience number of edges is :  5484
netsience identity_feat : loss : 18.8629 
Erdos02 number of nodes is :  6927
Erdos02 number of edges is :  23700
Erdos02 identity_feat : loss : 25.7167 
karate number of nodes is :  34
karate number of edges is :  156
karate identity_feat : loss : 1.6599 
lesmis number of nodes is :  77
lesmis number of edges is :  508
lesmis identity_feat : loss : 1.7565 
adjnoun number of nodes is :  112
adjnoun number of edges is :  850
adjnoun identity_feat : loss : 1.8868 
football number of nodes is :  115
football number of edges is :  1226
football identity_feat : loss : 1.6677 
dolphins number of nodes is :  62
dolphins number of edges is :  318
dolphins identity_feat : loss : 1.7521 
polbooks number of nodes is :  105
polbooks number of edges is :  882
polbooks identity_feat : loss : 1.6666 
hep-th number of nodes is :  8361
hep-th number of edges is :  31502
hep-th identity_feat : loss : 82.3507 
power number of nodes is :  4941
power number of edges is :  13188
power identity_feat : loss : 29.1454 
CLUSTERDataset number of nodes is :  117
CLUSTERDataset number of edges is :  4104
CLUSTERDataset identity_feat : loss : 1.7089 
PATTERNDataset number of nodes is :  108
PATTERNDataset number of edges is :  4884
PATTERNDataset identity_feat : loss : 1.5971 
Done loading data from cached files.
TreeGridDataset number of nodes is :  1231
TreeGridDataset number of edges is :  1705
TreeGridDataset identity_feat : loss : 14.7544 
Done loading data from cached files.
TreeCycleDataset number of nodes is :  871
TreeCycleDataset number of edges is :  966
TreeCycleDataset identity_feat : loss : 14.6720 
