
field : Social networks

None
../data_folder/facebook_combined.txt.gz identity_feat : loss : 1.0000 
[tensor([1.], device='cuda:0')]

None
../data_folder/wiki-Vote.txt.gz identity_feat : loss : 1.0000 
[tensor([1.], device='cuda:0')]


field : Networks with ground-truth communities

None
../data_folder/email-Eu-core.txt.gz identity_feat : loss : 1.0000 
[tensor([1.], device='cuda:0')]


field : Internet peer-to-peer networks

None
../data_folder/p2p-Gnutella04.txt.gz identity_feat : loss : 1.0000 
[tensor([1.], device='cuda:0')]

None
../data_folder/p2p-Gnutella08.txt.gz identity_feat : loss : 1.0000 
[tensor([1.], device='cuda:0')]


field : Collaboration networks

None
../data_folder/ca-GrQc.txt.gz identity_feat : loss : 1.0000 
[tensor([1.], device='cuda:0')]

4    1.849097
Name: density, dtype: float64
An error occurred: The truth value of a Series is ambiguous. Use a.empty, a.bool(), a.item(), a.any() or a.all().
None
None
YeastS identity_feat : loss : 1.0000 
[tensor([1.], device='cuda:0')]
5    3.240637
Name: density, dtype: float64
An error occurred: The truth value of a Series is ambiguous. Use a.empty, a.bool(), a.item(), a.any() or a.all().
None
6    3.451227
Name: density, dtype: float64
An error occurred: The truth value of a Series is ambiguous. Use a.empty, a.bool(), a.item(), a.any() or a.all().
None
None
Erdos02 identity_feat : loss : 1.0000 
[tensor([1.], device='cuda:0')]
None
karate identity_feat : loss : 1.0000 
[tensor([1.], device='cuda:0')]
None
lesmis identity_feat : loss : 1.0000 
[tensor([1.], device='cuda:0')]
7    7.589286
Name: density, dtype: float64
An error occurred: The truth value of a Series is ambiguous. Use a.empty, a.bool(), a.item(), a.any() or a.all().
None
8    10.66087
Name: density, dtype: float64
An error occurred: The truth value of a Series is ambiguous. Use a.empty, a.bool(), a.item(), a.any() or a.all().
None
None
dolphins identity_feat : loss : 1.0000 
[tensor([1.], device='cuda:0')]
None
polbooks identity_feat : loss : 1.0000 
[tensor([1.], device='cuda:0')]
9    3.767731
Name: density, dtype: float64
An error occurred: The truth value of a Series is ambiguous. Use a.empty, a.bool(), a.item(), a.any() or a.all().
None
None
power identity_feat : loss : 1.0000 
[tensor([1.], device='cuda:0')]
10    35.076923
Name: density, dtype: float64
An error occurred: The truth value of a Series is ambiguous. Use a.empty, a.bool(), a.item(), a.any() or a.all().
None
None
PATTERNDataset identity_feat : loss : 1.0000 
[tensor([1.], device='cuda:0')]
Done loading data from cached files.
11    2.770106
Name: density, dtype: float64
An error occurred: The truth value of a Series is ambiguous. Use a.empty, a.bool(), a.item(), a.any() or a.all().
None
Done loading data from cached files.
None
TreeCycleDataset identity_feat : loss : 1.0000 
[tensor([1.], device='cuda:0')]
[[tensor([1.], device='cuda:0')], [tensor([1.], device='cuda:0')], [tensor([1.], device='cuda:0')], [tensor([1.], device='cuda:0')], [tensor([1.], device='cuda:0')], [tensor([1.], device='cuda:0')], [1.0], [1.0], [1.0], [1.0], [1.0], [1.0], [1.0], [1.0], [1.0]]
Traceback (most recent call last):
  File "/project/p_gnn001/code/gnn_clean_code/test_stanford_networks.py", line 720, in <module>
    test_networks(model, args, result, args2.real_network_folder)
  File "/project/p_gnn001/code/gnn_clean_code/test_stanford_networks.py", line 468, in test_networks
    df['num_nodes'] = list1
    ~~^^^^^^^^^^^^^
  File "/home/p_gnngw/miniconda3/envs/cuda118/lib/python3.12/site-packages/pandas/core/frame.py", line 4299, in __setitem__
    self._set_item(key, value)
  File "/home/p_gnngw/miniconda3/envs/cuda118/lib/python3.12/site-packages/pandas/core/frame.py", line 4512, in _set_item
    value, refs = self._sanitize_column(value)
                  ^^^^^^^^^^^^^^^^^^^^^^^^^^^^
  File "/home/p_gnngw/miniconda3/envs/cuda118/lib/python3.12/site-packages/pandas/core/frame.py", line 5253, in _sanitize_column
    com.require_length_match(value, self.index)
  File "/home/p_gnngw/miniconda3/envs/cuda118/lib/python3.12/site-packages/pandas/core/common.py", line 573, in require_length_match
    raise ValueError(
ValueError: Length of values (23) does not match length of index (15)

field : Social networks

None
../data_folder/facebook_combined.txt.gz identity_feat : loss : 1.0000 
[tensor([1.], device='cuda:0')]

None
../data_folder/wiki-Vote.txt.gz identity_feat : loss : 1.0000 
[tensor([1.], device='cuda:0')]


field : Networks with ground-truth communities

None
../data_folder/email-Eu-core.txt.gz identity_feat : loss : 1.0000 
[tensor([1.], device='cuda:0')]


field : Internet peer-to-peer networks

None
../data_folder/p2p-Gnutella04.txt.gz identity_feat : loss : 1.0000 
[tensor([1.], device='cuda:0')]

None
../data_folder/p2p-Gnutella08.txt.gz identity_feat : loss : 1.0000 
[tensor([1.], device='cuda:0')]


field : Collaboration networks

None
../data_folder/ca-GrQc.txt.gz identity_feat : loss : 1.0000 
[tensor([1.], device='cuda:0')]

4    0.003623
Name: transitivity, dtype: float64
An error occurred: The truth value of a Series is ambiguous. Use a.empty, a.bool(), a.item(), a.any() or a.all().
None
None
YeastS identity_feat : loss : 1.0000 
[tensor([1.], device='cuda:0')]
5    0.24043
Name: transitivity, dtype: float64
An error occurred: The truth value of a Series is ambiguous. Use a.empty, a.bool(), a.item(), a.any() or a.all().
None
6    0.693441
Name: transitivity, dtype: float64
An error occurred: The truth value of a Series is ambiguous. Use a.empty, a.bool(), a.item(), a.any() or a.all().
None
None
Erdos02 identity_feat : loss : 1.0000 
[tensor([1.], device='cuda:0')]
None
karate identity_feat : loss : 1.0000 
[tensor([1.], device='cuda:0')]
None
lesmis identity_feat : loss : 1.0000 
[tensor([1.], device='cuda:0')]
7    0.156935
Name: transitivity, dtype: float64
An error occurred: The truth value of a Series is ambiguous. Use a.empty, a.bool(), a.item(), a.any() or a.all().
None
8    0.40724
Name: transitivity, dtype: float64
An error occurred: The truth value of a Series is ambiguous. Use a.empty, a.bool(), a.item(), a.any() or a.all().
None
None
dolphins identity_feat : loss : 1.0000 
[tensor([1.], device='cuda:0')]
None
polbooks identity_feat : loss : 1.0000 
[tensor([1.], device='cuda:0')]
9    0.329576
Name: transitivity, dtype: float64
An error occurred: The truth value of a Series is ambiguous. Use a.empty, a.bool(), a.item(), a.any() or a.all().
None
None
power identity_feat : loss : 1.0000 
[tensor([1.], device='cuda:0')]
10    0.315569
Name: transitivity, dtype: float64
An error occurred: The truth value of a Series is ambiguous. Use a.empty, a.bool(), a.item(), a.any() or a.all().
None
None
PATTERNDataset identity_feat : loss : 1.0000 
[tensor([1.], device='cuda:0')]
Done loading data from cached files.
11    0.0
Name: transitivity, dtype: float64
An error occurred: The truth value of a Series is ambiguous. Use a.empty, a.bool(), a.item(), a.any() or a.all().
None
Done loading data from cached files.
None
TreeCycleDataset identity_feat : loss : 1.0000 
[tensor([1.], device='cuda:0')]
[[tensor([1.], device='cuda:0')], [tensor([1.], device='cuda:0')], [tensor([1.], device='cuda:0')], [tensor([1.], device='cuda:0')], [tensor([1.], device='cuda:0')], [tensor([1.], device='cuda:0')], [1.0], [1.0], [1.0], [1.0], [1.0], [1.0], [1.0], [1.0], [1.0]]
Traceback (most recent call last):
  File "/project/p_gnn001/code/gnn_clean_code/test_stanford_networks.py", line 720, in <module>
    test_networks(model, args, result, args2.real_network_folder)
  File "/project/p_gnn001/code/gnn_clean_code/test_stanford_networks.py", line 468, in test_networks
    df['num_nodes'] = list1
    ~~^^^^^^^^^^^^^
  File "/home/p_gnngw/miniconda3/envs/cuda118/lib/python3.12/site-packages/pandas/core/frame.py", line 4299, in __setitem__
    self._set_item(key, value)
  File "/home/p_gnngw/miniconda3/envs/cuda118/lib/python3.12/site-packages/pandas/core/frame.py", line 4512, in _set_item
    value, refs = self._sanitize_column(value)
                  ^^^^^^^^^^^^^^^^^^^^^^^^^^^^
  File "/home/p_gnngw/miniconda3/envs/cuda118/lib/python3.12/site-packages/pandas/core/frame.py", line 5253, in _sanitize_column
    com.require_length_match(value, self.index)
  File "/home/p_gnngw/miniconda3/envs/cuda118/lib/python3.12/site-packages/pandas/core/common.py", line 573, in require_length_match
    raise ValueError(
ValueError: Length of values (23) does not match length of index (15)

field : Social networks

loss : 1.0000 
[tensor([1.], device='cuda:0')]

loss : 1.0000 
[tensor([1.], device='cuda:0')]


field : Networks with ground-truth communities

loss : 1.0000 
[tensor([1.], device='cuda:0')]


field : Internet peer-to-peer networks

loss : 1.0000 
[tensor([1.], device='cuda:0')]

loss : 1.0000 
[tensor([1.], device='cuda:0')]


field : Collaboration networks

loss : 1.0000 
[tensor([1.], device='cuda:0')]

An error occurred: The truth value of a Series is ambiguous. Use a.empty, a.bool(), a.item(), a.any() or a.all().
None
loss : 1.0000 
[tensor([1.], device='cuda:0')]
An error occurred: The truth value of a Series is ambiguous. Use a.empty, a.bool(), a.item(), a.any() or a.all().
None
An error occurred: The truth value of a Series is ambiguous. Use a.empty, a.bool(), a.item(), a.any() or a.all().
None
loss : 1.0000 
[tensor([1.], device='cuda:0')]
loss : 1.0000 
[tensor([1.], device='cuda:0')]
loss : 1.0000 
[tensor([1.], device='cuda:0')]
An error occurred: The truth value of a Series is ambiguous. Use a.empty, a.bool(), a.item(), a.any() or a.all().
None
An error occurred: The truth value of a Series is ambiguous. Use a.empty, a.bool(), a.item(), a.any() or a.all().
None
loss : 1.0000 
[tensor([1.], device='cuda:0')]
loss : 1.0000 
[tensor([1.], device='cuda:0')]
An error occurred: The truth value of a Series is ambiguous. Use a.empty, a.bool(), a.item(), a.any() or a.all().
None
loss : 1.0000 
[tensor([1.], device='cuda:0')]
An error occurred: The truth value of a Series is ambiguous. Use a.empty, a.bool(), a.item(), a.any() or a.all().
None
loss : 1.0000 
[tensor([1.], device='cuda:0')]
Done loading data from cached files.
An error occurred: The truth value of a Series is ambiguous. Use a.empty, a.bool(), a.item(), a.any() or a.all().
None
Done loading data from cached files.
loss : 1.0000 
[tensor([1.], device='cuda:0')]
[[tensor([1.], device='cuda:0')], [tensor([1.], device='cuda:0')], [tensor([1.], device='cuda:0')], [tensor([1.], device='cuda:0')], [tensor([1.], device='cuda:0')], [tensor([1.], device='cuda:0')], [1.0], [1.0], [1.0], [1.0], [1.0], [1.0], [1.0], [1.0], [1.0]]
Traceback (most recent call last):
  File "/project/p_gnn001/code/gnn_clean_code/test_stanford_networks.py", line 720, in <module>
    test_networks(model, args, result, args2.real_network_folder)
  File "/project/p_gnn001/code/gnn_clean_code/test_stanford_networks.py", line 468, in test_networks
    df['num_nodes'] = list1
    ~~^^^^^^^^^^^^^
  File "/home/p_gnngw/miniconda3/envs/cuda118/lib/python3.12/site-packages/pandas/core/frame.py", line 4299, in __setitem__
    self._set_item(key, value)
  File "/home/p_gnngw/miniconda3/envs/cuda118/lib/python3.12/site-packages/pandas/core/frame.py", line 4512, in _set_item
    value, refs = self._sanitize_column(value)
                  ^^^^^^^^^^^^^^^^^^^^^^^^^^^^
  File "/home/p_gnngw/miniconda3/envs/cuda118/lib/python3.12/site-packages/pandas/core/frame.py", line 5253, in _sanitize_column
    com.require_length_match(value, self.index)
  File "/home/p_gnngw/miniconda3/envs/cuda118/lib/python3.12/site-packages/pandas/core/common.py", line 573, in require_length_match
    raise ValueError(
ValueError: Length of values (23) does not match length of index (15)

field : Social networks

loss : 1.0000 
[tensor([1.], device='cuda:0')]

loss : 1.0000 
[tensor([1.], device='cuda:0')]


field : Networks with ground-truth communities

loss : 1.0000 
[tensor([1.], device='cuda:0')]


field : Internet peer-to-peer networks

loss : 1.0000 
[tensor([1.], device='cuda:0')]

loss : 1.0000 
[tensor([1.], device='cuda:0')]


field : Collaboration networks

loss : 1.0000 
[tensor([1.], device='cuda:0')]

An error occurred: The truth value of a Series is ambiguous. Use a.empty, a.bool(), a.item(), a.any() or a.all().
None
loss : 1.0000 
[tensor([1.], device='cuda:0')]
An error occurred: The truth value of a Series is ambiguous. Use a.empty, a.bool(), a.item(), a.any() or a.all().
None
An error occurred: The truth value of a Series is ambiguous. Use a.empty, a.bool(), a.item(), a.any() or a.all().
None
loss : 1.0000 
[tensor([1.], device='cuda:0')]
loss : 1.0000 
[tensor([1.], device='cuda:0')]
loss : 1.0000 
[tensor([1.], device='cuda:0')]
An error occurred: The truth value of a Series is ambiguous. Use a.empty, a.bool(), a.item(), a.any() or a.all().
None
An error occurred: The truth value of a Series is ambiguous. Use a.empty, a.bool(), a.item(), a.any() or a.all().
None
loss : 1.0000 
[tensor([1.], device='cuda:0')]
loss : 1.0000 
[tensor([1.], device='cuda:0')]
An error occurred: The truth value of a Series is ambiguous. Use a.empty, a.bool(), a.item(), a.any() or a.all().
None
loss : 1.0000 
[tensor([1.], device='cuda:0')]
An error occurred: The truth value of a Series is ambiguous. Use a.empty, a.bool(), a.item(), a.any() or a.all().
None
loss : 1.0000 
[tensor([1.], device='cuda:0')]
Done loading data from cached files.
An error occurred: The truth value of a Series is ambiguous. Use a.empty, a.bool(), a.item(), a.any() or a.all().
None
Done loading data from cached files.
loss : 1.0000 
[tensor([1.], device='cuda:0')]
[[tensor([1.], device='cuda:0')], [tensor([1.], device='cuda:0')], [tensor([1.], device='cuda:0')], [tensor([1.], device='cuda:0')], [tensor([1.], device='cuda:0')], [tensor([1.], device='cuda:0')], [1.0], [1.0], [1.0], [1.0], [1.0], [1.0], [1.0], [1.0], [1.0]]
Traceback (most recent call last):
  File "/project/p_gnn001/code/gnn_clean_code/test_stanford_networks.py", line 720, in <module>
    test_networks(model, args, result, args2.real_network_folder)
  File "/project/p_gnn001/code/gnn_clean_code/test_stanford_networks.py", line 468, in test_networks
    df['num_nodes'] = list1
    ~~^^^^^^^^^^^^^
  File "/home/p_gnngw/miniconda3/envs/cuda118/lib/python3.12/site-packages/pandas/core/frame.py", line 4299, in __setitem__
    self._set_item(key, value)
  File "/home/p_gnngw/miniconda3/envs/cuda118/lib/python3.12/site-packages/pandas/core/frame.py", line 4512, in _set_item
    value, refs = self._sanitize_column(value)
                  ^^^^^^^^^^^^^^^^^^^^^^^^^^^^
  File "/home/p_gnngw/miniconda3/envs/cuda118/lib/python3.12/site-packages/pandas/core/frame.py", line 5253, in _sanitize_column
    com.require_length_match(value, self.index)
  File "/home/p_gnngw/miniconda3/envs/cuda118/lib/python3.12/site-packages/pandas/core/common.py", line 573, in require_length_match
    raise ValueError(
ValueError: Length of values (23) does not match length of index (15)
