Epoch 10: loss=0.000001
Epoch 20: loss=0.000001
Epoch 30: loss=0.000001
Epoch 40: loss=0.000001
Epoch 50: loss=0.000001
Epoch 60: loss=0.000001
Epoch 70: loss=0.000001
Epoch 80: loss=0.000001
Epoch 90: loss=0.000001
Epoch 100: loss=0.000001
Epoch 110: loss=0.000001
Epoch 120: loss=0.000001
Epoch 130: loss=0.000001
Epoch 140: loss=0.000001
Epoch 150: loss=0.000001
Epoch 160: loss=0.000001
Epoch 170: loss=0.000001
Epoch 180: loss=0.000001
Epoch 190: loss=0.000001
Epoch 200: loss=0.000001
Epoch 210: loss=0.000001
Epoch 220: loss=0.000001
Epoch 230: loss=0.000001
Epoch 240: loss=0.000001
Epoch 250: loss=0.000001
Epoch 260: loss=0.000001
Epoch 270: loss=0.000001
Epoch 280: loss=0.000001
Epoch 290: loss=0.000001
Epoch 300: loss=0.000001
Epoch 310: loss=0.000001
Epoch 320: loss=0.000001
Epoch 330: loss=0.000001
Epoch 340: loss=0.000001
Epoch 350: loss=0.000001
Epoch 360: loss=0.000001
Epoch 370: loss=0.000001
Epoch 380: loss=0.000001
Epoch 390: loss=0.000001
Epoch 400: loss=0.000001
Epoch 410: loss=0.000001
Epoch 420: loss=0.000001
Epoch 430: loss=0.000001
Epoch 440: loss=0.000001
Epoch 450: loss=0.000001
Epoch 460: loss=0.000001
Epoch 470: loss=0.000001
Epoch 480: loss=0.000001
Epoch 490: loss=0.000001
Epoch 500: loss=0.000001
validation : 5.709379547624849e-07, MUTAG 1.0168643711949698e-07, Muedim test 6.30271979389363e-07
Done loading data from cached files.
Done loading data from cached files.
loss of real network :  0.9979540909747449
Epoch 10: loss=0.000001
Epoch 20: loss=0.000000
Epoch 30: loss=0.000000
Epoch 40: loss=0.000000
Epoch 50: loss=0.000000
Epoch 60: loss=0.000000
Epoch 70: loss=0.000000
Epoch 80: loss=0.000000
Epoch 90: loss=0.000000
Epoch 100: loss=0.000000
Epoch 110: loss=0.000000
Epoch 120: loss=0.000000
Epoch 130: loss=0.000000
Epoch 140: loss=0.000000
Epoch 150: loss=0.000000
Epoch 160: loss=0.000000
Epoch 170: loss=0.000000
Epoch 180: loss=0.000000
Epoch 190: loss=0.000000
Epoch 200: loss=0.000000
Epoch 210: loss=0.000000
Epoch 220: loss=0.000000
Epoch 230: loss=0.000000
Epoch 240: loss=0.000000
Epoch 250: loss=0.000000
Epoch 260: loss=0.000000
Epoch 270: loss=0.000000
Epoch 280: loss=0.000000
Epoch 290: loss=0.000000
Epoch 300: loss=0.000000
Epoch 310: loss=0.000000
Epoch 320: loss=0.000000
Epoch 330: loss=0.000000
Epoch 340: loss=0.000000
Epoch 350: loss=0.000000
Epoch 360: loss=0.000000
Epoch 370: loss=0.000000
Epoch 380: loss=0.000000
Epoch 390: loss=0.000000
Epoch 400: loss=0.000000
Epoch 410: loss=0.000000
Epoch 420: loss=0.000000
Epoch 430: loss=0.000000
Epoch 440: loss=0.000000
Epoch 450: loss=0.000000
Epoch 460: loss=0.000000
Epoch 470: loss=0.000000
Epoch 480: loss=0.000000
Epoch 490: loss=0.000000
Epoch 500: loss=0.000000
validation : 3.921420648111962e-07, MUTAG 7.381003342743498e-08, Muedim test 4.6096932237560396e-07
Done loading data from cached files.
Done loading data from cached files.
loss of real network :  0.9982787301899484
Epoch 10: loss=0.000001
Epoch 20: loss=0.000000
Epoch 30: loss=0.000000
Epoch 40: loss=0.000000
Epoch 50: loss=0.000000
Epoch 60: loss=0.000000
Epoch 70: loss=0.000000
Epoch 80: loss=0.000000
Epoch 90: loss=0.000000
Epoch 100: loss=0.000000
Epoch 110: loss=0.000000
Epoch 120: loss=0.000000
Epoch 130: loss=0.000000
Epoch 140: loss=0.000000
Epoch 150: loss=0.000000
Epoch 160: loss=0.000000
Epoch 170: loss=0.000000
Epoch 180: loss=0.000000
Epoch 190: loss=0.000000
Epoch 200: loss=0.000000
Epoch 210: loss=0.000000
Epoch 220: loss=0.000000
Epoch 230: loss=0.000000
Epoch 240: loss=0.000000
Epoch 250: loss=0.000000
Epoch 260: loss=0.000000
Epoch 270: loss=0.000000
Epoch 280: loss=0.000000
Epoch 290: loss=0.000000
Epoch 300: loss=0.000000
Epoch 310: loss=0.000000
Epoch 320: loss=0.000000
Epoch 330: loss=0.000000
Epoch 340: loss=0.000000
Epoch 350: loss=0.000000
Epoch 360: loss=0.000000
Epoch 370: loss=0.000000
Epoch 380: loss=0.000000
Epoch 390: loss=0.000000
Epoch 400: loss=0.000000
Epoch 410: loss=0.000000
Epoch 420: loss=0.000000
Epoch 430: loss=0.000000
Epoch 440: loss=0.000000
Epoch 450: loss=0.000000
Epoch 460: loss=0.000000
Epoch 470: loss=0.000000
Epoch 480: loss=0.000000
Epoch 490: loss=0.000000
Epoch 500: loss=0.000000
validation : 4.1352323023602364e-07, MUTAG 7.501761956518748e-08, Muedim test 4.651233393815346e-07
Done loading data from cached files.
Done loading data from cached files.
loss of real network :  0.9982708102083899
Epoch 10: loss=0.000001
Epoch 20: loss=0.000000
Epoch 30: loss=0.000000
Epoch 40: loss=0.000000
Epoch 50: loss=0.000000
Epoch 60: loss=0.000000
Epoch 70: loss=0.000000
Epoch 80: loss=0.000000
Epoch 90: loss=0.000000
Epoch 100: loss=0.000000
Epoch 110: loss=0.000000
Epoch 120: loss=0.000000
Epoch 130: loss=0.000000
Epoch 140: loss=0.000000
Epoch 150: loss=0.000000
Epoch 160: loss=0.000000
Epoch 170: loss=0.000000
Epoch 180: loss=0.000000
Epoch 190: loss=0.000000
Epoch 200: loss=0.000000
Epoch 210: loss=0.000000
Epoch 220: loss=0.000000
Epoch 230: loss=0.000000
Epoch 240: loss=0.000000
Epoch 250: loss=0.000000
Epoch 260: loss=0.000000
Epoch 270: loss=0.000000
Epoch 280: loss=0.000000
Epoch 290: loss=0.000000
Epoch 300: loss=0.000000
Epoch 310: loss=0.000000
Epoch 320: loss=0.000000
Epoch 330: loss=0.000000
Epoch 340: loss=0.000000
Epoch 350: loss=0.000000
Epoch 360: loss=0.000000
Epoch 370: loss=0.000000
Epoch 380: loss=0.000000
Epoch 390: loss=0.000000
Epoch 400: loss=0.000000
Epoch 410: loss=0.000000
Epoch 420: loss=0.000000
Epoch 430: loss=0.000000
Epoch 440: loss=0.000000
Epoch 450: loss=0.000000
Epoch 460: loss=0.000000
Epoch 470: loss=0.000000
Epoch 480: loss=0.000000
Epoch 490: loss=0.000000
Epoch 500: loss=0.000000
validation : 3.1830119041842407e-07, MUTAG 6.005961949995253e-08, Muedim test 3.2981342883431354e-07
Done loading data from cached files.
Done loading data from cached files.
loss of real network :  0.9984767406797852
Epoch 10: loss=0.000001
Epoch 20: loss=0.000001
Epoch 30: loss=0.000001
Epoch 40: loss=0.000001
Epoch 50: loss=0.000001
Epoch 60: loss=0.000001
Epoch 70: loss=0.000001
Epoch 80: loss=0.000001
Epoch 90: loss=0.000001
Epoch 100: loss=0.000001
Epoch 110: loss=0.000001
Epoch 120: loss=0.000001
Epoch 130: loss=0.000001
Epoch 140: loss=0.000000
Epoch 150: loss=0.000001
Epoch 160: loss=0.000001
Epoch 170: loss=0.000001
Epoch 180: loss=0.000001
Epoch 190: loss=0.000001
Epoch 200: loss=0.000001
Epoch 210: loss=0.000001
Epoch 220: loss=0.000001
Epoch 230: loss=0.000001
Epoch 240: loss=0.000001
Epoch 250: loss=0.000001
Epoch 260: loss=0.000001
Epoch 270: loss=0.000001
Epoch 280: loss=0.000001
Epoch 290: loss=0.000001
Epoch 300: loss=0.000001
Epoch 310: loss=0.000001
Epoch 320: loss=0.000001
Epoch 330: loss=0.000001
Epoch 340: loss=0.000001
Epoch 350: loss=0.000001
Epoch 360: loss=0.000001
Epoch 370: loss=0.000001
Epoch 380: loss=0.000001
Epoch 390: loss=0.000001
Epoch 400: loss=0.000001
Epoch 410: loss=0.000001
Epoch 420: loss=0.000001
Epoch 430: loss=0.000001
Epoch 440: loss=0.000001
Epoch 450: loss=0.000001
Epoch 460: loss=0.000001
Epoch 470: loss=0.000001
Epoch 480: loss=0.000001
Epoch 490: loss=0.000001
Epoch 500: loss=0.000001
validation : 5.097369103168603e-07, MUTAG 9.59163344305125e-08, Muedim test 6.11595041846158e-07
Done loading data from cached files.
Done loading data from cached files.
loss of real network :  0.998017148401349
Epoch 10: loss=0.000001
Epoch 20: loss=0.000000
Epoch 30: loss=0.000000
Epoch 40: loss=0.000000
Epoch 50: loss=0.000000
Epoch 60: loss=0.000000
Epoch 70: loss=0.000000
Epoch 80: loss=0.000000
Epoch 90: loss=0.000001
Epoch 100: loss=0.000001
Epoch 110: loss=0.000001
Epoch 120: loss=0.000001
Epoch 130: loss=0.000000
Epoch 140: loss=0.000001
Epoch 150: loss=0.000001
Epoch 160: loss=0.000000
Epoch 170: loss=0.000000
Epoch 180: loss=0.000000
Epoch 190: loss=0.000000
Epoch 200: loss=0.000000
Epoch 210: loss=0.000000
Epoch 220: loss=0.000000
Epoch 230: loss=0.000000
Epoch 240: loss=0.000000
Epoch 250: loss=0.000000
Epoch 260: loss=0.000000
Epoch 270: loss=0.000000
Epoch 280: loss=0.000000
Epoch 290: loss=0.000000
Epoch 300: loss=0.000000
Epoch 310: loss=0.000000
Epoch 320: loss=0.000000
Epoch 330: loss=0.000000
Epoch 340: loss=0.000000
Epoch 350: loss=0.000000
Epoch 360: loss=0.000000
Epoch 370: loss=0.000000
Epoch 380: loss=0.000000
Epoch 390: loss=0.000000
Epoch 400: loss=0.000000
Epoch 410: loss=0.000000
Epoch 420: loss=0.000000
Epoch 430: loss=0.000000
Epoch 440: loss=0.000000
Epoch 450: loss=0.000000
Epoch 460: loss=0.000000
Epoch 470: loss=0.000000
Epoch 480: loss=0.000000
Epoch 490: loss=0.000000
Epoch 500: loss=0.000000
validation : 4.4516742491396145e-07, MUTAG 8.555462500225985e-08, Muedim test 5.033604884374654e-07
Done loading data from cached files.
Done loading data from cached files.
loss of real network :  0.9981443483079664
Epoch 10: loss=0.000001
Epoch 20: loss=0.000000
Epoch 30: loss=0.000000
Epoch 40: loss=0.000000
Epoch 50: loss=0.000000
Epoch 60: loss=0.000000
Epoch 70: loss=0.000000
Epoch 80: loss=0.000000
Epoch 90: loss=0.000000
Epoch 100: loss=0.000000
Epoch 110: loss=0.000000
Epoch 120: loss=0.000000
Epoch 130: loss=0.000000
Epoch 140: loss=0.000000
Epoch 150: loss=0.000000
Epoch 160: loss=0.000000
Epoch 170: loss=0.000000
Epoch 180: loss=0.000000
Epoch 190: loss=0.000000
Epoch 200: loss=0.000000
Epoch 210: loss=0.000000
Epoch 220: loss=0.000000
Epoch 230: loss=0.000000
Epoch 240: loss=0.000000
Epoch 250: loss=0.000000
Epoch 260: loss=0.000000
Epoch 270: loss=0.000000
Epoch 280: loss=0.000000
Epoch 290: loss=0.000000
Epoch 300: loss=0.000000
Epoch 310: loss=0.000000
Epoch 320: loss=0.000000
Epoch 330: loss=0.000000
Epoch 340: loss=0.000000
Epoch 350: loss=0.000000
Epoch 360: loss=0.000000
Epoch 370: loss=0.000000
Epoch 380: loss=0.000000
Epoch 390: loss=0.000000
Epoch 400: loss=0.000000
Epoch 410: loss=0.000000
Epoch 420: loss=0.000000
Epoch 430: loss=0.000000
Epoch 440: loss=0.000000
Epoch 450: loss=0.000000
Epoch 460: loss=0.000000
Epoch 470: loss=0.000000
Epoch 480: loss=0.000000
Epoch 490: loss=0.000000
Epoch 500: loss=0.000000
validation : 3.8054902688600124e-07, MUTAG 6.74070042805397e-08, Muedim test 4.4288863136898727e-07
Done loading data from cached files.
Done loading data from cached files.
loss of real network :  0.9983519285647446
Epoch 10: loss=0.000000
Epoch 20: loss=0.000000
Epoch 30: loss=0.000000
Epoch 40: loss=0.000000
Epoch 50: loss=0.000000
Epoch 60: loss=0.000000
Epoch 70: loss=0.000000
Epoch 80: loss=0.000000
Epoch 90: loss=0.000000
Epoch 100: loss=0.000000
Epoch 110: loss=0.000000
Epoch 120: loss=0.000000
Epoch 130: loss=0.000000
Epoch 140: loss=0.000000
Epoch 150: loss=0.000000
Epoch 160: loss=0.000000
Epoch 170: loss=0.000000
Epoch 180: loss=0.000000
Epoch 190: loss=0.000000
Epoch 200: loss=0.000000
Epoch 210: loss=0.000000
Epoch 220: loss=0.000000
Epoch 230: loss=0.000000
Epoch 240: loss=0.000000
Epoch 250: loss=0.000000
Epoch 260: loss=0.000000
Epoch 270: loss=0.000000
Epoch 280: loss=0.000000
Epoch 290: loss=0.000000
Epoch 300: loss=0.000000
Epoch 310: loss=0.000000
Epoch 320: loss=0.000000
Epoch 330: loss=0.000000
Epoch 340: loss=0.000000
Epoch 350: loss=0.000000
Epoch 360: loss=0.000000
Epoch 370: loss=0.000000
Epoch 380: loss=0.000000
Epoch 390: loss=0.000000
Epoch 400: loss=0.000000
Epoch 410: loss=0.000000
Epoch 420: loss=0.000000
Epoch 430: loss=0.000000
Epoch 440: loss=0.000000
Epoch 450: loss=0.000000
Epoch 460: loss=0.000000
Epoch 470: loss=0.000000
Epoch 480: loss=0.000000
Epoch 490: loss=0.000000
Epoch 500: loss=0.000000
validation : 4.1799859900493175e-07, MUTAG 7.453508487742511e-08, Muedim test 4.648953745345352e-07
Done loading data from cached files.
Done loading data from cached files.
loss of real network :  0.9982734568466519
Epoch 10: loss=0.000001
Epoch 20: loss=0.000000
Epoch 30: loss=0.000000
Epoch 40: loss=0.000000
Epoch 50: loss=0.000000
Epoch 60: loss=0.000000
Epoch 70: loss=0.000000
Epoch 80: loss=0.000000
Epoch 90: loss=0.000000
Epoch 100: loss=0.000001
Epoch 110: loss=0.000000
Epoch 120: loss=0.000000
Epoch 130: loss=0.000001
Epoch 140: loss=0.000001
Epoch 150: loss=0.000001
Epoch 160: loss=0.000001
Epoch 170: loss=0.000001
Epoch 180: loss=0.000001
Epoch 190: loss=0.000001
Epoch 200: loss=0.000001
Epoch 210: loss=0.000001
Epoch 220: loss=0.000001
Epoch 230: loss=0.000001
Epoch 240: loss=0.000001
Epoch 250: loss=0.000001
Epoch 260: loss=0.000001
Epoch 270: loss=0.000001
Epoch 280: loss=0.000001
Epoch 290: loss=0.000001
Epoch 300: loss=0.000001
Epoch 310: loss=0.000001
Epoch 320: loss=0.000001
Epoch 330: loss=0.000001
Epoch 340: loss=0.000001
Epoch 350: loss=0.000001
Epoch 360: loss=0.000001
Epoch 370: loss=0.000001
Epoch 380: loss=0.000001
Epoch 390: loss=0.000001
Epoch 400: loss=0.000001
Epoch 410: loss=0.000001
Epoch 420: loss=0.000001
Epoch 430: loss=0.000001
Epoch 440: loss=0.000001
Epoch 450: loss=0.000001
Epoch 460: loss=0.000001
Epoch 470: loss=0.000001
Epoch 480: loss=0.000001
Epoch 490: loss=0.000001
Epoch 500: loss=0.000001
validation : 5.198690269025974e-07, MUTAG 9.10375911189476e-08, Muedim test 5.241774852038361e-07
Done loading data from cached files.
Done loading data from cached files.
loss of real network :  0.9980934910151689
Epoch 10: loss=0.000001
Epoch 20: loss=0.000001
Epoch 30: loss=0.000001
Epoch 40: loss=0.000001
Epoch 50: loss=0.000001
Epoch 60: loss=0.000001
Epoch 70: loss=0.000001
Epoch 80: loss=0.000001
Epoch 90: loss=0.000001
Epoch 100: loss=0.000001
Epoch 110: loss=0.000001
Epoch 120: loss=0.000000
Epoch 130: loss=0.000001
Epoch 140: loss=0.000001
Epoch 150: loss=0.000001
Epoch 160: loss=0.000001
Epoch 170: loss=0.000001
Epoch 180: loss=0.000001
Epoch 190: loss=0.000001
Epoch 200: loss=0.000001
Epoch 210: loss=0.000001
Epoch 220: loss=0.000001
Epoch 230: loss=0.000001
Epoch 240: loss=0.000001
Epoch 250: loss=0.000001
Epoch 260: loss=0.000001
Epoch 270: loss=0.000001
Epoch 280: loss=0.000001
Epoch 290: loss=0.000001
Epoch 300: loss=0.000001
Epoch 310: loss=0.000001
Epoch 320: loss=0.000001
Epoch 330: loss=0.000001
Epoch 340: loss=0.000001
Epoch 350: loss=0.000001
Epoch 360: loss=0.000001
Epoch 370: loss=0.000001
Epoch 380: loss=0.000001
Epoch 390: loss=0.000001
Epoch 400: loss=0.000001
Epoch 410: loss=0.000001
Epoch 420: loss=0.000001
Epoch 430: loss=0.000001
Epoch 440: loss=0.000001
Epoch 450: loss=0.000001
Epoch 460: loss=0.000001
Epoch 470: loss=0.000001
Epoch 480: loss=0.000001
Epoch 490: loss=0.000001
Epoch 500: loss=0.000001
validation : 5.773480552306865e-07, MUTAG 9.56269514063024e-08, Muedim test 6.101271628722316e-07
Done loading data from cached files.
Done loading data from cached files.
loss of real network :  0.998021119938119
4.6193328722034087e-07      4.5455734834831676e-07      8.20651300728059e-08      5.043222254244029e-07      0.9981881865126869
