Epoch 10: loss=0.060399
Epoch 20: loss=0.059407
Epoch 30: loss=0.058895
Epoch 40: loss=0.058975
Epoch 50: loss=0.058871
Epoch 60: loss=0.058756
Epoch 70: loss=0.058724
Epoch 80: loss=0.058709
Epoch 90: loss=0.058702
Epoch 100: loss=0.058699
validation : 0.059064614772796634, MUTAG 0.24092987060546875, Muedim test 0.05876484513282776
Done loading data from cached files.
Done loading data from cached files.
loss of real network :  1.8293134663079655
Epoch 10: loss=0.059666
Epoch 20: loss=0.058793
Epoch 30: loss=0.058519
Epoch 40: loss=0.058561
Epoch 50: loss=0.058387
Epoch 60: loss=0.058336
Epoch 70: loss=0.058317
Epoch 80: loss=0.058305
Epoch 90: loss=0.058300
Epoch 100: loss=0.058298
validation : 0.06272898197174072, MUTAG 0.2425377655029297, Muedim test 0.05876829385757446
Done loading data from cached files.
Done loading data from cached files.
loss of real network :  1.8150344494524089
Epoch 10: loss=0.059213
Epoch 20: loss=0.058977
Epoch 30: loss=0.058738
Epoch 40: loss=0.058685
Epoch 50: loss=0.058702
Epoch 60: loss=0.058629
Epoch 70: loss=0.058608
Epoch 80: loss=0.058600
Epoch 90: loss=0.058594
Epoch 100: loss=0.058592
validation : 0.06001258373260498, MUTAG 0.24175543785095216, Muedim test 0.05878563165664673
Done loading data from cached files.
Done loading data from cached files.
loss of real network :  1.8219371852555417
Epoch 10: loss=0.058745
Epoch 20: loss=0.058811
Epoch 30: loss=0.060459
Epoch 40: loss=0.059401
Epoch 50: loss=0.058846
Epoch 60: loss=0.058698
Epoch 70: loss=0.058637
Epoch 80: loss=0.058609
Epoch 90: loss=0.058597
Epoch 100: loss=0.058588
validation : 0.06008340835571289, MUTAG 0.24142009735107423, Muedim test 0.058780958652496336
Done loading data from cached files.
Done loading data from cached files.
loss of real network :  1.8249322092808906
Epoch 10: loss=0.060428
Epoch 20: loss=0.066397
Epoch 30: loss=0.059506
Epoch 40: loss=0.058796
Epoch 50: loss=0.058622
Epoch 60: loss=0.058526
Epoch 70: loss=0.058484
Epoch 80: loss=0.058462
Epoch 90: loss=0.058452
Epoch 100: loss=0.058447
validation : 0.06137409448623657, MUTAG 0.2422079086303711, Muedim test 0.0587666666507721
Done loading data from cached files.
Done loading data from cached files.
loss of real network :  1.817961039723604
Epoch 10: loss=0.058479
Epoch 20: loss=0.058536
Epoch 30: loss=0.059073
Epoch 40: loss=0.058613
Epoch 50: loss=0.058450
Epoch 60: loss=0.058400
Epoch 70: loss=0.058381
Epoch 80: loss=0.058368
Epoch 90: loss=0.058363
Epoch 100: loss=0.058358
validation : 0.062153353691101074, MUTAG 0.24251434326171875, Muedim test 0.058769034147262575
Done loading data from cached files.
Done loading data from cached files.
loss of real network :  1.8152334038018707
Epoch 10: loss=0.058852
Epoch 20: loss=0.058799
Epoch 30: loss=0.059026
Epoch 40: loss=0.059218
Epoch 50: loss=0.058862
Epoch 60: loss=0.058776
Epoch 70: loss=0.058746
Epoch 80: loss=0.058737
Epoch 90: loss=0.058729
Epoch 100: loss=0.058723
validation : 0.058822851181030276, MUTAG 0.24137627601623535, Muedim test 0.05878206849098205
Done loading data from cached files.
Done loading data from cached files.
loss of real network :  1.8253135173977801
Epoch 10: loss=0.059261
Epoch 20: loss=0.058855
Epoch 30: loss=0.058886
Epoch 40: loss=0.059025
Epoch 50: loss=0.058696
Epoch 60: loss=0.058616
Epoch 70: loss=0.058588
Epoch 80: loss=0.058574
Epoch 90: loss=0.058568
Epoch 100: loss=0.058564
validation : 0.06027588129043579, MUTAG 0.24164088249206542, Muedim test 0.0587752366065979
Done loading data from cached files.
Done loading data from cached files.
loss of real network :  1.822966262263385
Epoch 10: loss=0.058944
Epoch 20: loss=0.059263
Epoch 30: loss=0.059275
Epoch 40: loss=0.058950
Epoch 50: loss=0.058867
Epoch 60: loss=0.058836
Epoch 70: loss=0.058824
Epoch 80: loss=0.058817
Epoch 90: loss=0.058814
Epoch 100: loss=0.058813
validation : 0.058042535781860354, MUTAG 0.24083621978759764, Muedim test 0.05878883957862854
Done loading data from cached files.
Done loading data from cached files.
loss of real network :  1.8301177042211632
Epoch 10: loss=0.059734
Epoch 20: loss=0.059449
Epoch 30: loss=0.059547
Epoch 40: loss=0.059798
Epoch 50: loss=0.059382
Epoch 60: loss=0.059277
Epoch 70: loss=0.059237
Epoch 80: loss=0.059222
Epoch 90: loss=0.059212
Epoch 100: loss=0.059207
validation : 0.054665994644165036, MUTAG 0.2392817497253418, Muedim test 0.05880186080932617
Done loading data from cached files.
Done loading data from cached files.
loss of real network :  1.8440974767776581
0.05862904477119446      0.05972242999076843      0.2414500551223755      0.05877834355831146      1.8246906714482267
