/home/p_gnngw/miniconda3/envs/cuda118/lib/python3.12/site-packages/torch/nn/modules/loss.py:535: UserWarning: Using a target size (torch.Size([100, 1])) that is different to the input size (torch.Size([100, 3])). This will likely lead to incorrect results due to broadcasting. Please ensure they have the same size.
  return F.mse_loss(input, target, reduction=self.reduction)
/home/p_gnngw/miniconda3/envs/cuda118/lib/python3.12/site-packages/torch/nn/modules/loss.py:535: UserWarning: Using a target size (torch.Size([88, 1])) that is different to the input size (torch.Size([88, 3])). This will likely lead to incorrect results due to broadcasting. Please ensure they have the same size.
  return F.mse_loss(input, target, reduction=self.reduction)
job1
Epoch 10: loss=113.686428
Epoch 20: loss=108.916554
Epoch 30: loss=108.242000
Epoch 40: loss=108.077261
Epoch 50: loss=108.020429
Epoch 60: loss=107.996488
Epoch 70: loss=107.985158
Epoch 80: loss=107.979515
Epoch 90: loss=107.976716
Epoch 100: loss=107.975054
validation : 99.8605712890625, MUTAG 54.6456103515625, Muedim test 232.88028411865236
An error occurred: 'SAGEConv' object has no attribute 'eps'
Traceback (most recent call last):
  File "/project/p_gnn001/code/gnn_clean_code/simple_code.py", line 570, in <module>
    train_loss, test_acc, test_acc2, test_acc3, test_acc4 = main(i)
                                                            ^^^^^^^
  File "/project/p_gnn001/code/gnn_clean_code/simple_code.py", line 534, in main
    real_loss = run_real_networks(model)
                ^^^^^^^^^^^^^^^^^^^^^^^^
  File "/project/p_gnn001/code/gnn_clean_code/test_stanford_networks.py", line 847, in run_real_networks
    loss = test_networks_simple(model, result, real_network_folder)
           ^^^^^^^^^^^^^^^^^^^^^^^^^^^^^^^^^^^^^^^^^^^^^^^^^^^^^^^^
  File "/project/p_gnn001/code/gnn_clean_code/test_stanford_networks.py", line 808, in test_networks_simple
    value = test_network_diff_nfeat_simple(model, graph, name)
            ^^^^^^^^^^^^^^^^^^^^^^^^^^^^^^^^^^^^^^^^^^^^^^^^^^
  File "/home/p_gnngw/miniconda3/envs/cuda118/lib/python3.12/site-packages/torch/utils/_contextlib.py", line 115, in decorate_context
    return func(*args, **kwargs)
           ^^^^^^^^^^^^^^^^^^^^^
  File "/project/p_gnn001/code/gnn_clean_code/test_stanford_networks.py", line 783, in test_network_diff_nfeat_simple
    loss = (logits[0][0].cpu().item()-label)**2
            ^^^^^^
UnboundLocalError: cannot access local variable 'logits' where it is not associated with a value
