Epoch 10: loss=0.004590
Epoch 20: loss=0.000438
Epoch 30: loss=0.000101
Epoch 40: loss=0.000046
Epoch 50: loss=0.000031
Epoch 60: loss=0.000025
Epoch 70: loss=0.000022
Epoch 80: loss=0.000021
Epoch 90: loss=0.000020
Epoch 100: loss=0.000020
validation : 1.970656914636493e-05, MUTAG 7.316560950130225e-05, Muedim test 1.9548539421521126e-05
logits: tensor([[22.8107]], device='cuda:0'),     label:  22.84550631344392
logits: tensor([[15.5551]], device='cuda:0'),     label:  15.573295853829936
logits: tensor([[26.4012]], device='cuda:0'),     label:  26.443781094527363
logits: tensor([[4.6828]], device='cuda:0'),     label:  4.677271055535123
logits: tensor([[4.3039]], device='cuda:0'),     label:  4.2974131090303125
logits: tensor([[6.5299]], device='cuda:0'),     label:  6.528424265547501
logits: tensor([[2.8586]], device='cuda:0'),     label:  2.8490967056323058
logits: tensor([[6.8576]], device='cuda:0'),     label:  6.856840321897501
logits: tensor([[4.2472]], device='cuda:0'),     label:  4.240637341685959
logits: tensor([[4.4572]], device='cuda:0'),     label:  4.451227186910007
logits: tensor([[4.4277]], device='cuda:0'),     label:  4.421394543092248
logits: tensor([[5.5918]], device='cuda:0'),     label:  5.588235294117647
logits: tensor([[7.5965]], device='cuda:0'),     label:  7.597402597402597
logits: tensor([[8.5862]], device='cuda:0'),     label:  8.589285714285715
logits: tensor([[11.6510]], device='cuda:0'),     label:  11.660869565217391
logits: tensor([[6.1314]], device='cuda:0'),     label:  6.129032258064516
logits: tensor([[9.3951]], device='cuda:0'),     label:  9.4
logits: tensor([[4.7730]], device='cuda:0'),     label:  4.7677311326396365
logits: tensor([[3.6768]], device='cuda:0'),     label:  3.66909532483303
logits: tensor([[36.0130]], device='cuda:0'),     label:  36.07692307692308
logits: tensor([[46.1359]], device='cuda:0'),     label:  46.22222222222222
Done loading data from cached files.
logits: tensor([[2.3957]], device='cuda:0'),     label:  2.3850528025995126
Done loading data from cached files.
logits: tensor([[2.1203]], device='cuda:0'),     label:  2.1090700344431688
loss of real network :  0.000680374172373728
Epoch 10: loss=0.000695
Epoch 20: loss=0.000012
Epoch 30: loss=0.000006
Epoch 40: loss=0.000005
Epoch 50: loss=0.000005
Epoch 60: loss=0.000005
Epoch 70: loss=0.000005
Epoch 80: loss=0.000005
Epoch 90: loss=0.000005
Epoch 100: loss=0.000005
validation : 5.144372698850929e-06, MUTAG 1.74201320623979e-05, Muedim test 5.109636986162514e-06
logits: tensor([[22.8276]], device='cuda:0'),     label:  22.84550631344392
logits: tensor([[15.5640]], device='cuda:0'),     label:  15.573295853829936
logits: tensor([[26.4218]], device='cuda:0'),     label:  26.443781094527363
logits: tensor([[4.6795]], device='cuda:0'),     label:  4.677271055535123
logits: tensor([[4.3005]], device='cuda:0'),     label:  4.2974131090303125
logits: tensor([[6.5289]], device='cuda:0'),     label:  6.528424265547501
logits: tensor([[2.8538]], device='cuda:0'),     label:  2.8490967056323058
logits: tensor([[6.8571]], device='cuda:0'),     label:  6.856840321897501
logits: tensor([[4.2437]], device='cuda:0'),     label:  4.240637341685959
logits: tensor([[4.4541]], device='cuda:0'),     label:  4.451227186910007
logits: tensor([[4.4244]], device='cuda:0'),     label:  4.421394543092248
logits: tensor([[5.5898]], device='cuda:0'),     label:  5.588235294117647
logits: tensor([[7.5967]], device='cuda:0'),     label:  7.597402597402597
logits: tensor([[8.5875]], device='cuda:0'),     label:  8.589285714285715
logits: tensor([[11.6556]], device='cuda:0'),     label:  11.660869565217391
logits: tensor([[6.1300]], device='cuda:0'),     label:  6.129032258064516
logits: tensor([[9.3973]], device='cuda:0'),     label:  9.4
logits: tensor([[4.7701]], device='cuda:0'),     label:  4.7677311326396365
logits: tensor([[3.6729]], device='cuda:0'),     label:  3.66909532483303
logits: tensor([[36.0440]], device='cuda:0'),     label:  36.07692307692308
logits: tensor([[46.1778]], device='cuda:0'),     label:  46.22222222222222
Done loading data from cached files.
logits: tensor([[2.3903]], device='cuda:0'),     label:  2.3850528025995126
Done loading data from cached files.
logits: tensor([[2.1146]], device='cuda:0'),     label:  2.1090700344431688
loss of real network :  0.00017964313621404338
Epoch 10: loss=0.005414
Epoch 20: loss=0.000273
Epoch 30: loss=0.000047
Epoch 40: loss=0.000021
Epoch 50: loss=0.000014
Epoch 60: loss=0.000012
Epoch 70: loss=0.000011
Epoch 80: loss=0.000010
Epoch 90: loss=0.000010
Epoch 100: loss=0.000010
validation : 1.0008341050706803e-05, MUTAG 3.625568933784962e-05, Muedim test 1.0068955307360738e-05
logits: tensor([[22.8206]], device='cuda:0'),     label:  22.84550631344392
logits: tensor([[15.5589]], device='cuda:0'),     label:  15.573295853829936
logits: tensor([[26.4131]], device='cuda:0'),     label:  26.443781094527363
logits: tensor([[4.6811]], device='cuda:0'),     label:  4.677271055535123
logits: tensor([[4.3018]], device='cuda:0'),     label:  4.2974131090303125
logits: tensor([[6.5293]], device='cuda:0'),     label:  6.528424265547501
logits: tensor([[2.8559]], device='cuda:0'),     label:  2.8490967056323058
logits: tensor([[6.8572]], device='cuda:0'),     label:  6.856840321897501
logits: tensor([[4.2451]], device='cuda:0'),     label:  4.240637341685959
logits: tensor([[4.4555]], device='cuda:0'),     label:  4.451227186910007
logits: tensor([[4.4254]], device='cuda:0'),     label:  4.421394543092248
logits: tensor([[5.5906]], device='cuda:0'),     label:  5.588235294117647
logits: tensor([[7.5966]], device='cuda:0'),     label:  7.597402597402597
logits: tensor([[8.5869]], device='cuda:0'),     label:  8.589285714285715
logits: tensor([[11.6536]], device='cuda:0'),     label:  11.660869565217391
logits: tensor([[6.1306]], device='cuda:0'),     label:  6.129032258064516
logits: tensor([[9.3964]], device='cuda:0'),     label:  9.4
logits: tensor([[4.7714]], device='cuda:0'),     label:  4.7677311326396365
logits: tensor([[3.6745]], device='cuda:0'),     label:  3.66909532483303
logits: tensor([[36.0309]], device='cuda:0'),     label:  36.07692307692308
logits: tensor([[46.1601]], device='cuda:0'),     label:  46.22222222222222
Done loading data from cached files.
logits: tensor([[2.3925]], device='cuda:0'),     label:  2.3850528025995126
Done loading data from cached files.
logits: tensor([[2.1170]], device='cuda:0'),     label:  2.1090700344431688
loss of real network :  0.00035292983579548543
Epoch 10: loss=0.027457
Epoch 20: loss=0.010372
Epoch 30: loss=0.005542
Epoch 40: loss=0.003789
Epoch 50: loss=0.003028
Epoch 60: loss=0.002659
Epoch 70: loss=0.002469
Epoch 80: loss=0.002368
Epoch 90: loss=0.002313
Epoch 100: loss=0.002282
validation : 0.002337636724114418, MUTAG 0.009380261301994324, Muedim test 0.002287270724773407
logits: tensor([[23.2031]], device='cuda:0'),     label:  22.84550631344392
logits: tensor([[15.7621]], device='cuda:0'),     label:  15.573295853829936
logits: tensor([[26.8849]], device='cuda:0'),     label:  26.443781094527363
logits: tensor([[4.6115]], device='cuda:0'),     label:  4.677271055535123
logits: tensor([[4.2236]], device='cuda:0'),     label:  4.2974131090303125
logits: tensor([[6.5063]], device='cuda:0'),     label:  6.528424265547501
logits: tensor([[2.7414]], device='cuda:0'),     label:  2.8490967056323058
logits: tensor([[6.8422]], device='cuda:0'),     label:  6.856840321897501
logits: tensor([[4.1654]], device='cuda:0'),     label:  4.240637341685959
logits: tensor([[4.3807]], device='cuda:0'),     label:  4.451227186910007
logits: tensor([[4.3506]], device='cuda:0'),     label:  4.421394543092248
logits: tensor([[5.5442]], device='cuda:0'),     label:  5.588235294117647
logits: tensor([[7.6001]], device='cuda:0'),     label:  7.597402597402597
logits: tensor([[8.6150]], device='cuda:0'),     label:  8.589285714285715
logits: tensor([[11.7581]], device='cuda:0'),     label:  11.660869565217391
logits: tensor([[6.0976]], device='cuda:0'),     label:  6.129032258064516
logits: tensor([[9.4446]], device='cuda:0'),     label:  9.4
logits: tensor([[4.7044]], device='cuda:0'),     label:  4.7677311326396365
logits: tensor([[3.5803]], device='cuda:0'),     label:  3.66909532483303
logits: tensor([[36.7421]], device='cuda:0'),     label:  36.07692307692308
logits: tensor([[47.1233]], device='cuda:0'),     label:  46.22222222222222
Done loading data from cached files.
logits: tensor([[2.2665]], device='cuda:0'),     label:  2.3850528025995126
Done loading data from cached files.
logits: tensor([[1.9841]], device='cuda:0'),     label:  2.1090700344431688
loss of real network :  0.07421081762229882
Epoch 10: loss=0.007218
Epoch 20: loss=0.000520
Epoch 30: loss=0.000099
Epoch 40: loss=0.000041
Epoch 50: loss=0.000027
Epoch 60: loss=0.000021
Epoch 70: loss=0.000019
Epoch 80: loss=0.000018
Epoch 90: loss=0.000017
Epoch 100: loss=0.000017
validation : 1.71072781085968e-05, MUTAG 6.29098666831851e-05, Muedim test 1.7099208198487757e-05
logits: tensor([[22.8136]], device='cuda:0'),     label:  22.84550631344392
logits: tensor([[15.5570]], device='cuda:0'),     label:  15.573295853829936
logits: tensor([[26.4043]], device='cuda:0'),     label:  26.443781094527363
logits: tensor([[4.6825]], device='cuda:0'),     label:  4.677271055535123
logits: tensor([[4.3029]], device='cuda:0'),     label:  4.2974131090303125
logits: tensor([[6.5296]], device='cuda:0'),     label:  6.528424265547501
logits: tensor([[2.8580]], device='cuda:0'),     label:  2.8490967056323058
logits: tensor([[6.8576]], device='cuda:0'),     label:  6.856840321897501
logits: tensor([[4.2463]], device='cuda:0'),     label:  4.240637341685959
logits: tensor([[4.4568]], device='cuda:0'),     label:  4.451227186910007
logits: tensor([[4.4265]], device='cuda:0'),     label:  4.421394543092248
logits: tensor([[5.5915]], device='cuda:0'),     label:  5.588235294117647
logits: tensor([[7.5966]], device='cuda:0'),     label:  7.597402597402597
logits: tensor([[8.5864]], device='cuda:0'),     label:  8.589285714285715
logits: tensor([[11.6518]], device='cuda:0'),     label:  11.660869565217391
logits: tensor([[6.1312]], device='cuda:0'),     label:  6.129032258064516
logits: tensor([[9.3955]], device='cuda:0'),     label:  9.4
logits: tensor([[4.7725]], device='cuda:0'),     label:  4.7677311326396365
logits: tensor([[3.6763]], device='cuda:0'),     label:  3.66909532483303
logits: tensor([[36.0180]], device='cuda:0'),     label:  36.07692307692308
logits: tensor([[46.1426]], device='cuda:0'),     label:  46.22222222222222
Done loading data from cached files.
logits: tensor([[2.3949]], device='cuda:0'),     label:  2.3850528025995126
Done loading data from cached files.
logits: tensor([[2.1195]], device='cuda:0'),     label:  2.1090700344431688
loss of real network :  0.0005781564914578086
0.0004667228061589413      0.00047792065702378743      0.001914002519915812      0.0004678194129373878      0.01520038425162798
