/home/p_gnngw/miniconda3/envs/cuda118/lib/python3.12/site-packages/torch/nn/modules/loss.py:535: UserWarning: Using a target size (torch.Size([100, 1])) that is different to the input size (torch.Size([100, 8])). This will likely lead to incorrect results due to broadcasting. Please ensure they have the same size.
  return F.mse_loss(input, target, reduction=self.reduction)
/home/p_gnngw/miniconda3/envs/cuda118/lib/python3.12/site-packages/torch/nn/modules/loss.py:535: UserWarning: Using a target size (torch.Size([88, 1])) that is different to the input size (torch.Size([88, 8])). This will likely lead to incorrect results due to broadcasting. Please ensure they have the same size.
  return F.mse_loss(input, target, reduction=self.reduction)
/home/p_gnngw/miniconda3/envs/cuda118/lib/python3.12/site-packages/torch/nn/modules/loss.py:535: UserWarning: Using a target size (torch.Size([100, 1])) that is different to the input size (torch.Size([100, 8])). This will likely lead to incorrect results due to broadcasting. Please ensure they have the same size.
  return F.mse_loss(input, target, reduction=self.reduction)
/home/p_gnngw/miniconda3/envs/cuda118/lib/python3.12/site-packages/torch/nn/modules/loss.py:535: UserWarning: Using a target size (torch.Size([88, 1])) that is different to the input size (torch.Size([88, 8])). This will likely lead to incorrect results due to broadcasting. Please ensure they have the same size.
  return F.mse_loss(input, target, reduction=self.reduction)
/home/p_gnngw/miniconda3/envs/cuda118/lib/python3.12/site-packages/torch/nn/modules/loss.py:535: UserWarning: Using a target size (torch.Size([100, 1])) that is different to the input size (torch.Size([100, 8])). This will likely lead to incorrect results due to broadcasting. Please ensure they have the same size.
  return F.mse_loss(input, target, reduction=self.reduction)
/home/p_gnngw/miniconda3/envs/cuda118/lib/python3.12/site-packages/torch/nn/modules/loss.py:535: UserWarning: Using a target size (torch.Size([88, 1])) that is different to the input size (torch.Size([88, 8])). This will likely lead to incorrect results due to broadcasting. Please ensure they have the same size.
  return F.mse_loss(input, target, reduction=self.reduction)
/home/p_gnngw/miniconda3/envs/cuda118/lib/python3.12/site-packages/torch/nn/modules/loss.py:535: UserWarning: Using a target size (torch.Size([100, 1])) that is different to the input size (torch.Size([100, 8])). This will likely lead to incorrect results due to broadcasting. Please ensure they have the same size.
  return F.mse_loss(input, target, reduction=self.reduction)
/home/p_gnngw/miniconda3/envs/cuda118/lib/python3.12/site-packages/torch/nn/modules/loss.py:535: UserWarning: Using a target size (torch.Size([88, 1])) that is different to the input size (torch.Size([88, 8])). This will likely lead to incorrect results due to broadcasting. Please ensure they have the same size.
  return F.mse_loss(input, target, reduction=self.reduction)
/home/p_gnngw/miniconda3/envs/cuda118/lib/python3.12/site-packages/torch/nn/modules/loss.py:535: UserWarning: Using a target size (torch.Size([100, 1])) that is different to the input size (torch.Size([100, 8])). This will likely lead to incorrect results due to broadcasting. Please ensure they have the same size.
  return F.mse_loss(input, target, reduction=self.reduction)
/home/p_gnngw/miniconda3/envs/cuda118/lib/python3.12/site-packages/torch/nn/modules/loss.py:535: UserWarning: Using a target size (torch.Size([88, 1])) that is different to the input size (torch.Size([88, 8])). This will likely lead to incorrect results due to broadcasting. Please ensure they have the same size.
  return F.mse_loss(input, target, reduction=self.reduction)
/home/p_gnngw/miniconda3/envs/cuda118/lib/python3.12/site-packages/torch/nn/modules/loss.py:535: UserWarning: Using a target size (torch.Size([100, 1])) that is different to the input size (torch.Size([100, 8])). This will likely lead to incorrect results due to broadcasting. Please ensure they have the same size.
  return F.mse_loss(input, target, reduction=self.reduction)
/home/p_gnngw/miniconda3/envs/cuda118/lib/python3.12/site-packages/torch/nn/modules/loss.py:535: UserWarning: Using a target size (torch.Size([88, 1])) that is different to the input size (torch.Size([88, 8])). This will likely lead to incorrect results due to broadcasting. Please ensure they have the same size.
  return F.mse_loss(input, target, reduction=self.reduction)
/home/p_gnngw/miniconda3/envs/cuda118/lib/python3.12/site-packages/torch/nn/modules/loss.py:535: UserWarning: Using a target size (torch.Size([100, 1])) that is different to the input size (torch.Size([100, 8])). This will likely lead to incorrect results due to broadcasting. Please ensure they have the same size.
  return F.mse_loss(input, target, reduction=self.reduction)
/home/p_gnngw/miniconda3/envs/cuda118/lib/python3.12/site-packages/torch/nn/modules/loss.py:535: UserWarning: Using a target size (torch.Size([88, 1])) that is different to the input size (torch.Size([88, 8])). This will likely lead to incorrect results due to broadcasting. Please ensure they have the same size.
  return F.mse_loss(input, target, reduction=self.reduction)
/home/p_gnngw/miniconda3/envs/cuda118/lib/python3.12/site-packages/torch/nn/modules/loss.py:535: UserWarning: Using a target size (torch.Size([100, 1])) that is different to the input size (torch.Size([100, 8])). This will likely lead to incorrect results due to broadcasting. Please ensure they have the same size.
  return F.mse_loss(input, target, reduction=self.reduction)
/home/p_gnngw/miniconda3/envs/cuda118/lib/python3.12/site-packages/torch/nn/modules/loss.py:535: UserWarning: Using a target size (torch.Size([88, 1])) that is different to the input size (torch.Size([88, 8])). This will likely lead to incorrect results due to broadcasting. Please ensure they have the same size.
  return F.mse_loss(input, target, reduction=self.reduction)
/home/p_gnngw/miniconda3/envs/cuda118/lib/python3.12/site-packages/torch/nn/modules/loss.py:535: UserWarning: Using a target size (torch.Size([100, 1])) that is different to the input size (torch.Size([100, 8])). This will likely lead to incorrect results due to broadcasting. Please ensure they have the same size.
  return F.mse_loss(input, target, reduction=self.reduction)
/home/p_gnngw/miniconda3/envs/cuda118/lib/python3.12/site-packages/torch/nn/modules/loss.py:535: UserWarning: Using a target size (torch.Size([88, 1])) that is different to the input size (torch.Size([88, 8])). This will likely lead to incorrect results due to broadcasting. Please ensure they have the same size.
  return F.mse_loss(input, target, reduction=self.reduction)
/home/p_gnngw/miniconda3/envs/cuda118/lib/python3.12/site-packages/torch/nn/modules/loss.py:535: UserWarning: Using a target size (torch.Size([100, 1])) that is different to the input size (torch.Size([100, 8])). This will likely lead to incorrect results due to broadcasting. Please ensure they have the same size.
  return F.mse_loss(input, target, reduction=self.reduction)
/home/p_gnngw/miniconda3/envs/cuda118/lib/python3.12/site-packages/torch/nn/modules/loss.py:535: UserWarning: Using a target size (torch.Size([88, 1])) that is different to the input size (torch.Size([88, 8])). This will likely lead to incorrect results due to broadcasting. Please ensure they have the same size.
  return F.mse_loss(input, target, reduction=self.reduction)
Epoch 10: loss=0.000001
Epoch 20: loss=0.000001
Epoch 30: loss=0.000001
Epoch 40: loss=0.000001
Epoch 50: loss=0.000001
Epoch 60: loss=0.000001
Epoch 70: loss=0.000001
Epoch 80: loss=0.000001
Epoch 90: loss=0.000001
Epoch 100: loss=0.000001
validation : 6.791500345570966e-07, MUTAG 1.1362152690708172e-07, Muedim test 4.7426520723092834e-07
An error occurred: a Tensor with 8 elements cannot be converted to Scalar
An error occurred: a Tensor with 8 elements cannot be converted to Scalar
An error occurred: a Tensor with 8 elements cannot be converted to Scalar
An error occurred: a Tensor with 8 elements cannot be converted to Scalar
An error occurred: a Tensor with 8 elements cannot be converted to Scalar
An error occurred: a Tensor with 8 elements cannot be converted to Scalar
An error occurred: a Tensor with 8 elements cannot be converted to Scalar
An error occurred: a Tensor with 8 elements cannot be converted to Scalar
An error occurred: a Tensor with 8 elements cannot be converted to Scalar
An error occurred: a Tensor with 8 elements cannot be converted to Scalar
An error occurred: a Tensor with 8 elements cannot be converted to Scalar
An error occurred: a Tensor with 8 elements cannot be converted to Scalar
An error occurred: a Tensor with 8 elements cannot be converted to Scalar
An error occurred: a Tensor with 8 elements cannot be converted to Scalar
An error occurred: a Tensor with 8 elements cannot be converted to Scalar
An error occurred: a Tensor with 8 elements cannot be converted to Scalar
An error occurred: a Tensor with 8 elements cannot be converted to Scalar
An error occurred: a Tensor with 8 elements cannot be converted to Scalar
An error occurred: a Tensor with 8 elements cannot be converted to Scalar
An error occurred: a Tensor with 8 elements cannot be converted to Scalar
An error occurred: a Tensor with 8 elements cannot be converted to Scalar
Done loading data from cached files.
An error occurred: a Tensor with 8 elements cannot be converted to Scalar
Done loading data from cached files.
An error occurred: a Tensor with 8 elements cannot be converted to Scalar
loss of real network :  5.440324828313074e-08
Epoch 10: loss=0.000001
Epoch 20: loss=0.000000
Epoch 30: loss=0.000000
Epoch 40: loss=0.000000
Epoch 50: loss=0.000000
Epoch 60: loss=0.000000
Epoch 70: loss=0.000000
Epoch 80: loss=0.000000
Epoch 90: loss=0.000000
Epoch 100: loss=0.000000
validation : 4.035218080389313e-07, MUTAG 7.944828212202992e-08, Muedim test 2.0805220628972166e-07
An error occurred: a Tensor with 8 elements cannot be converted to Scalar
An error occurred: a Tensor with 8 elements cannot be converted to Scalar
An error occurred: a Tensor with 8 elements cannot be converted to Scalar
An error occurred: a Tensor with 8 elements cannot be converted to Scalar
An error occurred: a Tensor with 8 elements cannot be converted to Scalar
An error occurred: a Tensor with 8 elements cannot be converted to Scalar
An error occurred: a Tensor with 8 elements cannot be converted to Scalar
An error occurred: a Tensor with 8 elements cannot be converted to Scalar
An error occurred: a Tensor with 8 elements cannot be converted to Scalar
An error occurred: a Tensor with 8 elements cannot be converted to Scalar
An error occurred: a Tensor with 8 elements cannot be converted to Scalar
An error occurred: a Tensor with 8 elements cannot be converted to Scalar
An error occurred: a Tensor with 8 elements cannot be converted to Scalar
An error occurred: a Tensor with 8 elements cannot be converted to Scalar
An error occurred: a Tensor with 8 elements cannot be converted to Scalar
An error occurred: a Tensor with 8 elements cannot be converted to Scalar
An error occurred: a Tensor with 8 elements cannot be converted to Scalar
An error occurred: a Tensor with 8 elements cannot be converted to Scalar
An error occurred: a Tensor with 8 elements cannot be converted to Scalar
An error occurred: a Tensor with 8 elements cannot be converted to Scalar
An error occurred: a Tensor with 8 elements cannot be converted to Scalar
Done loading data from cached files.
An error occurred: a Tensor with 8 elements cannot be converted to Scalar
Done loading data from cached files.
An error occurred: a Tensor with 8 elements cannot be converted to Scalar
loss of real network :  1.747750710147438e-07
Epoch 10: loss=0.000002
Epoch 20: loss=0.000001
Epoch 30: loss=0.000001
Epoch 40: loss=0.000001
Epoch 50: loss=0.000001
Epoch 60: loss=0.000001
Epoch 70: loss=0.000001
Epoch 80: loss=0.000001
Epoch 90: loss=0.000001
Epoch 100: loss=0.000001
validation : 7.434516737703234e-07, MUTAG 1.2892639006167883e-07, Muedim test 4.045374498673482e-07
An error occurred: a Tensor with 8 elements cannot be converted to Scalar
An error occurred: a Tensor with 8 elements cannot be converted to Scalar
An error occurred: a Tensor with 8 elements cannot be converted to Scalar
An error occurred: a Tensor with 8 elements cannot be converted to Scalar
An error occurred: a Tensor with 8 elements cannot be converted to Scalar
An error occurred: a Tensor with 8 elements cannot be converted to Scalar
An error occurred: a Tensor with 8 elements cannot be converted to Scalar
An error occurred: a Tensor with 8 elements cannot be converted to Scalar
An error occurred: a Tensor with 8 elements cannot be converted to Scalar
An error occurred: a Tensor with 8 elements cannot be converted to Scalar
An error occurred: a Tensor with 8 elements cannot be converted to Scalar
An error occurred: a Tensor with 8 elements cannot be converted to Scalar
An error occurred: a Tensor with 8 elements cannot be converted to Scalar
An error occurred: a Tensor with 8 elements cannot be converted to Scalar
An error occurred: a Tensor with 8 elements cannot be converted to Scalar
An error occurred: a Tensor with 8 elements cannot be converted to Scalar
An error occurred: a Tensor with 8 elements cannot be converted to Scalar
An error occurred: a Tensor with 8 elements cannot be converted to Scalar
An error occurred: a Tensor with 8 elements cannot be converted to Scalar
An error occurred: a Tensor with 8 elements cannot be converted to Scalar
An error occurred: a Tensor with 8 elements cannot be converted to Scalar
Done loading data from cached files.
An error occurred: a Tensor with 8 elements cannot be converted to Scalar
Done loading data from cached files.
An error occurred: a Tensor with 8 elements cannot be converted to Scalar
loss of real network :  4.4177209044550103e-07
Epoch 10: loss=0.000002
Epoch 20: loss=0.000001
Epoch 30: loss=0.000001
Epoch 40: loss=0.000001
Epoch 50: loss=0.000001
Epoch 60: loss=0.000001
Epoch 70: loss=0.000001
Epoch 80: loss=0.000001
Epoch 90: loss=0.000001
Epoch 100: loss=0.000001
validation : 6.26288092462346e-07, MUTAG 1.0789571661007358e-07, Muedim test 3.2433086289529455e-07
An error occurred: a Tensor with 8 elements cannot be converted to Scalar
An error occurred: a Tensor with 8 elements cannot be converted to Scalar
An error occurred: a Tensor with 8 elements cannot be converted to Scalar
An error occurred: a Tensor with 8 elements cannot be converted to Scalar
An error occurred: a Tensor with 8 elements cannot be converted to Scalar
An error occurred: a Tensor with 8 elements cannot be converted to Scalar
An error occurred: a Tensor with 8 elements cannot be converted to Scalar
An error occurred: a Tensor with 8 elements cannot be converted to Scalar
An error occurred: a Tensor with 8 elements cannot be converted to Scalar
An error occurred: a Tensor with 8 elements cannot be converted to Scalar
An error occurred: a Tensor with 8 elements cannot be converted to Scalar
An error occurred: a Tensor with 8 elements cannot be converted to Scalar
An error occurred: a Tensor with 8 elements cannot be converted to Scalar
An error occurred: a Tensor with 8 elements cannot be converted to Scalar
An error occurred: a Tensor with 8 elements cannot be converted to Scalar
An error occurred: a Tensor with 8 elements cannot be converted to Scalar
An error occurred: a Tensor with 8 elements cannot be converted to Scalar
An error occurred: a Tensor with 8 elements cannot be converted to Scalar
An error occurred: a Tensor with 8 elements cannot be converted to Scalar
An error occurred: a Tensor with 8 elements cannot be converted to Scalar
An error occurred: a Tensor with 8 elements cannot be converted to Scalar
Done loading data from cached files.
An error occurred: a Tensor with 8 elements cannot be converted to Scalar
Done loading data from cached files.
An error occurred: a Tensor with 8 elements cannot be converted to Scalar
loss of real network :  2.604008843916191e-07
Epoch 10: loss=0.000001
Epoch 20: loss=0.000001
Epoch 30: loss=0.000001
Epoch 40: loss=0.000001
Epoch 50: loss=0.000001
Epoch 60: loss=0.000001
Epoch 70: loss=0.000001
Epoch 80: loss=0.000001
Epoch 90: loss=0.000001
Epoch 100: loss=0.000001
validation : 5.111589416628703e-07, MUTAG 9.167623829853255e-08, Muedim test 2.5743690002855145e-07
An error occurred: a Tensor with 8 elements cannot be converted to Scalar
An error occurred: a Tensor with 8 elements cannot be converted to Scalar
An error occurred: a Tensor with 8 elements cannot be converted to Scalar
An error occurred: a Tensor with 8 elements cannot be converted to Scalar
An error occurred: a Tensor with 8 elements cannot be converted to Scalar
An error occurred: a Tensor with 8 elements cannot be converted to Scalar
An error occurred: a Tensor with 8 elements cannot be converted to Scalar
An error occurred: a Tensor with 8 elements cannot be converted to Scalar
An error occurred: a Tensor with 8 elements cannot be converted to Scalar
An error occurred: a Tensor with 8 elements cannot be converted to Scalar
An error occurred: a Tensor with 8 elements cannot be converted to Scalar
An error occurred: a Tensor with 8 elements cannot be converted to Scalar
An error occurred: a Tensor with 8 elements cannot be converted to Scalar
An error occurred: a Tensor with 8 elements cannot be converted to Scalar
An error occurred: a Tensor with 8 elements cannot be converted to Scalar
An error occurred: a Tensor with 8 elements cannot be converted to Scalar
An error occurred: a Tensor with 8 elements cannot be converted to Scalar
An error occurred: a Tensor with 8 elements cannot be converted to Scalar
An error occurred: a Tensor with 8 elements cannot be converted to Scalar
An error occurred: a Tensor with 8 elements cannot be converted to Scalar
An error occurred: a Tensor with 8 elements cannot be converted to Scalar
Done loading data from cached files.
An error occurred: a Tensor with 8 elements cannot be converted to Scalar
Done loading data from cached files.
An error occurred: a Tensor with 8 elements cannot be converted to Scalar
loss of real network :  2.5261541449965635e-07
Epoch 10: loss=0.000002
Epoch 20: loss=0.000001
Epoch 30: loss=0.000001
Epoch 40: loss=0.000001
Epoch 50: loss=0.000001
Epoch 60: loss=0.000001
Epoch 70: loss=0.000001
Epoch 80: loss=0.000001
Epoch 90: loss=0.000001
Epoch 100: loss=0.000001
validation : 6.158542237244546e-07, MUTAG 1.1675278074108064e-07, Muedim test 3.3728956623235716e-07
An error occurred: a Tensor with 8 elements cannot be converted to Scalar
An error occurred: a Tensor with 8 elements cannot be converted to Scalar
An error occurred: a Tensor with 8 elements cannot be converted to Scalar
An error occurred: a Tensor with 8 elements cannot be converted to Scalar
An error occurred: a Tensor with 8 elements cannot be converted to Scalar
An error occurred: a Tensor with 8 elements cannot be converted to Scalar
An error occurred: a Tensor with 8 elements cannot be converted to Scalar
An error occurred: a Tensor with 8 elements cannot be converted to Scalar
An error occurred: a Tensor with 8 elements cannot be converted to Scalar
An error occurred: a Tensor with 8 elements cannot be converted to Scalar
An error occurred: a Tensor with 8 elements cannot be converted to Scalar
An error occurred: a Tensor with 8 elements cannot be converted to Scalar
An error occurred: a Tensor with 8 elements cannot be converted to Scalar
An error occurred: a Tensor with 8 elements cannot be converted to Scalar
An error occurred: a Tensor with 8 elements cannot be converted to Scalar
An error occurred: a Tensor with 8 elements cannot be converted to Scalar
An error occurred: a Tensor with 8 elements cannot be converted to Scalar
An error occurred: a Tensor with 8 elements cannot be converted to Scalar
An error occurred: a Tensor with 8 elements cannot be converted to Scalar
An error occurred: a Tensor with 8 elements cannot be converted to Scalar
An error occurred: a Tensor with 8 elements cannot be converted to Scalar
Done loading data from cached files.
An error occurred: a Tensor with 8 elements cannot be converted to Scalar
Done loading data from cached files.
An error occurred: a Tensor with 8 elements cannot be converted to Scalar
loss of real network :  2.3459215571086173e-07
Epoch 10: loss=0.000003
Epoch 20: loss=0.000001
Epoch 30: loss=0.000001
Epoch 40: loss=0.000001
Epoch 50: loss=0.000001
Epoch 60: loss=0.000001
Epoch 70: loss=0.000001
Epoch 80: loss=0.000001
Epoch 90: loss=0.000001
Epoch 100: loss=0.000001
validation : 5.254204370430671e-07, MUTAG 9.190272976411506e-08, Muedim test 2.713415005928255e-07
An error occurred: a Tensor with 8 elements cannot be converted to Scalar
An error occurred: a Tensor with 8 elements cannot be converted to Scalar
An error occurred: a Tensor with 8 elements cannot be converted to Scalar
An error occurred: a Tensor with 8 elements cannot be converted to Scalar
An error occurred: a Tensor with 8 elements cannot be converted to Scalar
An error occurred: a Tensor with 8 elements cannot be converted to Scalar
An error occurred: a Tensor with 8 elements cannot be converted to Scalar
An error occurred: a Tensor with 8 elements cannot be converted to Scalar
An error occurred: a Tensor with 8 elements cannot be converted to Scalar
An error occurred: a Tensor with 8 elements cannot be converted to Scalar
An error occurred: a Tensor with 8 elements cannot be converted to Scalar
An error occurred: a Tensor with 8 elements cannot be converted to Scalar
An error occurred: a Tensor with 8 elements cannot be converted to Scalar
An error occurred: a Tensor with 8 elements cannot be converted to Scalar
An error occurred: a Tensor with 8 elements cannot be converted to Scalar
An error occurred: a Tensor with 8 elements cannot be converted to Scalar
An error occurred: a Tensor with 8 elements cannot be converted to Scalar
An error occurred: a Tensor with 8 elements cannot be converted to Scalar
An error occurred: a Tensor with 8 elements cannot be converted to Scalar
An error occurred: a Tensor with 8 elements cannot be converted to Scalar
An error occurred: a Tensor with 8 elements cannot be converted to Scalar
Done loading data from cached files.
An error occurred: a Tensor with 8 elements cannot be converted to Scalar
Done loading data from cached files.
An error occurred: a Tensor with 8 elements cannot be converted to Scalar
loss of real network :  1.799899239506925e-07
Epoch 10: loss=0.000002
Epoch 20: loss=0.000001
Epoch 30: loss=0.000001
Epoch 40: loss=0.000001
Epoch 50: loss=0.000001
Epoch 60: loss=0.000001
Epoch 70: loss=0.000001
Epoch 80: loss=0.000001
Epoch 90: loss=0.000001
Epoch 100: loss=0.000001
validation : 7.140906018321403e-07, MUTAG 1.2476251868065446e-07, Muedim test 3.7858455470995977e-07
An error occurred: a Tensor with 8 elements cannot be converted to Scalar
An error occurred: a Tensor with 8 elements cannot be converted to Scalar
An error occurred: a Tensor with 8 elements cannot be converted to Scalar
An error occurred: a Tensor with 8 elements cannot be converted to Scalar
An error occurred: a Tensor with 8 elements cannot be converted to Scalar
An error occurred: a Tensor with 8 elements cannot be converted to Scalar
An error occurred: a Tensor with 8 elements cannot be converted to Scalar
An error occurred: a Tensor with 8 elements cannot be converted to Scalar
An error occurred: a Tensor with 8 elements cannot be converted to Scalar
An error occurred: a Tensor with 8 elements cannot be converted to Scalar
An error occurred: a Tensor with 8 elements cannot be converted to Scalar
An error occurred: a Tensor with 8 elements cannot be converted to Scalar
An error occurred: a Tensor with 8 elements cannot be converted to Scalar
An error occurred: a Tensor with 8 elements cannot be converted to Scalar
An error occurred: a Tensor with 8 elements cannot be converted to Scalar
An error occurred: a Tensor with 8 elements cannot be converted to Scalar
An error occurred: a Tensor with 8 elements cannot be converted to Scalar
An error occurred: a Tensor with 8 elements cannot be converted to Scalar
An error occurred: a Tensor with 8 elements cannot be converted to Scalar
An error occurred: a Tensor with 8 elements cannot be converted to Scalar
An error occurred: a Tensor with 8 elements cannot be converted to Scalar
Done loading data from cached files.
An error occurred: a Tensor with 8 elements cannot be converted to Scalar
Done loading data from cached files.
An error occurred: a Tensor with 8 elements cannot be converted to Scalar
loss of real network :  3.3510195986190927e-07
Epoch 10: loss=0.000002
Epoch 20: loss=0.000000
Epoch 30: loss=0.000000
Epoch 40: loss=0.000000
Epoch 50: loss=0.000000
Epoch 60: loss=0.000000
Epoch 70: loss=0.000000
Epoch 80: loss=0.000000
Epoch 90: loss=0.000000
Epoch 100: loss=0.000000
validation : 4.163594348938204e-07, MUTAG 7.250949693116127e-08, Muedim test 2.1187969196034828e-07
An error occurred: a Tensor with 8 elements cannot be converted to Scalar
An error occurred: a Tensor with 8 elements cannot be converted to Scalar
An error occurred: a Tensor with 8 elements cannot be converted to Scalar
An error occurred: a Tensor with 8 elements cannot be converted to Scalar
An error occurred: a Tensor with 8 elements cannot be converted to Scalar
An error occurred: a Tensor with 8 elements cannot be converted to Scalar
An error occurred: a Tensor with 8 elements cannot be converted to Scalar
An error occurred: a Tensor with 8 elements cannot be converted to Scalar
An error occurred: a Tensor with 8 elements cannot be converted to Scalar
An error occurred: a Tensor with 8 elements cannot be converted to Scalar
An error occurred: a Tensor with 8 elements cannot be converted to Scalar
An error occurred: a Tensor with 8 elements cannot be converted to Scalar
An error occurred: a Tensor with 8 elements cannot be converted to Scalar
An error occurred: a Tensor with 8 elements cannot be converted to Scalar
An error occurred: a Tensor with 8 elements cannot be converted to Scalar
An error occurred: a Tensor with 8 elements cannot be converted to Scalar
An error occurred: a Tensor with 8 elements cannot be converted to Scalar
An error occurred: a Tensor with 8 elements cannot be converted to Scalar
An error occurred: a Tensor with 8 elements cannot be converted to Scalar
An error occurred: a Tensor with 8 elements cannot be converted to Scalar
An error occurred: a Tensor with 8 elements cannot be converted to Scalar
Done loading data from cached files.
An error occurred: a Tensor with 8 elements cannot be converted to Scalar
Done loading data from cached files.
An error occurred: a Tensor with 8 elements cannot be converted to Scalar
loss of real network :  1.3786422268525633e-07
Epoch 10: loss=0.000001
Epoch 20: loss=0.000000
Epoch 30: loss=0.000000
Epoch 40: loss=0.000000
Epoch 50: loss=0.000000
Epoch 60: loss=0.000000
Epoch 70: loss=0.000000
Epoch 80: loss=0.000000
Epoch 90: loss=0.000000
Epoch 100: loss=0.000000
validation : 4.83280346088577e-07, MUTAG 8.172375373760587e-08, Muedim test 2.1630846276821104e-07
An error occurred: a Tensor with 8 elements cannot be converted to Scalar
An error occurred: a Tensor with 8 elements cannot be converted to Scalar
An error occurred: a Tensor with 8 elements cannot be converted to Scalar
An error occurred: a Tensor with 8 elements cannot be converted to Scalar
An error occurred: a Tensor with 8 elements cannot be converted to Scalar
An error occurred: a Tensor with 8 elements cannot be converted to Scalar
An error occurred: a Tensor with 8 elements cannot be converted to Scalar
An error occurred: a Tensor with 8 elements cannot be converted to Scalar
An error occurred: a Tensor with 8 elements cannot be converted to Scalar
An error occurred: a Tensor with 8 elements cannot be converted to Scalar
An error occurred: a Tensor with 8 elements cannot be converted to Scalar
An error occurred: a Tensor with 8 elements cannot be converted to Scalar
An error occurred: a Tensor with 8 elements cannot be converted to Scalar
An error occurred: a Tensor with 8 elements cannot be converted to Scalar
An error occurred: a Tensor with 8 elements cannot be converted to Scalar
An error occurred: a Tensor with 8 elements cannot be converted to Scalar
An error occurred: a Tensor with 8 elements cannot be converted to Scalar
An error occurred: a Tensor with 8 elements cannot be converted to Scalar
An error occurred: a Tensor with 8 elements cannot be converted to Scalar
An error occurred: a Tensor with 8 elements cannot be converted to Scalar
An error occurred: a Tensor with 8 elements cannot be converted to Scalar
Done loading data from cached files.
An error occurred: a Tensor with 8 elements cannot be converted to Scalar
Done loading data from cached files.
An error occurred: a Tensor with 8 elements cannot be converted to Scalar
loss of real network :  4.547334242488432e-08
5.804856280317633e-07      5.718575594073628e-07      1.0092194338540138e-07      3.084026402575546e-07      2.1169883132682554e-07
