
field : Social networks

loss : 5212.7056 
[[tensor([5212.7056], device='cuda:0'), 0    43.691013
Name: density, dtype: float64]]

loss : 7535.2720 
[[tensor([7535.2720], device='cuda:0'), 1    28.323823
Name: density, dtype: float64]]


field : Networks with ground-truth communities

loss : 769.9376 
[[tensor([769.9376], device='cuda:0'), None]]


field : Internet peer-to-peer networks

loss : 5320.6650 
[[tensor([5320.6650], device='cuda:0'), 2    7.354542
Name: density, dtype: float64]]

loss : 2486.9170 
[[tensor([2486.9170], device='cuda:0'), 3    6.594826
Name: density, dtype: float64]]


field : Collaboration networks

loss : 500.4831 
[[tensor([500.4831], device='cuda:0'), None]]

loss : 261.3594 
[[tensor([261.3594], device='cuda:0'), 4    1.849097
Name: density, dtype: float64]]
loss : 1168.6335 
[[tensor([1168.6335], device='cuda:0'), None]]
loss : 1060.4978 
[[tensor([1060.4978], device='cuda:0'), 5    3.240637
Name: density, dtype: float64]]
loss : 281.3045 
[[tensor([281.3045], device='cuda:0'), 6    3.451227
Name: density, dtype: float64]]
loss : 3683.4761 
[[tensor([3683.4761], device='cuda:0'), None]]
loss : 10.9342 
[[tensor([10.9342], device='cuda:0'), None]]
loss : 6.7099 
[[tensor([6.7099], device='cuda:0'), None]]
loss : 73.6786 
[[tensor([73.6786], device='cuda:0'), 7    7.589286
Name: density, dtype: float64]]
loss : 29.6245 
[[tensor([29.6245], device='cuda:0'), 8    10.66087
Name: density, dtype: float64]]
loss : 17.3496 
[[tensor([17.3496], device='cuda:0'), None]]
loss : 42.3460 
[[tensor([42.3460], device='cuda:0'), None]]
loss : 797.4991 
[[tensor([797.4991], device='cuda:0'), 9    3.767731
Name: density, dtype: float64]]
loss : 627.7594 
[[tensor([627.7594], device='cuda:0'), None]]
loss : 91.4150 
[[tensor([91.4150], device='cuda:0'), 10    35.076923
Name: density, dtype: float64]]
loss : 66.7322 
[[tensor([66.7322], device='cuda:0'), None]]
Done loading data from cached files.
loss : 1062.9098 
[[tensor([1062.9098], device='cuda:0'), 11    2.770106
Name: density, dtype: float64]]
Done loading data from cached files.
loss : 654.8431 
[[tensor([654.8431], device='cuda:0'), None]]

field : Social networks

loss : 91.5494 
[[tensor([91.5494], device='cuda:0'), 0    0.519174
Name: transitivity, dtype: float64]]

loss : -33.2036 
[[tensor([-33.2036], device='cuda:0'), 1    0.125479
Name: transitivity, dtype: float64]]


field : Networks with ground-truth communities

loss : 16.9228 
[[tensor([16.9228], device='cuda:0'), None]]


field : Internet peer-to-peer networks

loss : -141.6978 
[[tensor([-141.6978], device='cuda:0'), 2    0.005402
Name: transitivity, dtype: float64]]

loss : -120.0005 
[[tensor([-120.0005], device='cuda:0'), 3    0.02066
Name: transitivity, dtype: float64]]


field : Collaboration networks

loss : -117.7071 
[[tensor([-117.7071], device='cuda:0'), None]]

loss : 0.7789 
[[tensor([0.7789], device='cuda:0'), 4    0.003623
Name: transitivity, dtype: float64]]
loss : -68.1901 
[[tensor([-68.1901], device='cuda:0'), None]]
loss : -139.5182 
[[tensor([-139.5182], device='cuda:0'), 5    0.24043
Name: transitivity, dtype: float64]]
loss : -22.4033 
[[tensor([-22.4033], device='cuda:0'), 6    0.693441
Name: transitivity, dtype: float64]]
loss : 1058.1411 
[[tensor([1058.1411], device='cuda:0'), None]]
loss : 0.2992 
[[tensor([0.2992], device='cuda:0'), None]]
loss : -1.1469 
[[tensor([-1.1469], device='cuda:0'), None]]
loss : -1.3566 
[[tensor([-1.3566], device='cuda:0'), 7    0.156935
Name: transitivity, dtype: float64]]
loss : -4.7294 
[[tensor([-4.7294], device='cuda:0'), 8    0.40724
Name: transitivity, dtype: float64]]
loss : -1.7355 
[[tensor([-1.7355], device='cuda:0'), None]]
loss : -1.8317 
[[tensor([-1.8317], device='cuda:0'), None]]
loss : -231.2903 
[[tensor([-231.2903], device='cuda:0'), 9    0.329576
Name: transitivity, dtype: float64]]
loss : -43.3121 
[[tensor([-43.3121], device='cuda:0'), None]]
loss : 6.8559 
[[tensor([6.8559], device='cuda:0'), 10    0.315569
Name: transitivity, dtype: float64]]
loss : 4.5290 
[[tensor([4.5290], device='cuda:0'), None]]
Done loading data from cached files.
loss : -35.4273 
[[tensor([-35.4273], device='cuda:0'), 11    0.0
Name: transitivity, dtype: float64]]
Done loading data from cached files.
loss : -37.5019 
[[tensor([-37.5019], device='cuda:0'), None]]

field : Social networks

loss : -205.0517 
[[tensor([-205.0517], device='cuda:0'), 0    3.402576
Name: kurtosis, dtype: float64]]

loss : -634.1780 
[[tensor([-634.1780], device='cuda:0'), 1    228.318661
Name: kurtosis, dtype: float64]]


field : Networks with ground-truth communities

loss : -270.7429 
[[tensor([-270.7429], device='cuda:0'), None]]


field : Internet peer-to-peer networks

loss : -1019.7176 
[[tensor([-1019.7176], device='cuda:0'), 2    17.980164
Name: kurtosis, dtype: float64]]

loss : -644.6412 
[[tensor([-644.6412], device='cuda:0'), 3    27.740555
Name: kurtosis, dtype: float64]]


field : Collaboration networks

loss : -2119.0034 
[[tensor([-2119.0034], device='cuda:0'), None]]

loss : -273.0064 
[[tensor([-273.0064], device='cuda:0'), 4    13.984305
Name: kurtosis, dtype: float64]]
loss : -926.1399 
[[tensor([-926.1399], device='cuda:0'), None]]
loss : -2472.7046 
[[tensor([-2472.7046], device='cuda:0'), 5    16.879221
Name: kurtosis, dtype: float64]]
loss : -219.8066 
[[tensor([-219.8066], device='cuda:0'), 6    1.428629
Name: kurtosis, dtype: float64]]
loss : -2260.9229 
[[tensor([-2260.9229], device='cuda:0'), None]]
loss : -2.1825 
[[tensor([-2.1825], device='cuda:0'), None]]
loss : -24.3094 
[[tensor([-24.3094], device='cuda:0'), None]]
loss : -40.6522 
[[tensor([-40.6522], device='cuda:0'), 7   -1.2931
Name: kurtosis, dtype: float64]]
loss : -26.6025 
[[tensor([-26.6025], device='cuda:0'), 8    0.115008
Name: kurtosis, dtype: float64]]
loss : -13.6012 
[[tensor([-13.6012], device='cuda:0'), None]]
loss : -27.9225 
[[tensor([-27.9225], device='cuda:0'), None]]
loss : -3046.1348 
[[tensor([-3046.1348], device='cuda:0'), 9    6.039269
Name: kurtosis, dtype: float64]]
loss : -963.0077 
[[tensor([-963.0077], device='cuda:0'), None]]
loss : -10.4721 
[[tensor([-10.4721], device='cuda:0'), 10   -0.845169
Name: kurtosis, dtype: float64]]
loss : -4.6206 
[[tensor([-4.6206], device='cuda:0'), None]]
Done loading data from cached files.
loss : -101.3925 
[[tensor([-101.3925], device='cuda:0'), 11   -0.435806
Name: kurtosis, dtype: float64]]
Done loading data from cached files.
loss : -85.2981 
[[tensor([-85.2981], device='cuda:0'), None]]

field : Social networks

loss : 155.6155 
[[tensor([155.6155], device='cuda:0'), 0    0.641696
Name: average_path, dtype: float64]]

loss : 209.4826 
[[tensor([209.4826], device='cuda:0'), 1   -0.02671
Name: average_path, dtype: float64]]


field : Networks with ground-truth communities

loss : 34.2169 
[[tensor([34.2169], device='cuda:0'), None]]


field : Internet peer-to-peer networks

loss : 43.1050 
[[tensor([43.1050], device='cuda:0'), 2    2.440984
Name: average_path, dtype: float64]]

loss : 213.2851 
[[tensor([213.2851], device='cuda:0'), 3    1.939025
Name: average_path, dtype: float64]]


field : Collaboration networks

loss : 1013.7792 
[[tensor([1013.7792], device='cuda:0'), None]]

loss : 619.9650 
[[tensor([619.9650], device='cuda:0'), 4    2.795812
Name: average_path, dtype: float64]]
loss : 750.0283 
[[tensor([750.0283], device='cuda:0'), None]]
loss : 1498.2909 
[[tensor([1498.2909], device='cuda:0'), 5    0.535896
Name: average_path, dtype: float64]]
loss : 301.5327 
[[tensor([301.5327], device='cuda:0'), 6   -0.588242
Name: average_path, dtype: float64]]
loss : 2362.8635 
[[tensor([2362.8635], device='cuda:0'), None]]
loss : 5.0747 
[[tensor([5.0747], device='cuda:0'), None]]
loss : 8.4481 
[[tensor([8.4481], device='cuda:0'), None]]
loss : 14.6231 
[[tensor([14.6231], device='cuda:0'), 7    2.535553
Name: average_path, dtype: float64]]
loss : 4.2784 
[[tensor([4.2784], device='cuda:0'), 8    2.508162
Name: average_path, dtype: float64]]
loss : 8.0825 
[[tensor([8.0825], device='cuda:0'), None]]
loss : 18.8246 
[[tensor([18.8246], device='cuda:0'), None]]
loss : 1745.2902 
[[tensor([1745.2902], device='cuda:0'), 9    2.909184
Name: average_path, dtype: float64]]
loss : 1146.9136 
[[tensor([1146.9136], device='cuda:0'), None]]
loss : 8.4629 
[[tensor([8.4629], device='cuda:0'), 10    1.697613
Name: average_path, dtype: float64]]
loss : 5.6994 
[[tensor([5.6994], device='cuda:0'), None]]
Done loading data from cached files.
loss : 33.2649 
[[tensor([33.2649], device='cuda:0'), 11   -0.964333
Name: average_path, dtype: float64]]
Done loading data from cached files.
loss : 20.2705 
[[tensor([20.2705], device='cuda:0'), None]]
