Epoch 10: loss=2.149941
Epoch 20: loss=2.143587
Epoch 30: loss=2.088833
Epoch 40: loss=2.063063
Epoch 50: loss=2.055332
Epoch 60: loss=2.052242
Epoch 70: loss=2.050790
Epoch 80: loss=2.050045
Epoch 90: loss=2.049651
Epoch 100: loss=2.049438
validation : 2.13143310546875, MUTAG 3.647410125732422, Muedim test 2.619110107421875
logits: tensor([[0.9436]], device='cuda:0'),     label:  17.460550907254955
logits: tensor([[0.5506]], device='cuda:0'),     label:  10.188340447640972
logits: tensor([[1.1381]], device='cuda:0'),     label:  21.0588256883384
logits: tensor([[-0.0382]], device='cuda:0'),     label:  -0.7076843506538415
logits: tensor([[-0.0588]], device='cuda:0'),     label:  -1.0875422971586524
logits: tensor([[0.0618]], device='cuda:0'),     label:  1.1434688593585358
logits: tensor([[-0.1370]], device='cuda:0'),     label:  -2.535858700556659
logits: tensor([[0.0795]], device='cuda:0'),     label:  1.4718849157085359
logits: tensor([[-0.0618]], device='cuda:0'),     label:  -1.1443180645030058
logits: tensor([[-0.0505]], device='cuda:0'),     label:  -0.933728219278958
logits: tensor([[-0.0521]], device='cuda:0'),     label:  -0.963560863096717
logits: tensor([[0.0110]], device='cuda:0'),     label:  0.2032798879286819
logits: tensor([[0.1196]], device='cuda:0'),     label:  2.2124471912136325
logits: tensor([[0.1732]], device='cuda:0'),     label:  3.2043303080967505
logits: tensor([[0.3392]], device='cuda:0'),     label:  6.275914159028426
logits: tensor([[0.0402]], device='cuda:0'),     label:  0.7440768518755512
logits: tensor([[0.2170]], device='cuda:0'),     label:  4.0150445938110355
logits: tensor([[-0.0334]], device='cuda:0'),     label:  -0.6172242735493283
logits: tensor([[-0.0927]], device='cuda:0'),     label:  -1.715860081355935
logits: tensor([[1.6587]], device='cuda:0'),     label:  30.691967670734115
logits: tensor([[2.2069]], device='cuda:0'),     label:  40.83726681603326
Done loading data from cached files.
logits: tensor([[-0.1621]], device='cuda:0'),     label:  -2.9999026035894523
Done loading data from cached files.
logits: tensor([[-0.1770]], device='cuda:0'),     label:  -3.275885371745796
loss of real network :  138.9270031220109
eps that is learned :  Parameter containing:
tensor([-5.3850], device='cuda:0', requires_grad=True)
Epoch 10: loss=4.590921
Epoch 20: loss=3.560010
Epoch 30: loss=3.086052
Epoch 40: loss=2.864166
Epoch 50: loss=2.753016
Epoch 60: loss=2.694803
Epoch 70: loss=2.663481
Epoch 80: loss=2.646383
Epoch 90: loss=2.636985
Epoch 100: loss=2.631810
validation : 2.4721665954589844, MUTAG 0.36991176605224607, Muedim test 3.5942034912109375
logits: tensor([[1.3375]], device='cuda:0'),     label:  18.971568468213817
logits: tensor([[0.8248]], device='cuda:0'),     label:  11.699358008599834
logits: tensor([[1.5912]], device='cuda:0'),     label:  22.56984324929726
logits: tensor([[0.0566]], device='cuda:0'),     label:  0.8033332103050208
logits: tensor([[0.0299]], device='cuda:0'),     label:  0.42347526380020994
logits: tensor([[0.1872]], device='cuda:0'),     label:  2.654486420317398
logits: tensor([[-0.0723]], device='cuda:0'),     label:  -1.0248411395977968
logits: tensor([[0.2103]], device='cuda:0'),     label:  2.982902476667398
logits: tensor([[0.0259]], device='cuda:0'),     label:  0.36669949645585653
logits: tensor([[0.0407]], device='cuda:0'),     label:  0.5772893416799043
logits: tensor([[0.0386]], device='cuda:0'),     label:  0.5474566978621453
logits: tensor([[0.1209]], device='cuda:0'),     label:  1.7142974488875442
logits: tensor([[0.2625]], device='cuda:0'),     label:  3.723464752172495
logits: tensor([[0.3324]], device='cuda:0'),     label:  4.715347869055613
logits: tensor([[0.5490]], device='cuda:0'),     label:  7.7869317199872885
logits: tensor([[0.1590]], device='cuda:0'),     label:  2.2550944128344135
logits: tensor([[0.3896]], device='cuda:0'),     label:  5.526062154769898
logits: tensor([[0.0630]], device='cuda:0'),     label:  0.893793287409534
logits: tensor([[-0.0144]], device='cuda:0'),     label:  -0.20484252039707274
logits: tensor([[2.2704]], device='cuda:0'),     label:  32.20298523169298
logits: tensor([[2.9857]], device='cuda:0'),     label:  42.34828437699212
Done loading data from cached files.
logits: tensor([[-0.1050]], device='cuda:0'),     label:  -1.48888504263059
Done loading data from cached files.
logits: tensor([[-0.1244]], device='cuda:0'),     label:  -1.7648678107869338
loss of real network :  150.12931031177047
eps that is learned :  Parameter containing:
tensor([-3.8739], device='cuda:0', requires_grad=True)
Epoch 10: loss=2.121252
Epoch 20: loss=2.168846
Epoch 30: loss=2.107490
Epoch 40: loss=2.076316
Epoch 50: loss=2.067456
Epoch 60: loss=2.064022
Epoch 70: loss=2.062432
Epoch 80: loss=2.061627
Epoch 90: loss=2.061204
Epoch 100: loss=2.060975
validation : 2.0117373657226563, MUTAG 3.7605996704101563, Muedim test 2.608713302612305
logits: tensor([[0.9346]], device='cuda:0'),     label:  17.42814266979768
logits: tensor([[0.5447]], device='cuda:0'),     label:  10.155932210183696
logits: tensor([[1.1276]], device='cuda:0'),     label:  21.026417450881123
logits: tensor([[-0.0397]], device='cuda:0'),     label:  -0.7400925881111169
logits: tensor([[-0.0601]], device='cuda:0'),     label:  -1.1199505346159278
logits: tensor([[0.0596]], device='cuda:0'),     label:  1.1110606219012604
logits: tensor([[-0.1377]], device='cuda:0'),     label:  -2.5682669380139345
logits: tensor([[0.0772]], device='cuda:0'),     label:  1.4394766782512605
logits: tensor([[-0.0631]], device='cuda:0'),     label:  -1.1767263019602812
logits: tensor([[-0.0518]], device='cuda:0'),     label:  -0.9661364567362334
logits: tensor([[-0.0534]], device='cuda:0'),     label:  -0.9959691005539923
logits: tensor([[0.0092]], device='cuda:0'),     label:  0.1708716504714065
logits: tensor([[0.1169]], device='cuda:0'),     label:  2.180038953756357
logits: tensor([[0.1701]], device='cuda:0'),     label:  3.171922070639475
logits: tensor([[0.3348]], device='cuda:0'),     label:  6.243505921571151
logits: tensor([[0.0382]], device='cuda:0'),     label:  0.7116686144182758
logits: tensor([[0.2136]], device='cuda:0'),     label:  3.98263635635376
logits: tensor([[-0.0348]], device='cuda:0'),     label:  -0.6496325110066037
logits: tensor([[-0.0938]], device='cuda:0'),     label:  -1.7482683188132104
logits: tensor([[1.6442]], device='cuda:0'),     label:  30.65955943327684
logits: tensor([[2.1882]], device='cuda:0'),     label:  40.80485857857598
Done loading data from cached files.
logits: tensor([[-0.1626]], device='cuda:0'),     label:  -3.0323108410467277
Done loading data from cached files.
logits: tensor([[-0.1774]], device='cuda:0'),     label:  -3.3082936092030715
loss of real network :  138.73833741077087
eps that is learned :  Parameter containing:
tensor([-5.4174], device='cuda:0', requires_grad=True)
Epoch 10: loss=5.819334
Epoch 20: loss=5.674611
Epoch 30: loss=5.576077
Epoch 40: loss=5.515808
Epoch 50: loss=5.480261
Epoch 60: loss=5.459699
Epoch 70: loss=5.447962
Epoch 80: loss=5.441314
Epoch 90: loss=5.437579
Epoch 100: loss=5.435486
validation : 5.293651733398438, MUTAG 2.692060317993164, Muedim test 7.201710739135742
logits: tensor([[2.0014]], device='cuda:0'),     label:  21.83574056923463
logits: tensor([[1.3348]], device='cuda:0'),     label:  14.563530109620647
logits: tensor([[2.3312]], device='cuda:0'),     label:  25.434015350318074
logits: tensor([[0.3362]], device='cuda:0'),     label:  3.667505311325834
logits: tensor([[0.3013]], device='cuda:0'),     label:  3.287647364821023
logits: tensor([[0.5058]], device='cuda:0'),     label:  5.518658521338211
logits: tensor([[0.1686]], device='cuda:0'),     label:  1.8393309614230162
logits: tensor([[0.5359]], device='cuda:0'),     label:  5.847074577688211
logits: tensor([[0.2961]], device='cuda:0'),     label:  3.2308715974766695
logits: tensor([[0.3154]], device='cuda:0'),     label:  3.4414614427007173
logits: tensor([[0.3127]], device='cuda:0'),     label:  3.4116287988829583
logits: tensor([[0.4196]], device='cuda:0'),     label:  4.578469549908357
logits: tensor([[0.6038]], device='cuda:0'),     label:  6.587636853193308
logits: tensor([[0.6947]], device='cuda:0'),     label:  7.579519970076426
logits: tensor([[0.9762]], device='cuda:0'),     label:  10.651103821008101
logits: tensor([[0.4692]], device='cuda:0'),     label:  5.1192665138552265
logits: tensor([[0.7690]], device='cuda:0'),     label:  8.39023425579071
logits: tensor([[0.3444]], device='cuda:0'),     label:  3.757965388430347
logits: tensor([[0.2437]], device='cuda:0'),     label:  2.6593295806237403
logits: tensor([[3.2141]], device='cuda:0'),     label:  35.06715733271379
logits: tensor([[4.1440]], device='cuda:0'),     label:  45.21245647801293
Done loading data from cached files.
logits: tensor([[0.1261]], device='cuda:0'),     label:  1.375287058390223
Done loading data from cached files.
logits: tensor([[0.1008]], device='cuda:0'),     label:  1.0993042902338792
loss of real network :  182.6683516095034
eps that is learned :  Parameter containing:
tensor([-1.0098], device='cuda:0', requires_grad=True)
Epoch 10: loss=2.090940
Epoch 20: loss=2.079916
Epoch 30: loss=2.085504
Epoch 40: loss=2.075311
Epoch 50: loss=2.071902
Epoch 60: loss=2.070604
Epoch 70: loss=2.069993
Epoch 80: loss=2.069678
Epoch 90: loss=2.069510
Epoch 100: loss=2.069419
validation : 1.9394828033447267, MUTAG 3.7766372680664064, Muedim test 2.5834433364868166
logits: tensor([[0.9216]], device='cuda:0'),     label:  17.42695105373933
logits: tensor([[0.5370]], device='cuda:0'),     label:  10.154740594125347
logits: tensor([[1.1118]], device='cuda:0'),     label:  21.025225834822773
logits: tensor([[-0.0392]], device='cuda:0'),     label:  -0.7412842041694665
logits: tensor([[-0.0593]], device='cuda:0'),     label:  -1.1211421506742774
logits: tensor([[0.0587]], device='cuda:0'),     label:  1.1098690058429108
logits: tensor([[-0.1359]], device='cuda:0'),     label:  -2.569458554072284
logits: tensor([[0.0761]], device='cuda:0'),     label:  1.4382850621929109
logits: tensor([[-0.0623]], device='cuda:0'),     label:  -1.1779179180186308
logits: tensor([[-0.0512]], device='cuda:0'),     label:  -0.967328072794583
logits: tensor([[-0.0527]], device='cuda:0'),     label:  -0.997160716612342
logits: tensor([[0.0090]], device='cuda:0'),     label:  0.1696800344130569
logits: tensor([[0.1152]], device='cuda:0'),     label:  2.1788473376980075
logits: tensor([[0.1677]], device='cuda:0'),     label:  3.1707304545811255
logits: tensor([[0.3301]], device='cuda:0'),     label:  6.242314305512801
logits: tensor([[0.0376]], device='cuda:0'),     label:  0.7104769983599262
logits: tensor([[0.2105]], device='cuda:0'),     label:  3.9814447402954105
logits: tensor([[-0.0344]], device='cuda:0'),     label:  -0.6508241270649533
logits: tensor([[-0.0925]], device='cuda:0'),     label:  -1.74945993487156
logits: tensor([[1.6213]], device='cuda:0'),     label:  30.65836781721849
logits: tensor([[2.1578]], device='cuda:0'),     label:  40.80366696251763
Done loading data from cached files.
logits: tensor([[-0.1604]], device='cuda:0'),     label:  -3.0335024571050773
Done loading data from cached files.
logits: tensor([[-0.1750]], device='cuda:0'),     label:  -3.309485225261421
loss of real network :  138.94534855054772
eps that is learned :  Parameter containing:
tensor([-5.4186], device='cuda:0', requires_grad=True)
2.849425686306424      2.769694320678711      2.849323829650879      3.721436195373535      149.88167020092067
