Epoch 10: loss=0.0110
Epoch 20: loss=0.0009
Epoch 30: loss=0.0014
Epoch 40: loss=0.0009
Epoch 50: loss=0.0008
Epoch 60: loss=0.0008
Epoch 70: loss=0.0008
Epoch 80: loss=0.0008
Epoch 90: loss=0.0008
Epoch 100: loss=0.0008
small_test : 0.0003156387433409691, medium_test 1.5268014612197875
Weight shape for ginlayers.0.apply_func.linears.weight: torch.Size([1, 1])
Weights for ginlayers.0.apply_func.linears.weight: Parameter containing:
tensor([[0.7121]], device='cuda:0', requires_grad=True)
Epoch 10: loss=0.0147
Epoch 20: loss=0.0014
Epoch 30: loss=0.0011
Epoch 40: loss=0.0010
Epoch 50: loss=0.0010
Epoch 60: loss=0.0010
Epoch 70: loss=0.0010
Epoch 80: loss=0.0010
Epoch 90: loss=0.0010
Epoch 100: loss=0.0010
small_test : 0.00022594854235649108, medium_test 1.8581383399963378
Weight shape for ginlayers.0.apply_func.linears.weight: torch.Size([1, 1])
Weights for ginlayers.0.apply_func.linears.weight: Parameter containing:
tensor([[0.6825]], device='cuda:0', requires_grad=True)
Epoch 10: loss=0.1190
Epoch 20: loss=0.0121
Epoch 30: loss=0.0022
Epoch 40: loss=0.0012
Epoch 50: loss=0.0011
Epoch 60: loss=0.0011
Epoch 70: loss=0.0011
Epoch 80: loss=0.0011
Epoch 90: loss=0.0011
Epoch 100: loss=0.0011
small_test : 0.00020632382482290267, medium_test 2.0298159255981445
Weight shape for ginlayers.0.apply_func.linears.weight: torch.Size([1, 1])
Weights for ginlayers.0.apply_func.linears.weight: Parameter containing:
tensor([[0.6682]], device='cuda:0', requires_grad=True)
Epoch 10: loss=1.0528
Epoch 20: loss=0.0209
Epoch 30: loss=0.0007
Epoch 40: loss=0.0009
Epoch 50: loss=0.0006
Epoch 60: loss=0.0004
Epoch 70: loss=0.0003
Epoch 80: loss=0.0003
Epoch 90: loss=0.0003
Epoch 100: loss=0.0003
small_test : 5.8190217241644856e-05, medium_test 0.007553389720618725
Weight shape for ginlayers.0.apply_func.linears.weight: torch.Size([1, 1])
Weights for ginlayers.0.apply_func.linears.weight: Parameter containing:
tensor([[1.0164]], device='cuda:0', requires_grad=True)
Epoch 10: loss=0.0714
Epoch 20: loss=0.0226
Epoch 30: loss=0.0030
Epoch 40: loss=0.0012
Epoch 50: loss=0.0012
Epoch 60: loss=0.0011
Epoch 70: loss=0.0011
Epoch 80: loss=0.0011
Epoch 90: loss=0.0011
Epoch 100: loss=0.0011
small_test : 0.0002174683101475239, medium_test 2.0471592960357667
Weight shape for ginlayers.0.apply_func.linears.weight: torch.Size([1, 1])
Weights for ginlayers.0.apply_func.linears.weight: Parameter containing:
tensor([[0.6665]], device='cuda:0', requires_grad=True)
Epoch 10: loss=0.0066
Epoch 20: loss=0.0011
Epoch 30: loss=0.0010
Epoch 40: loss=0.0009
Epoch 50: loss=0.0009
Epoch 60: loss=0.0009
Epoch 70: loss=0.0009
Epoch 80: loss=0.0009
Epoch 90: loss=0.0009
Epoch 100: loss=0.0009
small_test : 0.0002426721714437008, medium_test 1.7050502872467042
Weight shape for ginlayers.0.apply_func.linears.weight: torch.Size([1, 1])
Weights for ginlayers.0.apply_func.linears.weight: Parameter containing:
tensor([[0.6958]], device='cuda:0', requires_grad=True)
Epoch 10: loss=0.0876
Epoch 20: loss=0.0239
Epoch 30: loss=0.0033
Epoch 40: loss=0.0011
Epoch 50: loss=0.0011
Epoch 60: loss=0.0011
Epoch 70: loss=0.0011
Epoch 80: loss=0.0011
Epoch 90: loss=0.0011
Epoch 100: loss=0.0011
small_test : 0.0003167982399463654, medium_test 2.0432423076629638
Weight shape for ginlayers.0.apply_func.linears.weight: torch.Size([1, 1])
Weights for ginlayers.0.apply_func.linears.weight: Parameter containing:
tensor([[0.6668]], device='cuda:0', requires_grad=True)
Epoch 10: loss=0.0337
Epoch 20: loss=0.0145
Epoch 30: loss=0.0017
Epoch 40: loss=0.0014
Epoch 50: loss=0.0011
Epoch 60: loss=0.0011
Epoch 70: loss=0.0011
Epoch 80: loss=0.0011
Epoch 90: loss=0.0011
Epoch 100: loss=0.0011
small_test : 0.00023067977279424666, medium_test 2.033767129898071
Weight shape for ginlayers.0.apply_func.linears.weight: torch.Size([1, 1])
Weights for ginlayers.0.apply_func.linears.weight: Parameter containing:
tensor([[0.6674]], device='cuda:0', requires_grad=True)
Epoch 10: loss=0.1142
Epoch 20: loss=0.0195
Epoch 30: loss=0.0032
Epoch 40: loss=0.0011
Epoch 50: loss=0.0011
Epoch 60: loss=0.0011
Epoch 70: loss=0.0011
Epoch 80: loss=0.0011
Epoch 90: loss=0.0011
Epoch 100: loss=0.0011
small_test : 0.0003121186420321465, medium_test 2.0361811809539794
Weight shape for ginlayers.0.apply_func.linears.weight: torch.Size([1, 1])
Weights for ginlayers.0.apply_func.linears.weight: Parameter containing:
tensor([[0.6675]], device='cuda:0', requires_grad=True)
Epoch 10: loss=0.0741
Epoch 20: loss=0.0014
Epoch 30: loss=0.0014
Epoch 40: loss=0.0012
Epoch 50: loss=0.0012
Epoch 60: loss=0.0011
Epoch 70: loss=0.0011
Epoch 80: loss=0.0011
Epoch 90: loss=0.0011
Epoch 100: loss=0.0011
small_test : 0.00015599355101585387, medium_test 1.994163064956665
Weight shape for ginlayers.0.apply_func.linears.weight: torch.Size([1, 1])
Weights for ginlayers.0.apply_func.linears.weight: Parameter containing:
tensor([[0.6711]], device='cuda:0', requires_grad=True)
