Epoch 10: loss=0.000001
Epoch 20: loss=0.000000
Epoch 30: loss=0.000000
Epoch 40: loss=0.000000
Epoch 50: loss=0.000000
Epoch 60: loss=0.000000
Epoch 70: loss=0.000000
Epoch 80: loss=0.000000
Epoch 90: loss=0.000000
Epoch 100: loss=0.000000
validation : 4.3423977331258356e-07, MUTAG 7.468514013453386e-08, Muedim test 4.649107904697303e-07
Done loading data from cached files.
Done loading data from cached files.
loss of real network :  1.636605856981038e-06
Epoch 10: loss=0.000000
Epoch 20: loss=0.000000
Epoch 30: loss=0.000000
Epoch 40: loss=0.000000
Epoch 50: loss=0.000000
Epoch 60: loss=0.000000
Epoch 70: loss=0.000000
Epoch 80: loss=0.000000
Epoch 90: loss=0.000000
Epoch 100: loss=0.000000
validation : 3.934924279747065e-07, MUTAG 7.413854746118887e-08, Muedim test 4.615737998392433e-07
Done loading data from cached files.
Done loading data from cached files.
loss of real network :  1.6332730000533997e-06
Epoch 10: loss=0.000000
Epoch 20: loss=0.000000
Epoch 30: loss=0.000000
Epoch 40: loss=0.000000
Epoch 50: loss=0.000000
Epoch 60: loss=0.000000
Epoch 70: loss=0.000000
Epoch 80: loss=0.000000
Epoch 90: loss=0.000000
Epoch 100: loss=0.000000
validation : 4.1300858356407843e-07, MUTAG 7.45517513678351e-08, Muedim test 4.64879894934711e-07
Done loading data from cached files.
Done loading data from cached files.
loss of real network :  1.6365096902735905e-06
Epoch 10: loss=0.000005
Epoch 20: loss=0.000000
Epoch 30: loss=0.000000
Epoch 40: loss=0.000000
Epoch 50: loss=0.000000
Epoch 60: loss=0.000000
Epoch 70: loss=0.000000
Epoch 80: loss=0.000000
Epoch 90: loss=0.000000
Epoch 100: loss=0.000000
validation : 4.22192933910992e-07, MUTAG 7.45517513678351e-08, Muedim test 4.64879894934711e-07
Done loading data from cached files.
Done loading data from cached files.
loss of real network :  1.6365096902735905e-06
Epoch 10: loss=0.000001
Epoch 20: loss=0.000000
Epoch 30: loss=0.000000
Epoch 40: loss=0.000000
Epoch 50: loss=0.000000
Epoch 60: loss=0.000000
Epoch 70: loss=0.000000
Epoch 80: loss=0.000000
Epoch 90: loss=0.000000
Epoch 100: loss=0.000000
validation : 4.058249214722309e-07, MUTAG 7.413854746118887e-08, Muedim test 4.615737998392433e-07
Done loading data from cached files.
Done loading data from cached files.
loss of real network :  1.6332730000533997e-06
Epoch 10: loss=0.000000
Epoch 20: loss=0.000000
Epoch 30: loss=0.000000
Epoch 40: loss=0.000000
Epoch 50: loss=0.000000
Epoch 60: loss=0.000000
Epoch 70: loss=0.000000
Epoch 80: loss=0.000000
Epoch 90: loss=0.000000
Epoch 100: loss=0.000000
validation : 3.9196829675347545e-07, MUTAG 7.380940587609075e-08, Muedim test 4.6095224206510463e-07
Done loading data from cached files.
Done loading data from cached files.
loss of real network :  1.6228685413095618e-06
Epoch 10: loss=0.000001
Epoch 20: loss=0.000000
Epoch 30: loss=0.000000
Epoch 40: loss=0.000000
Epoch 50: loss=0.000000
Epoch 60: loss=0.000000
Epoch 70: loss=0.000000
Epoch 80: loss=0.000000
Epoch 90: loss=0.000000
Epoch 100: loss=0.000000
validation : 4.2455681978026403e-07, MUTAG 7.45517513678351e-08, Muedim test 4.64879894934711e-07
Done loading data from cached files.
Done loading data from cached files.
loss of real network :  1.6365096902735905e-06
Epoch 10: loss=0.000001
Epoch 20: loss=0.000000
Epoch 30: loss=0.000000
Epoch 40: loss=0.000000
Epoch 50: loss=0.000000
Epoch 60: loss=0.000000
Epoch 70: loss=0.000000
Epoch 80: loss=0.000000
Epoch 90: loss=0.000000
Epoch 100: loss=0.000000
validation : 4.1799452446866783e-07, MUTAG 7.45517513678351e-08, Muedim test 4.64879894934711e-07
Done loading data from cached files.
Done loading data from cached files.
loss of real network :  1.6365096902735905e-06
Epoch 10: loss=0.000001
Epoch 20: loss=0.000000
Epoch 30: loss=0.000000
Epoch 40: loss=0.000000
Epoch 50: loss=0.000000
Epoch 60: loss=0.000000
Epoch 70: loss=0.000000
Epoch 80: loss=0.000000
Epoch 90: loss=0.000000
Epoch 100: loss=0.000000
validation : 4.330444244260434e-07, MUTAG 7.474889571312815e-08, Muedim test 4.649557376978919e-07
Done loading data from cached files.
Done loading data from cached files.
loss of real network :  1.6379941901396191e-06
Epoch 10: loss=0.000001
Epoch 20: loss=0.000000
Epoch 30: loss=0.000000
Epoch 40: loss=0.000000
Epoch 50: loss=0.000000
Epoch 60: loss=0.000000
Epoch 70: loss=0.000000
Epoch 80: loss=0.000000
Epoch 90: loss=0.000000
Epoch 100: loss=0.000000
validation : 4.739609903481323e-07, MUTAG 7.889596645327401e-08, Muedim test 4.6881985326763243e-07
Done loading data from cached files.
Done loading data from cached files.
loss of real network :  1.7403143663554859e-06
4.281795833473249e-07      4.2102836960111744e-07      7.486235085707448e-08      4.64230580291769e-07      1.6450367715986865e-06
