-------------------------------label_type : density---------------------

2-------------------------------feat_type : ones_feat---------------------


2.1--------------------------------------------model name  : ['gin']---------------------


2.1.1--------------------------------------------Grid_Search  : ['gin']---------------------
small_test : 0.8617539978027344, medium_test 37.50500744628906
/project/p_gnn001/code/gnn_clean_code/utils.py:153: UserWarning: std_mean(): degrees of freedom is <= 0. Correction should be strictly less than the reduction factor (input numel divided by output numel). (Triggered internally at /opt/conda/conda-bld/pytorch_1708025824022/work/aten/src/ATen/native/ReduceOps.cpp:1760.)
  std, mean = torch.std_mean(array)
Trial 1/1
Epoch 10: loss=1.8450
Epoch 20: loss=1.1093
Epoch 30: loss=0.8702
Epoch 40: loss=0.7570
Epoch 50: loss=0.7025
Epoch 60: loss=0.6780
Epoch 70: loss=0.6662
Epoch 80: loss=0.6604
Epoch 90: loss=0.6575
Epoch 100: loss=0.6560
small_test : 0.10673398971557617, medium_test 1708615.3975
best trail model is : model_weights_trail0_dataset_ones_feat.pth
test mean acc: 0.1067, error bound: nan


2.1.2--------------------------------------------Train and Test  : ['gin']---------------------


3-------------------------------feat_type : noise_feat---------------------


3.1--------------------------------------------model name  : ['gin']---------------------


3.1.1--------------------------------------------Grid_Search  : ['gin']---------------------
small_test : 0.8843370056152344, medium_test 39.720643310546876
/project/p_gnn001/code/gnn_clean_code/utils.py:153: UserWarning: std_mean(): degrees of freedom is <= 0. Correction should be strictly less than the reduction factor (input numel divided by output numel). (Triggered internally at /opt/conda/conda-bld/pytorch_1708025824022/work/aten/src/ATen/native/ReduceOps.cpp:1760.)
  std, mean = torch.std_mean(array)
Trial 1/1
Epoch 10: loss=1.8851
Epoch 20: loss=1.0656
Epoch 30: loss=0.7353
Epoch 40: loss=0.6016
Epoch 50: loss=0.5423
Epoch 60: loss=0.5140
Epoch 70: loss=0.5005
Epoch 80: loss=0.4938
Epoch 90: loss=0.4904
Epoch 100: loss=0.4887
small_test : 0.21699880599975585, medium_test 6980.834194824219
best trail model is : model_weights_trail0_dataset_noise_feat.pth
test mean acc: 0.2170, error bound: nan


3.1.2--------------------------------------------Train and Test  : ['gin']---------------------


4-------------------------------feat_type : degree_feat---------------------


4.1--------------------------------------------model name  : ['gin']---------------------


4.1.1--------------------------------------------Grid_Search  : ['gin']---------------------
small_test : 0.8816588592529296, medium_test 39.68129309082031
/project/p_gnn001/code/gnn_clean_code/utils.py:153: UserWarning: std_mean(): degrees of freedom is <= 0. Correction should be strictly less than the reduction factor (input numel divided by output numel). (Triggered internally at /opt/conda/conda-bld/pytorch_1708025824022/work/aten/src/ATen/native/ReduceOps.cpp:1760.)
  std, mean = torch.std_mean(array)
Trial 1/1
Epoch 10: loss=3.3342
Epoch 20: loss=2.5174
Epoch 30: loss=2.0097
Epoch 40: loss=1.7517
Epoch 50: loss=1.6263
Epoch 60: loss=1.5654
Epoch 70: loss=1.5355
Epoch 80: loss=1.5208
Epoch 90: loss=1.5135
Epoch 100: loss=1.5098
small_test : 0.32093017578125, medium_test 30.169913665771485
best trail model is : model_weights_trail0_dataset_degree_feat.pth
test mean acc: 0.3209, error bound: nan


4.1.2--------------------------------------------Train and Test  : ['gin']---------------------


5-------------------------------feat_type : norm_degree_feat---------------------


5.1--------------------------------------------model name  : ['gin']---------------------


5.1.1--------------------------------------------Grid_Search  : ['gin']---------------------
small_test : 0.8827410888671875, medium_test 39.687832153320315
/project/p_gnn001/code/gnn_clean_code/utils.py:153: UserWarning: std_mean(): degrees of freedom is <= 0. Correction should be strictly less than the reduction factor (input numel divided by output numel). (Triggered internally at /opt/conda/conda-bld/pytorch_1708025824022/work/aten/src/ATen/native/ReduceOps.cpp:1760.)
  std, mean = torch.std_mean(array)
Trial 1/1
Epoch 10: loss=1.7516
Epoch 20: loss=0.9250
Epoch 30: loss=0.6391
Epoch 40: loss=0.5321
Epoch 50: loss=0.4753
Epoch 60: loss=0.4483
Epoch 70: loss=0.4370
Epoch 80: loss=0.4319
Epoch 90: loss=0.4294
Epoch 100: loss=0.4281
small_test : 0.09329639434814453, medium_test 19.774230178833008
best trail model is : model_weights_trail0_dataset_norm_degree_feat.pth
test mean acc: 0.0933, error bound: nan


5.1.2--------------------------------------------Train and Test  : ['gin']---------------------


6-------------------------------feat_type : identity_feat---------------------


6.1--------------------------------------------model name  : ['gin']---------------------


6.1.1--------------------------------------------Grid_Search  : ['gin']---------------------
small_test : 0.8806275939941406, medium_test 39.66531988525391
/project/p_gnn001/code/gnn_clean_code/utils.py:153: UserWarning: std_mean(): degrees of freedom is <= 0. Correction should be strictly less than the reduction factor (input numel divided by output numel). (Triggered internally at /opt/conda/conda-bld/pytorch_1708025824022/work/aten/src/ATen/native/ReduceOps.cpp:1760.)
  std, mean = torch.std_mean(array)
Trial 1/1
Epoch 10: loss=1.4085
Epoch 20: loss=0.5942
Epoch 30: loss=0.4035
Epoch 40: loss=0.3354
Epoch 50: loss=0.3077
Epoch 60: loss=0.2948
Epoch 70: loss=0.2886
Epoch 80: loss=0.2855
Epoch 90: loss=0.2839
Epoch 100: loss=0.2831
small_test : 0.049891185760498044, medium_test 132369.81186859132
best trail model is : model_weights_trail0_dataset_identity_feat.pth
test mean acc: 0.0499, error bound: nan


6.1.2--------------------------------------------Train and Test  : ['gin']---------------------

