Epoch 10: loss=0.099977
Epoch 20: loss=0.099935
Epoch 30: loss=0.099908
Epoch 40: loss=0.099893
Epoch 50: loss=0.099885
Epoch 60: loss=0.099879
Epoch 70: loss=0.099875
Epoch 80: loss=0.099878
Epoch 90: loss=0.099879
Epoch 100: loss=0.099879
validation : 0.10040676593780518, MUTAG 0.42388578414916994, Muedim test 0.09993175745010376
logits:  tensor([[25.1259]], device='cuda:0')
logits:  tensor([[16.7617]], device='cuda:0')
logits:  tensor([[28.5299]], device='cuda:0')
logits:  tensor([[4.2291]], device='cuda:0')
logits:  tensor([[3.7928]], device='cuda:0')
logits:  tensor([[6.3561]], device='cuda:0')
logits:  tensor([[2.1267]], device='cuda:0')
logits:  tensor([[6.4753]], device='cuda:0')
logits:  tensor([[3.7274]], device='cuda:0')
logits:  tensor([[3.9695]], device='cuda:0')
logits:  tensor([[3.9354]], device='cuda:0')
logits:  tensor([[5.2772]], device='cuda:0')
logits:  tensor([[7.5881]], device='cuda:0')
logits:  tensor([[8.7289]], device='cuda:0')
logits:  tensor([[12.2618]], device='cuda:0')
logits:  tensor([[5.8992]], device='cuda:0')
logits:  tensor([[9.6614]], device='cuda:0')
logits:  tensor([[4.3336]], device='cuda:0')
logits:  tensor([[3.0700]], device='cuda:0')
logits:  tensor([[40.3443]], device='cuda:0')
logits:  tensor([[52.0131]], device='cuda:0')
Done loading data from cached files.
logits:  tensor([[1.5930]], device='cuda:0')
Done loading data from cached files.
logits:  tensor([[1.2756]], device='cuda:0')
loss of real network :  4.962622386231847
Epoch 10: loss=0.099365
Epoch 20: loss=0.099213
Epoch 30: loss=0.099103
Epoch 40: loss=0.099058
Epoch 50: loss=0.099035
Epoch 60: loss=0.099024
Epoch 70: loss=0.099017
Epoch 80: loss=0.099013
Epoch 90: loss=0.099012
Epoch 100: loss=0.099011
validation : 0.10836510181427002, MUTAG 0.4254960632324219, Muedim test 0.09994240045547485
logits:  tensor([[25.1131]], device='cuda:0')
logits:  tensor([[16.7532]], device='cuda:0')
logits:  tensor([[28.5154]], device='cuda:0')
logits:  tensor([[4.2272]], device='cuda:0')
logits:  tensor([[3.7908]], device='cuda:0')
logits:  tensor([[6.3528]], device='cuda:0')
logits:  tensor([[2.1257]], device='cuda:0')
logits:  tensor([[6.4719]], device='cuda:0')
logits:  tensor([[3.7255]], device='cuda:0')
logits:  tensor([[3.9675]], device='cuda:0')
logits:  tensor([[3.9336]], device='cuda:0')
logits:  tensor([[5.2746]], device='cuda:0')
logits:  tensor([[7.5843]], device='cuda:0')
logits:  tensor([[8.7245]], device='cuda:0')
logits:  tensor([[12.2555]], device='cuda:0')
logits:  tensor([[5.8962]], device='cuda:0')
logits:  tensor([[9.6565]], device='cuda:0')
logits:  tensor([[4.3314]], device='cuda:0')
logits:  tensor([[3.0683]], device='cuda:0')
logits:  tensor([[40.3238]], device='cuda:0')
logits:  tensor([[51.9867]], device='cuda:0')
Done loading data from cached files.
logits:  tensor([[1.5922]], device='cuda:0')
Done loading data from cached files.
logits:  tensor([[1.2750]], device='cuda:0')
loss of real network :  4.924136213040448
Epoch 10: loss=0.099675
Epoch 20: loss=0.099643
Epoch 30: loss=0.099622
Epoch 40: loss=0.099610
Epoch 50: loss=0.099603
Epoch 60: loss=0.099599
Epoch 70: loss=0.099596
Epoch 80: loss=0.099595
Epoch 90: loss=0.099594
Epoch 100: loss=0.099593
validation : 0.10297784328460693, MUTAG 0.4247550392150879, Muedim test 0.09992584228515625
logits:  tensor([[25.1191]], device='cuda:0')
logits:  tensor([[16.7571]], device='cuda:0')
logits:  tensor([[28.5220]], device='cuda:0')
logits:  tensor([[4.2280]], device='cuda:0')
logits:  tensor([[3.7915]], device='cuda:0')
logits:  tensor([[6.3542]], device='cuda:0')
logits:  tensor([[2.1262]], device='cuda:0')
logits:  tensor([[6.4733]], device='cuda:0')
logits:  tensor([[3.7262]], device='cuda:0')
logits:  tensor([[3.9684]], device='cuda:0')
logits:  tensor([[3.9343]], device='cuda:0')
logits:  tensor([[5.2758]], device='cuda:0')
logits:  tensor([[7.5860]], device='cuda:0')
logits:  tensor([[8.7265]], device='cuda:0')
logits:  tensor([[12.2584]], device='cuda:0')
logits:  tensor([[5.8976]], device='cuda:0')
logits:  tensor([[9.6587]], device='cuda:0')
logits:  tensor([[4.3322]], device='cuda:0')
logits:  tensor([[3.0690]], device='cuda:0')
logits:  tensor([[40.3332]], device='cuda:0')
logits:  tensor([[51.9988]], device='cuda:0')
Done loading data from cached files.
logits:  tensor([[1.5926]], device='cuda:0')
Done loading data from cached files.
logits:  tensor([[1.2753]], device='cuda:0')
loss of real network :  4.941752565394385
Epoch 10: loss=0.099767
Epoch 20: loss=0.099707
Epoch 30: loss=0.099670
Epoch 40: loss=0.099646
Epoch 50: loss=0.099633
Epoch 60: loss=0.099625
Epoch 70: loss=0.099621
Epoch 80: loss=0.099618
Epoch 90: loss=0.099617
Epoch 100: loss=0.099615
validation : 0.10276181697845459, MUTAG 0.42441280364990236, Muedim test 0.09993338584899902
logits:  tensor([[25.1218]], device='cuda:0')
logits:  tensor([[16.7589]], device='cuda:0')
logits:  tensor([[28.5251]], device='cuda:0')
logits:  tensor([[4.2286]], device='cuda:0')
logits:  tensor([[3.7921]], device='cuda:0')
logits:  tensor([[6.3550]], device='cuda:0')
logits:  tensor([[2.1264]], device='cuda:0')
logits:  tensor([[6.4742]], device='cuda:0')
logits:  tensor([[3.7268]], device='cuda:0')
logits:  tensor([[3.9688]], device='cuda:0')
logits:  tensor([[3.9349]], device='cuda:0')
logits:  tensor([[5.2764]], device='cuda:0')
logits:  tensor([[7.5868]], device='cuda:0')
logits:  tensor([[8.7275]], device='cuda:0')
logits:  tensor([[12.2597]], device='cuda:0')
logits:  tensor([[5.8983]], device='cuda:0')
logits:  tensor([[9.6598]], device='cuda:0')
logits:  tensor([[4.3328]], device='cuda:0')
logits:  tensor([[3.0694]], device='cuda:0')
logits:  tensor([[40.3376]], device='cuda:0')
logits:  tensor([[52.0044]], device='cuda:0')
Done loading data from cached files.
logits:  tensor([[1.5928]], device='cuda:0')
Done loading data from cached files.
logits:  tensor([[1.2754]], device='cuda:0')
loss of real network :  4.949993531477504
Epoch 10: loss=0.099419
Epoch 20: loss=0.099381
Epoch 30: loss=0.099346
Epoch 40: loss=0.099324
Epoch 50: loss=0.099309
Epoch 60: loss=0.099301
Epoch 70: loss=0.099297
Epoch 80: loss=0.099295
Epoch 90: loss=0.099293
Epoch 100: loss=0.099292
validation : 0.10577167510986328, MUTAG 0.42519187927246094, Muedim test 0.09993604183197022
logits:  tensor([[25.1155]], device='cuda:0')
logits:  tensor([[16.7548]], device='cuda:0')
logits:  tensor([[28.5181]], device='cuda:0')
logits:  tensor([[4.2276]], device='cuda:0')
logits:  tensor([[3.7912]], device='cuda:0')
logits:  tensor([[6.3534]], device='cuda:0')
logits:  tensor([[2.1259]], device='cuda:0')
logits:  tensor([[6.4725]], device='cuda:0')
logits:  tensor([[3.7258]], device='cuda:0')
logits:  tensor([[3.9679]], device='cuda:0')
logits:  tensor([[3.9339]], device='cuda:0')
logits:  tensor([[5.2751]], device='cuda:0')
logits:  tensor([[7.5850]], device='cuda:0')
logits:  tensor([[8.7253]], device='cuda:0')
logits:  tensor([[12.2567]], device='cuda:0')
logits:  tensor([[5.8968]], device='cuda:0')
logits:  tensor([[9.6574]], device='cuda:0')
logits:  tensor([[4.3318]], device='cuda:0')
logits:  tensor([[3.0687]], device='cuda:0')
logits:  tensor([[40.3277]], device='cuda:0')
logits:  tensor([[51.9916]], device='cuda:0')
Done loading data from cached files.
logits:  tensor([[1.5924]], device='cuda:0')
Done loading data from cached files.
logits:  tensor([[1.2751]], device='cuda:0')
loss of real network :  4.9313391080832245
0.09947791385650635      0.104056640625      0.4247483139038087      0.09993388557434082      4.941968760845482
