Epoch 10: loss=0.075474
Epoch 20: loss=0.075427
Epoch 30: loss=0.075384
Epoch 40: loss=0.075362
Epoch 50: loss=0.075351
Epoch 60: loss=0.075344
Epoch 70: loss=0.075341
Epoch 80: loss=0.075339
Epoch 90: loss=0.075339
Epoch 100: loss=0.075339
validation : 0.07578153610229492, MUTAG 0.31408287048339845, Muedim test 0.07541530251502991
logits: tensor([[19.8210]], device='cuda:0'),     label:  21.845504760742188
logits: tensor([[13.5113]], device='cuda:0'),     label:  14.573295593261719
logits: tensor([[22.3888]], device='cuda:0'),     label:  24.804975509643555
logits: tensor([[4.0577]], device='cuda:0'),     label:  3.6772711277008057
logits: tensor([[3.7284]], device='cuda:0'),     label:  3.2974131107330322
logits: tensor([[5.6622]], device='cuda:0'),     label:  5.526134967803955
logits: tensor([[2.4720]], device='cuda:0'),     label:  1.849096655845642
logits: tensor([[5.7522]], device='cuda:0'),     label:  5.629817962646484
logits: tensor([[3.6792]], device='cuda:0'),     label:  3.2406375408172607
logits: tensor([[3.8620]], device='cuda:0'),     label:  3.4512271881103516
logits: tensor([[3.8357]], device='cuda:0'),     label:  3.4213945865631104
logits: tensor([[4.8484]], device='cuda:0'),     label:  4.588235378265381
logits: tensor([[6.5916]], device='cuda:0'),     label:  6.597402572631836
logits: tensor([[7.4522]], device='cuda:0'),     label:  7.589285850524902
logits: tensor([[10.1172]], device='cuda:0'),     label:  10.660868644714355
logits: tensor([[5.3176]], device='cuda:0'),     label:  5.129032135009766
logits: tensor([[8.1556]], device='cuda:0'),     label:  8.40000057220459
logits: tensor([[4.1364]], device='cuda:0'),     label:  3.767731189727783
logits: tensor([[3.1834]], device='cuda:0'),     label:  2.669095277786255
logits: tensor([[31.3009]], device='cuda:0'),     label:  35.07692337036133
logits: tensor([[40.1032]], device='cuda:0'),     label:  45.22222137451172
Done loading data from cached files.
logits: tensor([[2.0693]], device='cuda:0'),     label:  1.3850528001785278
Done loading data from cached files.
logits: tensor([[1.8299]], device='cuda:0'),     label:  1.109070062637329
loss of real network :  2.3772994755811885
Epoch 10: loss=0.075070
Epoch 20: loss=0.075029
Epoch 30: loss=0.075028
Epoch 40: loss=0.074860
Epoch 50: loss=0.074808
Epoch 60: loss=0.074785
Epoch 70: loss=0.074773
Epoch 80: loss=0.074767
Epoch 90: loss=0.074764
Epoch 100: loss=0.074763
validation : 0.08102768898010254, MUTAG 0.31571704864501954, Muedim test 0.07540974736213685
logits: tensor([[19.8319]], device='cuda:0'),     label:  21.845504760742188
logits: tensor([[13.5185]], device='cuda:0'),     label:  14.573295593261719
logits: tensor([[22.4009]], device='cuda:0'),     label:  24.804975509643555
logits: tensor([[4.0600]], device='cuda:0'),     label:  3.6772711277008057
logits: tensor([[3.7306]], device='cuda:0'),     label:  3.2974131107330322
logits: tensor([[5.6653]], device='cuda:0'),     label:  5.526134967803955
logits: tensor([[2.4733]], device='cuda:0'),     label:  1.849096655845642
logits: tensor([[5.7554]], device='cuda:0'),     label:  5.629817962646484
logits: tensor([[3.6812]], device='cuda:0'),     label:  3.2406375408172607
logits: tensor([[3.8641]], device='cuda:0'),     label:  3.4512271881103516
logits: tensor([[3.8382]], device='cuda:0'),     label:  3.4213945865631104
logits: tensor([[4.8511]], device='cuda:0'),     label:  4.588235378265381
logits: tensor([[6.5952]], device='cuda:0'),     label:  6.597402572631836
logits: tensor([[7.4563]], device='cuda:0'),     label:  7.589285850524902
logits: tensor([[10.1227]], device='cuda:0'),     label:  10.660868644714355
logits: tensor([[5.3205]], device='cuda:0'),     label:  5.129032135009766
logits: tensor([[8.1600]], device='cuda:0'),     label:  8.40000057220459
logits: tensor([[4.1387]], device='cuda:0'),     label:  3.767731189727783
logits: tensor([[3.1852]], device='cuda:0'),     label:  2.669095277786255
logits: tensor([[31.3180]], device='cuda:0'),     label:  35.07692337036133
logits: tensor([[40.1250]], device='cuda:0'),     label:  45.22222137451172
Done loading data from cached files.
logits: tensor([[2.0704]], device='cuda:0'),     label:  1.3850528001785278
Done loading data from cached files.
logits: tensor([[1.8309]], device='cuda:0'),     label:  1.109070062637329
loss of real network :  2.3574463169260285
Epoch 10: loss=0.075317
Epoch 20: loss=0.075252
Epoch 30: loss=0.075209
Epoch 40: loss=0.075189
Epoch 50: loss=0.075180
Epoch 60: loss=0.075173
Epoch 70: loss=0.075173
Epoch 80: loss=0.075170
Epoch 90: loss=0.075169
Epoch 100: loss=0.075169
validation : 0.07730443239212036, MUTAG 0.31494223594665527, Muedim test 0.07543020009994507
logits: tensor([[19.8268]], device='cuda:0'),     label:  21.845504760742188
logits: tensor([[13.5151]], device='cuda:0'),     label:  14.573295593261719
logits: tensor([[22.3952]], device='cuda:0'),     label:  24.804975509643555
logits: tensor([[4.0592]], device='cuda:0'),     label:  3.6772711277008057
logits: tensor([[3.7296]], device='cuda:0'),     label:  3.2974131107330322
logits: tensor([[5.6638]], device='cuda:0'),     label:  5.526134967803955
logits: tensor([[2.4727]], device='cuda:0'),     label:  1.849096655845642
logits: tensor([[5.7537]], device='cuda:0'),     label:  5.629817962646484
logits: tensor([[3.6803]], device='cuda:0'),     label:  3.2406375408172607
logits: tensor([[3.8631]], device='cuda:0'),     label:  3.4512271881103516
logits: tensor([[3.8373]], device='cuda:0'),     label:  3.4213945865631104
logits: tensor([[4.8498]], device='cuda:0'),     label:  4.588235378265381
logits: tensor([[6.5935]], device='cuda:0'),     label:  6.597402572631836
logits: tensor([[7.4543]], device='cuda:0'),     label:  7.589285850524902
logits: tensor([[10.1201]], device='cuda:0'),     label:  10.660868644714355
logits: tensor([[5.3192]], device='cuda:0'),     label:  5.129032135009766
logits: tensor([[8.1579]], device='cuda:0'),     label:  8.40000057220459
logits: tensor([[4.1377]], device='cuda:0'),     label:  3.767731189727783
logits: tensor([[3.1842]], device='cuda:0'),     label:  2.669095277786255
logits: tensor([[31.3099]], device='cuda:0'),     label:  35.07692337036133
logits: tensor([[40.1146]], device='cuda:0'),     label:  45.22222137451172
Done loading data from cached files.
logits: tensor([[2.0699]], device='cuda:0'),     label:  1.3850528001785278
Done loading data from cached files.
logits: tensor([[1.8304]], device='cuda:0'),     label:  1.109070062637329
loss of real network :  2.3668325025929278
Epoch 10: loss=0.075331
Epoch 20: loss=0.075269
Epoch 30: loss=0.075228
Epoch 40: loss=0.075203
Epoch 50: loss=0.075189
Epoch 60: loss=0.075179
Epoch 70: loss=0.075175
Epoch 80: loss=0.075172
Epoch 90: loss=0.075168
Epoch 100: loss=0.075167
validation : 0.0772877049446106, MUTAG 0.31459903717041016, Muedim test 0.07542449474334717
logits: tensor([[19.8244]], device='cuda:0'),     label:  21.845504760742188
logits: tensor([[13.5136]], device='cuda:0'),     label:  14.573295593261719
logits: tensor([[22.3927]], device='cuda:0'),     label:  24.804975509643555
logits: tensor([[4.0585]], device='cuda:0'),     label:  3.6772711277008057
logits: tensor([[3.7293]], device='cuda:0'),     label:  3.2974131107330322
logits: tensor([[5.6632]], device='cuda:0'),     label:  5.526134967803955
logits: tensor([[2.4723]], device='cuda:0'),     label:  1.849096655845642
logits: tensor([[5.7531]], device='cuda:0'),     label:  5.629817962646484
logits: tensor([[3.6799]], device='cuda:0'),     label:  3.2406375408172607
logits: tensor([[3.8626]], device='cuda:0'),     label:  3.4512271881103516
logits: tensor([[3.8371]], device='cuda:0'),     label:  3.4213945865631104
logits: tensor([[4.8493]], device='cuda:0'),     label:  4.588235378265381
logits: tensor([[6.5928]], device='cuda:0'),     label:  6.597402572631836
logits: tensor([[7.4535]], device='cuda:0'),     label:  7.589285850524902
logits: tensor([[10.1189]], device='cuda:0'),     label:  10.660868644714355
logits: tensor([[5.3186]], device='cuda:0'),     label:  5.129032135009766
logits: tensor([[8.1570]], device='cuda:0'),     label:  8.40000057220459
logits: tensor([[4.1372]], device='cuda:0'),     label:  3.767731189727783
logits: tensor([[3.1839]], device='cuda:0'),     label:  2.669095277786255
logits: tensor([[31.3063]], device='cuda:0'),     label:  35.07692337036133
logits: tensor([[40.1101]], device='cuda:0'),     label:  45.22222137451172
Done loading data from cached files.
logits: tensor([[2.0697]], device='cuda:0'),     label:  1.3850528001785278
Done loading data from cached files.
logits: tensor([[1.8302]], device='cuda:0'),     label:  1.109070062637329
loss of real network :  2.371007232933241
Epoch 10: loss=0.075146
Epoch 20: loss=0.075085
Epoch 30: loss=0.075034
Epoch 40: loss=0.075002
Epoch 50: loss=0.074984
Epoch 60: loss=0.074973
Epoch 70: loss=0.074968
Epoch 80: loss=0.074964
Epoch 90: loss=0.074963
Epoch 100: loss=0.074960
validation : 0.07920784711837768, MUTAG 0.31539048194885255, Muedim test 0.07542225122451782
logits: tensor([[19.8298]], device='cuda:0'),     label:  21.845504760742188
logits: tensor([[13.5171]], device='cuda:0'),     label:  14.573295593261719
logits: tensor([[22.3986]], device='cuda:0'),     label:  24.804975509643555
logits: tensor([[4.0596]], device='cuda:0'),     label:  3.6772711277008057
logits: tensor([[3.7302]], device='cuda:0'),     label:  3.2974131107330322
logits: tensor([[5.6646]], device='cuda:0'),     label:  5.526134967803955
logits: tensor([[2.4730]], device='cuda:0'),     label:  1.849096655845642
logits: tensor([[5.7547]], device='cuda:0'),     label:  5.629817962646484
logits: tensor([[3.6808]], device='cuda:0'),     label:  3.2406375408172607
logits: tensor([[3.8637]], device='cuda:0'),     label:  3.4512271881103516
logits: tensor([[3.8379]], device='cuda:0'),     label:  3.4213945865631104
logits: tensor([[4.8506]], device='cuda:0'),     label:  4.588235378265381
logits: tensor([[6.5945]], device='cuda:0'),     label:  6.597402572631836
logits: tensor([[7.4554]], device='cuda:0'),     label:  7.589285850524902
logits: tensor([[10.1216]], device='cuda:0'),     label:  10.660868644714355
logits: tensor([[5.3200]], device='cuda:0'),     label:  5.129032135009766
logits: tensor([[8.1591]], device='cuda:0'),     label:  8.40000057220459
logits: tensor([[4.1383]], device='cuda:0'),     label:  3.767731189727783
logits: tensor([[3.1847]], device='cuda:0'),     label:  2.669095277786255
logits: tensor([[31.3146]], device='cuda:0'),     label:  35.07692337036133
logits: tensor([[40.1206]], device='cuda:0'),     label:  45.22222137451172
Done loading data from cached files.
logits: tensor([[2.0702]], device='cuda:0'),     label:  1.3850528001785278
Done loading data from cached files.
logits: tensor([[1.8306]], device='cuda:0'),     label:  1.109070062637329
loss of real network :  2.3613828882973595
0.07507960409588284      0.07812184190750122      0.31494633483886725      0.07542039918899537      2.3667936832661494
