check the match 
tensor([[2.2353],
        [2.1538],
        [2.1538],
        [2.3158],
        [2.0000],
        [2.2143],
        [2.1250],
        [2.2000],
        [2.1667],
        [2.2353]])
2.2352941036224365
2.153846263885498
2.153846263885498
2.3157894611358643
2.0
2.2142856121063232
2.125
2.200000047683716
2.1666667461395264
2.2352941036224365
end
check the match 
tensor([[3.9886],
        [4.0818],
        [4.1038],
        [4.3989],
        [3.9947],
        [4.1747],
        [3.9185],
        [4.1111],
        [4.0647],
        [4.0950]])
3.9886362552642822
4.081751823425293
4.103846073150635
4.398876190185547
3.994736909866333
4.174736976623535
3.918518543243408
4.111111164093018
4.064690113067627
4.094972133636475
end
Traceback (most recent call last):
  File "/project/p_gnn001/code/gnn_clean_code/simple_code.py", line 360, in <module>
    main()
  File "/project/p_gnn001/code/gnn_clean_code/simple_code.py", line 343, in main
    train_loss = train(model, optimizer, train_loader)
                 ^^^^^^^^^^^^^^^^^^^^^^^^^^^^^^^^^^^^^
  File "/project/p_gnn001/code/gnn_clean_code/simple_code.py", line 275, in train
    loss = loss_func(out, batch_labels)
           ^^^^^^^^^^^^^^^^^^^^^^^^^^^^
  File "/home/p_gnngw/miniconda3/envs/cuda118/lib/python3.12/site-packages/torch/nn/modules/module.py", line 1511, in _wrapped_call_impl
    return self._call_impl(*args, **kwargs)
           ^^^^^^^^^^^^^^^^^^^^^^^^^^^^^^^^
  File "/home/p_gnngw/miniconda3/envs/cuda118/lib/python3.12/site-packages/torch/nn/modules/module.py", line 1520, in _call_impl
    return forward_call(*args, **kwargs)
           ^^^^^^^^^^^^^^^^^^^^^^^^^^^^^
  File "/home/p_gnngw/miniconda3/envs/cuda118/lib/python3.12/site-packages/torch/nn/modules/loss.py", line 216, in forward
    return F.nll_loss(input, target, weight=self.weight, ignore_index=self.ignore_index, reduction=self.reduction)
           ^^^^^^^^^^^^^^^^^^^^^^^^^^^^^^^^^^^^^^^^^^^^^^^^^^^^^^^^^^^^^^^^^^^^^^^^^^^^^^^^^^^^^^^^^^^^^^^^^^^^^^^
  File "/home/p_gnngw/miniconda3/envs/cuda118/lib/python3.12/site-packages/torch/nn/functional.py", line 2733, in nll_loss
    return torch._C._nn.nll_loss_nd(input, target, weight, _Reduction.get_enum(reduction), ignore_index)
           ^^^^^^^^^^^^^^^^^^^^^^^^^^^^^^^^^^^^^^^^^^^^^^^^^^^^^^^^^^^^^^^^^^^^^^^^^^^^^^^^^^^^^^^^^^^^^
RuntimeError: 0D or 1D target tensor expected, multi-target not supported
