simple_code_mlp code
Epoch 1/100, Train Loss: 154.4956, Val Loss: 29.7568
Epoch 11/100, Train Loss: 0.0164, Val Loss: 0.0316
Epoch 21/100, Train Loss: 0.0001, Val Loss: 0.0001
Epoch 31/100, Train Loss: 0.0000, Val Loss: 0.0000
Epoch 41/100, Train Loss: 0.0000, Val Loss: 0.0000
Epoch 51/100, Train Loss: 0.0000, Val Loss: 0.0000
Epoch 61/100, Train Loss: 0.0000, Val Loss: 0.0000
Epoch 71/100, Train Loss: 0.0000, Val Loss: 0.0000
Epoch 81/100, Train Loss: 0.0000, Val Loss: 0.0000
Epoch 91/100, Train Loss: 0.0000, Val Loss: 0.0000
train_loss :  3.174597783072386e-06
Test Loss: 0.0000
Epoch 1/100, Train Loss: 180.2452, Val Loss: 54.3652
Epoch 11/100, Train Loss: 0.0044, Val Loss: 0.0045
Epoch 21/100, Train Loss: 0.0000, Val Loss: 0.0000
Epoch 31/100, Train Loss: 0.0000, Val Loss: 0.0000
Epoch 41/100, Train Loss: 0.0000, Val Loss: 0.0000
Epoch 51/100, Train Loss: 0.0000, Val Loss: 0.0000
Epoch 61/100, Train Loss: 0.0000, Val Loss: 0.0000
Epoch 71/100, Train Loss: 0.0000, Val Loss: 0.0000
Epoch 81/100, Train Loss: 0.0000, Val Loss: 0.0000
Epoch 91/100, Train Loss: 0.0000, Val Loss: 0.0000
train_loss :  9.634142916183919e-07
Test Loss: 0.0000
Epoch 1/100, Train Loss: 163.1960, Val Loss: 36.6368
Epoch 11/100, Train Loss: 0.0129, Val Loss: 0.0076
Epoch 21/100, Train Loss: 0.0000, Val Loss: 0.0000
Epoch 31/100, Train Loss: 0.0000, Val Loss: 0.0000
Epoch 41/100, Train Loss: 0.0000, Val Loss: 0.0000
Epoch 51/100, Train Loss: 0.0000, Val Loss: 0.0000
Epoch 61/100, Train Loss: 0.0000, Val Loss: 0.0000
Epoch 71/100, Train Loss: 0.0000, Val Loss: 0.0000
Epoch 81/100, Train Loss: 0.0000, Val Loss: 0.0000
Epoch 91/100, Train Loss: 0.0000, Val Loss: 0.0000
train_loss :  6.926282767381054e-07
Test Loss: 0.0000
Epoch 1/100, Train Loss: 187.3609, Val Loss: 40.6143
Epoch 11/100, Train Loss: 0.0099, Val Loss: 0.0082
Epoch 21/100, Train Loss: 0.0000, Val Loss: 0.0000
Epoch 31/100, Train Loss: 0.0000, Val Loss: 0.0000
Epoch 41/100, Train Loss: 0.0000, Val Loss: 0.0000
Epoch 51/100, Train Loss: 0.0000, Val Loss: 0.0000
Epoch 61/100, Train Loss: 0.0000, Val Loss: 0.0000
Epoch 71/100, Train Loss: 0.0000, Val Loss: 0.0000
Epoch 81/100, Train Loss: 0.0000, Val Loss: 0.0000
Epoch 91/100, Train Loss: 0.0000, Val Loss: 0.0000
train_loss :  7.353128014074173e-06
Test Loss: 0.0000
Epoch 1/100, Train Loss: 226.9202, Val Loss: 41.1617
Epoch 11/100, Train Loss: 0.0462, Val Loss: 0.0467
Epoch 21/100, Train Loss: 0.0007, Val Loss: 0.0010
Epoch 31/100, Train Loss: 0.0000, Val Loss: 0.0001
Epoch 41/100, Train Loss: 0.0000, Val Loss: 0.0000
Epoch 51/100, Train Loss: 0.0000, Val Loss: 0.0000
Epoch 61/100, Train Loss: 0.0000, Val Loss: 0.0000
Epoch 71/100, Train Loss: 0.0000, Val Loss: 0.0000
Epoch 81/100, Train Loss: 0.0000, Val Loss: 0.0000
Epoch 91/100, Train Loss: 0.0000, Val Loss: 0.0000
train_loss :  1.5979893832991364e-05
Test Loss: 0.0000
Train loss average: 0.000006, Valid loss average: 0.000008, Test loss average: 0.000008
